[2024-07-18T16:19:10.178+0800][info][gc] Using G1
[2024-07-18T16:19:10.178+0800][info][gc,init] Version: 17.0.11+1-LTS (release)
[2024-07-18T16:19:10.178+0800][info][gc,init] CPUs: 16 total, 16 available
[2024-07-18T16:19:10.178+0800][info][gc,init] Memory: 23850M
[2024-07-18T16:19:10.178+0800][info][gc,init] Large Page Support: Disabled
[2024-07-18T16:19:10.178+0800][info][gc,init] NUMA Support: Disabled
[2024-07-18T16:19:10.178+0800][info][gc,init] Compressed Oops: Enabled (32-bit)
[2024-07-18T16:19:10.178+0800][info][gc,init] Heap Region Size: 1M
[2024-07-18T16:19:10.178+0800][info][gc,init] Heap Min Capacity: 512M
[2024-07-18T16:19:10.178+0800][info][gc,init] Heap Initial Capacity: 512M
[2024-07-18T16:19:10.178+0800][info][gc,init] Heap Max Capacity: 512M
[2024-07-18T16:19:10.178+0800][info][gc,init] Pre-touch: Disabled
[2024-07-18T16:19:10.178+0800][info][gc,init] Parallel Workers: 13
[2024-07-18T16:19:10.178+0800][info][gc,init] Concurrent Workers: 3
[2024-07-18T16:19:10.178+0800][info][gc,init] Concurrent Refinement Workers: 13
[2024-07-18T16:19:10.178+0800][info][gc,init] Periodic GC: Disabled
[2024-07-18T16:19:10.178+0800][info][gc,metaspace] CDS archive(s) mapped at: [0x00000234c1000000-0x00000234c1bc0000-0x00000234c1bc0000), size 12320768, SharedBaseAddress: 0x00000234c1000000, ArchiveRelocationMode: 1.
[2024-07-18T16:19:10.178+0800][info][gc,metaspace] Compressed class space mapped at: 0x00000234c2000000-0x0000023502000000, reserved size: 1073741824
[2024-07-18T16:19:10.178+0800][info][gc,metaspace] Narrow klass base: 0x00000234c1000000, Narrow klass shift: 0, Narrow klass range: 0x100000000
[2024-07-18T16:19:10.225+0800][info][gc,start    ] GC(0) Pause Young (Normal) (G1 Evacuation Pause)
[2024-07-18T16:19:10.225+0800][info][gc,task     ] GC(0) Using 12 workers of 13 for evacuation
[2024-07-18T16:19:10.231+0800][info][gc,phases   ] GC(0)   Pre Evacuate Collection Set: 0.1ms
[2024-07-18T16:19:10.231+0800][info][gc,phases   ] GC(0)   Merge Heap Roots: 0.1ms
[2024-07-18T16:19:10.231+0800][info][gc,phases   ] GC(0)   Evacuate Collection Set: 1.5ms
[2024-07-18T16:19:10.231+0800][info][gc,phases   ] GC(0)   Post Evacuate Collection Set: 0.2ms
[2024-07-18T16:19:10.231+0800][info][gc,phases   ] GC(0)   Other: 0.5ms
[2024-07-18T16:19:10.231+0800][info][gc,heap     ] GC(0) Eden regions: 25->0(23)
[2024-07-18T16:19:10.231+0800][info][gc,heap     ] GC(0) Survivor regions: 0->4(4)
[2024-07-18T16:19:10.231+0800][info][gc,heap     ] GC(0) Old regions: 0->6
[2024-07-18T16:19:10.231+0800][info][gc,heap     ] GC(0) Archive regions: 0->0
[2024-07-18T16:19:10.231+0800][info][gc,heap     ] GC(0) Humongous regions: 14->7
[2024-07-18T16:19:10.231+0800][info][gc,metaspace] GC(0) Metaspace: 177K(384K)->177K(384K) NonClass: 170K(256K)->170K(256K) Class: 7K(128K)->7K(128K)
[2024-07-18T16:19:10.231+0800][info][gc          ] GC(0) Pause Young (Normal) (G1 Evacuation Pause) 38M->16M(512M) 2.313ms
[2024-07-18T16:19:10.231+0800][info][gc,cpu      ] GC(0) User=0.02s Sys=0.00s Real=0.01s
[2024-07-18T16:19:10.234+0800][info][gc,start    ] GC(1) Pause Young (Normal) (G1 Evacuation Pause)
[2024-07-18T16:19:10.234+0800][info][gc,task     ] GC(1) Using 12 workers of 13 for evacuation
[2024-07-18T16:19:10.237+0800][info][gc,phases   ] GC(1)   Pre Evacuate Collection Set: 0.0ms
[2024-07-18T16:19:10.237+0800][info][gc,phases   ] GC(1)   Merge Heap Roots: 0.0ms
[2024-07-18T16:19:10.237+0800][info][gc,phases   ] GC(1)   Evacuate Collection Set: 1.5ms
[2024-07-18T16:19:10.237+0800][info][gc,phases   ] GC(1)   Post Evacuate Collection Set: 0.1ms
[2024-07-18T16:19:10.237+0800][info][gc,phases   ] GC(1)   Other: 0.1ms
[2024-07-18T16:19:10.237+0800][info][gc,heap     ] GC(1) Eden regions: 23->0(35)
[2024-07-18T16:19:10.237+0800][info][gc,heap     ] GC(1) Survivor regions: 4->4(4)
[2024-07-18T16:19:10.237+0800][info][gc,heap     ] GC(1) Old regions: 6->17
[2024-07-18T16:19:10.237+0800][info][gc,heap     ] GC(1) Archive regions: 0->0
[2024-07-18T16:19:10.237+0800][info][gc,heap     ] GC(1) Humongous regions: 18->13
[2024-07-18T16:19:10.237+0800][info][gc,metaspace] GC(1) Metaspace: 193K(384K)->193K(384K) NonClass: 186K(256K)->186K(256K) Class: 7K(128K)->7K(128K)
[2024-07-18T16:19:10.237+0800][info][gc          ] GC(1) Pause Young (Normal) (G1 Evacuation Pause) 50M->33M(512M) 1.946ms
[2024-07-18T16:19:10.237+0800][info][gc,cpu      ] GC(1) User=0.00s Sys=0.00s Real=0.00s
[2024-07-18T16:19:10.243+0800][info][gc,start    ] GC(2) Pause Young (Normal) (G1 Evacuation Pause)
[2024-07-18T16:19:10.243+0800][info][gc,task     ] GC(2) Using 12 workers of 13 for evacuation
[2024-07-18T16:19:10.247+0800][info][gc,phases   ] GC(2)   Pre Evacuate Collection Set: 0.0ms
[2024-07-18T16:19:10.247+0800][info][gc,phases   ] GC(2)   Merge Heap Roots: 0.0ms
[2024-07-18T16:19:10.247+0800][info][gc,phases   ] GC(2)   Evacuate Collection Set: 1.6ms
[2024-07-18T16:19:10.247+0800][info][gc,phases   ] GC(2)   Post Evacuate Collection Set: 0.1ms
[2024-07-18T16:19:10.247+0800][info][gc,phases   ] GC(2)   Other: 0.1ms
[2024-07-18T16:19:10.247+0800][info][gc,heap     ] GC(2) Eden regions: 35->0(54)
[2024-07-18T16:19:10.247+0800][info][gc,heap     ] GC(2) Survivor regions: 4->5(5)
[2024-07-18T16:19:10.247+0800][info][gc,heap     ] GC(2) Old regions: 17->29
[2024-07-18T16:19:10.247+0800][info][gc,heap     ] GC(2) Archive regions: 0->0
[2024-07-18T16:19:10.247+0800][info][gc,heap     ] GC(2) Humongous regions: 30->21
[2024-07-18T16:19:10.247+0800][info][gc,metaspace] GC(2) Metaspace: 193K(384K)->193K(384K) NonClass: 186K(256K)->186K(256K) Class: 7K(128K)->7K(128K)
[2024-07-18T16:19:10.247+0800][info][gc          ] GC(2) Pause Young (Normal) (G1 Evacuation Pause) 85M->54M(512M) 1.970ms
[2024-07-18T16:19:10.247+0800][info][gc,cpu      ] GC(2) User=0.03s Sys=0.03s Real=0.00s
[2024-07-18T16:19:10.256+0800][info][gc,start    ] GC(3) Pause Young (Normal) (G1 Evacuation Pause)
[2024-07-18T16:19:10.256+0800][info][gc,task     ] GC(3) Using 12 workers of 13 for evacuation
[2024-07-18T16:19:10.263+0800][info][gc,phases   ] GC(3)   Pre Evacuate Collection Set: 0.1ms
[2024-07-18T16:19:10.263+0800][info][gc,phases   ] GC(3)   Merge Heap Roots: 0.0ms
[2024-07-18T16:19:10.263+0800][info][gc,phases   ] GC(3)   Evacuate Collection Set: 2.9ms
[2024-07-18T16:19:10.263+0800][info][gc,phases   ] GC(3)   Post Evacuate Collection Set: 0.2ms
[2024-07-18T16:19:10.263+0800][info][gc,phases   ] GC(3)   Other: 0.1ms
[2024-07-18T16:19:10.263+0800][info][gc,heap     ] GC(3) Eden regions: 54->0(60)
[2024-07-18T16:19:10.263+0800][info][gc,heap     ] GC(3) Survivor regions: 5->8(8)
[2024-07-18T16:19:10.263+0800][info][gc,heap     ] GC(3) Old regions: 29->53
[2024-07-18T16:19:10.263+0800][info][gc,heap     ] GC(3) Archive regions: 0->0
[2024-07-18T16:19:10.263+0800][info][gc,heap     ] GC(3) Humongous regions: 50->33
[2024-07-18T16:19:10.263+0800][info][gc,metaspace] GC(3) Metaspace: 193K(384K)->193K(384K) NonClass: 186K(256K)->186K(256K) Class: 7K(128K)->7K(128K)
[2024-07-18T16:19:10.263+0800][info][gc          ] GC(3) Pause Young (Normal) (G1 Evacuation Pause) 137M->93M(512M) 3.407ms
[2024-07-18T16:19:10.263+0800][info][gc,cpu      ] GC(3) User=0.03s Sys=0.06s Real=0.01s
[2024-07-18T16:19:10.272+0800][info][gc,start    ] GC(4) Pause Young (Normal) (G1 Evacuation Pause)
[2024-07-18T16:19:10.272+0800][info][gc,task     ] GC(4) Using 12 workers of 13 for evacuation
[2024-07-18T16:19:10.272+0800][info][gc,phases   ] GC(4)   Pre Evacuate Collection Set: 0.1ms
[2024-07-18T16:19:10.272+0800][info][gc,phases   ] GC(4)   Merge Heap Roots: 0.0ms
[2024-07-18T16:19:10.272+0800][info][gc,phases   ] GC(4)   Evacuate Collection Set: 3.1ms
[2024-07-18T16:19:10.272+0800][info][gc,phases   ] GC(4)   Post Evacuate Collection Set: 0.2ms
[2024-07-18T16:19:10.272+0800][info][gc,phases   ] GC(4)   Other: 0.1ms
[2024-07-18T16:19:10.272+0800][info][gc,heap     ] GC(4) Eden regions: 60->0(78)
[2024-07-18T16:19:10.272+0800][info][gc,heap     ] GC(4) Survivor regions: 8->9(9)
[2024-07-18T16:19:10.272+0800][info][gc,heap     ] GC(4) Old regions: 53->79
[2024-07-18T16:19:10.272+0800][info][gc,heap     ] GC(4) Archive regions: 0->0
[2024-07-18T16:19:10.272+0800][info][gc,heap     ] GC(4) Humongous regions: 58->42
[2024-07-18T16:19:10.272+0800][info][gc,metaspace] GC(4) Metaspace: 193K(384K)->193K(384K) NonClass: 186K(256K)->186K(256K) Class: 7K(128K)->7K(128K)
[2024-07-18T16:19:10.272+0800][info][gc          ] GC(4) Pause Young (Normal) (G1 Evacuation Pause) 178M->129M(512M) 3.635ms
[2024-07-18T16:19:10.272+0800][info][gc,cpu      ] GC(4) User=0.00s Sys=0.00s Real=0.00s
[2024-07-18T16:19:10.287+0800][info][gc,start    ] GC(5) Pause Young (Normal) (G1 Evacuation Pause)
[2024-07-18T16:19:10.287+0800][info][gc,task     ] GC(5) Using 12 workers of 13 for evacuation
[2024-07-18T16:19:10.299+0800][info][gc,phases   ] GC(5)   Pre Evacuate Collection Set: 0.1ms
[2024-07-18T16:19:10.299+0800][info][gc,phases   ] GC(5)   Merge Heap Roots: 0.0ms
[2024-07-18T16:19:10.299+0800][info][gc,phases   ] GC(5)   Evacuate Collection Set: 3.3ms
[2024-07-18T16:19:10.299+0800][info][gc,phases   ] GC(5)   Post Evacuate Collection Set: 0.2ms
[2024-07-18T16:19:10.299+0800][info][gc,phases   ] GC(5)   Other: 0.1ms
[2024-07-18T16:19:10.299+0800][info][gc,heap     ] GC(5) Eden regions: 78->0(150)
[2024-07-18T16:19:10.299+0800][info][gc,heap     ] GC(5) Survivor regions: 9->11(11)
[2024-07-18T16:19:10.299+0800][info][gc,heap     ] GC(5) Old regions: 79->104
[2024-07-18T16:19:10.299+0800][info][gc,heap     ] GC(5) Archive regions: 0->0
[2024-07-18T16:19:10.299+0800][info][gc,heap     ] GC(5) Humongous regions: 97->64
[2024-07-18T16:19:10.299+0800][info][gc,metaspace] GC(5) Metaspace: 193K(384K)->193K(384K) NonClass: 186K(256K)->186K(256K) Class: 7K(128K)->7K(128K)
[2024-07-18T16:19:10.299+0800][info][gc          ] GC(5) Pause Young (Normal) (G1 Evacuation Pause) 262M->178M(512M) 3.847ms
[2024-07-18T16:19:10.299+0800][info][gc,cpu      ] GC(5) User=0.00s Sys=0.08s Real=0.01s
[2024-07-18T16:19:10.319+0800][info][gc,start    ] GC(6) Pause Young (Concurrent Start) (G1 Humongous Allocation)
[2024-07-18T16:19:10.319+0800][info][gc,task     ] GC(6) Using 12 workers of 13 for evacuation
[2024-07-18T16:19:10.319+0800][info][gc,phases   ] GC(6)   Pre Evacuate Collection Set: 0.1ms
[2024-07-18T16:19:10.319+0800][info][gc,phases   ] GC(6)   Merge Heap Roots: 0.1ms
[2024-07-18T16:19:10.319+0800][info][gc,phases   ] GC(6)   Evacuate Collection Set: 4.9ms
[2024-07-18T16:19:10.319+0800][info][gc,phases   ] GC(6)   Post Evacuate Collection Set: 0.3ms
[2024-07-18T16:19:10.319+0800][info][gc,phases   ] GC(6)   Other: 0.2ms
[2024-07-18T16:19:10.319+0800][info][gc,heap     ] GC(6) Eden regions: 114->0(107)
[2024-07-18T16:19:10.319+0800][info][gc,heap     ] GC(6) Survivor regions: 11->21(21)
[2024-07-18T16:19:10.319+0800][info][gc,heap     ] GC(6) Old regions: 104->134
[2024-07-18T16:19:10.319+0800][info][gc,heap     ] GC(6) Archive regions: 0->0
[2024-07-18T16:19:10.319+0800][info][gc,heap     ] GC(6) Humongous regions: 126->75
[2024-07-18T16:19:10.319+0800][info][gc,metaspace] GC(6) Metaspace: 193K(384K)->193K(384K) NonClass: 186K(256K)->186K(256K) Class: 7K(128K)->7K(128K)
[2024-07-18T16:19:10.319+0800][info][gc          ] GC(6) Pause Young (Concurrent Start) (G1 Humongous Allocation) 354M->229M(512M) 5.588ms
[2024-07-18T16:19:10.319+0800][info][gc,cpu      ] GC(6) User=0.00s Sys=0.00s Real=0.00s
[2024-07-18T16:19:10.319+0800][info][gc          ] GC(7) Concurrent Undo Cycle
[2024-07-18T16:19:10.319+0800][info][gc,marking  ] GC(7) Concurrent Cleanup for Next Mark
[2024-07-18T16:19:10.319+0800][info][gc,marking  ] GC(7) Concurrent Cleanup for Next Mark 2.982ms
[2024-07-18T16:19:10.319+0800][info][gc          ] GC(7) Concurrent Undo Cycle 3.046ms
[2024-07-18T16:19:10.335+0800][info][gc,start    ] GC(8) Pause Young (Concurrent Start) (G1 Humongous Allocation)
[2024-07-18T16:19:10.335+0800][info][gc,task     ] GC(8) Using 12 workers of 13 for evacuation
[2024-07-18T16:19:10.335+0800][info][gc,phases   ] GC(8)   Pre Evacuate Collection Set: 0.1ms
[2024-07-18T16:19:10.335+0800][info][gc,phases   ] GC(8)   Merge Heap Roots: 0.0ms
[2024-07-18T16:19:10.335+0800][info][gc,phases   ] GC(8)   Evacuate Collection Set: 2.5ms
[2024-07-18T16:19:10.335+0800][info][gc,phases   ] GC(8)   Post Evacuate Collection Set: 0.2ms
[2024-07-18T16:19:10.335+0800][info][gc,phases   ] GC(8)   Other: 0.1ms
[2024-07-18T16:19:10.335+0800][info][gc,heap     ] GC(8) Eden regions: 37->0(97)
[2024-07-18T16:19:10.335+0800][info][gc,heap     ] GC(8) Survivor regions: 21->16(16)
[2024-07-18T16:19:10.335+0800][info][gc,heap     ] GC(8) Old regions: 134->153
[2024-07-18T16:19:10.335+0800][info][gc,heap     ] GC(8) Archive regions: 0->0
[2024-07-18T16:19:10.335+0800][info][gc,heap     ] GC(8) Humongous regions: 96->81
[2024-07-18T16:19:10.335+0800][info][gc,metaspace] GC(8) Metaspace: 193K(384K)->193K(384K) NonClass: 186K(256K)->186K(256K) Class: 7K(128K)->7K(128K)
[2024-07-18T16:19:10.335+0800][info][gc          ] GC(8) Pause Young (Concurrent Start) (G1 Humongous Allocation) 286M->249M(512M) 2.966ms
[2024-07-18T16:19:10.335+0800][info][gc,cpu      ] GC(8) User=0.00s Sys=0.00s Real=0.00s
[2024-07-18T16:19:10.335+0800][info][gc          ] GC(9) Concurrent Mark Cycle
[2024-07-18T16:19:10.335+0800][info][gc,marking  ] GC(9) Concurrent Clear Claimed Marks
[2024-07-18T16:19:10.335+0800][info][gc,marking  ] GC(9) Concurrent Clear Claimed Marks 0.008ms
[2024-07-18T16:19:10.335+0800][info][gc,marking  ] GC(9) Concurrent Scan Root Regions
[2024-07-18T16:19:10.335+0800][info][gc,marking  ] GC(9) Concurrent Scan Root Regions 0.217ms
[2024-07-18T16:19:10.335+0800][info][gc,marking  ] GC(9) Concurrent Mark
[2024-07-18T16:19:10.335+0800][info][gc,marking  ] GC(9) Concurrent Mark From Roots
[2024-07-18T16:19:10.335+0800][info][gc,task     ] GC(9) Using 3 workers of 3 for marking
[2024-07-18T16:19:10.335+0800][info][gc,marking  ] GC(9) Concurrent Mark From Roots 0.714ms
[2024-07-18T16:19:10.335+0800][info][gc,marking  ] GC(9) Concurrent Preclean
[2024-07-18T16:19:10.335+0800][info][gc,marking  ] GC(9) Concurrent Preclean 0.060ms
[2024-07-18T16:19:10.335+0800][info][gc,start    ] GC(9) Pause Remark
[2024-07-18T16:19:10.335+0800][info][gc          ] GC(9) Pause Remark 262M->262M(512M) 0.282ms
[2024-07-18T16:19:10.335+0800][info][gc,cpu      ] GC(9) User=0.00s Sys=0.00s Real=0.00s
[2024-07-18T16:19:10.335+0800][info][gc,marking  ] GC(9) Concurrent Mark 1.196ms
[2024-07-18T16:19:10.335+0800][info][gc,marking  ] GC(9) Concurrent Rebuild Remembered Sets
[2024-07-18T16:19:10.335+0800][info][gc,marking  ] GC(9) Concurrent Rebuild Remembered Sets 0.513ms
[2024-07-18T16:19:10.335+0800][info][gc,start    ] GC(9) Pause Cleanup
[2024-07-18T16:19:10.335+0800][info][gc          ] GC(9) Pause Cleanup 273M->273M(512M) 0.069ms
[2024-07-18T16:19:10.335+0800][info][gc,cpu      ] GC(9) User=0.00s Sys=0.00s Real=0.00s
[2024-07-18T16:19:10.335+0800][info][gc,marking  ] GC(9) Concurrent Cleanup for Next Mark
[2024-07-18T16:19:10.335+0800][info][gc,marking  ] GC(9) Concurrent Cleanup for Next Mark 1.454ms
[2024-07-18T16:19:10.335+0800][info][gc          ] GC(9) Concurrent Mark Cycle 3.640ms
[2024-07-18T16:19:10.350+0800][info][gc,start    ] GC(10) Pause Young (Prepare Mixed) (G1 Evacuation Pause)
[2024-07-18T16:19:10.350+0800][info][gc,task     ] GC(10) Using 12 workers of 13 for evacuation
[2024-07-18T16:19:10.350+0800][info][gc,phases   ] GC(10)   Pre Evacuate Collection Set: 0.1ms
[2024-07-18T16:19:10.350+0800][info][gc,phases   ] GC(10)   Merge Heap Roots: 0.1ms
[2024-07-18T16:19:10.350+0800][info][gc,phases   ] GC(10)   Evacuate Collection Set: 4.6ms
[2024-07-18T16:19:10.350+0800][info][gc,phases   ] GC(10)   Post Evacuate Collection Set: 0.2ms
[2024-07-18T16:19:10.350+0800][info][gc,phases   ] GC(10)   Other: 0.1ms
[2024-07-18T16:19:10.350+0800][info][gc,heap     ] GC(10) Eden regions: 97->0(10)
[2024-07-18T16:19:10.350+0800][info][gc,heap     ] GC(10) Survivor regions: 16->15(15)
[2024-07-18T16:19:10.350+0800][info][gc,heap     ] GC(10) Old regions: 153->192
[2024-07-18T16:19:10.350+0800][info][gc,heap     ] GC(10) Archive regions: 0->0
[2024-07-18T16:19:10.350+0800][info][gc,heap     ] GC(10) Humongous regions: 140->96
[2024-07-18T16:19:10.350+0800][info][gc,metaspace] GC(10) Metaspace: 194K(384K)->194K(384K) NonClass: 186K(256K)->186K(256K) Class: 7K(128K)->7K(128K)
[2024-07-18T16:19:10.350+0800][info][gc          ] GC(10) Pause Young (Prepare Mixed) (G1 Evacuation Pause) 405M->302M(512M) 5.161ms
[2024-07-18T16:19:10.350+0800][info][gc,cpu      ] GC(10) User=0.00s Sys=0.00s Real=0.00s
[2024-07-18T16:19:10.361+0800][info][gc,start    ] GC(11) Pause Young (Mixed) (G1 Evacuation Pause)
[2024-07-18T16:19:10.361+0800][info][gc,task     ] GC(11) Using 12 workers of 13 for evacuation
[2024-07-18T16:19:10.362+0800][info][gc,phases   ] GC(11)   Pre Evacuate Collection Set: 0.1ms
[2024-07-18T16:19:10.362+0800][info][gc,phases   ] GC(11)   Merge Heap Roots: 0.0ms
[2024-07-18T16:19:10.362+0800][info][gc,phases   ] GC(11)   Evacuate Collection Set: 2.0ms
[2024-07-18T16:19:10.362+0800][info][gc,phases   ] GC(11)   Post Evacuate Collection Set: 0.1ms
[2024-07-18T16:19:10.362+0800][info][gc,phases   ] GC(11)   Other: 0.1ms
[2024-07-18T16:19:10.362+0800][info][gc,heap     ] GC(11) Eden regions: 10->0(83)
[2024-07-18T16:19:10.362+0800][info][gc,heap     ] GC(11) Survivor regions: 15->4(4)
[2024-07-18T16:19:10.362+0800][info][gc,heap     ] GC(11) Old regions: 192->186
[2024-07-18T16:19:10.362+0800][info][gc,heap     ] GC(11) Archive regions: 0->0
[2024-07-18T16:19:10.362+0800][info][gc,heap     ] GC(11) Humongous regions: 97->96
[2024-07-18T16:19:10.362+0800][info][gc,metaspace] GC(11) Metaspace: 194K(384K)->194K(384K) NonClass: 186K(256K)->186K(256K) Class: 7K(128K)->7K(128K)
[2024-07-18T16:19:10.362+0800][info][gc          ] GC(11) Pause Young (Mixed) (G1 Evacuation Pause) 313M->285M(512M) 2.378ms
[2024-07-18T16:19:10.362+0800][info][gc,cpu      ] GC(11) User=0.00s Sys=0.00s Real=0.00s
[2024-07-18T16:19:10.362+0800][info][gc,start    ] GC(12) Pause Young (Concurrent Start) (G1 Humongous Allocation)
[2024-07-18T16:19:10.362+0800][info][gc,task     ] GC(12) Using 12 workers of 13 for evacuation
[2024-07-18T16:19:10.364+0800][info][gc,phases   ] GC(12)   Pre Evacuate Collection Set: 0.0ms
[2024-07-18T16:19:10.364+0800][info][gc,phases   ] GC(12)   Merge Heap Roots: 0.0ms
[2024-07-18T16:19:10.364+0800][info][gc,phases   ] GC(12)   Evacuate Collection Set: 0.4ms
[2024-07-18T16:19:10.364+0800][info][gc,phases   ] GC(12)   Post Evacuate Collection Set: 0.1ms
[2024-07-18T16:19:10.364+0800][info][gc,phases   ] GC(12)   Other: 0.1ms
[2024-07-18T16:19:10.364+0800][info][gc,heap     ] GC(12) Eden regions: 5->0(71)
[2024-07-18T16:19:10.364+0800][info][gc,heap     ] GC(12) Survivor regions: 4->7(11)
[2024-07-18T16:19:10.364+0800][info][gc,heap     ] GC(12) Old regions: 186->186
[2024-07-18T16:19:10.364+0800][info][gc,heap     ] GC(12) Archive regions: 0->0
[2024-07-18T16:19:10.364+0800][info][gc,heap     ] GC(12) Humongous regions: 96->96
[2024-07-18T16:19:10.364+0800][info][gc,metaspace] GC(12) Metaspace: 194K(384K)->194K(384K) NonClass: 186K(256K)->186K(256K) Class: 7K(128K)->7K(128K)
[2024-07-18T16:19:10.364+0800][info][gc          ] GC(12) Pause Young (Concurrent Start) (G1 Humongous Allocation) 289M->287M(512M) 0.687ms
[2024-07-18T16:19:10.364+0800][info][gc,cpu      ] GC(12) User=0.00s Sys=0.00s Real=0.00s
[2024-07-18T16:19:10.364+0800][info][gc          ] GC(13) Concurrent Mark Cycle
[2024-07-18T16:19:10.364+0800][info][gc,marking  ] GC(13) Concurrent Clear Claimed Marks
[2024-07-18T16:19:10.364+0800][info][gc,marking  ] GC(13) Concurrent Clear Claimed Marks 0.008ms
[2024-07-18T16:19:10.364+0800][info][gc,marking  ] GC(13) Concurrent Scan Root Regions
[2024-07-18T16:19:10.364+0800][info][gc,marking  ] GC(13) Concurrent Scan Root Regions 0.026ms
[2024-07-18T16:19:10.364+0800][info][gc,marking  ] GC(13) Concurrent Mark
[2024-07-18T16:19:10.364+0800][info][gc,marking  ] GC(13) Concurrent Mark From Roots
[2024-07-18T16:19:10.364+0800][info][gc,task     ] GC(13) Using 3 workers of 3 for marking
[2024-07-18T16:19:10.365+0800][info][gc,marking  ] GC(13) Concurrent Mark From Roots 0.953ms
[2024-07-18T16:19:10.365+0800][info][gc,marking  ] GC(13) Concurrent Preclean
[2024-07-18T16:19:10.365+0800][info][gc,marking  ] GC(13) Concurrent Preclean 0.061ms
[2024-07-18T16:19:10.365+0800][info][gc,start    ] GC(13) Pause Remark
[2024-07-18T16:19:10.365+0800][info][gc          ] GC(13) Pause Remark 309M->308M(512M) 0.257ms
[2024-07-18T16:19:10.365+0800][info][gc,cpu      ] GC(13) User=0.00s Sys=0.00s Real=0.00s
[2024-07-18T16:19:10.365+0800][info][gc,marking  ] GC(13) Concurrent Mark 1.403ms
[2024-07-18T16:19:10.365+0800][info][gc,marking  ] GC(13) Concurrent Rebuild Remembered Sets
[2024-07-18T16:19:10.366+0800][info][gc,marking  ] GC(13) Concurrent Rebuild Remembered Sets 0.600ms
[2024-07-18T16:19:10.366+0800][info][gc,start    ] GC(13) Pause Cleanup
[2024-07-18T16:19:10.366+0800][info][gc          ] GC(13) Pause Cleanup 317M->317M(512M) 0.091ms
[2024-07-18T16:19:10.366+0800][info][gc,cpu      ] GC(13) User=0.00s Sys=0.00s Real=0.00s
[2024-07-18T16:19:10.366+0800][info][gc,marking  ] GC(13) Concurrent Cleanup for Next Mark
[2024-07-18T16:19:10.366+0800][info][gc,marking  ] GC(13) Concurrent Cleanup for Next Mark 0.503ms
[2024-07-18T16:19:10.366+0800][info][gc          ] GC(13) Concurrent Mark Cycle 2.819ms
[2024-07-18T16:19:10.366+0800][info][gc,start    ] GC(14) Pause Young (Prepare Mixed) (G1 Evacuation Pause)
[2024-07-18T16:19:10.366+0800][info][gc,task     ] GC(14) Using 12 workers of 13 for evacuation
[2024-07-18T16:19:10.381+0800][info][gc,phases   ] GC(14)   Pre Evacuate Collection Set: 0.0ms
[2024-07-18T16:19:10.381+0800][info][gc,phases   ] GC(14)   Merge Heap Roots: 0.1ms
[2024-07-18T16:19:10.381+0800][info][gc,phases   ] GC(14)   Evacuate Collection Set: 7.0ms
[2024-07-18T16:19:10.381+0800][info][gc,phases   ] GC(14)   Post Evacuate Collection Set: 0.2ms
[2024-07-18T16:19:10.381+0800][info][gc,phases   ] GC(14)   Other: 0.1ms
[2024-07-18T16:19:10.381+0800][info][gc,heap     ] GC(14) Eden regions: 71->0(15)
[2024-07-18T16:19:10.381+0800][info][gc,heap     ] GC(14) Survivor regions: 7->10(10)
[2024-07-18T16:19:10.381+0800][info][gc,heap     ] GC(14) Old regions: 185->205
[2024-07-18T16:19:10.381+0800][info][gc,heap     ] GC(14) Archive regions: 0->0
[2024-07-18T16:19:10.381+0800][info][gc,heap     ] GC(14) Humongous regions: 151->113
[2024-07-18T16:19:10.381+0800][info][gc,metaspace] GC(14) Metaspace: 194K(384K)->194K(384K) NonClass: 186K(256K)->186K(256K) Class: 7K(128K)->7K(128K)
[2024-07-18T16:19:10.381+0800][info][gc          ] GC(14) Pause Young (Prepare Mixed) (G1 Evacuation Pause) 412M->327M(512M) 7.480ms
[2024-07-18T16:19:10.381+0800][info][gc,cpu      ] GC(14) User=0.11s Sys=0.03s Real=0.02s
[2024-07-18T16:19:10.381+0800][info][gc,start    ] GC(15) Pause Young (Mixed) (G1 Evacuation Pause)
[2024-07-18T16:19:10.381+0800][info][gc,task     ] GC(15) Using 12 workers of 13 for evacuation
[2024-07-18T16:19:10.385+0800][info][gc,phases   ] GC(15)   Pre Evacuate Collection Set: 0.0ms
[2024-07-18T16:19:10.385+0800][info][gc,phases   ] GC(15)   Merge Heap Roots: 0.0ms
[2024-07-18T16:19:10.385+0800][info][gc,phases   ] GC(15)   Evacuate Collection Set: 2.6ms
[2024-07-18T16:19:10.385+0800][info][gc,phases   ] GC(15)   Post Evacuate Collection Set: 0.2ms
[2024-07-18T16:19:10.385+0800][info][gc,phases   ] GC(15)   Other: 0.1ms
[2024-07-18T16:19:10.385+0800][info][gc,heap     ] GC(15) Eden regions: 15->0(64)
[2024-07-18T16:19:10.385+0800][info][gc,heap     ] GC(15) Survivor regions: 10->4(4)
[2024-07-18T16:19:10.385+0800][info][gc,heap     ] GC(15) Old regions: 205->195
[2024-07-18T16:19:10.385+0800][info][gc,heap     ] GC(15) Archive regions: 0->0
[2024-07-18T16:19:10.385+0800][info][gc,heap     ] GC(15) Humongous regions: 119->113
[2024-07-18T16:19:10.385+0800][info][gc,metaspace] GC(15) Metaspace: 194K(384K)->194K(384K) NonClass: 186K(256K)->186K(256K) Class: 7K(128K)->7K(128K)
[2024-07-18T16:19:10.385+0800][info][gc          ] GC(15) Pause Young (Mixed) (G1 Evacuation Pause) 348M->311M(512M) 2.981ms
[2024-07-18T16:19:10.385+0800][info][gc,cpu      ] GC(15) User=0.05s Sys=0.05s Real=0.00s
[2024-07-18T16:19:10.385+0800][info][gc,start    ] GC(16) Pause Young (Concurrent Start) (G1 Humongous Allocation)
[2024-07-18T16:19:10.385+0800][info][gc,task     ] GC(16) Using 12 workers of 13 for evacuation
[2024-07-18T16:19:10.385+0800][info][gc,phases   ] GC(16)   Pre Evacuate Collection Set: 0.0ms
[2024-07-18T16:19:10.385+0800][info][gc,phases   ] GC(16)   Merge Heap Roots: 0.0ms
[2024-07-18T16:19:10.385+0800][info][gc,phases   ] GC(16)   Evacuate Collection Set: 0.3ms
[2024-07-18T16:19:10.385+0800][info][gc,phases   ] GC(16)   Post Evacuate Collection Set: 0.1ms
[2024-07-18T16:19:10.385+0800][info][gc,phases   ] GC(16)   Other: 0.1ms
[2024-07-18T16:19:10.385+0800][info][gc,heap     ] GC(16) Eden regions: 1->0(71)
[2024-07-18T16:19:10.385+0800][info][gc,heap     ] GC(16) Survivor regions: 4->4(9)
[2024-07-18T16:19:10.385+0800][info][gc,heap     ] GC(16) Old regions: 195->195
[2024-07-18T16:19:10.385+0800][info][gc,heap     ] GC(16) Archive regions: 0->0
[2024-07-18T16:19:10.385+0800][info][gc,heap     ] GC(16) Humongous regions: 113->113
[2024-07-18T16:19:10.385+0800][info][gc,metaspace] GC(16) Metaspace: 194K(384K)->194K(384K) NonClass: 186K(256K)->186K(256K) Class: 7K(128K)->7K(128K)
[2024-07-18T16:19:10.385+0800][info][gc          ] GC(16) Pause Young (Concurrent Start) (G1 Humongous Allocation) 312M->311M(512M) 0.555ms
[2024-07-18T16:19:10.385+0800][info][gc,cpu      ] GC(16) User=0.00s Sys=0.00s Real=0.00s
[2024-07-18T16:19:10.385+0800][info][gc          ] GC(17) Concurrent Mark Cycle
[2024-07-18T16:19:10.385+0800][info][gc,marking  ] GC(17) Concurrent Clear Claimed Marks
[2024-07-18T16:19:10.385+0800][info][gc,marking  ] GC(17) Concurrent Clear Claimed Marks 0.008ms
[2024-07-18T16:19:10.385+0800][info][gc,marking  ] GC(17) Concurrent Scan Root Regions
[2024-07-18T16:19:10.385+0800][info][gc,marking  ] GC(17) Concurrent Scan Root Regions 0.027ms
[2024-07-18T16:19:10.385+0800][info][gc,marking  ] GC(17) Concurrent Mark
[2024-07-18T16:19:10.385+0800][info][gc,marking  ] GC(17) Concurrent Mark From Roots
[2024-07-18T16:19:10.385+0800][info][gc,task     ] GC(17) Using 3 workers of 3 for marking
[2024-07-18T16:19:10.385+0800][info][gc,marking  ] GC(17) Concurrent Mark From Roots 0.814ms
[2024-07-18T16:19:10.385+0800][info][gc,marking  ] GC(17) Concurrent Preclean
[2024-07-18T16:19:10.385+0800][info][gc,marking  ] GC(17) Concurrent Preclean 0.054ms
[2024-07-18T16:19:10.385+0800][info][gc,start    ] GC(17) Pause Remark
[2024-07-18T16:19:10.385+0800][info][gc          ] GC(17) Pause Remark 325M->325M(512M) 0.235ms
[2024-07-18T16:19:10.385+0800][info][gc,cpu      ] GC(17) User=0.00s Sys=0.00s Real=0.00s
[2024-07-18T16:19:10.385+0800][info][gc,marking  ] GC(17) Concurrent Mark 1.185ms
[2024-07-18T16:19:10.385+0800][info][gc,marking  ] GC(17) Concurrent Rebuild Remembered Sets
[2024-07-18T16:19:10.385+0800][info][gc,marking  ] GC(17) Concurrent Rebuild Remembered Sets 0.429ms
[2024-07-18T16:19:10.385+0800][info][gc,start    ] GC(17) Pause Cleanup
[2024-07-18T16:19:10.385+0800][info][gc          ] GC(17) Pause Cleanup 329M->329M(512M) 0.074ms
[2024-07-18T16:19:10.385+0800][info][gc,cpu      ] GC(17) User=0.00s Sys=0.00s Real=0.00s
[2024-07-18T16:19:10.385+0800][info][gc,marking  ] GC(17) Concurrent Cleanup for Next Mark
[2024-07-18T16:19:10.385+0800][info][gc,marking  ] GC(17) Concurrent Cleanup for Next Mark 0.443ms
[2024-07-18T16:19:10.385+0800][info][gc          ] GC(17) Concurrent Mark Cycle 2.336ms
[2024-07-18T16:19:10.385+0800][info][gc,start    ] GC(18) Pause Young (Prepare Mixed) (G1 Evacuation Pause)
[2024-07-18T16:19:10.385+0800][info][gc,task     ] GC(18) Using 12 workers of 13 for evacuation
[2024-07-18T16:19:10.397+0800][info][gc,phases   ] GC(18)   Pre Evacuate Collection Set: 0.0ms
[2024-07-18T16:19:10.397+0800][info][gc,phases   ] GC(18)   Merge Heap Roots: 0.1ms
[2024-07-18T16:19:10.397+0800][info][gc,phases   ] GC(18)   Evacuate Collection Set: 4.5ms
[2024-07-18T16:19:10.397+0800][info][gc,phases   ] GC(18)   Post Evacuate Collection Set: 0.2ms
[2024-07-18T16:19:10.397+0800][info][gc,phases   ] GC(18)   Other: 0.1ms
[2024-07-18T16:19:10.397+0800][info][gc,heap     ] GC(18) Eden regions: 71->0(15)
[2024-07-18T16:19:10.397+0800][info][gc,heap     ] GC(18) Survivor regions: 4->10(10)
[2024-07-18T16:19:10.397+0800][info][gc,heap     ] GC(18) Old regions: 195->219
[2024-07-18T16:19:10.397+0800][info][gc,heap     ] GC(18) Archive regions: 0->0
[2024-07-18T16:19:10.397+0800][info][gc,heap     ] GC(18) Humongous regions: 155->126
[2024-07-18T16:19:10.397+0800][info][gc,metaspace] GC(18) Metaspace: 194K(384K)->194K(384K) NonClass: 186K(256K)->186K(256K) Class: 7K(128K)->7K(128K)
[2024-07-18T16:19:10.397+0800][info][gc          ] GC(18) Pause Young (Prepare Mixed) (G1 Evacuation Pause) 424M->354M(512M) 4.929ms
[2024-07-18T16:19:10.397+0800][info][gc,cpu      ] GC(18) User=0.00s Sys=0.00s Real=0.01s
[2024-07-18T16:19:10.397+0800][info][gc,start    ] GC(19) Pause Young (Mixed) (G1 Evacuation Pause)
[2024-07-18T16:19:10.397+0800][info][gc,task     ] GC(19) Using 12 workers of 13 for evacuation
[2024-07-18T16:19:10.405+0800][info][gc,phases   ] GC(19)   Pre Evacuate Collection Set: 0.0ms
[2024-07-18T16:19:10.405+0800][info][gc,phases   ] GC(19)   Merge Heap Roots: 0.0ms
[2024-07-18T16:19:10.405+0800][info][gc,phases   ] GC(19)   Evacuate Collection Set: 2.6ms
[2024-07-18T16:19:10.405+0800][info][gc,phases   ] GC(19)   Post Evacuate Collection Set: 0.2ms
[2024-07-18T16:19:10.405+0800][info][gc,phases   ] GC(19)   Other: 0.1ms
[2024-07-18T16:19:10.405+0800][info][gc,heap     ] GC(19) Eden regions: 15->0(58)
[2024-07-18T16:19:10.405+0800][info][gc,heap     ] GC(19) Survivor regions: 10->4(4)
[2024-07-18T16:19:10.405+0800][info][gc,heap     ] GC(19) Old regions: 219->208
[2024-07-18T16:19:10.405+0800][info][gc,heap     ] GC(19) Archive regions: 0->0
[2024-07-18T16:19:10.405+0800][info][gc,heap     ] GC(19) Humongous regions: 133->128
[2024-07-18T16:19:10.405+0800][info][gc,metaspace] GC(19) Metaspace: 194K(384K)->194K(384K) NonClass: 186K(256K)->186K(256K) Class: 7K(128K)->7K(128K)
[2024-07-18T16:19:10.405+0800][info][gc          ] GC(19) Pause Young (Mixed) (G1 Evacuation Pause) 376M->339M(512M) 2.998ms
[2024-07-18T16:19:10.405+0800][info][gc,cpu      ] GC(19) User=0.05s Sys=0.02s Real=0.01s
[2024-07-18T16:19:10.405+0800][info][gc,start    ] GC(20) Pause Young (Concurrent Start) (G1 Evacuation Pause)
[2024-07-18T16:19:10.405+0800][info][gc,task     ] GC(20) Using 12 workers of 13 for evacuation
[2024-07-18T16:19:10.413+0800][info][gc,phases   ] GC(20)   Pre Evacuate Collection Set: 0.0ms
[2024-07-18T16:19:10.413+0800][info][gc,phases   ] GC(20)   Merge Heap Roots: 0.0ms
[2024-07-18T16:19:10.413+0800][info][gc,phases   ] GC(20)   Evacuate Collection Set: 2.3ms
[2024-07-18T16:19:10.413+0800][info][gc,phases   ] GC(20)   Post Evacuate Collection Set: 0.2ms
[2024-07-18T16:19:10.413+0800][info][gc,phases   ] GC(20)   Other: 0.1ms
[2024-07-18T16:19:10.413+0800][info][gc,heap     ] GC(20) Eden regions: 58->0(43)
[2024-07-18T16:19:10.413+0800][info][gc,heap     ] GC(20) Survivor regions: 4->8(8)
[2024-07-18T16:19:10.413+0800][info][gc,heap     ] GC(20) Old regions: 208->231
[2024-07-18T16:19:10.413+0800][info][gc,heap     ] GC(20) Archive regions: 0->0
[2024-07-18T16:19:10.413+0800][info][gc,heap     ] GC(20) Humongous regions: 159->130
[2024-07-18T16:19:10.413+0800][info][gc,metaspace] GC(20) Metaspace: 194K(384K)->194K(384K) NonClass: 186K(256K)->186K(256K) Class: 7K(128K)->7K(128K)
[2024-07-18T16:19:10.413+0800][info][gc          ] GC(20) Pause Young (Concurrent Start) (G1 Evacuation Pause) 428M->368M(512M) 2.743ms
[2024-07-18T16:19:10.413+0800][info][gc,cpu      ] GC(20) User=0.00s Sys=0.00s Real=0.01s
[2024-07-18T16:19:10.413+0800][info][gc          ] GC(21) Concurrent Mark Cycle
[2024-07-18T16:19:10.413+0800][info][gc,marking  ] GC(21) Concurrent Clear Claimed Marks
[2024-07-18T16:19:10.413+0800][info][gc,marking  ] GC(21) Concurrent Clear Claimed Marks 0.008ms
[2024-07-18T16:19:10.413+0800][info][gc,marking  ] GC(21) Concurrent Scan Root Regions
[2024-07-18T16:19:10.413+0800][info][gc,marking  ] GC(21) Concurrent Scan Root Regions 0.096ms
[2024-07-18T16:19:10.413+0800][info][gc,marking  ] GC(21) Concurrent Mark
[2024-07-18T16:19:10.413+0800][info][gc,marking  ] GC(21) Concurrent Mark From Roots
[2024-07-18T16:19:10.413+0800][info][gc,task     ] GC(21) Using 3 workers of 3 for marking
[2024-07-18T16:19:10.413+0800][info][gc,marking  ] GC(21) Concurrent Mark From Roots 0.759ms
[2024-07-18T16:19:10.413+0800][info][gc,marking  ] GC(21) Concurrent Preclean
[2024-07-18T16:19:10.413+0800][info][gc,marking  ] GC(21) Concurrent Preclean 0.060ms
[2024-07-18T16:19:10.413+0800][info][gc,start    ] GC(21) Pause Remark
[2024-07-18T16:19:10.413+0800][info][gc          ] GC(21) Pause Remark 381M->381M(512M) 0.223ms
[2024-07-18T16:19:10.413+0800][info][gc,cpu      ] GC(21) User=0.00s Sys=0.00s Real=0.00s
[2024-07-18T16:19:10.413+0800][info][gc,marking  ] GC(21) Concurrent Mark 1.171ms
[2024-07-18T16:19:10.413+0800][info][gc,marking  ] GC(21) Concurrent Rebuild Remembered Sets
[2024-07-18T16:19:10.413+0800][info][gc,marking  ] GC(21) Concurrent Rebuild Remembered Sets 0.437ms
[2024-07-18T16:19:10.413+0800][info][gc,start    ] GC(21) Pause Cleanup
[2024-07-18T16:19:10.413+0800][info][gc          ] GC(21) Pause Cleanup 387M->387M(512M) 0.090ms
[2024-07-18T16:19:10.413+0800][info][gc,cpu      ] GC(21) User=0.00s Sys=0.00s Real=0.00s
[2024-07-18T16:19:10.413+0800][info][gc,marking  ] GC(21) Concurrent Cleanup for Next Mark
[2024-07-18T16:19:10.413+0800][info][gc,marking  ] GC(21) Concurrent Cleanup for Next Mark 0.513ms
[2024-07-18T16:19:10.413+0800][info][gc          ] GC(21) Concurrent Mark Cycle 2.494ms
[2024-07-18T16:19:10.413+0800][info][gc,start    ] GC(22) Pause Young (Prepare Mixed) (G1 Evacuation Pause)
[2024-07-18T16:19:10.413+0800][info][gc,task     ] GC(22) Using 12 workers of 13 for evacuation
[2024-07-18T16:19:10.413+0800][info][gc,phases   ] GC(22)   Pre Evacuate Collection Set: 0.0ms
[2024-07-18T16:19:10.413+0800][info][gc,phases   ] GC(22)   Merge Heap Roots: 0.1ms
[2024-07-18T16:19:10.413+0800][info][gc,phases   ] GC(22)   Evacuate Collection Set: 1.6ms
[2024-07-18T16:19:10.413+0800][info][gc,phases   ] GC(22)   Post Evacuate Collection Set: 0.1ms
[2024-07-18T16:19:10.413+0800][info][gc,phases   ] GC(22)   Other: 0.1ms
[2024-07-18T16:19:10.413+0800][info][gc,heap     ] GC(22) Eden regions: 43->0(18)
[2024-07-18T16:19:10.413+0800][info][gc,heap     ] GC(22) Survivor regions: 8->7(7)
[2024-07-18T16:19:10.413+0800][info][gc,heap     ] GC(22) Old regions: 231->246
[2024-07-18T16:19:10.413+0800][info][gc,heap     ] GC(22) Archive regions: 0->0
[2024-07-18T16:19:10.413+0800][info][gc,heap     ] GC(22) Humongous regions: 157->134
[2024-07-18T16:19:10.413+0800][info][gc,metaspace] GC(22) Metaspace: 194K(384K)->194K(384K) NonClass: 186K(256K)->186K(256K) Class: 7K(128K)->7K(128K)
[2024-07-18T16:19:10.413+0800][info][gc          ] GC(22) Pause Young (Prepare Mixed) (G1 Evacuation Pause) 438M->386M(512M) 1.961ms
[2024-07-18T16:19:10.413+0800][info][gc,cpu      ] GC(22) User=0.00s Sys=0.00s Real=0.00s
[2024-07-18T16:19:10.423+0800][info][gc,start    ] GC(23) Pause Young (Mixed) (G1 Evacuation Pause)
[2024-07-18T16:19:10.423+0800][info][gc,task     ] GC(23) Using 12 workers of 13 for evacuation
[2024-07-18T16:19:10.426+0800][info][gc,phases   ] GC(23)   Pre Evacuate Collection Set: 0.0ms
[2024-07-18T16:19:10.426+0800][info][gc,phases   ] GC(23)   Merge Heap Roots: 0.0ms
[2024-07-18T16:19:10.426+0800][info][gc,phases   ] GC(23)   Evacuate Collection Set: 2.7ms
[2024-07-18T16:19:10.426+0800][info][gc,phases   ] GC(23)   Post Evacuate Collection Set: 0.2ms
[2024-07-18T16:19:10.426+0800][info][gc,phases   ] GC(23)   Other: 0.1ms
[2024-07-18T16:19:10.426+0800][info][gc,heap     ] GC(23) Eden regions: 18->0(21)
[2024-07-18T16:19:10.426+0800][info][gc,heap     ] GC(23) Survivor regions: 7->4(4)
[2024-07-18T16:19:10.426+0800][info][gc,heap     ] GC(23) Old regions: 246->228
[2024-07-18T16:19:10.426+0800][info][gc,heap     ] GC(23) Archive regions: 0->0
[2024-07-18T16:19:10.426+0800][info][gc,heap     ] GC(23) Humongous regions: 145->137
[2024-07-18T16:19:10.426+0800][info][gc,metaspace] GC(23) Metaspace: 194K(384K)->194K(384K) NonClass: 186K(256K)->186K(256K) Class: 7K(128K)->7K(128K)
[2024-07-18T16:19:10.426+0800][info][gc          ] GC(23) Pause Young (Mixed) (G1 Evacuation Pause) 415M->368M(512M) 3.198ms
[2024-07-18T16:19:10.426+0800][info][gc,cpu      ] GC(23) User=0.00s Sys=0.00s Real=0.00s
[2024-07-18T16:19:10.429+0800][info][gc,start    ] GC(24) Pause Young (Mixed) (G1 Evacuation Pause)
[2024-07-18T16:19:10.429+0800][info][gc,task     ] GC(24) Using 12 workers of 13 for evacuation
[2024-07-18T16:19:10.431+0800][info][gc,phases   ] GC(24)   Pre Evacuate Collection Set: 0.0ms
[2024-07-18T16:19:10.431+0800][info][gc,phases   ] GC(24)   Merge Heap Roots: 0.0ms
[2024-07-18T16:19:10.431+0800][info][gc,phases   ] GC(24)   Evacuate Collection Set: 1.8ms
[2024-07-18T16:19:10.431+0800][info][gc,phases   ] GC(24)   Post Evacuate Collection Set: 0.1ms
[2024-07-18T16:19:10.431+0800][info][gc,phases   ] GC(24)   Other: 0.1ms
[2024-07-18T16:19:10.431+0800][info][gc,heap     ] GC(24) Eden regions: 21->0(44)
[2024-07-18T16:19:10.431+0800][info][gc,heap     ] GC(24) Survivor regions: 4->4(4)
[2024-07-18T16:19:10.431+0800][info][gc,heap     ] GC(24) Old regions: 228->234
[2024-07-18T16:19:10.431+0800][info][gc,heap     ] GC(24) Archive regions: 0->0
[2024-07-18T16:19:10.431+0800][info][gc,heap     ] GC(24) Humongous regions: 144->131
[2024-07-18T16:19:10.431+0800][info][gc,metaspace] GC(24) Metaspace: 194K(384K)->194K(384K) NonClass: 186K(256K)->186K(256K) Class: 7K(128K)->7K(128K)
[2024-07-18T16:19:10.431+0800][info][gc          ] GC(24) Pause Young (Mixed) (G1 Evacuation Pause) 396M->368M(512M) 2.181ms
[2024-07-18T16:19:10.431+0800][info][gc,cpu      ] GC(24) User=0.03s Sys=0.02s Real=0.00s
[2024-07-18T16:19:10.433+0800][info][gc,start    ] GC(25) Pause Young (Normal) (G1 Evacuation Pause)
[2024-07-18T16:19:10.433+0800][info][gc,task     ] GC(25) Using 12 workers of 13 for evacuation
[2024-07-18T16:19:10.433+0800][info][gc,phases   ] GC(25)   Pre Evacuate Collection Set: 0.1ms
[2024-07-18T16:19:10.433+0800][info][gc,phases   ] GC(25)   Merge Heap Roots: 0.0ms
[2024-07-18T16:19:10.433+0800][info][gc,phases   ] GC(25)   Evacuate Collection Set: 1.5ms
[2024-07-18T16:19:10.433+0800][info][gc,phases   ] GC(25)   Post Evacuate Collection Set: 0.1ms
[2024-07-18T16:19:10.433+0800][info][gc,phases   ] GC(25)   Other: 0.1ms
[2024-07-18T16:19:10.433+0800][info][gc,heap     ] GC(25) Eden regions: 44->0(32)
[2024-07-18T16:19:10.433+0800][info][gc,heap     ] GC(25) Survivor regions: 4->6(6)
[2024-07-18T16:19:10.433+0800][info][gc,heap     ] GC(25) Old regions: 234->248
[2024-07-18T16:19:10.433+0800][info][gc,heap     ] GC(25) Archive regions: 0->0
[2024-07-18T16:19:10.433+0800][info][gc,heap     ] GC(25) Humongous regions: 163->138
[2024-07-18T16:19:10.433+0800][info][gc,metaspace] GC(25) Metaspace: 194K(384K)->194K(384K) NonClass: 186K(256K)->186K(256K) Class: 7K(128K)->7K(128K)
[2024-07-18T16:19:10.433+0800][info][gc          ] GC(25) Pause Young (Normal) (G1 Evacuation Pause) 444M->391M(512M) 1.835ms
[2024-07-18T16:19:10.433+0800][info][gc,cpu      ] GC(25) User=0.00s Sys=0.00s Real=0.00s
[2024-07-18T16:19:10.433+0800][info][gc,start    ] GC(26) Pause Young (Concurrent Start) (G1 Humongous Allocation)
[2024-07-18T16:19:10.433+0800][info][gc,task     ] GC(26) Using 12 workers of 13 for evacuation
[2024-07-18T16:19:10.433+0800][info][gc,phases   ] GC(26)   Pre Evacuate Collection Set: 0.0ms
[2024-07-18T16:19:10.433+0800][info][gc,phases   ] GC(26)   Merge Heap Roots: 0.0ms
[2024-07-18T16:19:10.433+0800][info][gc,phases   ] GC(26)   Evacuate Collection Set: 0.5ms
[2024-07-18T16:19:10.433+0800][info][gc,phases   ] GC(26)   Post Evacuate Collection Set: 0.1ms
[2024-07-18T16:19:10.433+0800][info][gc,phases   ] GC(26)   Other: 0.1ms
[2024-07-18T16:19:10.433+0800][info][gc,heap     ] GC(26) Eden regions: 1->0(35)
[2024-07-18T16:19:10.433+0800][info][gc,heap     ] GC(26) Survivor regions: 6->1(5)
[2024-07-18T16:19:10.433+0800][info][gc,heap     ] GC(26) Old regions: 248->254
[2024-07-18T16:19:10.433+0800][info][gc,heap     ] GC(26) Archive regions: 0->0
[2024-07-18T16:19:10.433+0800][info][gc,heap     ] GC(26) Humongous regions: 138->138
[2024-07-18T16:19:10.433+0800][info][gc,metaspace] GC(26) Metaspace: 194K(384K)->194K(384K) NonClass: 186K(256K)->186K(256K) Class: 7K(128K)->7K(128K)
[2024-07-18T16:19:10.433+0800][info][gc          ] GC(26) Pause Young (Concurrent Start) (G1 Humongous Allocation) 392M->391M(512M) 0.744ms
[2024-07-18T16:19:10.433+0800][info][gc,cpu      ] GC(26) User=0.00s Sys=0.00s Real=0.00s
[2024-07-18T16:19:10.433+0800][info][gc          ] GC(27) Concurrent Mark Cycle
[2024-07-18T16:19:10.433+0800][info][gc,marking  ] GC(27) Concurrent Clear Claimed Marks
[2024-07-18T16:19:10.433+0800][info][gc,marking  ] GC(27) Concurrent Clear Claimed Marks 0.008ms
[2024-07-18T16:19:10.433+0800][info][gc,marking  ] GC(27) Concurrent Scan Root Regions
[2024-07-18T16:19:10.433+0800][info][gc,marking  ] GC(27) Concurrent Scan Root Regions 0.031ms
[2024-07-18T16:19:10.433+0800][info][gc,marking  ] GC(27) Concurrent Mark
[2024-07-18T16:19:10.433+0800][info][gc,marking  ] GC(27) Concurrent Mark From Roots
[2024-07-18T16:19:10.433+0800][info][gc,task     ] GC(27) Using 3 workers of 3 for marking
[2024-07-18T16:19:10.442+0800][info][gc,marking  ] GC(27) Concurrent Mark From Roots 0.957ms
[2024-07-18T16:19:10.442+0800][info][gc,marking  ] GC(27) Concurrent Preclean
[2024-07-18T16:19:10.442+0800][info][gc,marking  ] GC(27) Concurrent Preclean 0.055ms
[2024-07-18T16:19:10.442+0800][info][gc,start    ] GC(27) Pause Remark
[2024-07-18T16:19:10.442+0800][info][gc          ] GC(27) Pause Remark 408M->407M(512M) 0.258ms
[2024-07-18T16:19:10.442+0800][info][gc,cpu      ] GC(27) User=0.00s Sys=0.00s Real=0.00s
[2024-07-18T16:19:10.442+0800][info][gc,marking  ] GC(27) Concurrent Mark 1.384ms
[2024-07-18T16:19:10.442+0800][info][gc,marking  ] GC(27) Concurrent Rebuild Remembered Sets
[2024-07-18T16:19:10.442+0800][info][gc,marking  ] GC(27) Concurrent Rebuild Remembered Sets 0.573ms
[2024-07-18T16:19:10.442+0800][info][gc,start    ] GC(27) Pause Cleanup
[2024-07-18T16:19:10.442+0800][info][gc          ] GC(27) Pause Cleanup 414M->414M(512M) 0.083ms
[2024-07-18T16:19:10.442+0800][info][gc,cpu      ] GC(27) User=0.00s Sys=0.00s Real=0.00s
[2024-07-18T16:19:10.442+0800][info][gc,marking  ] GC(27) Concurrent Cleanup for Next Mark
[2024-07-18T16:19:10.442+0800][info][gc,marking  ] GC(27) Concurrent Cleanup for Next Mark 0.486ms
[2024-07-18T16:19:10.442+0800][info][gc          ] GC(27) Concurrent Mark Cycle 2.732ms
[2024-07-18T16:19:10.445+0800][info][gc,start    ] GC(28) Pause Young (Prepare Mixed) (G1 Evacuation Pause)
[2024-07-18T16:19:10.445+0800][info][gc,task     ] GC(28) Using 12 workers of 13 for evacuation
[2024-07-18T16:19:10.446+0800][info][gc,phases   ] GC(28)   Pre Evacuate Collection Set: 0.0ms
[2024-07-18T16:19:10.446+0800][info][gc,phases   ] GC(28)   Merge Heap Roots: 0.1ms
[2024-07-18T16:19:10.446+0800][info][gc,phases   ] GC(28)   Evacuate Collection Set: 1.3ms
[2024-07-18T16:19:10.446+0800][info][gc,phases   ] GC(28)   Post Evacuate Collection Set: 0.1ms
[2024-07-18T16:19:10.446+0800][info][gc,phases   ] GC(28)   Other: 0.1ms
[2024-07-18T16:19:10.446+0800][info][gc,heap     ] GC(28) Eden regions: 35->0(20)
[2024-07-18T16:19:10.446+0800][info][gc,heap     ] GC(28) Survivor regions: 1->5(5)
[2024-07-18T16:19:10.446+0800][info][gc,heap     ] GC(28) Old regions: 253->264
[2024-07-18T16:19:10.446+0800][info][gc,heap     ] GC(28) Archive regions: 0->0
[2024-07-18T16:19:10.446+0800][info][gc,heap     ] GC(28) Humongous regions: 165->145
[2024-07-18T16:19:10.446+0800][info][gc,metaspace] GC(28) Metaspace: 194K(384K)->194K(384K) NonClass: 186K(256K)->186K(256K) Class: 7K(128K)->7K(128K)
[2024-07-18T16:19:10.446+0800][info][gc          ] GC(28) Pause Young (Prepare Mixed) (G1 Evacuation Pause) 452M->413M(512M) 1.681ms
[2024-07-18T16:19:10.446+0800][info][gc,cpu      ] GC(28) User=0.00s Sys=0.00s Real=0.00s
[2024-07-18T16:19:10.448+0800][info][gc,start    ] GC(29) Pause Young (Mixed) (G1 Evacuation Pause)
[2024-07-18T16:19:10.448+0800][info][gc,task     ] GC(29) Using 12 workers of 13 for evacuation
[2024-07-18T16:19:10.448+0800][info][gc,phases   ] GC(29)   Pre Evacuate Collection Set: 0.0ms
[2024-07-18T16:19:10.448+0800][info][gc,phases   ] GC(29)   Merge Heap Roots: 0.0ms
[2024-07-18T16:19:10.448+0800][info][gc,phases   ] GC(29)   Evacuate Collection Set: 2.6ms
[2024-07-18T16:19:10.448+0800][info][gc,phases   ] GC(29)   Post Evacuate Collection Set: 0.2ms
[2024-07-18T16:19:10.448+0800][info][gc,phases   ] GC(29)   Other: 0.1ms
[2024-07-18T16:19:10.448+0800][info][gc,heap     ] GC(29) Eden regions: 20->0(21)
[2024-07-18T16:19:10.448+0800][info][gc,heap     ] GC(29) Survivor regions: 5->4(4)
[2024-07-18T16:19:10.448+0800][info][gc,heap     ] GC(29) Old regions: 264->242
[2024-07-18T16:19:10.448+0800][info][gc,heap     ] GC(29) Archive regions: 0->0
[2024-07-18T16:19:10.448+0800][info][gc,heap     ] GC(29) Humongous regions: 153->147
[2024-07-18T16:19:10.448+0800][info][gc,metaspace] GC(29) Metaspace: 194K(384K)->194K(384K) NonClass: 186K(256K)->186K(256K) Class: 7K(128K)->7K(128K)
[2024-07-18T16:19:10.448+0800][info][gc          ] GC(29) Pause Young (Mixed) (G1 Evacuation Pause) 441M->392M(512M) 2.996ms
[2024-07-18T16:19:10.448+0800][info][gc,cpu      ] GC(29) User=0.00s Sys=0.00s Real=0.00s
[2024-07-18T16:19:10.448+0800][info][gc,start    ] GC(30) Pause Young (Mixed) (G1 Evacuation Pause)
[2024-07-18T16:19:10.448+0800][info][gc,task     ] GC(30) Using 12 workers of 13 for evacuation
[2024-07-18T16:19:10.448+0800][info][gc,phases   ] GC(30)   Pre Evacuate Collection Set: 0.0ms
[2024-07-18T16:19:10.448+0800][info][gc,phases   ] GC(30)   Merge Heap Roots: 0.0ms
[2024-07-18T16:19:10.448+0800][info][gc,phases   ] GC(30)   Evacuate Collection Set: 2.5ms
[2024-07-18T16:19:10.448+0800][info][gc,phases   ] GC(30)   Post Evacuate Collection Set: 0.1ms
[2024-07-18T16:19:10.448+0800][info][gc,phases   ] GC(30)   Other: 0.1ms
[2024-07-18T16:19:10.448+0800][info][gc,heap     ] GC(30) Eden regions: 21->0(35)
[2024-07-18T16:19:10.448+0800][info][gc,heap     ] GC(30) Survivor regions: 4->4(4)
[2024-07-18T16:19:10.448+0800][info][gc,heap     ] GC(30) Old regions: 242->236
[2024-07-18T16:19:10.448+0800][info][gc,heap     ] GC(30) Archive regions: 0->0
[2024-07-18T16:19:10.448+0800][info][gc,heap     ] GC(30) Humongous regions: 165->150
[2024-07-18T16:19:10.448+0800][info][gc,metaspace] GC(30) Metaspace: 194K(384K)->194K(384K) NonClass: 186K(256K)->186K(256K) Class: 7K(128K)->7K(128K)
[2024-07-18T16:19:10.448+0800][info][gc          ] GC(30) Pause Young (Mixed) (G1 Evacuation Pause) 431M->389M(512M) 2.827ms
[2024-07-18T16:19:10.448+0800][info][gc,cpu      ] GC(30) User=0.00s Sys=0.00s Real=0.00s
[2024-07-18T16:19:10.461+0800][info][gc,start    ] GC(31) Pause Young (Normal) (G1 Evacuation Pause)
[2024-07-18T16:19:10.461+0800][info][gc,task     ] GC(31) Using 12 workers of 13 for evacuation
[2024-07-18T16:19:10.462+0800][info][gc,phases   ] GC(31)   Pre Evacuate Collection Set: 0.0ms
[2024-07-18T16:19:10.462+0800][info][gc,phases   ] GC(31)   Merge Heap Roots: 0.0ms
[2024-07-18T16:19:10.462+0800][info][gc,phases   ] GC(31)   Evacuate Collection Set: 1.3ms
[2024-07-18T16:19:10.462+0800][info][gc,phases   ] GC(31)   Post Evacuate Collection Set: 0.1ms
[2024-07-18T16:19:10.462+0800][info][gc,phases   ] GC(31)   Other: 0.1ms
[2024-07-18T16:19:10.462+0800][info][gc,heap     ] GC(31) Eden regions: 35->0(26)
[2024-07-18T16:19:10.462+0800][info][gc,heap     ] GC(31) Survivor regions: 4->5(5)
[2024-07-18T16:19:10.462+0800][info][gc,heap     ] GC(31) Old regions: 236->247
[2024-07-18T16:19:10.462+0800][info][gc,heap     ] GC(31) Archive regions: 0->0
[2024-07-18T16:19:10.462+0800][info][gc,heap     ] GC(31) Humongous regions: 168->156
[2024-07-18T16:19:10.462+0800][info][gc,metaspace] GC(31) Metaspace: 194K(384K)->194K(384K) NonClass: 186K(256K)->186K(256K) Class: 7K(128K)->7K(128K)
[2024-07-18T16:19:10.462+0800][info][gc          ] GC(31) Pause Young (Normal) (G1 Evacuation Pause) 442M->407M(512M) 1.671ms
[2024-07-18T16:19:10.462+0800][info][gc,cpu      ] GC(31) User=0.00s Sys=0.00s Real=0.00s
[2024-07-18T16:19:10.462+0800][info][gc,start    ] GC(32) Pause Young (Concurrent Start) (G1 Humongous Allocation)
[2024-07-18T16:19:10.462+0800][info][gc,task     ] GC(32) Using 12 workers of 13 for evacuation
[2024-07-18T16:19:10.462+0800][info][gc,phases   ] GC(32)   Pre Evacuate Collection Set: 0.0ms
[2024-07-18T16:19:10.462+0800][info][gc,phases   ] GC(32)   Merge Heap Roots: 0.0ms
[2024-07-18T16:19:10.462+0800][info][gc,phases   ] GC(32)   Evacuate Collection Set: 0.7ms
[2024-07-18T16:19:10.462+0800][info][gc,phases   ] GC(32)   Post Evacuate Collection Set: 0.1ms
[2024-07-18T16:19:10.462+0800][info][gc,phases   ] GC(32)   Other: 0.1ms
[2024-07-18T16:19:10.462+0800][info][gc,heap     ] GC(32) Eden regions: 2->0(26)
[2024-07-18T16:19:10.462+0800][info][gc,heap     ] GC(32) Survivor regions: 5->1(4)
[2024-07-18T16:19:10.462+0800][info][gc,heap     ] GC(32) Old regions: 247->252
[2024-07-18T16:19:10.462+0800][info][gc,heap     ] GC(32) Archive regions: 0->0
[2024-07-18T16:19:10.462+0800][info][gc,heap     ] GC(32) Humongous regions: 156->154
[2024-07-18T16:19:10.462+0800][info][gc,metaspace] GC(32) Metaspace: 194K(384K)->194K(384K) NonClass: 186K(256K)->186K(256K) Class: 7K(128K)->7K(128K)
[2024-07-18T16:19:10.462+0800][info][gc          ] GC(32) Pause Young (Concurrent Start) (G1 Humongous Allocation) 408M->406M(512M) 1.047ms
[2024-07-18T16:19:10.462+0800][info][gc,cpu      ] GC(32) User=0.00s Sys=0.00s Real=0.00s
[2024-07-18T16:19:10.462+0800][info][gc          ] GC(33) Concurrent Mark Cycle
[2024-07-18T16:19:10.462+0800][info][gc,marking  ] GC(33) Concurrent Clear Claimed Marks
[2024-07-18T16:19:10.462+0800][info][gc,marking  ] GC(33) Concurrent Clear Claimed Marks 0.007ms
[2024-07-18T16:19:10.462+0800][info][gc,marking  ] GC(33) Concurrent Scan Root Regions
[2024-07-18T16:19:10.462+0800][info][gc,marking  ] GC(33) Concurrent Scan Root Regions 0.035ms
[2024-07-18T16:19:10.462+0800][info][gc,marking  ] GC(33) Concurrent Mark
[2024-07-18T16:19:10.462+0800][info][gc,marking  ] GC(33) Concurrent Mark From Roots
[2024-07-18T16:19:10.462+0800][info][gc,task     ] GC(33) Using 3 workers of 3 for marking
[2024-07-18T16:19:10.465+0800][info][gc,marking  ] GC(33) Concurrent Mark From Roots 0.857ms
[2024-07-18T16:19:10.465+0800][info][gc,marking  ] GC(33) Concurrent Preclean
[2024-07-18T16:19:10.465+0800][info][gc,marking  ] GC(33) Concurrent Preclean 0.097ms
[2024-07-18T16:19:10.465+0800][info][gc,start    ] GC(33) Pause Remark
[2024-07-18T16:19:10.465+0800][info][gc          ] GC(33) Pause Remark 423M->423M(512M) 0.220ms
[2024-07-18T16:19:10.465+0800][info][gc,cpu      ] GC(33) User=0.00s Sys=0.00s Real=0.00s
[2024-07-18T16:19:10.465+0800][info][gc,marking  ] GC(33) Concurrent Mark 1.312ms
[2024-07-18T16:19:10.465+0800][info][gc,marking  ] GC(33) Concurrent Rebuild Remembered Sets
[2024-07-18T16:19:10.465+0800][info][gc,marking  ] GC(33) Concurrent Rebuild Remembered Sets 0.508ms
[2024-07-18T16:19:10.465+0800][info][gc,start    ] GC(33) Pause Cleanup
[2024-07-18T16:19:10.465+0800][info][gc          ] GC(33) Pause Cleanup 430M->430M(512M) 0.101ms
[2024-07-18T16:19:10.465+0800][info][gc,cpu      ] GC(33) User=0.00s Sys=0.00s Real=0.00s
[2024-07-18T16:19:10.465+0800][info][gc,marking  ] GC(33) Concurrent Cleanup for Next Mark
[2024-07-18T16:19:10.465+0800][info][gc,marking  ] GC(33) Concurrent Cleanup for Next Mark 0.503ms
[2024-07-18T16:19:10.465+0800][info][gc          ] GC(33) Concurrent Mark Cycle 2.629ms
[2024-07-18T16:19:10.465+0800][info][gc,start    ] GC(34) Pause Young (Prepare Mixed) (G1 Evacuation Pause)
[2024-07-18T16:19:10.465+0800][info][gc,task     ] GC(34) Using 12 workers of 13 for evacuation
[2024-07-18T16:19:10.469+0800][info][gc,phases   ] GC(34)   Pre Evacuate Collection Set: 0.0ms
[2024-07-18T16:19:10.469+0800][info][gc,phases   ] GC(34)   Merge Heap Roots: 0.1ms
[2024-07-18T16:19:10.469+0800][info][gc,phases   ] GC(34)   Evacuate Collection Set: 0.8ms
[2024-07-18T16:19:10.469+0800][info][gc,phases   ] GC(34)   Post Evacuate Collection Set: 0.1ms
[2024-07-18T16:19:10.469+0800][info][gc,phases   ] GC(34)   Other: 0.1ms
[2024-07-18T16:19:10.469+0800][info][gc,heap     ] GC(34) Eden regions: 26->0(21)
[2024-07-18T16:19:10.469+0800][info][gc,heap     ] GC(34) Survivor regions: 1->4(4)
[2024-07-18T16:19:10.469+0800][info][gc,heap     ] GC(34) Old regions: 252->259
[2024-07-18T16:19:10.469+0800][info][gc,heap     ] GC(34) Archive regions: 0->0
[2024-07-18T16:19:10.469+0800][info][gc,heap     ] GC(34) Humongous regions: 167->151
[2024-07-18T16:19:10.469+0800][info][gc,metaspace] GC(34) Metaspace: 194K(384K)->194K(384K) NonClass: 186K(256K)->186K(256K) Class: 7K(128K)->7K(128K)
[2024-07-18T16:19:10.469+0800][info][gc          ] GC(34) Pause Young (Prepare Mixed) (G1 Evacuation Pause) 445M->413M(512M) 1.181ms
[2024-07-18T16:19:10.469+0800][info][gc,cpu      ] GC(34) User=0.00s Sys=0.00s Real=0.00s
[2024-07-18T16:19:10.469+0800][info][gc,start    ] GC(35) Pause Young (Mixed) (G1 Evacuation Pause)
[2024-07-18T16:19:10.469+0800][info][gc,task     ] GC(35) Using 12 workers of 13 for evacuation
[2024-07-18T16:19:10.472+0800][info][gc,phases   ] GC(35)   Pre Evacuate Collection Set: 0.0ms
[2024-07-18T16:19:10.472+0800][info][gc,phases   ] GC(35)   Merge Heap Roots: 0.0ms
[2024-07-18T16:19:10.472+0800][info][gc,phases   ] GC(35)   Evacuate Collection Set: 2.7ms
[2024-07-18T16:19:10.472+0800][info][gc,phases   ] GC(35)   Post Evacuate Collection Set: 0.2ms
[2024-07-18T16:19:10.472+0800][info][gc,phases   ] GC(35)   Other: 0.1ms
[2024-07-18T16:19:10.472+0800][info][gc,heap     ] GC(35) Eden regions: 21->0(21)
[2024-07-18T16:19:10.472+0800][info][gc,heap     ] GC(35) Survivor regions: 4->4(4)
[2024-07-18T16:19:10.472+0800][info][gc,heap     ] GC(35) Old regions: 259->240
[2024-07-18T16:19:10.472+0800][info][gc,heap     ] GC(35) Archive regions: 0->0
[2024-07-18T16:19:10.472+0800][info][gc,heap     ] GC(35) Humongous regions: 162->154
[2024-07-18T16:19:10.472+0800][info][gc,metaspace] GC(35) Metaspace: 194K(384K)->194K(384K) NonClass: 186K(256K)->186K(256K) Class: 7K(128K)->7K(128K)
[2024-07-18T16:19:10.472+0800][info][gc          ] GC(35) Pause Young (Mixed) (G1 Evacuation Pause) 445M->397M(512M) 3.166ms
[2024-07-18T16:19:10.472+0800][info][gc,cpu      ] GC(35) User=0.00s Sys=0.00s Real=0.00s
[2024-07-18T16:19:10.475+0800][info][gc,start    ] GC(36) Pause Young (Mixed) (G1 Evacuation Pause)
[2024-07-18T16:19:10.475+0800][info][gc,task     ] GC(36) Using 12 workers of 13 for evacuation
[2024-07-18T16:19:10.478+0800][info][gc,phases   ] GC(36)   Pre Evacuate Collection Set: 0.0ms
[2024-07-18T16:19:10.478+0800][info][gc,phases   ] GC(36)   Merge Heap Roots: 0.0ms
[2024-07-18T16:19:10.478+0800][info][gc,phases   ] GC(36)   Evacuate Collection Set: 2.1ms
[2024-07-18T16:19:10.478+0800][info][gc,phases   ] GC(36)   Post Evacuate Collection Set: 0.1ms
[2024-07-18T16:19:10.478+0800][info][gc,phases   ] GC(36)   Other: 0.1ms
[2024-07-18T16:19:10.478+0800][info][gc,heap     ] GC(36) Eden regions: 21->0(29)
[2024-07-18T16:19:10.478+0800][info][gc,heap     ] GC(36) Survivor regions: 4->4(4)
[2024-07-18T16:19:10.478+0800][info][gc,heap     ] GC(36) Old regions: 240->239
[2024-07-18T16:19:10.478+0800][info][gc,heap     ] GC(36) Archive regions: 0->0
[2024-07-18T16:19:10.478+0800][info][gc,heap     ] GC(36) Humongous regions: 163->157
[2024-07-18T16:19:10.478+0800][info][gc,metaspace] GC(36) Metaspace: 194K(384K)->194K(384K) NonClass: 186K(256K)->186K(256K) Class: 7K(128K)->7K(128K)
[2024-07-18T16:19:10.478+0800][info][gc          ] GC(36) Pause Young (Mixed) (G1 Evacuation Pause) 427M->399M(512M) 2.479ms
[2024-07-18T16:19:10.478+0800][info][gc,cpu      ] GC(36) User=0.00s Sys=0.00s Real=0.00s
[2024-07-18T16:19:10.478+0800][info][gc,start    ] GC(37) Pause Young (Normal) (G1 Evacuation Pause)
[2024-07-18T16:19:10.478+0800][info][gc,task     ] GC(37) Using 12 workers of 13 for evacuation
[2024-07-18T16:19:10.484+0800][info][gc,phases   ] GC(37)   Pre Evacuate Collection Set: 0.0ms
[2024-07-18T16:19:10.484+0800][info][gc,phases   ] GC(37)   Merge Heap Roots: 0.0ms
[2024-07-18T16:19:10.484+0800][info][gc,phases   ] GC(37)   Evacuate Collection Set: 1.3ms
[2024-07-18T16:19:10.484+0800][info][gc,phases   ] GC(37)   Post Evacuate Collection Set: 0.1ms
[2024-07-18T16:19:10.484+0800][info][gc,phases   ] GC(37)   Other: 0.1ms
[2024-07-18T16:19:10.484+0800][info][gc,heap     ] GC(37) Eden regions: 29->0(23)
[2024-07-18T16:19:10.484+0800][info][gc,heap     ] GC(37) Survivor regions: 4->5(5)
[2024-07-18T16:19:10.484+0800][info][gc,heap     ] GC(37) Old regions: 239->251
[2024-07-18T16:19:10.484+0800][info][gc,heap     ] GC(37) Archive regions: 0->0
[2024-07-18T16:19:10.484+0800][info][gc,heap     ] GC(37) Humongous regions: 174->156
[2024-07-18T16:19:10.484+0800][info][gc,metaspace] GC(37) Metaspace: 194K(384K)->194K(384K) NonClass: 186K(256K)->186K(256K) Class: 7K(128K)->7K(128K)
[2024-07-18T16:19:10.484+0800][info][gc          ] GC(37) Pause Young (Normal) (G1 Evacuation Pause) 445M->411M(512M) 1.675ms
[2024-07-18T16:19:10.484+0800][info][gc,cpu      ] GC(37) User=0.08s Sys=0.00s Real=0.01s
[2024-07-18T16:19:10.484+0800][info][gc,start    ] GC(38) Pause Young (Concurrent Start) (G1 Humongous Allocation)
[2024-07-18T16:19:10.484+0800][info][gc,task     ] GC(38) Using 12 workers of 13 for evacuation
[2024-07-18T16:19:10.484+0800][info][gc,phases   ] GC(38)   Pre Evacuate Collection Set: 0.0ms
[2024-07-18T16:19:10.484+0800][info][gc,phases   ] GC(38)   Merge Heap Roots: 0.0ms
[2024-07-18T16:19:10.484+0800][info][gc,phases   ] GC(38)   Evacuate Collection Set: 0.4ms
[2024-07-18T16:19:10.484+0800][info][gc,phases   ] GC(38)   Post Evacuate Collection Set: 0.1ms
[2024-07-18T16:19:10.484+0800][info][gc,phases   ] GC(38)   Other: 0.1ms
[2024-07-18T16:19:10.484+0800][info][gc,heap     ] GC(38) Eden regions: 2->0(24)
[2024-07-18T16:19:10.484+0800][info][gc,heap     ] GC(38) Survivor regions: 5->1(4)
[2024-07-18T16:19:10.484+0800][info][gc,heap     ] GC(38) Old regions: 251->256
[2024-07-18T16:19:10.484+0800][info][gc,heap     ] GC(38) Archive regions: 0->0
[2024-07-18T16:19:10.484+0800][info][gc,heap     ] GC(38) Humongous regions: 156->156
[2024-07-18T16:19:10.484+0800][info][gc,metaspace] GC(38) Metaspace: 194K(384K)->194K(384K) NonClass: 186K(256K)->186K(256K) Class: 7K(128K)->7K(128K)
[2024-07-18T16:19:10.484+0800][info][gc          ] GC(38) Pause Young (Concurrent Start) (G1 Humongous Allocation) 413M->411M(512M) 0.734ms
[2024-07-18T16:19:10.484+0800][info][gc,cpu      ] GC(38) User=0.00s Sys=0.00s Real=0.00s
[2024-07-18T16:19:10.484+0800][info][gc          ] GC(39) Concurrent Mark Cycle
[2024-07-18T16:19:10.484+0800][info][gc,marking  ] GC(39) Concurrent Clear Claimed Marks
[2024-07-18T16:19:10.484+0800][info][gc,marking  ] GC(39) Concurrent Clear Claimed Marks 0.007ms
[2024-07-18T16:19:10.484+0800][info][gc,marking  ] GC(39) Concurrent Scan Root Regions
[2024-07-18T16:19:10.484+0800][info][gc,marking  ] GC(39) Concurrent Scan Root Regions 0.025ms
[2024-07-18T16:19:10.484+0800][info][gc,marking  ] GC(39) Concurrent Mark
[2024-07-18T16:19:10.484+0800][info][gc,marking  ] GC(39) Concurrent Mark From Roots
[2024-07-18T16:19:10.484+0800][info][gc,task     ] GC(39) Using 3 workers of 3 for marking
[2024-07-18T16:19:10.486+0800][info][gc,marking  ] GC(39) Concurrent Mark From Roots 0.885ms
[2024-07-18T16:19:10.486+0800][info][gc,marking  ] GC(39) Concurrent Preclean
[2024-07-18T16:19:10.486+0800][info][gc,marking  ] GC(39) Concurrent Preclean 0.061ms
[2024-07-18T16:19:10.486+0800][info][gc,start    ] GC(39) Pause Remark
[2024-07-18T16:19:10.486+0800][info][gc          ] GC(39) Pause Remark 427M->427M(512M) 0.216ms
[2024-07-18T16:19:10.486+0800][info][gc,cpu      ] GC(39) User=0.00s Sys=0.00s Real=0.00s
[2024-07-18T16:19:10.486+0800][info][gc,marking  ] GC(39) Concurrent Mark 1.281ms
[2024-07-18T16:19:10.486+0800][info][gc,marking  ] GC(39) Concurrent Rebuild Remembered Sets
[2024-07-18T16:19:10.486+0800][info][gc,marking  ] GC(39) Concurrent Rebuild Remembered Sets 0.642ms
[2024-07-18T16:19:10.486+0800][info][gc,start    ] GC(39) Pause Cleanup
[2024-07-18T16:19:10.486+0800][info][gc          ] GC(39) Pause Cleanup 434M->434M(512M) 0.101ms
[2024-07-18T16:19:10.486+0800][info][gc,cpu      ] GC(39) User=0.00s Sys=0.00s Real=0.00s
[2024-07-18T16:19:10.486+0800][info][gc,marking  ] GC(39) Concurrent Cleanup for Next Mark
[2024-07-18T16:19:10.486+0800][info][gc,marking  ] GC(39) Concurrent Cleanup for Next Mark 0.472ms
[2024-07-18T16:19:10.486+0800][info][gc          ] GC(39) Concurrent Mark Cycle 2.718ms
[2024-07-18T16:19:10.486+0800][info][gc,start    ] GC(40) Pause Young (Prepare Mixed) (G1 Evacuation Pause)
[2024-07-18T16:19:10.486+0800][info][gc,task     ] GC(40) Using 12 workers of 13 for evacuation
[2024-07-18T16:19:10.486+0800][info][gc,phases   ] GC(40)   Pre Evacuate Collection Set: 0.0ms
[2024-07-18T16:19:10.486+0800][info][gc,phases   ] GC(40)   Merge Heap Roots: 0.1ms
[2024-07-18T16:19:10.486+0800][info][gc,phases   ] GC(40)   Evacuate Collection Set: 0.8ms
[2024-07-18T16:19:10.486+0800][info][gc,phases   ] GC(40)   Post Evacuate Collection Set: 0.1ms
[2024-07-18T16:19:10.486+0800][info][gc,phases   ] GC(40)   Other: 0.1ms
[2024-07-18T16:19:10.486+0800][info][gc,heap     ] GC(40) Eden regions: 24->0(21)
[2024-07-18T16:19:10.486+0800][info][gc,heap     ] GC(40) Survivor regions: 1->4(4)
[2024-07-18T16:19:10.486+0800][info][gc,heap     ] GC(40) Old regions: 256->261
[2024-07-18T16:19:10.486+0800][info][gc,heap     ] GC(40) Archive regions: 0->0
[2024-07-18T16:19:10.486+0800][info][gc,heap     ] GC(40) Humongous regions: 167->152
[2024-07-18T16:19:10.486+0800][info][gc,metaspace] GC(40) Metaspace: 194K(384K)->194K(384K) NonClass: 186K(256K)->186K(256K) Class: 7K(128K)->7K(128K)
[2024-07-18T16:19:10.486+0800][info][gc          ] GC(40) Pause Young (Prepare Mixed) (G1 Evacuation Pause) 446M->416M(512M) 1.241ms
[2024-07-18T16:19:10.486+0800][info][gc,cpu      ] GC(40) User=0.00s Sys=0.00s Real=0.00s
[2024-07-18T16:19:10.493+0800][info][gc,start    ] GC(41) Pause Young (Mixed) (G1 Evacuation Pause)
[2024-07-18T16:19:10.493+0800][info][gc,task     ] GC(41) Using 12 workers of 13 for evacuation
[2024-07-18T16:19:10.493+0800][info][gc,phases   ] GC(41)   Pre Evacuate Collection Set: 0.1ms
[2024-07-18T16:19:10.493+0800][info][gc,phases   ] GC(41)   Merge Heap Roots: 0.0ms
[2024-07-18T16:19:10.493+0800][info][gc,phases   ] GC(41)   Evacuate Collection Set: 2.7ms
[2024-07-18T16:19:10.493+0800][info][gc,phases   ] GC(41)   Post Evacuate Collection Set: 0.3ms
[2024-07-18T16:19:10.493+0800][info][gc,phases   ] GC(41)   Other: 0.1ms
[2024-07-18T16:19:10.493+0800][info][gc,heap     ] GC(41) Eden regions: 21->0(21)
[2024-07-18T16:19:10.493+0800][info][gc,heap     ] GC(41) Survivor regions: 4->4(4)
[2024-07-18T16:19:10.493+0800][info][gc,heap     ] GC(41) Old regions: 261->240
[2024-07-18T16:19:10.493+0800][info][gc,heap     ] GC(41) Archive regions: 0->0
[2024-07-18T16:19:10.493+0800][info][gc,heap     ] GC(41) Humongous regions: 171->156
[2024-07-18T16:19:10.493+0800][info][gc,metaspace] GC(41) Metaspace: 194K(384K)->194K(384K) NonClass: 186K(256K)->186K(256K) Class: 7K(128K)->7K(128K)
[2024-07-18T16:19:10.493+0800][info][gc          ] GC(41) Pause Young (Mixed) (G1 Evacuation Pause) 456M->399M(512M) 3.204ms
[2024-07-18T16:19:10.493+0800][info][gc,cpu      ] GC(41) User=0.00s Sys=0.00s Real=0.00s
[2024-07-18T16:19:10.497+0800][info][gc,start    ] GC(42) Pause Young (Mixed) (G1 Evacuation Pause)
[2024-07-18T16:19:10.497+0800][info][gc,task     ] GC(42) Using 12 workers of 13 for evacuation
[2024-07-18T16:19:10.497+0800][info][gc,phases   ] GC(42)   Pre Evacuate Collection Set: 0.0ms
[2024-07-18T16:19:10.497+0800][info][gc,phases   ] GC(42)   Merge Heap Roots: 0.0ms
[2024-07-18T16:19:10.497+0800][info][gc,phases   ] GC(42)   Evacuate Collection Set: 2.3ms
[2024-07-18T16:19:10.497+0800][info][gc,phases   ] GC(42)   Post Evacuate Collection Set: 0.1ms
[2024-07-18T16:19:10.497+0800][info][gc,phases   ] GC(42)   Other: 0.1ms
[2024-07-18T16:19:10.497+0800][info][gc,heap     ] GC(42) Eden regions: 21->0(31)
[2024-07-18T16:19:10.497+0800][info][gc,heap     ] GC(42) Survivor regions: 4->4(4)
[2024-07-18T16:19:10.497+0800][info][gc,heap     ] GC(42) Old regions: 240->237
[2024-07-18T16:19:10.497+0800][info][gc,heap     ] GC(42) Archive regions: 0->0
[2024-07-18T16:19:10.497+0800][info][gc,heap     ] GC(42) Humongous regions: 166->157
[2024-07-18T16:19:10.497+0800][info][gc,metaspace] GC(42) Metaspace: 194K(384K)->194K(384K) NonClass: 186K(256K)->186K(256K) Class: 7K(128K)->7K(128K)
[2024-07-18T16:19:10.497+0800][info][gc          ] GC(42) Pause Young (Mixed) (G1 Evacuation Pause) 430M->397M(512M) 2.695ms
[2024-07-18T16:19:10.497+0800][info][gc,cpu      ] GC(42) User=0.00s Sys=0.00s Real=0.00s
[2024-07-18T16:19:10.497+0800][info][gc,start    ] GC(43) Pause Young (Normal) (G1 Evacuation Pause)
[2024-07-18T16:19:10.497+0800][info][gc,task     ] GC(43) Using 12 workers of 13 for evacuation
[2024-07-18T16:19:10.497+0800][info][gc,phases   ] GC(43)   Pre Evacuate Collection Set: 0.0ms
[2024-07-18T16:19:10.497+0800][info][gc,phases   ] GC(43)   Merge Heap Roots: 0.0ms
[2024-07-18T16:19:10.497+0800][info][gc,phases   ] GC(43)   Evacuate Collection Set: 1.4ms
[2024-07-18T16:19:10.497+0800][info][gc,phases   ] GC(43)   Post Evacuate Collection Set: 0.1ms
[2024-07-18T16:19:10.497+0800][info][gc,phases   ] GC(43)   Other: 0.1ms
[2024-07-18T16:19:10.497+0800][info][gc,heap     ] GC(43) Eden regions: 31->0(23)
[2024-07-18T16:19:10.497+0800][info][gc,heap     ] GC(43) Survivor regions: 4->5(5)
[2024-07-18T16:19:10.497+0800][info][gc,heap     ] GC(43) Old regions: 237->250
[2024-07-18T16:19:10.497+0800][info][gc,heap     ] GC(43) Archive regions: 0->0
[2024-07-18T16:19:10.497+0800][info][gc,heap     ] GC(43) Humongous regions: 173->158
[2024-07-18T16:19:10.497+0800][info][gc,metaspace] GC(43) Metaspace: 194K(384K)->194K(384K) NonClass: 186K(256K)->186K(256K) Class: 7K(128K)->7K(128K)
[2024-07-18T16:19:10.497+0800][info][gc          ] GC(43) Pause Young (Normal) (G1 Evacuation Pause) 444M->412M(512M) 1.688ms
[2024-07-18T16:19:10.497+0800][info][gc,cpu      ] GC(43) User=0.00s Sys=0.00s Real=0.00s
[2024-07-18T16:19:10.497+0800][info][gc,start    ] GC(44) Pause Young (Concurrent Start) (G1 Humongous Allocation)
[2024-07-18T16:19:10.497+0800][info][gc,task     ] GC(44) Using 12 workers of 13 for evacuation
[2024-07-18T16:19:10.497+0800][info][gc,phases   ] GC(44)   Pre Evacuate Collection Set: 0.0ms
[2024-07-18T16:19:10.497+0800][info][gc,phases   ] GC(44)   Merge Heap Roots: 0.0ms
[2024-07-18T16:19:10.497+0800][info][gc,phases   ] GC(44)   Evacuate Collection Set: 0.3ms
[2024-07-18T16:19:10.497+0800][info][gc,phases   ] GC(44)   Post Evacuate Collection Set: 0.1ms
[2024-07-18T16:19:10.497+0800][info][gc,phases   ] GC(44)   Other: 0.1ms
[2024-07-18T16:19:10.497+0800][info][gc,heap     ] GC(44) Eden regions: 1->0(24)
[2024-07-18T16:19:10.497+0800][info][gc,heap     ] GC(44) Survivor regions: 5->1(4)
[2024-07-18T16:19:10.497+0800][info][gc,heap     ] GC(44) Old regions: 250->255
[2024-07-18T16:19:10.497+0800][info][gc,heap     ] GC(44) Archive regions: 0->0
[2024-07-18T16:19:10.497+0800][info][gc,heap     ] GC(44) Humongous regions: 158->158
[2024-07-18T16:19:10.497+0800][info][gc,metaspace] GC(44) Metaspace: 194K(384K)->194K(384K) NonClass: 186K(256K)->186K(256K) Class: 7K(128K)->7K(128K)
[2024-07-18T16:19:10.497+0800][info][gc          ] GC(44) Pause Young (Concurrent Start) (G1 Humongous Allocation) 413M->413M(512M) 0.589ms
[2024-07-18T16:19:10.497+0800][info][gc,cpu      ] GC(44) User=0.00s Sys=0.00s Real=0.00s
[2024-07-18T16:19:10.497+0800][info][gc          ] GC(45) Concurrent Mark Cycle
[2024-07-18T16:19:10.497+0800][info][gc,marking  ] GC(45) Concurrent Clear Claimed Marks
[2024-07-18T16:19:10.497+0800][info][gc,marking  ] GC(45) Concurrent Clear Claimed Marks 0.008ms
[2024-07-18T16:19:10.497+0800][info][gc,marking  ] GC(45) Concurrent Scan Root Regions
[2024-07-18T16:19:10.497+0800][info][gc,marking  ] GC(45) Concurrent Scan Root Regions 0.028ms
[2024-07-18T16:19:10.497+0800][info][gc,marking  ] GC(45) Concurrent Mark
[2024-07-18T16:19:10.497+0800][info][gc,marking  ] GC(45) Concurrent Mark From Roots
[2024-07-18T16:19:10.497+0800][info][gc,task     ] GC(45) Using 3 workers of 3 for marking
[2024-07-18T16:19:10.497+0800][info][gc,marking  ] GC(45) Concurrent Mark From Roots 0.908ms
[2024-07-18T16:19:10.497+0800][info][gc,marking  ] GC(45) Concurrent Preclean
[2024-07-18T16:19:10.497+0800][info][gc,marking  ] GC(45) Concurrent Preclean 0.061ms
[2024-07-18T16:19:10.497+0800][info][gc,start    ] GC(45) Pause Remark
[2024-07-18T16:19:10.497+0800][info][gc          ] GC(45) Pause Remark 431M->431M(512M) 0.236ms
[2024-07-18T16:19:10.497+0800][info][gc,cpu      ] GC(45) User=0.00s Sys=0.00s Real=0.00s
[2024-07-18T16:19:10.497+0800][info][gc,marking  ] GC(45) Concurrent Mark 1.343ms
[2024-07-18T16:19:10.509+0800][info][gc,marking  ] GC(45) Concurrent Rebuild Remembered Sets
[2024-07-18T16:19:10.509+0800][info][gc,marking  ] GC(45) Concurrent Rebuild Remembered Sets 0.523ms
[2024-07-18T16:19:10.509+0800][info][gc,start    ] GC(45) Pause Cleanup
[2024-07-18T16:19:10.509+0800][info][gc          ] GC(45) Pause Cleanup 435M->435M(512M) 0.103ms
[2024-07-18T16:19:10.509+0800][info][gc,cpu      ] GC(45) User=0.00s Sys=0.00s Real=0.00s
[2024-07-18T16:19:10.509+0800][info][gc,marking  ] GC(45) Concurrent Cleanup for Next Mark
[2024-07-18T16:19:10.509+0800][info][gc,marking  ] GC(45) Concurrent Cleanup for Next Mark 0.495ms
[2024-07-18T16:19:10.509+0800][info][gc          ] GC(45) Concurrent Mark Cycle 2.675ms
[2024-07-18T16:19:10.509+0800][info][gc,start    ] GC(46) Pause Young (Prepare Mixed) (G1 Evacuation Pause)
[2024-07-18T16:19:10.509+0800][info][gc,task     ] GC(46) Using 12 workers of 13 for evacuation
[2024-07-18T16:19:10.509+0800][info][gc,phases   ] GC(46)   Pre Evacuate Collection Set: 0.0ms
[2024-07-18T16:19:10.509+0800][info][gc,phases   ] GC(46)   Merge Heap Roots: 0.1ms
[2024-07-18T16:19:10.509+0800][info][gc,phases   ] GC(46)   Evacuate Collection Set: 0.7ms
[2024-07-18T16:19:10.509+0800][info][gc,phases   ] GC(46)   Post Evacuate Collection Set: 0.1ms
[2024-07-18T16:19:10.509+0800][info][gc,phases   ] GC(46)   Other: 0.1ms
[2024-07-18T16:19:10.509+0800][info][gc,heap     ] GC(46) Eden regions: 24->0(21)
[2024-07-18T16:19:10.509+0800][info][gc,heap     ] GC(46) Survivor regions: 1->4(4)
[2024-07-18T16:19:10.509+0800][info][gc,heap     ] GC(46) Old regions: 255->261
[2024-07-18T16:19:10.509+0800][info][gc,heap     ] GC(46) Archive regions: 0->0
[2024-07-18T16:19:10.509+0800][info][gc,heap     ] GC(46) Humongous regions: 170->161
[2024-07-18T16:19:10.509+0800][info][gc,metaspace] GC(46) Metaspace: 194K(384K)->194K(384K) NonClass: 186K(256K)->186K(256K) Class: 7K(128K)->7K(128K)
[2024-07-18T16:19:10.509+0800][info][gc          ] GC(46) Pause Young (Prepare Mixed) (G1 Evacuation Pause) 449M->425M(512M) 1.118ms
[2024-07-18T16:19:10.509+0800][info][gc,cpu      ] GC(46) User=0.00s Sys=0.00s Real=0.00s
[2024-07-18T16:19:10.512+0800][info][gc,start    ] GC(47) Pause Young (Mixed) (G1 Evacuation Pause)
[2024-07-18T16:19:10.512+0800][info][gc,task     ] GC(47) Using 12 workers of 13 for evacuation
[2024-07-18T16:19:10.515+0800][info][gc,phases   ] GC(47)   Pre Evacuate Collection Set: 0.0ms
[2024-07-18T16:19:10.515+0800][info][gc,phases   ] GC(47)   Merge Heap Roots: 0.0ms
[2024-07-18T16:19:10.515+0800][info][gc,phases   ] GC(47)   Evacuate Collection Set: 2.7ms
[2024-07-18T16:19:10.515+0800][info][gc,phases   ] GC(47)   Post Evacuate Collection Set: 0.2ms
[2024-07-18T16:19:10.515+0800][info][gc,phases   ] GC(47)   Other: 0.1ms
[2024-07-18T16:19:10.515+0800][info][gc,heap     ] GC(47) Eden regions: 21->0(21)
[2024-07-18T16:19:10.515+0800][info][gc,heap     ] GC(47) Survivor regions: 4->4(4)
[2024-07-18T16:19:10.515+0800][info][gc,heap     ] GC(47) Old regions: 261->241
[2024-07-18T16:19:10.515+0800][info][gc,heap     ] GC(47) Archive regions: 0->0
[2024-07-18T16:19:10.515+0800][info][gc,heap     ] GC(47) Humongous regions: 172->165
[2024-07-18T16:19:10.515+0800][info][gc,metaspace] GC(47) Metaspace: 194K(384K)->194K(384K) NonClass: 186K(256K)->186K(256K) Class: 7K(128K)->7K(128K)
[2024-07-18T16:19:10.515+0800][info][gc          ] GC(47) Pause Young (Mixed) (G1 Evacuation Pause) 457M->409M(512M) 3.080ms
[2024-07-18T16:19:10.515+0800][info][gc,cpu      ] GC(47) User=0.00s Sys=0.00s Real=0.00s
[2024-07-18T16:19:10.515+0800][info][gc,start    ] GC(48) Pause Young (Mixed) (G1 Evacuation Pause)
[2024-07-18T16:19:10.515+0800][info][gc,task     ] GC(48) Using 12 workers of 13 for evacuation
[2024-07-18T16:19:10.521+0800][info][gc,phases   ] GC(48)   Pre Evacuate Collection Set: 0.1ms
[2024-07-18T16:19:10.521+0800][info][gc,phases   ] GC(48)   Merge Heap Roots: 0.0ms
[2024-07-18T16:19:10.521+0800][info][gc,phases   ] GC(48)   Evacuate Collection Set: 2.1ms
[2024-07-18T16:19:10.521+0800][info][gc,phases   ] GC(48)   Post Evacuate Collection Set: 0.1ms
[2024-07-18T16:19:10.521+0800][info][gc,phases   ] GC(48)   Other: 0.1ms
[2024-07-18T16:19:10.521+0800][info][gc,heap     ] GC(48) Eden regions: 21->0(26)
[2024-07-18T16:19:10.521+0800][info][gc,heap     ] GC(48) Survivor regions: 4->4(4)
[2024-07-18T16:19:10.521+0800][info][gc,heap     ] GC(48) Old regions: 241->239
[2024-07-18T16:19:10.521+0800][info][gc,heap     ] GC(48) Archive regions: 0->0
[2024-07-18T16:19:10.521+0800][info][gc,heap     ] GC(48) Humongous regions: 180->166
[2024-07-18T16:19:10.521+0800][info][gc,metaspace] GC(48) Metaspace: 194K(384K)->194K(384K) NonClass: 186K(256K)->186K(256K) Class: 7K(128K)->7K(128K)
[2024-07-18T16:19:10.521+0800][info][gc          ] GC(48) Pause Young (Mixed) (G1 Evacuation Pause) 445M->408M(512M) 2.426ms
[2024-07-18T16:19:10.521+0800][info][gc,cpu      ] GC(48) User=0.00s Sys=0.00s Real=0.01s
[2024-07-18T16:19:10.523+0800][info][gc,start    ] GC(49) Pause Young (Concurrent Start) (G1 Humongous Allocation)
[2024-07-18T16:19:10.523+0800][info][gc,task     ] GC(49) Using 12 workers of 13 for evacuation
[2024-07-18T16:19:10.525+0800][info][gc,phases   ] GC(49)   Pre Evacuate Collection Set: 0.0ms
[2024-07-18T16:19:10.525+0800][info][gc,phases   ] GC(49)   Merge Heap Roots: 0.0ms
[2024-07-18T16:19:10.525+0800][info][gc,phases   ] GC(49)   Evacuate Collection Set: 1.0ms
[2024-07-18T16:19:10.525+0800][info][gc,phases   ] GC(49)   Post Evacuate Collection Set: 0.1ms
[2024-07-18T16:19:10.525+0800][info][gc,phases   ] GC(49)   Other: 0.1ms
[2024-07-18T16:19:10.525+0800][info][gc,heap     ] GC(49) Eden regions: 22->0(21)
[2024-07-18T16:19:10.525+0800][info][gc,heap     ] GC(49) Survivor regions: 4->4(4)
[2024-07-18T16:19:10.525+0800][info][gc,heap     ] GC(49) Old regions: 239->248
[2024-07-18T16:19:10.525+0800][info][gc,heap     ] GC(49) Archive regions: 0->0
[2024-07-18T16:19:10.525+0800][info][gc,heap     ] GC(49) Humongous regions: 183->171
[2024-07-18T16:19:10.525+0800][info][gc,metaspace] GC(49) Metaspace: 194K(384K)->194K(384K) NonClass: 186K(256K)->186K(256K) Class: 7K(128K)->7K(128K)
[2024-07-18T16:19:10.525+0800][info][gc          ] GC(49) Pause Young (Concurrent Start) (G1 Humongous Allocation) 446M->422M(512M) 1.350ms
[2024-07-18T16:19:10.525+0800][info][gc,cpu      ] GC(49) User=0.00s Sys=0.00s Real=0.00s
[2024-07-18T16:19:10.525+0800][info][gc          ] GC(50) Concurrent Undo Cycle
[2024-07-18T16:19:10.525+0800][info][gc,marking  ] GC(50) Concurrent Cleanup for Next Mark
[2024-07-18T16:19:10.525+0800][info][gc,marking  ] GC(50) Concurrent Cleanup for Next Mark 0.435ms
[2024-07-18T16:19:10.525+0800][info][gc          ] GC(50) Concurrent Undo Cycle 0.482ms
[2024-07-18T16:19:10.525+0800][info][gc,start    ] GC(51) Pause Young (Concurrent Start) (G1 Humongous Allocation)
[2024-07-18T16:19:10.525+0800][info][gc,task     ] GC(51) Using 12 workers of 13 for evacuation
[2024-07-18T16:19:10.525+0800][info][gc,phases   ] GC(51)   Pre Evacuate Collection Set: 0.0ms
[2024-07-18T16:19:10.525+0800][info][gc,phases   ] GC(51)   Merge Heap Roots: 0.0ms
[2024-07-18T16:19:10.525+0800][info][gc,phases   ] GC(51)   Evacuate Collection Set: 0.4ms
[2024-07-18T16:19:10.525+0800][info][gc,phases   ] GC(51)   Post Evacuate Collection Set: 0.1ms
[2024-07-18T16:19:10.525+0800][info][gc,phases   ] GC(51)   Other: 0.1ms
[2024-07-18T16:19:10.525+0800][info][gc,heap     ] GC(51) Eden regions: 2->0(24)
[2024-07-18T16:19:10.525+0800][info][gc,heap     ] GC(51) Survivor regions: 4->1(4)
[2024-07-18T16:19:10.525+0800][info][gc,heap     ] GC(51) Old regions: 248->252
[2024-07-18T16:19:10.525+0800][info][gc,heap     ] GC(51) Archive regions: 0->0
[2024-07-18T16:19:10.525+0800][info][gc,heap     ] GC(51) Humongous regions: 172->169
[2024-07-18T16:19:10.525+0800][info][gc,metaspace] GC(51) Metaspace: 194K(384K)->194K(384K) NonClass: 186K(256K)->186K(256K) Class: 7K(128K)->7K(128K)
[2024-07-18T16:19:10.525+0800][info][gc          ] GC(51) Pause Young (Concurrent Start) (G1 Humongous Allocation) 425M->420M(512M) 0.645ms
[2024-07-18T16:19:10.525+0800][info][gc,cpu      ] GC(51) User=0.00s Sys=0.00s Real=0.00s
[2024-07-18T16:19:10.525+0800][info][gc          ] GC(52) Concurrent Mark Cycle
[2024-07-18T16:19:10.525+0800][info][gc,marking  ] GC(52) Concurrent Clear Claimed Marks
[2024-07-18T16:19:10.525+0800][info][gc,marking  ] GC(52) Concurrent Clear Claimed Marks 0.007ms
[2024-07-18T16:19:10.525+0800][info][gc,marking  ] GC(52) Concurrent Scan Root Regions
[2024-07-18T16:19:10.525+0800][info][gc,marking  ] GC(52) Concurrent Scan Root Regions 0.020ms
[2024-07-18T16:19:10.525+0800][info][gc,marking  ] GC(52) Concurrent Mark
[2024-07-18T16:19:10.525+0800][info][gc,marking  ] GC(52) Concurrent Mark From Roots
[2024-07-18T16:19:10.525+0800][info][gc,task     ] GC(52) Using 3 workers of 3 for marking
[2024-07-18T16:19:10.525+0800][info][gc,marking  ] GC(52) Concurrent Mark From Roots 0.749ms
[2024-07-18T16:19:10.525+0800][info][gc,marking  ] GC(52) Concurrent Preclean
[2024-07-18T16:19:10.525+0800][info][gc,marking  ] GC(52) Concurrent Preclean 0.057ms
[2024-07-18T16:19:10.525+0800][info][gc,start    ] GC(52) Pause Remark
[2024-07-18T16:19:10.525+0800][info][gc          ] GC(52) Pause Remark 435M->435M(512M) 0.235ms
[2024-07-18T16:19:10.525+0800][info][gc,cpu      ] GC(52) User=0.00s Sys=0.00s Real=0.00s
[2024-07-18T16:19:10.525+0800][info][gc,marking  ] GC(52) Concurrent Mark 1.132ms
[2024-07-18T16:19:10.525+0800][info][gc,marking  ] GC(52) Concurrent Rebuild Remembered Sets
[2024-07-18T16:19:10.525+0800][info][gc,marking  ] GC(52) Concurrent Rebuild Remembered Sets 0.595ms
[2024-07-18T16:19:10.525+0800][info][gc,start    ] GC(52) Pause Cleanup
[2024-07-18T16:19:10.525+0800][info][gc          ] GC(52) Pause Cleanup 446M->446M(512M) 0.097ms
[2024-07-18T16:19:10.525+0800][info][gc,cpu      ] GC(52) User=0.00s Sys=0.00s Real=0.00s
[2024-07-18T16:19:10.525+0800][info][gc,marking  ] GC(52) Concurrent Cleanup for Next Mark
[2024-07-18T16:19:10.525+0800][info][gc,marking  ] GC(52) Concurrent Cleanup for Next Mark 0.506ms
[2024-07-18T16:19:10.525+0800][info][gc          ] GC(52) Concurrent Mark Cycle 2.511ms
[2024-07-18T16:19:10.525+0800][info][gc,start    ] GC(53) Pause Young (Prepare Mixed) (G1 Evacuation Pause)
[2024-07-18T16:19:10.525+0800][info][gc,task     ] GC(53) Using 12 workers of 13 for evacuation
[2024-07-18T16:19:10.525+0800][info][gc,phases   ] GC(53)   Pre Evacuate Collection Set: 0.0ms
[2024-07-18T16:19:10.525+0800][info][gc,phases   ] GC(53)   Merge Heap Roots: 0.1ms
[2024-07-18T16:19:10.525+0800][info][gc,phases   ] GC(53)   Evacuate Collection Set: 0.8ms
[2024-07-18T16:19:10.525+0800][info][gc,phases   ] GC(53)   Post Evacuate Collection Set: 0.1ms
[2024-07-18T16:19:10.525+0800][info][gc,phases   ] GC(53)   Other: 0.1ms
[2024-07-18T16:19:10.525+0800][info][gc,heap     ] GC(53) Eden regions: 24->0(21)
[2024-07-18T16:19:10.525+0800][info][gc,heap     ] GC(53) Survivor regions: 1->4(4)
[2024-07-18T16:19:10.525+0800][info][gc,heap     ] GC(53) Old regions: 252->259
[2024-07-18T16:19:10.525+0800][info][gc,heap     ] GC(53) Archive regions: 0->0
[2024-07-18T16:19:10.525+0800][info][gc,heap     ] GC(53) Humongous regions: 184->168
[2024-07-18T16:19:10.525+0800][info][gc,metaspace] GC(53) Metaspace: 194K(384K)->194K(384K) NonClass: 186K(256K)->186K(256K) Class: 7K(128K)->7K(128K)
[2024-07-18T16:19:10.525+0800][info][gc          ] GC(53) Pause Young (Prepare Mixed) (G1 Evacuation Pause) 459M->430M(512M) 1.159ms
[2024-07-18T16:19:10.525+0800][info][gc,cpu      ] GC(53) User=0.00s Sys=0.00s Real=0.00s
[2024-07-18T16:19:10.532+0800][info][gc,start    ] GC(54) Pause Young (Mixed) (G1 Evacuation Pause)
[2024-07-18T16:19:10.532+0800][info][gc,task     ] GC(54) Using 12 workers of 13 for evacuation
[2024-07-18T16:19:10.532+0800][info][gc,phases   ] GC(54)   Pre Evacuate Collection Set: 0.0ms
[2024-07-18T16:19:10.532+0800][info][gc,phases   ] GC(54)   Merge Heap Roots: 0.0ms
[2024-07-18T16:19:10.532+0800][info][gc,phases   ] GC(54)   Evacuate Collection Set: 2.8ms
[2024-07-18T16:19:10.532+0800][info][gc,phases   ] GC(54)   Post Evacuate Collection Set: 0.1ms
[2024-07-18T16:19:10.532+0800][info][gc,phases   ] GC(54)   Other: 0.1ms
[2024-07-18T16:19:10.532+0800][info][gc,heap     ] GC(54) Eden regions: 21->0(21)
[2024-07-18T16:19:10.532+0800][info][gc,heap     ] GC(54) Survivor regions: 4->4(4)
[2024-07-18T16:19:10.532+0800][info][gc,heap     ] GC(54) Old regions: 259->241
[2024-07-18T16:19:10.532+0800][info][gc,heap     ] GC(54) Archive regions: 0->0
[2024-07-18T16:19:10.532+0800][info][gc,heap     ] GC(54) Humongous regions: 178->166
[2024-07-18T16:19:10.532+0800][info][gc,metaspace] GC(54) Metaspace: 194K(384K)->194K(384K) NonClass: 186K(256K)->186K(256K) Class: 7K(128K)->7K(128K)
[2024-07-18T16:19:10.532+0800][info][gc          ] GC(54) Pause Young (Mixed) (G1 Evacuation Pause) 461M->410M(512M) 3.160ms
[2024-07-18T16:19:10.532+0800][info][gc,cpu      ] GC(54) User=0.00s Sys=0.00s Real=0.00s
[2024-07-18T16:19:10.532+0800][info][gc,start    ] GC(55) Pause Young (Mixed) (G1 Evacuation Pause)
[2024-07-18T16:19:10.532+0800][info][gc,task     ] GC(55) Using 12 workers of 13 for evacuation
[2024-07-18T16:19:10.541+0800][info][gc,phases   ] GC(55)   Pre Evacuate Collection Set: 0.0ms
[2024-07-18T16:19:10.541+0800][info][gc,phases   ] GC(55)   Merge Heap Roots: 0.0ms
[2024-07-18T16:19:10.541+0800][info][gc,phases   ] GC(55)   Evacuate Collection Set: 1.4ms
[2024-07-18T16:19:10.541+0800][info][gc,phases   ] GC(55)   Post Evacuate Collection Set: 0.1ms
[2024-07-18T16:19:10.541+0800][info][gc,phases   ] GC(55)   Other: 0.1ms
[2024-07-18T16:19:10.541+0800][info][gc,heap     ] GC(55) Eden regions: 21->0(25)
[2024-07-18T16:19:10.541+0800][info][gc,heap     ] GC(55) Survivor regions: 4->4(4)
[2024-07-18T16:19:10.541+0800][info][gc,heap     ] GC(55) Old regions: 241->245
[2024-07-18T16:19:10.541+0800][info][gc,heap     ] GC(55) Archive regions: 0->0
[2024-07-18T16:19:10.541+0800][info][gc,heap     ] GC(55) Humongous regions: 173->162
[2024-07-18T16:19:10.541+0800][info][gc,metaspace] GC(55) Metaspace: 194K(384K)->194K(384K) NonClass: 186K(256K)->186K(256K) Class: 7K(128K)->7K(128K)
[2024-07-18T16:19:10.541+0800][info][gc          ] GC(55) Pause Young (Mixed) (G1 Evacuation Pause) 438M->410M(512M) 1.805ms
[2024-07-18T16:19:10.541+0800][info][gc,cpu      ] GC(55) User=0.00s Sys=0.00s Real=0.01s
[2024-07-18T16:19:10.541+0800][info][gc,start    ] GC(56) Pause Young (Concurrent Start) (G1 Humongous Allocation)
[2024-07-18T16:19:10.541+0800][info][gc,task     ] GC(56) Using 12 workers of 13 for evacuation
[2024-07-18T16:19:10.544+0800][info][gc,phases   ] GC(56)   Pre Evacuate Collection Set: 0.0ms
[2024-07-18T16:19:10.544+0800][info][gc,phases   ] GC(56)   Merge Heap Roots: 0.0ms
[2024-07-18T16:19:10.544+0800][info][gc,phases   ] GC(56)   Evacuate Collection Set: 1.0ms
[2024-07-18T16:19:10.544+0800][info][gc,phases   ] GC(56)   Post Evacuate Collection Set: 0.1ms
[2024-07-18T16:19:10.544+0800][info][gc,phases   ] GC(56)   Other: 0.1ms
[2024-07-18T16:19:10.544+0800][info][gc,heap     ] GC(56) Eden regions: 23->0(21)
[2024-07-18T16:19:10.544+0800][info][gc,heap     ] GC(56) Survivor regions: 4->4(4)
[2024-07-18T16:19:10.544+0800][info][gc,heap     ] GC(56) Old regions: 245->252
[2024-07-18T16:19:10.544+0800][info][gc,heap     ] GC(56) Archive regions: 0->0
[2024-07-18T16:19:10.544+0800][info][gc,heap     ] GC(56) Humongous regions: 176->165
[2024-07-18T16:19:10.544+0800][info][gc,metaspace] GC(56) Metaspace: 194K(384K)->194K(384K) NonClass: 186K(256K)->186K(256K) Class: 7K(128K)->7K(128K)
[2024-07-18T16:19:10.544+0800][info][gc          ] GC(56) Pause Young (Concurrent Start) (G1 Humongous Allocation) 446M->420M(512M) 1.280ms
[2024-07-18T16:19:10.544+0800][info][gc,cpu      ] GC(56) User=0.00s Sys=0.00s Real=0.00s
[2024-07-18T16:19:10.544+0800][info][gc          ] GC(57) Concurrent Undo Cycle
[2024-07-18T16:19:10.544+0800][info][gc,marking  ] GC(57) Concurrent Cleanup for Next Mark
[2024-07-18T16:19:10.545+0800][info][gc,marking  ] GC(57) Concurrent Cleanup for Next Mark 0.469ms
[2024-07-18T16:19:10.545+0800][info][gc          ] GC(57) Concurrent Undo Cycle 0.521ms
[2024-07-18T16:19:10.545+0800][info][gc,start    ] GC(58) Pause Young (Concurrent Start) (G1 Humongous Allocation)
[2024-07-18T16:19:10.545+0800][info][gc,task     ] GC(58) Using 12 workers of 13 for evacuation
[2024-07-18T16:19:10.546+0800][info][gc,phases   ] GC(58)   Pre Evacuate Collection Set: 0.0ms
[2024-07-18T16:19:10.546+0800][info][gc,phases   ] GC(58)   Merge Heap Roots: 0.0ms
[2024-07-18T16:19:10.546+0800][info][gc,phases   ] GC(58)   Evacuate Collection Set: 0.5ms
[2024-07-18T16:19:10.546+0800][info][gc,phases   ] GC(58)   Post Evacuate Collection Set: 0.1ms
[2024-07-18T16:19:10.546+0800][info][gc,phases   ] GC(58)   Other: 0.1ms
[2024-07-18T16:19:10.546+0800][info][gc,heap     ] GC(58) Eden regions: 6->0(23)
[2024-07-18T16:19:10.546+0800][info][gc,heap     ] GC(58) Survivor regions: 4->2(4)
[2024-07-18T16:19:10.546+0800][info][gc,heap     ] GC(58) Old regions: 252->256
[2024-07-18T16:19:10.546+0800][info][gc,heap     ] GC(58) Archive regions: 0->0
[2024-07-18T16:19:10.546+0800][info][gc,heap     ] GC(58) Humongous regions: 167->166
[2024-07-18T16:19:10.546+0800][info][gc,metaspace] GC(58) Metaspace: 194K(384K)->194K(384K) NonClass: 186K(256K)->186K(256K) Class: 7K(128K)->7K(128K)
[2024-07-18T16:19:10.546+0800][info][gc          ] GC(58) Pause Young (Concurrent Start) (G1 Humongous Allocation) 427M->423M(512M) 0.736ms
[2024-07-18T16:19:10.546+0800][info][gc,cpu      ] GC(58) User=0.00s Sys=0.00s Real=0.00s
[2024-07-18T16:19:10.546+0800][info][gc          ] GC(59) Concurrent Mark Cycle
[2024-07-18T16:19:10.546+0800][info][gc,marking  ] GC(59) Concurrent Clear Claimed Marks
[2024-07-18T16:19:10.546+0800][info][gc,marking  ] GC(59) Concurrent Clear Claimed Marks 0.007ms
[2024-07-18T16:19:10.546+0800][info][gc,marking  ] GC(59) Concurrent Scan Root Regions
[2024-07-18T16:19:10.546+0800][info][gc,marking  ] GC(59) Concurrent Scan Root Regions 0.023ms
[2024-07-18T16:19:10.546+0800][info][gc,marking  ] GC(59) Concurrent Mark
[2024-07-18T16:19:10.546+0800][info][gc,marking  ] GC(59) Concurrent Mark From Roots
[2024-07-18T16:19:10.546+0800][info][gc,task     ] GC(59) Using 3 workers of 3 for marking
[2024-07-18T16:19:10.547+0800][info][gc,marking  ] GC(59) Concurrent Mark From Roots 0.772ms
[2024-07-18T16:19:10.547+0800][info][gc,marking  ] GC(59) Concurrent Preclean
[2024-07-18T16:19:10.547+0800][info][gc,marking  ] GC(59) Concurrent Preclean 0.059ms
[2024-07-18T16:19:10.547+0800][info][gc,start    ] GC(59) Pause Remark
[2024-07-18T16:19:10.547+0800][info][gc          ] GC(59) Pause Remark 437M->437M(512M) 0.252ms
[2024-07-18T16:19:10.547+0800][info][gc,cpu      ] GC(59) User=0.00s Sys=0.00s Real=0.00s
[2024-07-18T16:19:10.547+0800][info][gc,marking  ] GC(59) Concurrent Mark 1.201ms
[2024-07-18T16:19:10.547+0800][info][gc,marking  ] GC(59) Concurrent Rebuild Remembered Sets
[2024-07-18T16:19:10.547+0800][info][gc,marking  ] GC(59) Concurrent Rebuild Remembered Sets 0.467ms
[2024-07-18T16:19:10.547+0800][info][gc,start    ] GC(59) Pause Cleanup
[2024-07-18T16:19:10.547+0800][info][gc          ] GC(59) Pause Cleanup 443M->443M(512M) 0.104ms
[2024-07-18T16:19:10.547+0800][info][gc,cpu      ] GC(59) User=0.00s Sys=0.00s Real=0.00s
[2024-07-18T16:19:10.547+0800][info][gc,marking  ] GC(59) Concurrent Cleanup for Next Mark
[2024-07-18T16:19:10.547+0800][info][gc,marking  ] GC(59) Concurrent Cleanup for Next Mark 0.467ms
[2024-07-18T16:19:10.547+0800][info][gc          ] GC(59) Concurrent Mark Cycle 2.460ms
[2024-07-18T16:19:10.547+0800][info][gc,start    ] GC(60) Pause Young (Prepare Mixed) (G1 Evacuation Pause)
[2024-07-18T16:19:10.547+0800][info][gc,task     ] GC(60) Using 12 workers of 13 for evacuation
[2024-07-18T16:19:10.551+0800][info][gc,phases   ] GC(60)   Pre Evacuate Collection Set: 0.0ms
[2024-07-18T16:19:10.551+0800][info][gc,phases   ] GC(60)   Merge Heap Roots: 0.1ms
[2024-07-18T16:19:10.551+0800][info][gc,phases   ] GC(60)   Evacuate Collection Set: 0.8ms
[2024-07-18T16:19:10.551+0800][info][gc,phases   ] GC(60)   Post Evacuate Collection Set: 0.1ms
[2024-07-18T16:19:10.551+0800][info][gc,phases   ] GC(60)   Other: 0.1ms
[2024-07-18T16:19:10.551+0800][info][gc,heap     ] GC(60) Eden regions: 23->0(21)
[2024-07-18T16:19:10.551+0800][info][gc,heap     ] GC(60) Survivor regions: 2->4(4)
[2024-07-18T16:19:10.551+0800][info][gc,heap     ] GC(60) Old regions: 256->263
[2024-07-18T16:19:10.551+0800][info][gc,heap     ] GC(60) Archive regions: 0->0
[2024-07-18T16:19:10.551+0800][info][gc,heap     ] GC(60) Humongous regions: 178->165
[2024-07-18T16:19:10.551+0800][info][gc,metaspace] GC(60) Metaspace: 194K(384K)->194K(384K) NonClass: 186K(256K)->186K(256K) Class: 7K(128K)->7K(128K)
[2024-07-18T16:19:10.551+0800][info][gc          ] GC(60) Pause Young (Prepare Mixed) (G1 Evacuation Pause) 458M->431M(512M) 1.148ms
[2024-07-18T16:19:10.551+0800][info][gc,cpu      ] GC(60) User=0.00s Sys=0.00s Real=0.00s
[2024-07-18T16:19:10.551+0800][info][gc,start    ] GC(61) Pause Young (Mixed) (G1 Evacuation Pause)
[2024-07-18T16:19:10.551+0800][info][gc,task     ] GC(61) Using 12 workers of 13 for evacuation
[2024-07-18T16:19:10.551+0800][info][gc,phases   ] GC(61)   Pre Evacuate Collection Set: 0.0ms
[2024-07-18T16:19:10.551+0800][info][gc,phases   ] GC(61)   Merge Heap Roots: 0.0ms
[2024-07-18T16:19:10.551+0800][info][gc,phases   ] GC(61)   Evacuate Collection Set: 2.6ms
[2024-07-18T16:19:10.551+0800][info][gc,phases   ] GC(61)   Post Evacuate Collection Set: 0.2ms
[2024-07-18T16:19:10.551+0800][info][gc,phases   ] GC(61)   Other: 0.1ms
[2024-07-18T16:19:10.551+0800][info][gc,heap     ] GC(61) Eden regions: 21->0(21)
[2024-07-18T16:19:10.551+0800][info][gc,heap     ] GC(61) Survivor regions: 4->4(4)
[2024-07-18T16:19:10.551+0800][info][gc,heap     ] GC(61) Old regions: 263->243
[2024-07-18T16:19:10.551+0800][info][gc,heap     ] GC(61) Archive regions: 0->0
[2024-07-18T16:19:10.557+0800][info][gc,heap     ] GC(61) Humongous regions: 181->167
[2024-07-18T16:19:10.557+0800][info][gc,metaspace] GC(61) Metaspace: 194K(384K)->194K(384K) NonClass: 186K(256K)->186K(256K) Class: 7K(128K)->7K(128K)
[2024-07-18T16:19:10.557+0800][info][gc          ] GC(61) Pause Young (Mixed) (G1 Evacuation Pause) 468M->413M(512M) 2.979ms
[2024-07-18T16:19:10.557+0800][info][gc,cpu      ] GC(61) User=0.00s Sys=0.00s Real=0.01s
[2024-07-18T16:19:10.557+0800][info][gc,start    ] GC(62) Pause Young (Mixed) (G1 Evacuation Pause)
[2024-07-18T16:19:10.557+0800][info][gc,task     ] GC(62) Using 12 workers of 13 for evacuation
[2024-07-18T16:19:10.557+0800][info][gc,phases   ] GC(62)   Pre Evacuate Collection Set: 0.0ms
[2024-07-18T16:19:10.557+0800][info][gc,phases   ] GC(62)   Merge Heap Roots: 0.0ms
[2024-07-18T16:19:10.557+0800][info][gc,phases   ] GC(62)   Evacuate Collection Set: 1.5ms
[2024-07-18T16:19:10.557+0800][info][gc,phases   ] GC(62)   Post Evacuate Collection Set: 0.1ms
[2024-07-18T16:19:10.557+0800][info][gc,phases   ] GC(62)   Other: 0.1ms
[2024-07-18T16:19:10.557+0800][info][gc,heap     ] GC(62) Eden regions: 21->0(21)
[2024-07-18T16:19:10.557+0800][info][gc,heap     ] GC(62) Survivor regions: 4->4(4)
[2024-07-18T16:19:10.557+0800][info][gc,heap     ] GC(62) Old regions: 243->247
[2024-07-18T16:19:10.557+0800][info][gc,heap     ] GC(62) Archive regions: 0->0
[2024-07-18T16:19:10.557+0800][info][gc,heap     ] GC(62) Humongous regions: 178->167
[2024-07-18T16:19:10.557+0800][info][gc,metaspace] GC(62) Metaspace: 194K(384K)->194K(384K) NonClass: 186K(256K)->186K(256K) Class: 7K(128K)->7K(128K)
[2024-07-18T16:19:10.557+0800][info][gc          ] GC(62) Pause Young (Mixed) (G1 Evacuation Pause) 445M->417M(512M) 1.823ms
[2024-07-18T16:19:10.557+0800][info][gc,cpu      ] GC(62) User=0.00s Sys=0.00s Real=0.00s
[2024-07-18T16:19:10.557+0800][info][gc,start    ] GC(63) Pause Young (Concurrent Start) (G1 Humongous Allocation)
[2024-07-18T16:19:10.557+0800][info][gc,task     ] GC(63) Using 12 workers of 13 for evacuation
[2024-07-18T16:19:10.557+0800][info][gc,phases   ] GC(63)   Pre Evacuate Collection Set: 0.0ms
[2024-07-18T16:19:10.557+0800][info][gc,phases   ] GC(63)   Merge Heap Roots: 0.0ms
[2024-07-18T16:19:10.557+0800][info][gc,phases   ] GC(63)   Evacuate Collection Set: 0.6ms
[2024-07-18T16:19:10.557+0800][info][gc,phases   ] GC(63)   Post Evacuate Collection Set: 0.1ms
[2024-07-18T16:19:10.557+0800][info][gc,phases   ] GC(63)   Other: 0.1ms
[2024-07-18T16:19:10.557+0800][info][gc,heap     ] GC(63) Eden regions: 12->0(21)
[2024-07-18T16:19:10.557+0800][info][gc,heap     ] GC(63) Survivor regions: 4->4(4)
[2024-07-18T16:19:10.557+0800][info][gc,heap     ] GC(63) Old regions: 247->252
[2024-07-18T16:19:10.557+0800][info][gc,heap     ] GC(63) Archive regions: 0->0
[2024-07-18T16:19:10.557+0800][info][gc,heap     ] GC(63) Humongous regions: 174->171
[2024-07-18T16:19:10.557+0800][info][gc,metaspace] GC(63) Metaspace: 194K(384K)->194K(384K) NonClass: 186K(256K)->186K(256K) Class: 7K(128K)->7K(128K)
[2024-07-18T16:19:10.557+0800][info][gc          ] GC(63) Pause Young (Concurrent Start) (G1 Humongous Allocation) 435M->426M(512M) 1.029ms
[2024-07-18T16:19:10.557+0800][info][gc,cpu      ] GC(63) User=0.00s Sys=0.00s Real=0.00s
[2024-07-18T16:19:10.557+0800][info][gc          ] GC(64) Concurrent Mark Cycle
[2024-07-18T16:19:10.557+0800][info][gc,marking  ] GC(64) Concurrent Clear Claimed Marks
[2024-07-18T16:19:10.557+0800][info][gc,marking  ] GC(64) Concurrent Clear Claimed Marks 0.008ms
[2024-07-18T16:19:10.557+0800][info][gc,marking  ] GC(64) Concurrent Scan Root Regions
[2024-07-18T16:19:10.557+0800][info][gc,marking  ] GC(64) Concurrent Scan Root Regions 0.031ms
[2024-07-18T16:19:10.557+0800][info][gc,marking  ] GC(64) Concurrent Mark
[2024-07-18T16:19:10.557+0800][info][gc,marking  ] GC(64) Concurrent Mark From Roots
[2024-07-18T16:19:10.557+0800][info][gc,task     ] GC(64) Using 3 workers of 3 for marking
[2024-07-18T16:19:10.557+0800][info][gc,marking  ] GC(64) Concurrent Mark From Roots 0.863ms
[2024-07-18T16:19:10.557+0800][info][gc,marking  ] GC(64) Concurrent Preclean
[2024-07-18T16:19:10.557+0800][info][gc,marking  ] GC(64) Concurrent Preclean 0.100ms
[2024-07-18T16:19:10.557+0800][info][gc,start    ] GC(64) Pause Remark
[2024-07-18T16:19:10.557+0800][info][gc          ] GC(64) Pause Remark 440M->440M(512M) 0.211ms
[2024-07-18T16:19:10.557+0800][info][gc,cpu      ] GC(64) User=0.00s Sys=0.00s Real=0.00s
[2024-07-18T16:19:10.557+0800][info][gc,marking  ] GC(64) Concurrent Mark 1.267ms
[2024-07-18T16:19:10.557+0800][info][gc,marking  ] GC(64) Concurrent Rebuild Remembered Sets
[2024-07-18T16:19:10.557+0800][info][gc,marking  ] GC(64) Concurrent Rebuild Remembered Sets 0.574ms
[2024-07-18T16:19:10.557+0800][info][gc,start    ] GC(64) Pause Cleanup
[2024-07-18T16:19:10.557+0800][info][gc          ] GC(64) Pause Cleanup 447M->447M(512M) 0.109ms
[2024-07-18T16:19:10.557+0800][info][gc,cpu      ] GC(64) User=0.00s Sys=0.00s Real=0.00s
[2024-07-18T16:19:10.557+0800][info][gc,marking  ] GC(64) Concurrent Cleanup for Next Mark
[2024-07-18T16:19:10.557+0800][info][gc,marking  ] GC(64) Concurrent Cleanup for Next Mark 0.466ms
[2024-07-18T16:19:10.557+0800][info][gc          ] GC(64) Concurrent Mark Cycle 2.629ms
[2024-07-18T16:19:10.557+0800][info][gc,start    ] GC(65) Pause Young (Prepare Mixed) (G1 Evacuation Pause)
[2024-07-18T16:19:10.557+0800][info][gc,task     ] GC(65) Using 12 workers of 13 for evacuation
[2024-07-18T16:19:10.557+0800][info][gc,phases   ] GC(65)   Pre Evacuate Collection Set: 0.0ms
[2024-07-18T16:19:10.557+0800][info][gc,phases   ] GC(65)   Merge Heap Roots: 0.1ms
[2024-07-18T16:19:10.557+0800][info][gc,phases   ] GC(65)   Evacuate Collection Set: 0.8ms
[2024-07-18T16:19:10.557+0800][info][gc,phases   ] GC(65)   Post Evacuate Collection Set: 0.1ms
[2024-07-18T16:19:10.557+0800][info][gc,phases   ] GC(65)   Other: 0.1ms
[2024-07-18T16:19:10.557+0800][info][gc,heap     ] GC(65) Eden regions: 21->0(21)
[2024-07-18T16:19:10.557+0800][info][gc,heap     ] GC(65) Survivor regions: 4->4(4)
[2024-07-18T16:19:10.557+0800][info][gc,heap     ] GC(65) Old regions: 252->258
[2024-07-18T16:19:10.557+0800][info][gc,heap     ] GC(65) Archive regions: 0->0
[2024-07-18T16:19:10.557+0800][info][gc,heap     ] GC(65) Humongous regions: 185->174
[2024-07-18T16:19:10.557+0800][info][gc,metaspace] GC(65) Metaspace: 194K(384K)->194K(384K) NonClass: 186K(256K)->186K(256K) Class: 7K(128K)->7K(128K)
[2024-07-18T16:19:10.557+0800][info][gc          ] GC(65) Pause Young (Prepare Mixed) (G1 Evacuation Pause) 461M->435M(512M) 1.193ms
[2024-07-18T16:19:10.557+0800][info][gc,cpu      ] GC(65) User=0.00s Sys=0.00s Real=0.00s
[2024-07-18T16:19:10.568+0800][info][gc,start    ] GC(66) Pause Young (Mixed) (G1 Evacuation Pause)
[2024-07-18T16:19:10.568+0800][info][gc,task     ] GC(66) Using 12 workers of 13 for evacuation
[2024-07-18T16:19:10.573+0800][info][gc          ] GC(66) To-space exhausted
[2024-07-18T16:19:10.574+0800][info][gc,phases   ] GC(66)   Pre Evacuate Collection Set: 0.0ms
[2024-07-18T16:19:10.574+0800][info][gc,phases   ] GC(66)   Merge Heap Roots: 0.0ms
[2024-07-18T16:19:10.574+0800][info][gc,phases   ] GC(66)   Evacuate Collection Set: 3.1ms
[2024-07-18T16:19:10.574+0800][info][gc,phases   ] GC(66)   Post Evacuate Collection Set: 0.8ms
[2024-07-18T16:19:10.574+0800][info][gc,phases   ] GC(66)   Other: 0.1ms
[2024-07-18T16:19:10.574+0800][info][gc,heap     ] GC(66) Eden regions: 21->0(21)
[2024-07-18T16:19:10.574+0800][info][gc,heap     ] GC(66) Survivor regions: 4->4(4)
[2024-07-18T16:19:10.574+0800][info][gc,heap     ] GC(66) Old regions: 258->250
[2024-07-18T16:19:10.574+0800][info][gc,heap     ] GC(66) Archive regions: 0->0
[2024-07-18T16:19:10.574+0800][info][gc,heap     ] GC(66) Humongous regions: 186->171
[2024-07-18T16:19:10.574+0800][info][gc,metaspace] GC(66) Metaspace: 194K(384K)->194K(384K) NonClass: 186K(256K)->186K(256K) Class: 7K(128K)->7K(128K)
[2024-07-18T16:19:10.574+0800][info][gc          ] GC(66) Pause Young (Mixed) (G1 Evacuation Pause) 468M->425M(512M) 4.080ms
[2024-07-18T16:19:10.574+0800][info][gc,cpu      ] GC(66) User=0.00s Sys=0.00s Real=0.01s
[2024-07-18T16:19:10.576+0800][info][gc,start    ] GC(67) Pause Young (Mixed) (G1 Evacuation Pause)
[2024-07-18T16:19:10.576+0800][info][gc,task     ] GC(67) Using 12 workers of 13 for evacuation
[2024-07-18T16:19:10.576+0800][info][gc,phases   ] GC(67)   Pre Evacuate Collection Set: 0.1ms
[2024-07-18T16:19:10.576+0800][info][gc,phases   ] GC(67)   Merge Heap Roots: 0.0ms
[2024-07-18T16:19:10.576+0800][info][gc,phases   ] GC(67)   Evacuate Collection Set: 1.1ms
[2024-07-18T16:19:10.576+0800][info][gc,phases   ] GC(67)   Post Evacuate Collection Set: 0.1ms
[2024-07-18T16:19:10.576+0800][info][gc,phases   ] GC(67)   Other: 0.1ms
[2024-07-18T16:19:10.576+0800][info][gc,heap     ] GC(67) Eden regions: 21->0(21)
[2024-07-18T16:19:10.576+0800][info][gc,heap     ] GC(67) Survivor regions: 4->4(4)
[2024-07-18T16:19:10.576+0800][info][gc,heap     ] GC(67) Old regions: 250->257
[2024-07-18T16:19:10.576+0800][info][gc,heap     ] GC(67) Archive regions: 0->0
[2024-07-18T16:19:10.576+0800][info][gc,heap     ] GC(67) Humongous regions: 188->175
[2024-07-18T16:19:10.576+0800][info][gc,metaspace] GC(67) Metaspace: 194K(384K)->194K(384K) NonClass: 186K(256K)->186K(256K) Class: 7K(128K)->7K(128K)
[2024-07-18T16:19:10.576+0800][info][gc          ] GC(67) Pause Young (Mixed) (G1 Evacuation Pause) 463M->435M(512M) 1.437ms
[2024-07-18T16:19:10.576+0800][info][gc,cpu      ] GC(67) User=0.00s Sys=0.00s Real=0.00s
[2024-07-18T16:19:10.576+0800][info][gc,start    ] GC(68) Pause Young (Concurrent Start) (G1 Humongous Allocation)
[2024-07-18T16:19:10.576+0800][info][gc,task     ] GC(68) Using 12 workers of 13 for evacuation
[2024-07-18T16:19:10.576+0800][info][gc,phases   ] GC(68)   Pre Evacuate Collection Set: 0.0ms
[2024-07-18T16:19:10.576+0800][info][gc,phases   ] GC(68)   Merge Heap Roots: 0.0ms
[2024-07-18T16:19:10.576+0800][info][gc,phases   ] GC(68)   Evacuate Collection Set: 0.3ms
[2024-07-18T16:19:10.576+0800][info][gc,phases   ] GC(68)   Post Evacuate Collection Set: 0.1ms
[2024-07-18T16:19:10.576+0800][info][gc,phases   ] GC(68)   Other: 0.1ms
[2024-07-18T16:19:10.576+0800][info][gc,heap     ] GC(68) Eden regions: 2->0(24)
[2024-07-18T16:19:10.576+0800][info][gc,heap     ] GC(68) Survivor regions: 4->1(4)
[2024-07-18T16:19:10.576+0800][info][gc,heap     ] GC(68) Old regions: 257->261
[2024-07-18T16:19:10.576+0800][info][gc,heap     ] GC(68) Archive regions: 0->0
[2024-07-18T16:19:10.576+0800][info][gc,heap     ] GC(68) Humongous regions: 175->175
[2024-07-18T16:19:10.576+0800][info][gc,metaspace] GC(68) Metaspace: 194K(384K)->194K(384K) NonClass: 186K(256K)->186K(256K) Class: 7K(128K)->7K(128K)
[2024-07-18T16:19:10.576+0800][info][gc          ] GC(68) Pause Young (Concurrent Start) (G1 Humongous Allocation) 437M->436M(512M) 0.575ms
[2024-07-18T16:19:10.576+0800][info][gc,cpu      ] GC(68) User=0.00s Sys=0.00s Real=0.00s
[2024-07-18T16:19:10.576+0800][info][gc          ] GC(69) Concurrent Mark Cycle
[2024-07-18T16:19:10.576+0800][info][gc,marking  ] GC(69) Concurrent Clear Claimed Marks
[2024-07-18T16:19:10.576+0800][info][gc,marking  ] GC(69) Concurrent Clear Claimed Marks 0.007ms
[2024-07-18T16:19:10.576+0800][info][gc,marking  ] GC(69) Concurrent Scan Root Regions
[2024-07-18T16:19:10.576+0800][info][gc,marking  ] GC(69) Concurrent Scan Root Regions 0.024ms
[2024-07-18T16:19:10.576+0800][info][gc,marking  ] GC(69) Concurrent Mark
[2024-07-18T16:19:10.576+0800][info][gc,marking  ] GC(69) Concurrent Mark From Roots
[2024-07-18T16:19:10.576+0800][info][gc,task     ] GC(69) Using 3 workers of 3 for marking
[2024-07-18T16:19:10.579+0800][info][gc,marking  ] GC(69) Concurrent Mark From Roots 1.037ms
[2024-07-18T16:19:10.579+0800][info][gc,marking  ] GC(69) Concurrent Preclean
[2024-07-18T16:19:10.579+0800][info][gc,marking  ] GC(69) Concurrent Preclean 0.114ms
[2024-07-18T16:19:10.579+0800][info][gc,start    ] GC(69) Pause Remark
[2024-07-18T16:19:10.579+0800][info][gc          ] GC(69) Pause Remark 460M->460M(512M) 0.232ms
[2024-07-18T16:19:10.579+0800][info][gc,cpu      ] GC(69) User=0.00s Sys=0.00s Real=0.00s
[2024-07-18T16:19:10.579+0800][info][gc,marking  ] GC(69) Concurrent Mark 1.494ms
[2024-07-18T16:19:10.579+0800][info][gc,marking  ] GC(69) Concurrent Rebuild Remembered Sets
[2024-07-18T16:19:10.579+0800][info][gc,marking  ] GC(69) Concurrent Rebuild Remembered Sets 0.565ms
[2024-07-18T16:19:10.579+0800][info][gc,start    ] GC(69) Pause Cleanup
[2024-07-18T16:19:10.579+0800][info][gc          ] GC(69) Pause Cleanup 469M->469M(512M) 0.091ms
[2024-07-18T16:19:10.579+0800][info][gc,cpu      ] GC(69) User=0.00s Sys=0.00s Real=0.00s
[2024-07-18T16:19:10.579+0800][info][gc,marking  ] GC(69) Concurrent Cleanup for Next Mark
[2024-07-18T16:19:10.579+0800][info][gc,marking  ] GC(69) Concurrent Cleanup for Next Mark 0.466ms
[2024-07-18T16:19:10.579+0800][info][gc          ] GC(69) Concurrent Mark Cycle 2.806ms
[2024-07-18T16:19:10.579+0800][info][gc,start    ] GC(70) Pause Young (Prepare Mixed) (G1 Evacuation Pause)
[2024-07-18T16:19:10.579+0800][info][gc,task     ] GC(70) Using 12 workers of 13 for evacuation
[2024-07-18T16:19:10.579+0800][info][gc,phases   ] GC(70)   Pre Evacuate Collection Set: 0.0ms
[2024-07-18T16:19:10.579+0800][info][gc,phases   ] GC(70)   Merge Heap Roots: 0.1ms
[2024-07-18T16:19:10.579+0800][info][gc,phases   ] GC(70)   Evacuate Collection Set: 1.0ms
[2024-07-18T16:19:10.579+0800][info][gc,phases   ] GC(70)   Post Evacuate Collection Set: 0.1ms
[2024-07-18T16:19:10.579+0800][info][gc,phases   ] GC(70)   Other: 0.1ms
[2024-07-18T16:19:10.579+0800][info][gc,heap     ] GC(70) Eden regions: 24->0(21)
[2024-07-18T16:19:10.579+0800][info][gc,heap     ] GC(70) Survivor regions: 1->4(4)
[2024-07-18T16:19:10.579+0800][info][gc,heap     ] GC(70) Old regions: 261->267
[2024-07-18T16:19:10.579+0800][info][gc,heap     ] GC(70) Archive regions: 0->0
[2024-07-18T16:19:10.579+0800][info][gc,heap     ] GC(70) Humongous regions: 193->180
[2024-07-18T16:19:10.579+0800][info][gc,metaspace] GC(70) Metaspace: 194K(384K)->194K(384K) NonClass: 186K(256K)->186K(256K) Class: 7K(128K)->7K(128K)
[2024-07-18T16:19:10.579+0800][info][gc          ] GC(70) Pause Young (Prepare Mixed) (G1 Evacuation Pause) 478M->450M(512M) 1.423ms
[2024-07-18T16:19:10.579+0800][info][gc,cpu      ] GC(70) User=0.00s Sys=0.00s Real=0.00s
[2024-07-18T16:19:10.583+0800][info][gc,start    ] GC(71) Pause Young (Mixed) (G1 Evacuation Pause)
[2024-07-18T16:19:10.583+0800][info][gc,task     ] GC(71) Using 12 workers of 13 for evacuation
[2024-07-18T16:19:10.583+0800][info][gc          ] GC(71) To-space exhausted
[2024-07-18T16:19:10.583+0800][info][gc,phases   ] GC(71)   Pre Evacuate Collection Set: 0.0ms
[2024-07-18T16:19:10.583+0800][info][gc,phases   ] GC(71)   Merge Heap Roots: 0.0ms
[2024-07-18T16:19:10.583+0800][info][gc,phases   ] GC(71)   Evacuate Collection Set: 1.7ms
[2024-07-18T16:19:10.583+0800][info][gc,phases   ] GC(71)   Post Evacuate Collection Set: 0.2ms
[2024-07-18T16:19:10.583+0800][info][gc,phases   ] GC(71)   Other: 0.1ms
[2024-07-18T16:19:10.583+0800][info][gc,heap     ] GC(71) Eden regions: 21->0(21)
[2024-07-18T16:19:10.583+0800][info][gc,heap     ] GC(71) Survivor regions: 4->4(4)
[2024-07-18T16:19:10.583+0800][info][gc,heap     ] GC(71) Old regions: 267->278
[2024-07-18T16:19:10.583+0800][info][gc,heap     ] GC(71) Archive regions: 0->0
[2024-07-18T16:19:10.583+0800][info][gc,heap     ] GC(71) Humongous regions: 196->183
[2024-07-18T16:19:10.583+0800][info][gc,metaspace] GC(71) Metaspace: 194K(384K)->194K(384K) NonClass: 186K(256K)->186K(256K) Class: 7K(128K)->7K(128K)
[2024-07-18T16:19:10.583+0800][info][gc          ] GC(71) Pause Young (Mixed) (G1 Evacuation Pause) 487M->464M(512M) 2.146ms
[2024-07-18T16:19:10.583+0800][info][gc,cpu      ] GC(71) User=0.00s Sys=0.00s Real=0.00s
[2024-07-18T16:19:10.588+0800][info][gc,start    ] GC(72) Pause Young (Mixed) (G1 Preventive Collection)
[2024-07-18T16:19:10.588+0800][info][gc,task     ] GC(72) Using 12 workers of 13 for evacuation
[2024-07-18T16:19:10.588+0800][info][gc,phases   ] GC(72)   Pre Evacuate Collection Set: 0.0ms
[2024-07-18T16:19:10.588+0800][info][gc,phases   ] GC(72)   Merge Heap Roots: 0.0ms
[2024-07-18T16:19:10.588+0800][info][gc,phases   ] GC(72)   Evacuate Collection Set: 1.5ms
[2024-07-18T16:19:10.588+0800][info][gc,phases   ] GC(72)   Post Evacuate Collection Set: 0.1ms
[2024-07-18T16:19:10.588+0800][info][gc,phases   ] GC(72)   Other: 0.1ms
[2024-07-18T16:19:10.588+0800][info][gc,heap     ] GC(72) Eden regions: 18->0(21)
[2024-07-18T16:19:10.588+0800][info][gc,heap     ] GC(72) Survivor regions: 4->4(4)
[2024-07-18T16:19:10.588+0800][info][gc,heap     ] GC(72) Old regions: 278->281
[2024-07-18T16:19:10.588+0800][info][gc,heap     ] GC(72) Archive regions: 0->0
[2024-07-18T16:19:10.588+0800][info][gc,heap     ] GC(72) Humongous regions: 193->182
[2024-07-18T16:19:10.588+0800][info][gc,metaspace] GC(72) Metaspace: 194K(384K)->194K(384K) NonClass: 186K(256K)->186K(256K) Class: 7K(128K)->7K(128K)
[2024-07-18T16:19:10.588+0800][info][gc          ] GC(72) Pause Young (Mixed) (G1 Preventive Collection) 492M->466M(512M) 1.818ms
[2024-07-18T16:19:10.588+0800][info][gc,cpu      ] GC(72) User=0.00s Sys=0.00s Real=0.00s
[2024-07-18T16:19:10.588+0800][info][gc,start    ] GC(73) Pause Young (Concurrent Start) (G1 Humongous Allocation)
[2024-07-18T16:19:10.588+0800][info][gc,task     ] GC(73) Using 12 workers of 13 for evacuation
[2024-07-18T16:19:10.588+0800][info][gc,phases   ] GC(73)   Pre Evacuate Collection Set: 0.0ms
[2024-07-18T16:19:10.588+0800][info][gc,phases   ] GC(73)   Merge Heap Roots: 0.0ms
[2024-07-18T16:19:10.588+0800][info][gc,phases   ] GC(73)   Evacuate Collection Set: 0.3ms
[2024-07-18T16:19:10.588+0800][info][gc,phases   ] GC(73)   Post Evacuate Collection Set: 0.1ms
[2024-07-18T16:19:10.588+0800][info][gc,phases   ] GC(73)   Other: 0.1ms
[2024-07-18T16:19:10.588+0800][info][gc,heap     ] GC(73) Eden regions: 2->0(24)
[2024-07-18T16:19:10.588+0800][info][gc,heap     ] GC(73) Survivor regions: 4->1(4)
[2024-07-18T16:19:10.588+0800][info][gc,heap     ] GC(73) Old regions: 281->285
[2024-07-18T16:19:10.588+0800][info][gc,heap     ] GC(73) Archive regions: 0->0
[2024-07-18T16:19:10.588+0800][info][gc,heap     ] GC(73) Humongous regions: 182->182
[2024-07-18T16:19:10.588+0800][info][gc,metaspace] GC(73) Metaspace: 194K(384K)->194K(384K) NonClass: 186K(256K)->186K(256K) Class: 7K(128K)->7K(128K)
[2024-07-18T16:19:10.588+0800][info][gc          ] GC(73) Pause Young (Concurrent Start) (G1 Humongous Allocation) 467M->466M(512M) 0.546ms
[2024-07-18T16:19:10.588+0800][info][gc,cpu      ] GC(73) User=0.00s Sys=0.00s Real=0.00s
[2024-07-18T16:19:10.588+0800][info][gc          ] GC(74) Concurrent Mark Cycle
[2024-07-18T16:19:10.588+0800][info][gc,marking  ] GC(74) Concurrent Clear Claimed Marks
[2024-07-18T16:19:10.588+0800][info][gc,marking  ] GC(74) Concurrent Clear Claimed Marks 0.008ms
[2024-07-18T16:19:10.588+0800][info][gc,marking  ] GC(74) Concurrent Scan Root Regions
[2024-07-18T16:19:10.588+0800][info][gc,marking  ] GC(74) Concurrent Scan Root Regions 0.031ms
[2024-07-18T16:19:10.588+0800][info][gc,marking  ] GC(74) Concurrent Mark
[2024-07-18T16:19:10.588+0800][info][gc,marking  ] GC(74) Concurrent Mark From Roots
[2024-07-18T16:19:10.588+0800][info][gc,task     ] GC(74) Using 3 workers of 3 for marking
[2024-07-18T16:19:10.593+0800][info][gc,marking  ] GC(74) Concurrent Mark From Roots 0.840ms
[2024-07-18T16:19:10.593+0800][info][gc,marking  ] GC(74) Concurrent Preclean
[2024-07-18T16:19:10.593+0800][info][gc,marking  ] GC(74) Concurrent Preclean 0.061ms
[2024-07-18T16:19:10.593+0800][info][gc,start    ] GC(74) Pause Remark
[2024-07-18T16:19:10.593+0800][info][gc          ] GC(74) Pause Remark 482M->481M(512M) 0.234ms
[2024-07-18T16:19:10.593+0800][info][gc,cpu      ] GC(74) User=0.00s Sys=0.00s Real=0.00s
[2024-07-18T16:19:10.593+0800][info][gc,marking  ] GC(74) Concurrent Mark 1.257ms
[2024-07-18T16:19:10.593+0800][info][gc,marking  ] GC(74) Concurrent Rebuild Remembered Sets
[2024-07-18T16:19:10.594+0800][info][gc,marking  ] GC(74) Concurrent Rebuild Remembered Sets 0.565ms
[2024-07-18T16:19:10.594+0800][info][gc,start    ] GC(74) Pause Cleanup
[2024-07-18T16:19:10.594+0800][info][gc          ] GC(74) Pause Cleanup 490M->490M(512M) 0.096ms
[2024-07-18T16:19:10.594+0800][info][gc,cpu      ] GC(74) User=0.00s Sys=0.00s Real=0.00s
[2024-07-18T16:19:10.594+0800][info][gc,marking  ] GC(74) Concurrent Cleanup for Next Mark
[2024-07-18T16:19:10.594+0800][info][gc,marking  ] GC(74) Concurrent Cleanup for Next Mark 0.463ms
[2024-07-18T16:19:10.594+0800][info][gc          ] GC(74) Concurrent Mark Cycle 2.556ms
[2024-07-18T16:19:10.594+0800][info][gc,start    ] GC(75) Pause Young (Prepare Mixed) (G1 Evacuation Pause)
[2024-07-18T16:19:10.594+0800][info][gc,task     ] GC(75) Using 12 workers of 13 for evacuation
[2024-07-18T16:19:10.594+0800][info][gc          ] GC(75) To-space exhausted
[2024-07-18T16:19:10.594+0800][info][gc,phases   ] GC(75)   Pre Evacuate Collection Set: 0.0ms
[2024-07-18T16:19:10.594+0800][info][gc,phases   ] GC(75)   Merge Heap Roots: 0.1ms
[2024-07-18T16:19:10.594+0800][info][gc,phases   ] GC(75)   Evacuate Collection Set: 0.8ms
[2024-07-18T16:19:10.594+0800][info][gc,phases   ] GC(75)   Post Evacuate Collection Set: 0.1ms
[2024-07-18T16:19:10.594+0800][info][gc,phases   ] GC(75)   Other: 0.1ms
[2024-07-18T16:19:10.594+0800][info][gc,heap     ] GC(75) Eden regions: 24->0(21)
[2024-07-18T16:19:10.594+0800][info][gc,heap     ] GC(75) Survivor regions: 1->4(4)
[2024-07-18T16:19:10.594+0800][info][gc,heap     ] GC(75) Old regions: 284->295
[2024-07-18T16:19:10.594+0800][info][gc,heap     ] GC(75) Archive regions: 0->0
[2024-07-18T16:19:10.594+0800][info][gc,heap     ] GC(75) Humongous regions: 192->182
[2024-07-18T16:19:10.594+0800][info][gc,metaspace] GC(75) Metaspace: 194K(384K)->194K(384K) NonClass: 186K(256K)->186K(256K) Class: 7K(128K)->7K(128K)
[2024-07-18T16:19:10.594+0800][info][gc          ] GC(75) Pause Young (Prepare Mixed) (G1 Evacuation Pause) 499M->480M(512M) 1.104ms
[2024-07-18T16:19:10.594+0800][info][gc,cpu      ] GC(75) User=0.00s Sys=0.00s Real=0.00s
[2024-07-18T16:19:10.594+0800][info][gc,start    ] GC(76) Pause Young (Mixed) (G1 Preventive Collection)
[2024-07-18T16:19:10.594+0800][info][gc,task     ] GC(76) Using 12 workers of 13 for evacuation
[2024-07-18T16:19:10.594+0800][info][gc          ] GC(76) To-space exhausted
[2024-07-18T16:19:10.594+0800][info][gc,phases   ] GC(76)   Pre Evacuate Collection Set: 0.0ms
[2024-07-18T16:19:10.594+0800][info][gc,phases   ] GC(76)   Merge Heap Roots: 0.0ms
[2024-07-18T16:19:10.594+0800][info][gc,phases   ] GC(76)   Evacuate Collection Set: 0.8ms
[2024-07-18T16:19:10.594+0800][info][gc,phases   ] GC(76)   Post Evacuate Collection Set: 0.2ms
[2024-07-18T16:19:10.594+0800][info][gc,phases   ] GC(76)   Other: 0.1ms
[2024-07-18T16:19:10.594+0800][info][gc,heap     ] GC(76) Eden regions: 13->0(22)
[2024-07-18T16:19:10.594+0800][info][gc,heap     ] GC(76) Survivor regions: 4->3(4)
[2024-07-18T16:19:10.594+0800][info][gc,heap     ] GC(76) Old regions: 295->298
[2024-07-18T16:19:10.594+0800][info][gc,heap     ] GC(76) Archive regions: 0->0
[2024-07-18T16:19:10.594+0800][info][gc,heap     ] GC(76) Humongous regions: 189->183
[2024-07-18T16:19:10.594+0800][info][gc,metaspace] GC(76) Metaspace: 194K(384K)->194K(384K) NonClass: 186K(256K)->186K(256K) Class: 7K(128K)->7K(128K)
[2024-07-18T16:19:10.594+0800][info][gc          ] GC(76) Pause Young (Mixed) (G1 Preventive Collection) 500M->483M(512M) 1.189ms
[2024-07-18T16:19:10.594+0800][info][gc,cpu      ] GC(76) User=0.00s Sys=0.00s Real=0.00s
[2024-07-18T16:19:10.594+0800][info][gc,start    ] GC(77) Pause Young (Mixed) (G1 Preventive Collection)
[2024-07-18T16:19:10.594+0800][info][gc,task     ] GC(77) Using 12 workers of 13 for evacuation
[2024-07-18T16:19:10.601+0800][info][gc          ] GC(77) To-space exhausted
[2024-07-18T16:19:10.601+0800][info][gc,phases   ] GC(77)   Pre Evacuate Collection Set: 0.0ms
[2024-07-18T16:19:10.601+0800][info][gc,phases   ] GC(77)   Merge Heap Roots: 0.0ms
[2024-07-18T16:19:10.601+0800][info][gc,phases   ] GC(77)   Evacuate Collection Set: 1.2ms
[2024-07-18T16:19:10.601+0800][info][gc,phases   ] GC(77)   Post Evacuate Collection Set: 0.1ms
[2024-07-18T16:19:10.601+0800][info][gc,phases   ] GC(77)   Other: 0.1ms
[2024-07-18T16:19:10.601+0800][info][gc,heap     ] GC(77) Eden regions: 11->0(22)
[2024-07-18T16:19:10.601+0800][info][gc,heap     ] GC(77) Survivor regions: 3->3(4)
[2024-07-18T16:19:10.601+0800][info][gc,heap     ] GC(77) Old regions: 298->306
[2024-07-18T16:19:10.601+0800][info][gc,heap     ] GC(77) Archive regions: 0->0
[2024-07-18T16:19:10.601+0800][info][gc,heap     ] GC(77) Humongous regions: 185->184
[2024-07-18T16:19:10.601+0800][info][gc,metaspace] GC(77) Metaspace: 194K(384K)->194K(384K) NonClass: 186K(256K)->186K(256K) Class: 7K(128K)->7K(128K)
[2024-07-18T16:19:10.601+0800][info][gc          ] GC(77) Pause Young (Mixed) (G1 Preventive Collection) 496M->492M(512M) 1.517ms
[2024-07-18T16:19:10.601+0800][info][gc,cpu      ] GC(77) User=0.00s Sys=0.00s Real=0.01s
[2024-07-18T16:19:10.601+0800][info][gc,start    ] GC(78) Pause Young (Concurrent Start) (G1 Humongous Allocation)
[2024-07-18T16:19:10.601+0800][info][gc,task     ] GC(78) Using 12 workers of 13 for evacuation
[2024-07-18T16:19:10.601+0800][info][gc,phases   ] GC(78)   Pre Evacuate Collection Set: 0.0ms
[2024-07-18T16:19:10.601+0800][info][gc,phases   ] GC(78)   Merge Heap Roots: 0.0ms
[2024-07-18T16:19:10.601+0800][info][gc,phases   ] GC(78)   Evacuate Collection Set: 0.2ms
[2024-07-18T16:19:10.601+0800][info][gc,phases   ] GC(78)   Post Evacuate Collection Set: 0.1ms
[2024-07-18T16:19:10.601+0800][info][gc,phases   ] GC(78)   Other: 0.1ms
[2024-07-18T16:19:10.601+0800][info][gc,heap     ] GC(78) Eden regions: 1->0(24)
[2024-07-18T16:19:10.601+0800][info][gc,heap     ] GC(78) Survivor regions: 3->1(4)
[2024-07-18T16:19:10.601+0800][info][gc,heap     ] GC(78) Old regions: 306->310
[2024-07-18T16:19:10.601+0800][info][gc,heap     ] GC(78) Archive regions: 0->0
[2024-07-18T16:19:10.601+0800][info][gc,heap     ] GC(78) Humongous regions: 184->184
[2024-07-18T16:19:10.601+0800][info][gc,metaspace] GC(78) Metaspace: 194K(384K)->194K(384K) NonClass: 186K(256K)->186K(256K) Class: 7K(128K)->7K(128K)
[2024-07-18T16:19:10.601+0800][info][gc          ] GC(78) Pause Young (Concurrent Start) (G1 Humongous Allocation) 493M->493M(512M) 0.505ms
[2024-07-18T16:19:10.601+0800][info][gc,cpu      ] GC(78) User=0.00s Sys=0.00s Real=0.00s
[2024-07-18T16:19:10.601+0800][info][gc          ] GC(79) Concurrent Mark Cycle
[2024-07-18T16:19:10.601+0800][info][gc,marking  ] GC(79) Concurrent Clear Claimed Marks
[2024-07-18T16:19:10.601+0800][info][gc,marking  ] GC(79) Concurrent Clear Claimed Marks 0.009ms
[2024-07-18T16:19:10.601+0800][info][gc,marking  ] GC(79) Concurrent Scan Root Regions
[2024-07-18T16:19:10.601+0800][info][gc,marking  ] GC(79) Concurrent Scan Root Regions 0.024ms
[2024-07-18T16:19:10.601+0800][info][gc,marking  ] GC(79) Concurrent Mark
[2024-07-18T16:19:10.601+0800][info][gc,marking  ] GC(79) Concurrent Mark From Roots
[2024-07-18T16:19:10.601+0800][info][gc,task     ] GC(79) Using 3 workers of 3 for marking
[2024-07-18T16:19:10.603+0800][info][gc,start    ] GC(80) Pause Young (Normal) (G1 Preventive Collection)
[2024-07-18T16:19:10.603+0800][info][gc,task     ] GC(80) Using 12 workers of 13 for evacuation
[2024-07-18T16:19:10.603+0800][info][gc,phases   ] GC(80)   Pre Evacuate Collection Set: 0.0ms
[2024-07-18T16:19:10.603+0800][info][gc,phases   ] GC(80)   Merge Heap Roots: 0.0ms
[2024-07-18T16:19:10.603+0800][info][gc,phases   ] GC(80)   Evacuate Collection Set: 0.2ms
[2024-07-18T16:19:10.603+0800][info][gc,phases   ] GC(80)   Post Evacuate Collection Set: 0.1ms
[2024-07-18T16:19:10.603+0800][info][gc,phases   ] GC(80)   Other: 0.0ms
[2024-07-18T16:19:10.603+0800][info][gc,heap     ] GC(80) Eden regions: 9->0(22)
[2024-07-18T16:19:10.603+0800][info][gc,heap     ] GC(80) Survivor regions: 1->3(3)
[2024-07-18T16:19:10.603+0800][info][gc,heap     ] GC(80) Old regions: 310->310
[2024-07-18T16:19:10.603+0800][info][gc,heap     ] GC(80) Archive regions: 0->0
[2024-07-18T16:19:10.603+0800][info][gc,heap     ] GC(80) Humongous regions: 189->184
[2024-07-18T16:19:10.603+0800][info][gc,metaspace] GC(80) Metaspace: 194K(384K)->194K(384K) NonClass: 186K(256K)->186K(256K) Class: 7K(128K)->7K(128K)
[2024-07-18T16:19:10.603+0800][info][gc          ] GC(80) Pause Young (Normal) (G1 Preventive Collection) 506M->495M(512M) 0.440ms
[2024-07-18T16:19:10.603+0800][info][gc,cpu      ] GC(80) User=0.00s Sys=0.00s Real=0.00s
[2024-07-18T16:19:10.603+0800][info][gc,marking  ] GC(79) Concurrent Mark From Roots 1.389ms
[2024-07-18T16:19:10.603+0800][info][gc,marking  ] GC(79) Concurrent Preclean
[2024-07-18T16:19:10.603+0800][info][gc,marking  ] GC(79) Concurrent Preclean 0.053ms
[2024-07-18T16:19:10.603+0800][info][gc,start    ] GC(79) Pause Remark
[2024-07-18T16:19:10.603+0800][info][gc          ] GC(79) Pause Remark 500M->500M(512M) 0.242ms
[2024-07-18T16:19:10.603+0800][info][gc,cpu      ] GC(79) User=0.00s Sys=0.00s Real=0.00s
[2024-07-18T16:19:10.604+0800][info][gc,marking  ] GC(79) Concurrent Mark 1.798ms
[2024-07-18T16:19:10.604+0800][info][gc,marking  ] GC(79) Concurrent Rebuild Remembered Sets
[2024-07-18T16:19:10.604+0800][info][gc,start    ] GC(81) Pause Young (Normal) (G1 Preventive Collection)
[2024-07-18T16:19:10.604+0800][info][gc,task     ] GC(81) Using 12 workers of 13 for evacuation
[2024-07-18T16:19:10.604+0800][info][gc,phases   ] GC(81)   Pre Evacuate Collection Set: 0.0ms
[2024-07-18T16:19:10.604+0800][info][gc,phases   ] GC(81)   Merge Heap Roots: 0.1ms
[2024-07-18T16:19:10.604+0800][info][gc,phases   ] GC(81)   Evacuate Collection Set: 0.3ms
[2024-07-18T16:19:10.604+0800][info][gc,phases   ] GC(81)   Post Evacuate Collection Set: 0.1ms
[2024-07-18T16:19:10.604+0800][info][gc,phases   ] GC(81)   Other: 0.0ms
[2024-07-18T16:19:10.604+0800][info][gc,heap     ] GC(81) Eden regions: 7->0(22)
[2024-07-18T16:19:10.604+0800][info][gc,heap     ] GC(81) Survivor regions: 3->3(4)
[2024-07-18T16:19:10.604+0800][info][gc,heap     ] GC(81) Old regions: 310->313
[2024-07-18T16:19:10.604+0800][info][gc,heap     ] GC(81) Archive regions: 0->0
[2024-07-18T16:19:10.604+0800][info][gc,heap     ] GC(81) Humongous regions: 186->184
[2024-07-18T16:19:10.604+0800][info][gc,metaspace] GC(81) Metaspace: 194K(384K)->194K(384K) NonClass: 186K(256K)->186K(256K) Class: 7K(128K)->7K(128K)
[2024-07-18T16:19:10.604+0800][info][gc          ] GC(81) Pause Young (Normal) (G1 Preventive Collection) 504M->498M(512M) 0.578ms
[2024-07-18T16:19:10.604+0800][info][gc,cpu      ] GC(81) User=0.00s Sys=0.00s Real=0.00s
[2024-07-18T16:19:10.604+0800][info][gc,marking  ] GC(79) Concurrent Rebuild Remembered Sets 1.188ms
[2024-07-18T16:19:10.604+0800][info][gc,start    ] GC(79) Pause Cleanup
[2024-07-18T16:19:10.604+0800][info][gc          ] GC(79) Pause Cleanup 499M->499M(512M) 0.096ms
[2024-07-18T16:19:10.604+0800][info][gc,cpu      ] GC(79) User=0.00s Sys=0.00s Real=0.00s
[2024-07-18T16:19:10.604+0800][info][gc,marking  ] GC(79) Concurrent Cleanup for Next Mark
[2024-07-18T16:19:10.604+0800][info][gc,marking  ] GC(79) Concurrent Cleanup for Next Mark 0.408ms
[2024-07-18T16:19:10.604+0800][info][gc          ] GC(79) Concurrent Mark Cycle 3.679ms
[2024-07-18T16:19:10.604+0800][info][gc,start    ] GC(82) Pause Young (Prepare Mixed) (G1 Preventive Collection)
[2024-07-18T16:19:10.604+0800][info][gc,task     ] GC(82) Using 12 workers of 13 for evacuation
[2024-07-18T16:19:10.604+0800][info][gc,phases   ] GC(82)   Pre Evacuate Collection Set: 0.0ms
[2024-07-18T16:19:10.604+0800][info][gc,phases   ] GC(82)   Merge Heap Roots: 0.0ms
[2024-07-18T16:19:10.604+0800][info][gc,phases   ] GC(82)   Evacuate Collection Set: 0.3ms
[2024-07-18T16:19:10.604+0800][info][gc,phases   ] GC(82)   Post Evacuate Collection Set: 0.1ms
[2024-07-18T16:19:10.604+0800][info][gc,phases   ] GC(82)   Other: 0.0ms
[2024-07-18T16:19:10.604+0800][info][gc,heap     ] GC(82) Eden regions: 4->0(23)
[2024-07-18T16:19:10.604+0800][info][gc,heap     ] GC(82) Survivor regions: 3->2(4)
[2024-07-18T16:19:10.604+0800][info][gc,heap     ] GC(82) Old regions: 313->316
[2024-07-18T16:19:10.604+0800][info][gc,heap     ] GC(82) Archive regions: 0->0
[2024-07-18T16:19:10.604+0800][info][gc,heap     ] GC(82) Humongous regions: 187->185
[2024-07-18T16:19:10.604+0800][info][gc,metaspace] GC(82) Metaspace: 194K(384K)->194K(384K) NonClass: 186K(256K)->186K(256K) Class: 7K(128K)->7K(128K)
[2024-07-18T16:19:10.604+0800][info][gc          ] GC(82) Pause Young (Prepare Mixed) (G1 Preventive Collection) 505M->501M(512M) 0.510ms
[2024-07-18T16:19:10.604+0800][info][gc,cpu      ] GC(82) User=0.00s Sys=0.00s Real=0.00s
[2024-07-18T16:19:10.604+0800][info][gc,start    ] GC(83) Pause Young (Mixed) (G1 Preventive Collection)
[2024-07-18T16:19:10.604+0800][info][gc,task     ] GC(83) Using 12 workers of 13 for evacuation
[2024-07-18T16:19:10.604+0800][info][gc          ] GC(83) To-space exhausted
[2024-07-18T16:19:10.604+0800][info][gc,phases   ] GC(83)   Pre Evacuate Collection Set: 0.0ms
[2024-07-18T16:19:10.604+0800][info][gc,phases   ] GC(83)   Merge Heap Roots: 0.0ms
[2024-07-18T16:19:10.604+0800][info][gc,phases   ] GC(83)   Evacuate Collection Set: 0.5ms
[2024-07-18T16:19:10.604+0800][info][gc,phases   ] GC(83)   Post Evacuate Collection Set: 0.1ms
[2024-07-18T16:19:10.604+0800][info][gc,phases   ] GC(83)   Other: 0.1ms
[2024-07-18T16:19:10.604+0800][info][gc,heap     ] GC(83) Eden regions: 3->0(23)
[2024-07-18T16:19:10.604+0800][info][gc,heap     ] GC(83) Survivor regions: 2->2(4)
[2024-07-18T16:19:10.604+0800][info][gc,heap     ] GC(83) Old regions: 316->298
[2024-07-18T16:19:10.604+0800][info][gc,heap     ] GC(83) Archive regions: 0->0
[2024-07-18T16:19:10.604+0800][info][gc,heap     ] GC(83) Humongous regions: 185->184
[2024-07-18T16:19:10.604+0800][info][gc,metaspace] GC(83) Metaspace: 194K(384K)->194K(384K) NonClass: 186K(256K)->186K(256K) Class: 7K(128K)->7K(128K)
[2024-07-18T16:19:10.604+0800][info][gc          ] GC(83) Pause Young (Mixed) (G1 Preventive Collection) 503M->483M(512M) 0.736ms
[2024-07-18T16:19:10.604+0800][info][gc,cpu      ] GC(83) User=0.00s Sys=0.00s Real=0.00s
[2024-07-18T16:19:10.608+0800][info][gc,start    ] GC(84) Pause Young (Mixed) (G1 Preventive Collection)
[2024-07-18T16:19:10.608+0800][info][gc,task     ] GC(84) Using 12 workers of 13 for evacuation
[2024-07-18T16:19:10.608+0800][info][gc          ] GC(84) To-space exhausted
[2024-07-18T16:19:10.608+0800][info][gc,phases   ] GC(84)   Pre Evacuate Collection Set: 0.0ms
[2024-07-18T16:19:10.608+0800][info][gc,phases   ] GC(84)   Merge Heap Roots: 0.0ms
[2024-07-18T16:19:10.608+0800][info][gc,phases   ] GC(84)   Evacuate Collection Set: 1.1ms
[2024-07-18T16:19:10.608+0800][info][gc,phases   ] GC(84)   Post Evacuate Collection Set: 0.1ms
[2024-07-18T16:19:10.608+0800][info][gc,phases   ] GC(84)   Other: 0.1ms
[2024-07-18T16:19:10.608+0800][info][gc,heap     ] GC(84) Eden regions: 8->0(21)
[2024-07-18T16:19:10.608+0800][info][gc,heap     ] GC(84) Survivor regions: 2->4(4)
[2024-07-18T16:19:10.608+0800][info][gc,heap     ] GC(84) Old regions: 298->298
[2024-07-18T16:19:10.608+0800][info][gc,heap     ] GC(84) Archive regions: 0->0
[2024-07-18T16:19:10.608+0800][info][gc,heap     ] GC(84) Humongous regions: 189->183
[2024-07-18T16:19:10.608+0800][info][gc,metaspace] GC(84) Metaspace: 194K(384K)->194K(384K) NonClass: 186K(256K)->186K(256K) Class: 7K(128K)->7K(128K)
[2024-07-18T16:19:10.608+0800][info][gc          ] GC(84) Pause Young (Mixed) (G1 Preventive Collection) 496M->484M(512M) 1.380ms
[2024-07-18T16:19:10.608+0800][info][gc,cpu      ] GC(84) User=0.00s Sys=0.00s Real=0.00s
[2024-07-18T16:19:10.610+0800][info][gc,start    ] GC(85) Pause Young (Mixed) (G1 Preventive Collection)
[2024-07-18T16:19:10.610+0800][info][gc,task     ] GC(85) Using 12 workers of 13 for evacuation
[2024-07-18T16:19:10.610+0800][info][gc,phases   ] GC(85)   Pre Evacuate Collection Set: 0.0ms
[2024-07-18T16:19:10.610+0800][info][gc,phases   ] GC(85)   Merge Heap Roots: 0.0ms
[2024-07-18T16:19:10.610+0800][info][gc,phases   ] GC(85)   Evacuate Collection Set: 1.3ms
[2024-07-18T16:19:10.610+0800][info][gc,phases   ] GC(85)   Post Evacuate Collection Set: 0.1ms
[2024-07-18T16:19:10.610+0800][info][gc,phases   ] GC(85)   Other: 0.1ms
[2024-07-18T16:19:10.610+0800][info][gc,heap     ] GC(85) Eden regions: 6->0(21)
[2024-07-18T16:19:10.610+0800][info][gc,heap     ] GC(85) Survivor regions: 4->4(4)
[2024-07-18T16:19:10.610+0800][info][gc,heap     ] GC(85) Old regions: 298->295
[2024-07-18T16:19:10.610+0800][info][gc,heap     ] GC(85) Archive regions: 0->0
[2024-07-18T16:19:10.610+0800][info][gc,heap     ] GC(85) Humongous regions: 185->185
[2024-07-18T16:19:10.610+0800][info][gc,metaspace] GC(85) Metaspace: 194K(384K)->194K(384K) NonClass: 186K(256K)->186K(256K) Class: 7K(128K)->7K(128K)
[2024-07-18T16:19:10.610+0800][info][gc          ] GC(85) Pause Young (Mixed) (G1 Preventive Collection) 491M->482M(512M) 1.596ms
[2024-07-18T16:19:10.610+0800][info][gc,cpu      ] GC(85) User=0.00s Sys=0.00s Real=0.00s
[2024-07-18T16:19:10.610+0800][info][gc,start    ] GC(86) Pause Young (Concurrent Start) (G1 Humongous Allocation)
[2024-07-18T16:19:10.610+0800][info][gc,task     ] GC(86) Using 12 workers of 13 for evacuation
[2024-07-18T16:19:10.610+0800][info][gc,phases   ] GC(86)   Pre Evacuate Collection Set: 0.0ms
[2024-07-18T16:19:10.610+0800][info][gc,phases   ] GC(86)   Merge Heap Roots: 0.0ms
[2024-07-18T16:19:10.610+0800][info][gc,phases   ] GC(86)   Evacuate Collection Set: 0.3ms
[2024-07-18T16:19:10.610+0800][info][gc,phases   ] GC(86)   Post Evacuate Collection Set: 0.1ms
[2024-07-18T16:19:10.610+0800][info][gc,phases   ] GC(86)   Other: 0.1ms
[2024-07-18T16:19:10.610+0800][info][gc,heap     ] GC(86) Eden regions: 2->0(22)
[2024-07-18T16:19:10.610+0800][info][gc,heap     ] GC(86) Survivor regions: 4->3(4)
[2024-07-18T16:19:10.610+0800][info][gc,heap     ] GC(86) Old regions: 295->297
[2024-07-18T16:19:10.610+0800][info][gc,heap     ] GC(86) Archive regions: 0->0
[2024-07-18T16:19:10.610+0800][info][gc,heap     ] GC(86) Humongous regions: 186->185
[2024-07-18T16:19:10.610+0800][info][gc,metaspace] GC(86) Metaspace: 194K(384K)->194K(384K) NonClass: 186K(256K)->186K(256K) Class: 7K(128K)->7K(128K)
[2024-07-18T16:19:10.610+0800][info][gc          ] GC(86) Pause Young (Concurrent Start) (G1 Humongous Allocation) 485M->483M(512M) 0.554ms
[2024-07-18T16:19:10.610+0800][info][gc,cpu      ] GC(86) User=0.00s Sys=0.00s Real=0.00s
[2024-07-18T16:19:10.610+0800][info][gc          ] GC(87) Concurrent Mark Cycle
[2024-07-18T16:19:10.610+0800][info][gc,marking  ] GC(87) Concurrent Clear Claimed Marks
[2024-07-18T16:19:10.610+0800][info][gc,marking  ] GC(87) Concurrent Clear Claimed Marks 0.008ms
[2024-07-18T16:19:10.610+0800][info][gc,marking  ] GC(87) Concurrent Scan Root Regions
[2024-07-18T16:19:10.610+0800][info][gc,marking  ] GC(87) Concurrent Scan Root Regions 0.022ms
[2024-07-18T16:19:10.610+0800][info][gc,marking  ] GC(87) Concurrent Mark
[2024-07-18T16:19:10.610+0800][info][gc,marking  ] GC(87) Concurrent Mark From Roots
[2024-07-18T16:19:10.610+0800][info][gc,task     ] GC(87) Using 3 workers of 3 for marking
[2024-07-18T16:19:10.613+0800][info][gc,marking  ] GC(87) Concurrent Mark From Roots 0.890ms
[2024-07-18T16:19:10.613+0800][info][gc,marking  ] GC(87) Concurrent Preclean
[2024-07-18T16:19:10.613+0800][info][gc,marking  ] GC(87) Concurrent Preclean 0.059ms
[2024-07-18T16:19:10.613+0800][info][gc,start    ] GC(87) Pause Remark
[2024-07-18T16:19:10.613+0800][info][gc          ] GC(87) Pause Remark 497M->497M(512M) 0.256ms
[2024-07-18T16:19:10.613+0800][info][gc,cpu      ] GC(87) User=0.00s Sys=0.00s Real=0.00s
[2024-07-18T16:19:10.613+0800][info][gc,marking  ] GC(87) Concurrent Mark 1.315ms
[2024-07-18T16:19:10.613+0800][info][gc,marking  ] GC(87) Concurrent Rebuild Remembered Sets
[2024-07-18T16:19:10.613+0800][info][gc,start    ] GC(88) Pause Young (Normal) (G1 Preventive Collection)
[2024-07-18T16:19:10.613+0800][info][gc,task     ] GC(88) Using 12 workers of 13 for evacuation
[2024-07-18T16:19:10.613+0800][info][gc,phases   ] GC(88)   Pre Evacuate Collection Set: 0.0ms
[2024-07-18T16:19:10.613+0800][info][gc,phases   ] GC(88)   Merge Heap Roots: 0.1ms
[2024-07-18T16:19:10.613+0800][info][gc,phases   ] GC(88)   Evacuate Collection Set: 0.6ms
[2024-07-18T16:19:10.613+0800][info][gc,phases   ] GC(88)   Post Evacuate Collection Set: 0.1ms
[2024-07-18T16:19:10.613+0800][info][gc,phases   ] GC(88)   Other: 0.0ms
[2024-07-18T16:19:10.613+0800][info][gc,heap     ] GC(88) Eden regions: 14->0(21)
[2024-07-18T16:19:10.613+0800][info][gc,heap     ] GC(88) Survivor regions: 3->4(4)
[2024-07-18T16:19:10.613+0800][info][gc,heap     ] GC(88) Old regions: 297->302
[2024-07-18T16:19:10.613+0800][info][gc,heap     ] GC(88) Archive regions: 0->0
[2024-07-18T16:19:10.613+0800][info][gc,heap     ] GC(88) Humongous regions: 189->181
[2024-07-18T16:19:10.613+0800][info][gc,metaspace] GC(88) Metaspace: 194K(384K)->194K(384K) NonClass: 186K(256K)->186K(256K) Class: 7K(128K)->7K(128K)
[2024-07-18T16:19:10.613+0800][info][gc          ] GC(88) Pause Young (Normal) (G1 Preventive Collection) 501M->485M(512M) 0.866ms
[2024-07-18T16:19:10.613+0800][info][gc,cpu      ] GC(88) User=0.00s Sys=0.00s Real=0.00s
[2024-07-18T16:19:10.613+0800][info][gc,marking  ] GC(87) Concurrent Rebuild Remembered Sets 1.545ms
[2024-07-18T16:19:10.613+0800][info][gc,start    ] GC(87) Pause Cleanup
[2024-07-18T16:19:10.613+0800][info][gc          ] GC(87) Pause Cleanup 489M->489M(512M) 0.089ms
[2024-07-18T16:19:10.613+0800][info][gc,cpu      ] GC(87) User=0.00s Sys=0.00s Real=0.00s
[2024-07-18T16:19:10.613+0800][info][gc,marking  ] GC(87) Concurrent Cleanup for Next Mark
[2024-07-18T16:19:10.613+0800][info][gc,marking  ] GC(87) Concurrent Cleanup for Next Mark 0.449ms
[2024-07-18T16:19:10.613+0800][info][gc          ] GC(87) Concurrent Mark Cycle 3.585ms
[2024-07-18T16:19:10.613+0800][info][gc,start    ] GC(89) Pause Young (Prepare Mixed) (G1 Preventive Collection)
[2024-07-18T16:19:10.613+0800][info][gc,task     ] GC(89) Using 12 workers of 13 for evacuation
[2024-07-18T16:19:10.613+0800][info][gc,phases   ] GC(89)   Pre Evacuate Collection Set: 0.0ms
[2024-07-18T16:19:10.613+0800][info][gc,phases   ] GC(89)   Merge Heap Roots: 0.0ms
[2024-07-18T16:19:10.613+0800][info][gc,phases   ] GC(89)   Evacuate Collection Set: 0.7ms
[2024-07-18T16:19:10.613+0800][info][gc,phases   ] GC(89)   Post Evacuate Collection Set: 0.1ms
[2024-07-18T16:19:10.613+0800][info][gc,phases   ] GC(89)   Other: 0.1ms
[2024-07-18T16:19:10.613+0800][info][gc,heap     ] GC(89) Eden regions: 12->0(21)
[2024-07-18T16:19:10.613+0800][info][gc,heap     ] GC(89) Survivor regions: 4->4(4)
[2024-07-18T16:19:10.613+0800][info][gc,heap     ] GC(89) Old regions: 302->307
[2024-07-18T16:19:10.613+0800][info][gc,heap     ] GC(89) Archive regions: 0->0
[2024-07-18T16:19:10.613+0800][info][gc,heap     ] GC(89) Humongous regions: 184->178
[2024-07-18T16:19:10.613+0800][info][gc,metaspace] GC(89) Metaspace: 194K(384K)->194K(384K) NonClass: 186K(256K)->186K(256K) Class: 7K(128K)->7K(128K)
[2024-07-18T16:19:10.613+0800][info][gc          ] GC(89) Pause Young (Prepare Mixed) (G1 Preventive Collection) 499M->487M(512M) 0.986ms
[2024-07-18T16:19:10.613+0800][info][gc,cpu      ] GC(89) User=0.00s Sys=0.00s Real=0.00s
[2024-07-18T16:19:10.613+0800][info][gc,start    ] GC(90) Pause Young (Mixed) (G1 Preventive Collection)
[2024-07-18T16:19:10.613+0800][info][gc,task     ] GC(90) Using 12 workers of 13 for evacuation
[2024-07-18T16:19:10.613+0800][info][gc          ] GC(90) To-space exhausted
[2024-07-18T16:19:10.613+0800][info][gc,phases   ] GC(90)   Pre Evacuate Collection Set: 0.0ms
[2024-07-18T16:19:10.613+0800][info][gc,phases   ] GC(90)   Merge Heap Roots: 0.0ms
[2024-07-18T16:19:10.613+0800][info][gc,phases   ] GC(90)   Evacuate Collection Set: 0.6ms
[2024-07-18T16:19:10.613+0800][info][gc,phases   ] GC(90)   Post Evacuate Collection Set: 0.2ms
[2024-07-18T16:19:10.613+0800][info][gc,phases   ] GC(90)   Other: 0.1ms
[2024-07-18T16:19:10.613+0800][info][gc,heap     ] GC(90) Eden regions: 9->0(22)
[2024-07-18T16:19:10.613+0800][info][gc,heap     ] GC(90) Survivor regions: 4->3(4)
[2024-07-18T16:19:10.613+0800][info][gc,heap     ] GC(90) Old regions: 307->311
[2024-07-18T16:19:10.613+0800][info][gc,heap     ] GC(90) Archive regions: 0->0
[2024-07-18T16:19:10.613+0800][info][gc,heap     ] GC(90) Humongous regions: 182->178
[2024-07-18T16:19:10.613+0800][info][gc,metaspace] GC(90) Metaspace: 194K(384K)->194K(384K) NonClass: 186K(256K)->186K(256K) Class: 7K(128K)->7K(128K)
[2024-07-18T16:19:10.613+0800][info][gc          ] GC(90) Pause Young (Mixed) (G1 Preventive Collection) 500M->491M(512M) 0.959ms
[2024-07-18T16:19:10.613+0800][info][gc,cpu      ] GC(90) User=0.00s Sys=0.00s Real=0.00s
[2024-07-18T16:19:10.620+0800][info][gc,start    ] GC(91) Pause Young (Mixed) (G1 Preventive Collection)
[2024-07-18T16:19:10.620+0800][info][gc,task     ] GC(91) Using 12 workers of 13 for evacuation
[2024-07-18T16:19:10.620+0800][info][gc          ] GC(91) To-space exhausted
[2024-07-18T16:19:10.620+0800][info][gc,phases   ] GC(91)   Pre Evacuate Collection Set: 0.0ms
[2024-07-18T16:19:10.620+0800][info][gc,phases   ] GC(91)   Merge Heap Roots: 0.0ms
[2024-07-18T16:19:10.620+0800][info][gc,phases   ] GC(91)   Evacuate Collection Set: 1.0ms
[2024-07-18T16:19:10.620+0800][info][gc,phases   ] GC(91)   Post Evacuate Collection Set: 0.1ms
[2024-07-18T16:19:10.620+0800][info][gc,phases   ] GC(91)   Other: 0.1ms
[2024-07-18T16:19:10.620+0800][info][gc,heap     ] GC(91) Eden regions: 4->0(24)
[2024-07-18T16:19:10.620+0800][info][gc,heap     ] GC(91) Survivor regions: 3->1(4)
[2024-07-18T16:19:10.620+0800][info][gc,heap     ] GC(91) Old regions: 311->318
[2024-07-18T16:19:10.620+0800][info][gc,heap     ] GC(91) Archive regions: 0->0
[2024-07-18T16:19:10.620+0800][info][gc,heap     ] GC(91) Humongous regions: 181->180
[2024-07-18T16:19:10.620+0800][info][gc,metaspace] GC(91) Metaspace: 194K(384K)->194K(384K) NonClass: 186K(256K)->186K(256K) Class: 7K(128K)->7K(128K)
[2024-07-18T16:19:10.620+0800][info][gc          ] GC(91) Pause Young (Mixed) (G1 Preventive Collection) 498M->498M(512M) 1.327ms
[2024-07-18T16:19:10.620+0800][info][gc,cpu      ] GC(91) User=0.00s Sys=0.00s Real=0.00s
[2024-07-18T16:19:10.620+0800][info][gc,start    ] GC(92) Pause Young (Concurrent Start) (G1 Humongous Allocation)
[2024-07-18T16:19:10.620+0800][info][gc,task     ] GC(92) Using 12 workers of 13 for evacuation
[2024-07-18T16:19:10.620+0800][info][gc,phases   ] GC(92)   Pre Evacuate Collection Set: 0.0ms
[2024-07-18T16:19:10.620+0800][info][gc,phases   ] GC(92)   Merge Heap Roots: 0.0ms
[2024-07-18T16:19:10.620+0800][info][gc,phases   ] GC(92)   Evacuate Collection Set: 0.1ms
[2024-07-18T16:19:10.620+0800][info][gc,phases   ] GC(92)   Post Evacuate Collection Set: 0.1ms
[2024-07-18T16:19:10.620+0800][info][gc,phases   ] GC(92)   Other: 0.1ms
[2024-07-18T16:19:10.620+0800][info][gc,heap     ] GC(92) Eden regions: 2->0(23)
[2024-07-18T16:19:10.620+0800][info][gc,heap     ] GC(92) Survivor regions: 1->2(4)
[2024-07-18T16:19:10.620+0800][info][gc,heap     ] GC(92) Old regions: 318->318
[2024-07-18T16:19:10.620+0800][info][gc,heap     ] GC(92) Archive regions: 0->0
[2024-07-18T16:19:10.620+0800][info][gc,heap     ] GC(92) Humongous regions: 180->180
[2024-07-18T16:19:10.620+0800][info][gc,metaspace] GC(92) Metaspace: 194K(384K)->194K(384K) NonClass: 186K(256K)->186K(256K) Class: 7K(128K)->7K(128K)
[2024-07-18T16:19:10.620+0800][info][gc          ] GC(92) Pause Young (Concurrent Start) (G1 Humongous Allocation) 499M->498M(512M) 0.392ms
[2024-07-18T16:19:10.620+0800][info][gc,cpu      ] GC(92) User=0.00s Sys=0.00s Real=0.00s
[2024-07-18T16:19:10.620+0800][info][gc          ] GC(93) Concurrent Mark Cycle
[2024-07-18T16:19:10.620+0800][info][gc,marking  ] GC(93) Concurrent Clear Claimed Marks
[2024-07-18T16:19:10.620+0800][info][gc,marking  ] GC(93) Concurrent Clear Claimed Marks 0.011ms
[2024-07-18T16:19:10.620+0800][info][gc,marking  ] GC(93) Concurrent Scan Root Regions
[2024-07-18T16:19:10.620+0800][info][gc,marking  ] GC(93) Concurrent Scan Root Regions 0.030ms
[2024-07-18T16:19:10.620+0800][info][gc,marking  ] GC(93) Concurrent Mark
[2024-07-18T16:19:10.620+0800][info][gc,marking  ] GC(93) Concurrent Mark From Roots
[2024-07-18T16:19:10.620+0800][info][gc,task     ] GC(93) Using 3 workers of 3 for marking
[2024-07-18T16:19:10.620+0800][info][gc,start    ] GC(94) Pause Young (Normal) (G1 Preventive Collection)
[2024-07-18T16:19:10.620+0800][info][gc,task     ] GC(94) Using 12 workers of 13 for evacuation
[2024-07-18T16:19:10.620+0800][info][gc,phases   ] GC(94)   Pre Evacuate Collection Set: 0.0ms
[2024-07-18T16:19:10.620+0800][info][gc,phases   ] GC(94)   Merge Heap Roots: 0.0ms
[2024-07-18T16:19:10.620+0800][info][gc,phases   ] GC(94)   Evacuate Collection Set: 0.2ms
[2024-07-18T16:19:10.620+0800][info][gc,phases   ] GC(94)   Post Evacuate Collection Set: 0.1ms
[2024-07-18T16:19:10.620+0800][info][gc,phases   ] GC(94)   Other: 0.0ms
[2024-07-18T16:19:10.620+0800][info][gc,heap     ] GC(94) Eden regions: 4->0(22)
[2024-07-18T16:19:10.620+0800][info][gc,heap     ] GC(94) Survivor regions: 2->3(4)
[2024-07-18T16:19:10.620+0800][info][gc,heap     ] GC(94) Old regions: 318->318
[2024-07-18T16:19:10.620+0800][info][gc,heap     ] GC(94) Archive regions: 0->0
[2024-07-18T16:19:10.620+0800][info][gc,heap     ] GC(94) Humongous regions: 184->179
[2024-07-18T16:19:10.620+0800][info][gc,metaspace] GC(94) Metaspace: 194K(384K)->194K(384K) NonClass: 186K(256K)->186K(256K) Class: 7K(128K)->7K(128K)
[2024-07-18T16:19:10.620+0800][info][gc          ] GC(94) Pause Young (Normal) (G1 Preventive Collection) 506M->498M(512M) 0.420ms
[2024-07-18T16:19:10.620+0800][info][gc,cpu      ] GC(94) User=0.00s Sys=0.00s Real=0.00s
[2024-07-18T16:19:10.620+0800][info][gc,marking  ] GC(93) Concurrent Mark From Roots 1.202ms
[2024-07-18T16:19:10.624+0800][info][gc,marking  ] GC(93) Concurrent Preclean
[2024-07-18T16:19:10.624+0800][info][gc,start    ] GC(95) Pause Young (Normal) (G1 Preventive Collection)
[2024-07-18T16:19:10.624+0800][info][gc,task     ] GC(95) Using 12 workers of 13 for evacuation
[2024-07-18T16:19:10.624+0800][info][gc,phases   ] GC(95)   Pre Evacuate Collection Set: 0.0ms
[2024-07-18T16:19:10.624+0800][info][gc,phases   ] GC(95)   Merge Heap Roots: 0.0ms
[2024-07-18T16:19:10.624+0800][info][gc,phases   ] GC(95)   Evacuate Collection Set: 0.2ms
[2024-07-18T16:19:10.624+0800][info][gc,phases   ] GC(95)   Post Evacuate Collection Set: 0.1ms
[2024-07-18T16:19:10.624+0800][info][gc,phases   ] GC(95)   Other: 0.0ms
[2024-07-18T16:19:10.624+0800][info][gc,heap     ] GC(95) Eden regions: 4->0(21)
[2024-07-18T16:19:10.624+0800][info][gc,heap     ] GC(95) Survivor regions: 3->4(4)
[2024-07-18T16:19:10.624+0800][info][gc,heap     ] GC(95) Old regions: 318->319
[2024-07-18T16:19:10.624+0800][info][gc,heap     ] GC(95) Archive regions: 0->0
[2024-07-18T16:19:10.624+0800][info][gc,heap     ] GC(95) Humongous regions: 182->182
[2024-07-18T16:19:10.624+0800][info][gc,metaspace] GC(95) Metaspace: 194K(384K)->194K(384K) NonClass: 186K(256K)->186K(256K) Class: 7K(128K)->7K(128K)
[2024-07-18T16:19:10.624+0800][info][gc          ] GC(95) Pause Young (Normal) (G1 Preventive Collection) 504M->503M(512M) 0.417ms
[2024-07-18T16:19:10.624+0800][info][gc,cpu      ] GC(95) User=0.00s Sys=0.00s Real=0.00s
[2024-07-18T16:19:10.624+0800][info][gc,marking  ] GC(93) Concurrent Preclean 0.489ms
[2024-07-18T16:19:10.624+0800][info][gc,start    ] GC(93) Pause Remark
[2024-07-18T16:19:10.624+0800][info][gc          ] GC(93) Pause Remark 505M->505M(512M) 0.175ms
[2024-07-18T16:19:10.624+0800][info][gc,cpu      ] GC(93) User=0.00s Sys=0.00s Real=0.00s
[2024-07-18T16:19:10.624+0800][info][gc,marking  ] GC(93) Concurrent Mark 1.952ms
[2024-07-18T16:19:10.624+0800][info][gc,marking  ] GC(93) Concurrent Rebuild Remembered Sets
[2024-07-18T16:19:10.624+0800][info][gc,start    ] GC(96) Pause Young (Normal) (G1 Preventive Collection)
[2024-07-18T16:19:10.624+0800][info][gc,task     ] GC(96) Using 12 workers of 13 for evacuation
[2024-07-18T16:19:10.624+0800][info][gc,phases   ] GC(96)   Pre Evacuate Collection Set: 0.0ms
[2024-07-18T16:19:10.624+0800][info][gc,phases   ] GC(96)   Merge Heap Roots: 0.0ms
[2024-07-18T16:19:10.624+0800][info][gc,phases   ] GC(96)   Evacuate Collection Set: 0.1ms
[2024-07-18T16:19:10.624+0800][info][gc,phases   ] GC(96)   Post Evacuate Collection Set: 0.1ms
[2024-07-18T16:19:10.624+0800][info][gc,phases   ] GC(96)   Other: 0.0ms
[2024-07-18T16:19:10.624+0800][info][gc,heap     ] GC(96) Eden regions: 1->0(23)
[2024-07-18T16:19:10.624+0800][info][gc,heap     ] GC(96) Survivor regions: 4->2(4)
[2024-07-18T16:19:10.624+0800][info][gc,heap     ] GC(96) Old regions: 319->321
[2024-07-18T16:19:10.624+0800][info][gc,heap     ] GC(96) Archive regions: 0->0
[2024-07-18T16:19:10.624+0800][info][gc,heap     ] GC(96) Humongous regions: 184->184
[2024-07-18T16:19:10.624+0800][info][gc,metaspace] GC(96) Metaspace: 194K(384K)->194K(384K) NonClass: 186K(256K)->186K(256K) Class: 7K(128K)->7K(128K)
[2024-07-18T16:19:10.624+0800][info][gc          ] GC(96) Pause Young (Normal) (G1 Preventive Collection) 505M->504M(512M) 0.339ms
[2024-07-18T16:19:10.624+0800][info][gc,cpu      ] GC(96) User=0.00s Sys=0.00s Real=0.00s
[2024-07-18T16:19:10.624+0800][info][gc,start    ] GC(97) Pause Young (Normal) (G1 Preventive Collection)
[2024-07-18T16:19:10.624+0800][info][gc,task     ] GC(97) Using 12 workers of 13 for evacuation
[2024-07-18T16:19:10.624+0800][info][gc,phases   ] GC(97)   Pre Evacuate Collection Set: 0.0ms
[2024-07-18T16:19:10.624+0800][info][gc,phases   ] GC(97)   Merge Heap Roots: 0.0ms
[2024-07-18T16:19:10.624+0800][info][gc,phases   ] GC(97)   Evacuate Collection Set: 0.1ms
[2024-07-18T16:19:10.624+0800][info][gc,phases   ] GC(97)   Post Evacuate Collection Set: 0.1ms
[2024-07-18T16:19:10.624+0800][info][gc,phases   ] GC(97)   Other: 0.0ms
[2024-07-18T16:19:10.624+0800][info][gc,heap     ] GC(97) Eden regions: 1->0(23)
[2024-07-18T16:19:10.624+0800][info][gc,heap     ] GC(97) Survivor regions: 2->2(2)
[2024-07-18T16:19:10.624+0800][info][gc,heap     ] GC(97) Old regions: 321->321
[2024-07-18T16:19:10.624+0800][info][gc,heap     ] GC(97) Archive regions: 0->0
[2024-07-18T16:19:10.624+0800][info][gc,heap     ] GC(97) Humongous regions: 186->184
[2024-07-18T16:19:10.624+0800][info][gc,metaspace] GC(97) Metaspace: 194K(384K)->194K(384K) NonClass: 186K(256K)->186K(256K) Class: 7K(128K)->7K(128K)
[2024-07-18T16:19:10.624+0800][info][gc          ] GC(97) Pause Young (Normal) (G1 Preventive Collection) 507M->505M(512M) 0.329ms
[2024-07-18T16:19:10.624+0800][info][gc,cpu      ] GC(97) User=0.00s Sys=0.00s Real=0.00s
[2024-07-18T16:19:10.624+0800][info][gc,start    ] GC(98) Pause Young (Normal) (G1 Preventive Collection)
[2024-07-18T16:19:10.624+0800][info][gc,task     ] GC(98) Using 12 workers of 13 for evacuation
[2024-07-18T16:19:10.624+0800][info][gc,phases   ] GC(98)   Pre Evacuate Collection Set: 0.0ms
[2024-07-18T16:19:10.624+0800][info][gc,phases   ] GC(98)   Merge Heap Roots: 0.0ms
[2024-07-18T16:19:10.624+0800][info][gc,phases   ] GC(98)   Evacuate Collection Set: 0.1ms
[2024-07-18T16:19:10.624+0800][info][gc,phases   ] GC(98)   Post Evacuate Collection Set: 0.1ms
[2024-07-18T16:19:10.624+0800][info][gc,phases   ] GC(98)   Other: 0.0ms
[2024-07-18T16:19:10.624+0800][info][gc,heap     ] GC(98) Eden regions: 1->0(23)
[2024-07-18T16:19:10.624+0800][info][gc,heap     ] GC(98) Survivor regions: 2->2(3)
[2024-07-18T16:19:10.624+0800][info][gc,heap     ] GC(98) Old regions: 321->321
[2024-07-18T16:19:10.624+0800][info][gc,heap     ] GC(98) Archive regions: 0->0
[2024-07-18T16:19:10.624+0800][info][gc,heap     ] GC(98) Humongous regions: 185->184
[2024-07-18T16:19:10.624+0800][info][gc,metaspace] GC(98) Metaspace: 194K(384K)->194K(384K) NonClass: 186K(256K)->186K(256K) Class: 7K(128K)->7K(128K)
[2024-07-18T16:19:10.624+0800][info][gc          ] GC(98) Pause Young (Normal) (G1 Preventive Collection) 506M->505M(512M) 0.285ms
[2024-07-18T16:19:10.624+0800][info][gc,cpu      ] GC(98) User=0.00s Sys=0.00s Real=0.00s
[2024-07-18T16:19:10.624+0800][info][gc,start    ] GC(99) Pause Young (Normal) (G1 Preventive Collection)
[2024-07-18T16:19:10.624+0800][info][gc,task     ] GC(99) Using 12 workers of 13 for evacuation
[2024-07-18T16:19:10.624+0800][info][gc,phases   ] GC(99)   Pre Evacuate Collection Set: 0.0ms
[2024-07-18T16:19:10.624+0800][info][gc,phases   ] GC(99)   Merge Heap Roots: 0.0ms
[2024-07-18T16:19:10.624+0800][info][gc,phases   ] GC(99)   Evacuate Collection Set: 0.1ms
[2024-07-18T16:19:10.624+0800][info][gc,phases   ] GC(99)   Post Evacuate Collection Set: 0.1ms
[2024-07-18T16:19:10.624+0800][info][gc,phases   ] GC(99)   Other: 0.0ms
[2024-07-18T16:19:10.624+0800][info][gc,heap     ] GC(99) Eden regions: 1->0(23)
[2024-07-18T16:19:10.624+0800][info][gc,heap     ] GC(99) Survivor regions: 2->2(3)
[2024-07-18T16:19:10.624+0800][info][gc,heap     ] GC(99) Old regions: 321->321
[2024-07-18T16:19:10.624+0800][info][gc,heap     ] GC(99) Archive regions: 0->0
[2024-07-18T16:19:10.624+0800][info][gc,heap     ] GC(99) Humongous regions: 185->185
[2024-07-18T16:19:10.624+0800][info][gc,metaspace] GC(99) Metaspace: 194K(384K)->194K(384K) NonClass: 186K(256K)->186K(256K) Class: 7K(128K)->7K(128K)
[2024-07-18T16:19:10.624+0800][info][gc          ] GC(99) Pause Young (Normal) (G1 Preventive Collection) 506M->506M(512M) 0.290ms
[2024-07-18T16:19:10.624+0800][info][gc,cpu      ] GC(99) User=0.00s Sys=0.00s Real=0.00s
[2024-07-18T16:19:10.624+0800][info][gc,start    ] GC(100) Pause Young (Normal) (G1 Preventive Collection)
[2024-07-18T16:19:10.624+0800][info][gc,task     ] GC(100) Using 12 workers of 13 for evacuation
[2024-07-18T16:19:10.624+0800][info][gc,phases   ] GC(100)   Pre Evacuate Collection Set: 0.0ms
[2024-07-18T16:19:10.624+0800][info][gc,phases   ] GC(100)   Merge Heap Roots: 0.0ms
[2024-07-18T16:19:10.624+0800][info][gc,phases   ] GC(100)   Evacuate Collection Set: 0.1ms
[2024-07-18T16:19:10.624+0800][info][gc,phases   ] GC(100)   Post Evacuate Collection Set: 0.1ms
[2024-07-18T16:19:10.624+0800][info][gc,phases   ] GC(100)   Other: 0.0ms
[2024-07-18T16:19:10.624+0800][info][gc,heap     ] GC(100) Eden regions: 1->0(23)
[2024-07-18T16:19:10.624+0800][info][gc,heap     ] GC(100) Survivor regions: 2->2(2)
[2024-07-18T16:19:10.624+0800][info][gc,heap     ] GC(100) Old regions: 321->321
[2024-07-18T16:19:10.624+0800][info][gc,heap     ] GC(100) Archive regions: 0->0
[2024-07-18T16:19:10.624+0800][info][gc,heap     ] GC(100) Humongous regions: 186->186
[2024-07-18T16:19:10.624+0800][info][gc,metaspace] GC(100) Metaspace: 194K(384K)->194K(384K) NonClass: 186K(256K)->186K(256K) Class: 7K(128K)->7K(128K)
[2024-07-18T16:19:10.624+0800][info][gc          ] GC(100) Pause Young (Normal) (G1 Preventive Collection) 508M->507M(512M) 0.309ms
[2024-07-18T16:19:10.624+0800][info][gc,cpu      ] GC(100) User=0.00s Sys=0.00s Real=0.00s
[2024-07-18T16:19:10.624+0800][info][gc,start    ] GC(101) Pause Young (Normal) (G1 Preventive Collection)
[2024-07-18T16:19:10.624+0800][info][gc,task     ] GC(101) Using 12 workers of 13 for evacuation
[2024-07-18T16:19:10.624+0800][info][gc,phases   ] GC(101)   Pre Evacuate Collection Set: 0.0ms
[2024-07-18T16:19:10.624+0800][info][gc,phases   ] GC(101)   Merge Heap Roots: 0.0ms
[2024-07-18T16:19:10.624+0800][info][gc,phases   ] GC(101)   Evacuate Collection Set: 0.1ms
[2024-07-18T16:19:10.624+0800][info][gc,phases   ] GC(101)   Post Evacuate Collection Set: 0.1ms
[2024-07-18T16:19:10.624+0800][info][gc,phases   ] GC(101)   Other: 0.0ms
[2024-07-18T16:19:10.624+0800][info][gc,heap     ] GC(101) Eden regions: 1->0(23)
[2024-07-18T16:19:10.624+0800][info][gc,heap     ] GC(101) Survivor regions: 2->2(2)
[2024-07-18T16:19:10.624+0800][info][gc,heap     ] GC(101) Old regions: 321->321
[2024-07-18T16:19:10.624+0800][info][gc,heap     ] GC(101) Archive regions: 0->0
[2024-07-18T16:19:10.624+0800][info][gc,heap     ] GC(101) Humongous regions: 186->186
[2024-07-18T16:19:10.624+0800][info][gc,metaspace] GC(101) Metaspace: 194K(384K)->194K(384K) NonClass: 186K(256K)->186K(256K) Class: 7K(128K)->7K(128K)
[2024-07-18T16:19:10.624+0800][info][gc          ] GC(101) Pause Young (Normal) (G1 Preventive Collection) 508M->507M(512M) 0.300ms
[2024-07-18T16:19:10.624+0800][info][gc,cpu      ] GC(101) User=0.00s Sys=0.00s Real=0.00s
[2024-07-18T16:19:10.624+0800][info][gc,start    ] GC(102) Pause Young (Normal) (G1 Preventive Collection)
[2024-07-18T16:19:10.624+0800][info][gc,task     ] GC(102) Using 12 workers of 13 for evacuation
[2024-07-18T16:19:10.624+0800][info][gc,phases   ] GC(102)   Pre Evacuate Collection Set: 0.0ms
[2024-07-18T16:19:10.624+0800][info][gc,phases   ] GC(102)   Merge Heap Roots: 0.0ms
[2024-07-18T16:19:10.624+0800][info][gc,phases   ] GC(102)   Evacuate Collection Set: 0.1ms
[2024-07-18T16:19:10.624+0800][info][gc,phases   ] GC(102)   Post Evacuate Collection Set: 0.1ms
[2024-07-18T16:19:10.624+0800][info][gc,phases   ] GC(102)   Other: 0.0ms
[2024-07-18T16:19:10.624+0800][info][gc,heap     ] GC(102) Eden regions: 0->0(23)
[2024-07-18T16:19:10.624+0800][info][gc,heap     ] GC(102) Survivor regions: 2->2(2)
[2024-07-18T16:19:10.624+0800][info][gc,heap     ] GC(102) Old regions: 321->321
[2024-07-18T16:19:10.624+0800][info][gc,heap     ] GC(102) Archive regions: 0->0
[2024-07-18T16:19:10.624+0800][info][gc,heap     ] GC(102) Humongous regions: 187->187
[2024-07-18T16:19:10.624+0800][info][gc,metaspace] GC(102) Metaspace: 194K(384K)->194K(384K) NonClass: 186K(256K)->186K(256K) Class: 7K(128K)->7K(128K)
[2024-07-18T16:19:10.624+0800][info][gc          ] GC(102) Pause Young (Normal) (G1 Preventive Collection) 508M->508M(512M) 0.271ms
[2024-07-18T16:19:10.624+0800][info][gc,cpu      ] GC(102) User=0.00s Sys=0.00s Real=0.00s
[2024-07-18T16:19:10.624+0800][info][gc,start    ] GC(103) Pause Young (Normal) (G1 Preventive Collection)
[2024-07-18T16:19:10.624+0800][info][gc,task     ] GC(103) Using 12 workers of 13 for evacuation
[2024-07-18T16:19:10.624+0800][info][gc          ] GC(103) To-space exhausted
[2024-07-18T16:19:10.624+0800][info][gc,phases   ] GC(103)   Pre Evacuate Collection Set: 0.0ms
[2024-07-18T16:19:10.624+0800][info][gc,phases   ] GC(103)   Merge Heap Roots: 0.0ms
[2024-07-18T16:19:10.624+0800][info][gc,phases   ] GC(103)   Evacuate Collection Set: 0.1ms
[2024-07-18T16:19:10.624+0800][info][gc,phases   ] GC(103)   Post Evacuate Collection Set: 0.1ms
[2024-07-18T16:19:10.624+0800][info][gc,phases   ] GC(103)   Other: 0.0ms
[2024-07-18T16:19:10.624+0800][info][gc,heap     ] GC(103) Eden regions: 1->0(24)
[2024-07-18T16:19:10.624+0800][info][gc,heap     ] GC(103) Survivor regions: 2->1(1)
[2024-07-18T16:19:10.624+0800][info][gc,heap     ] GC(103) Old regions: 321->324
[2024-07-18T16:19:10.624+0800][info][gc,heap     ] GC(103) Archive regions: 0->0
[2024-07-18T16:19:10.624+0800][info][gc,heap     ] GC(103) Humongous regions: 187->187
[2024-07-18T16:19:10.624+0800][info][gc,metaspace] GC(103) Metaspace: 194K(384K)->194K(384K) NonClass: 186K(256K)->186K(256K) Class: 7K(128K)->7K(128K)
[2024-07-18T16:19:10.624+0800][info][gc          ] GC(103) Pause Young (Normal) (G1 Preventive Collection) 509M->511M(512M) 0.269ms
[2024-07-18T16:19:10.624+0800][info][gc,cpu      ] GC(103) User=0.00s Sys=0.00s Real=0.00s
[2024-07-18T16:19:10.624+0800][info][gc,ergo     ] Attempting full compaction
[2024-07-18T16:19:10.624+0800][info][gc,task     ] GC(104) Using 12 workers of 13 for full compaction
[2024-07-18T16:19:10.624+0800][info][gc,start    ] GC(104) Pause Full (G1 Compaction Pause)
[2024-07-18T16:19:10.624+0800][info][gc,phases,start] GC(104) Phase 1: Mark live objects
[2024-07-18T16:19:10.624+0800][info][gc,phases      ] GC(104) Phase 1: Mark live objects 0.822ms
[2024-07-18T16:19:10.624+0800][info][gc,phases,start] GC(104) Phase 2: Prepare for compaction
[2024-07-18T16:19:10.624+0800][info][gc,phases      ] GC(104) Phase 2: Prepare for compaction 0.182ms
[2024-07-18T16:19:10.624+0800][info][gc,phases,start] GC(104) Phase 3: Adjust pointers
[2024-07-18T16:19:10.624+0800][info][gc,phases      ] GC(104) Phase 3: Adjust pointers 0.159ms
[2024-07-18T16:19:10.624+0800][info][gc,phases,start] GC(104) Phase 4: Compact heap
[2024-07-18T16:19:10.636+0800][info][gc,phases      ] GC(104) Phase 4: Compact heap 13.472ms
[2024-07-18T16:19:10.636+0800][info][gc,heap        ] GC(104) Eden regions: 0->0(25)
[2024-07-18T16:19:10.636+0800][info][gc,heap        ] GC(104) Survivor regions: 1->0(1)
[2024-07-18T16:19:10.636+0800][info][gc,heap        ] GC(104) Old regions: 324->244
[2024-07-18T16:19:10.636+0800][info][gc,heap        ] GC(104) Archive regions: 0->0
[2024-07-18T16:19:10.636+0800][info][gc,heap        ] GC(104) Humongous regions: 187->187
[2024-07-18T16:19:10.636+0800][info][gc,metaspace   ] GC(104) Metaspace: 194K(384K)->194K(384K) NonClass: 186K(256K)->186K(256K) Class: 7K(128K)->7K(128K)
[2024-07-18T16:19:10.636+0800][info][gc             ] GC(104) Pause Full (G1 Compaction Pause) 511M->398M(512M) 15.636ms
[2024-07-18T16:19:10.636+0800][info][gc,cpu         ] GC(104) User=0.02s Sys=0.00s Real=0.01s
[2024-07-18T16:19:10.636+0800][info][gc,marking     ] GC(93) Concurrent Rebuild Remembered Sets 19.533ms
[2024-07-18T16:19:10.636+0800][info][gc,marking     ] GC(93) Concurrent Mark Abort
[2024-07-18T16:19:10.636+0800][info][gc             ] GC(93) Concurrent Mark Cycle 21.635ms
[2024-07-18T16:19:10.636+0800][info][gc,start       ] GC(105) Pause Young (Concurrent Start) (G1 Humongous Allocation)
[2024-07-18T16:19:10.636+0800][info][gc,task        ] GC(105) Using 12 workers of 13 for evacuation
[2024-07-18T16:19:10.636+0800][info][gc,phases      ] GC(105)   Pre Evacuate Collection Set: 0.0ms
[2024-07-18T16:19:10.636+0800][info][gc,phases      ] GC(105)   Merge Heap Roots: 0.0ms
[2024-07-18T16:19:10.636+0800][info][gc,phases      ] GC(105)   Evacuate Collection Set: 0.1ms
[2024-07-18T16:19:10.636+0800][info][gc,phases      ] GC(105)   Post Evacuate Collection Set: 0.1ms
[2024-07-18T16:19:10.636+0800][info][gc,phases      ] GC(105)   Other: 0.1ms
[2024-07-18T16:19:10.636+0800][info][gc,heap        ] GC(105) Eden regions: 1->0(24)
[2024-07-18T16:19:10.636+0800][info][gc,heap        ] GC(105) Survivor regions: 0->1(4)
[2024-07-18T16:19:10.636+0800][info][gc,heap        ] GC(105) Old regions: 244->244
[2024-07-18T16:19:10.636+0800][info][gc,heap        ] GC(105) Archive regions: 0->0
[2024-07-18T16:19:10.636+0800][info][gc,heap        ] GC(105) Humongous regions: 187->187
[2024-07-18T16:19:10.636+0800][info][gc,metaspace   ] GC(105) Metaspace: 194K(384K)->194K(384K) NonClass: 186K(256K)->186K(256K) Class: 7K(128K)->7K(128K)
[2024-07-18T16:19:10.636+0800][info][gc             ] GC(105) Pause Young (Concurrent Start) (G1 Humongous Allocation) 399M->398M(512M) 0.364ms
[2024-07-18T16:19:10.636+0800][info][gc,cpu         ] GC(105) User=0.00s Sys=0.00s Real=0.00s
[2024-07-18T16:19:10.636+0800][info][gc             ] GC(106) Concurrent Mark Cycle
[2024-07-18T16:19:10.636+0800][info][gc,marking     ] GC(106) Concurrent Clear Claimed Marks
[2024-07-18T16:19:10.636+0800][info][gc,marking     ] GC(106) Concurrent Clear Claimed Marks 0.006ms
[2024-07-18T16:19:10.636+0800][info][gc,marking     ] GC(106) Concurrent Scan Root Regions
[2024-07-18T16:19:10.636+0800][info][gc,marking     ] GC(106) Concurrent Scan Root Regions 0.014ms
[2024-07-18T16:19:10.636+0800][info][gc,marking     ] GC(106) Concurrent Mark
[2024-07-18T16:19:10.636+0800][info][gc,marking     ] GC(106) Concurrent Mark From Roots
[2024-07-18T16:19:10.636+0800][info][gc,task        ] GC(106) Using 3 workers of 3 for marking
[2024-07-18T16:19:10.645+0800][info][gc,marking     ] GC(106) Concurrent Mark From Roots 0.589ms
[2024-07-18T16:19:10.645+0800][info][gc,marking     ] GC(106) Concurrent Preclean
[2024-07-18T16:19:10.645+0800][info][gc,marking     ] GC(106) Concurrent Preclean 0.055ms
[2024-07-18T16:19:10.645+0800][info][gc,start       ] GC(106) Pause Remark
[2024-07-18T16:19:10.645+0800][info][gc             ] GC(106) Pause Remark 407M->407M(512M) 0.211ms
[2024-07-18T16:19:10.645+0800][info][gc,cpu         ] GC(106) User=0.00s Sys=0.00s Real=0.00s
[2024-07-18T16:19:10.645+0800][info][gc,marking     ] GC(106) Concurrent Mark 0.930ms
[2024-07-18T16:19:10.645+0800][info][gc,marking     ] GC(106) Concurrent Rebuild Remembered Sets
[2024-07-18T16:19:10.645+0800][info][gc,marking     ] GC(106) Concurrent Rebuild Remembered Sets 0.396ms
[2024-07-18T16:19:10.645+0800][info][gc,start       ] GC(106) Pause Cleanup
[2024-07-18T16:19:10.645+0800][info][gc             ] GC(106) Pause Cleanup 415M->415M(512M) 0.092ms
[2024-07-18T16:19:10.645+0800][info][gc,cpu         ] GC(106) User=0.00s Sys=0.00s Real=0.00s
[2024-07-18T16:19:10.645+0800][info][gc,marking     ] GC(106) Concurrent Cleanup for Next Mark
[2024-07-18T16:19:10.645+0800][info][gc,marking     ] GC(106) Concurrent Cleanup for Next Mark 0.459ms
[2024-07-18T16:19:10.645+0800][info][gc             ] GC(106) Concurrent Mark Cycle 2.058ms
[2024-07-18T16:19:10.645+0800][info][gc,start       ] GC(107) Pause Young (Prepare Mixed) (G1 Evacuation Pause)
[2024-07-18T16:19:10.645+0800][info][gc,task        ] GC(107) Using 12 workers of 13 for evacuation
[2024-07-18T16:19:10.649+0800][info][gc,phases      ] GC(107)   Pre Evacuate Collection Set: 0.0ms
[2024-07-18T16:19:10.649+0800][info][gc,phases      ] GC(107)   Merge Heap Roots: 0.1ms
[2024-07-18T16:19:10.649+0800][info][gc,phases      ] GC(107)   Evacuate Collection Set: 1.0ms
[2024-07-18T16:19:10.649+0800][info][gc,phases      ] GC(107)   Post Evacuate Collection Set: 0.1ms
[2024-07-18T16:19:10.649+0800][info][gc,phases      ] GC(107)   Other: 0.1ms
[2024-07-18T16:19:10.649+0800][info][gc,heap        ] GC(107) Eden regions: 24->0(21)
[2024-07-18T16:19:10.649+0800][info][gc,heap        ] GC(107) Survivor regions: 1->4(4)
[2024-07-18T16:19:10.649+0800][info][gc,heap        ] GC(107) Old regions: 244->253
[2024-07-18T16:19:10.649+0800][info][gc,heap        ] GC(107) Archive regions: 0->0
[2024-07-18T16:19:10.649+0800][info][gc,heap        ] GC(107) Humongous regions: 197->183
[2024-07-18T16:19:10.649+0800][info][gc,metaspace   ] GC(107) Metaspace: 194K(384K)->194K(384K) NonClass: 186K(256K)->186K(256K) Class: 7K(128K)->7K(128K)
[2024-07-18T16:19:10.649+0800][info][gc             ] GC(107) Pause Young (Prepare Mixed) (G1 Evacuation Pause) 432M->407M(512M) 1.357ms
[2024-07-18T16:19:10.649+0800][info][gc,cpu         ] GC(107) User=0.00s Sys=0.00s Real=0.00s
[2024-07-18T16:19:10.650+0800][info][gc,start       ] GC(108) Pause Young (Mixed) (G1 Evacuation Pause)
[2024-07-18T16:19:10.650+0800][info][gc,task        ] GC(108) Using 12 workers of 13 for evacuation
[2024-07-18T16:19:10.653+0800][info][gc,phases      ] GC(108)   Pre Evacuate Collection Set: 0.0ms
[2024-07-18T16:19:10.653+0800][info][gc,phases      ] GC(108)   Merge Heap Roots: 0.0ms
[2024-07-18T16:19:10.653+0800][info][gc,phases      ] GC(108)   Evacuate Collection Set: 1.4ms
[2024-07-18T16:19:10.653+0800][info][gc,phases      ] GC(108)   Post Evacuate Collection Set: 0.1ms
[2024-07-18T16:19:10.653+0800][info][gc,phases      ] GC(108)   Other: 0.1ms
[2024-07-18T16:19:10.653+0800][info][gc,heap        ] GC(108) Eden regions: 21->0(21)
[2024-07-18T16:19:10.653+0800][info][gc,heap        ] GC(108) Survivor regions: 4->4(4)
[2024-07-18T16:19:10.653+0800][info][gc,heap        ] GC(108) Old regions: 253->256
[2024-07-18T16:19:10.653+0800][info][gc,heap        ] GC(108) Archive regions: 0->0
[2024-07-18T16:19:10.653+0800][info][gc,heap        ] GC(108) Humongous regions: 196->183
[2024-07-18T16:19:10.653+0800][info][gc,metaspace   ] GC(108) Metaspace: 194K(384K)->194K(384K) NonClass: 186K(256K)->186K(256K) Class: 7K(128K)->7K(128K)
[2024-07-18T16:19:10.653+0800][info][gc             ] GC(108) Pause Young (Mixed) (G1 Evacuation Pause) 440M->416M(512M) 1.706ms
[2024-07-18T16:19:10.653+0800][info][gc,cpu         ] GC(108) User=0.00s Sys=0.00s Real=0.00s
[2024-07-18T16:19:10.654+0800][info][gc,start       ] GC(109) Pause Young (Concurrent Start) (G1 Humongous Allocation)
[2024-07-18T16:19:10.654+0800][info][gc,task        ] GC(109) Using 12 workers of 13 for evacuation
[2024-07-18T16:19:10.654+0800][info][gc,phases      ] GC(109)   Pre Evacuate Collection Set: 0.0ms
[2024-07-18T16:19:10.654+0800][info][gc,phases      ] GC(109)   Merge Heap Roots: 0.0ms
[2024-07-18T16:19:10.654+0800][info][gc,phases      ] GC(109)   Evacuate Collection Set: 0.5ms
[2024-07-18T16:19:10.654+0800][info][gc,phases      ] GC(109)   Post Evacuate Collection Set: 0.1ms
[2024-07-18T16:19:10.654+0800][info][gc,phases      ] GC(109)   Other: 0.1ms
[2024-07-18T16:19:10.654+0800][info][gc,heap        ] GC(109) Eden regions: 4->0(24)
[2024-07-18T16:19:10.654+0800][info][gc,heap        ] GC(109) Survivor regions: 4->1(4)
[2024-07-18T16:19:10.654+0800][info][gc,heap        ] GC(109) Old regions: 256->260
[2024-07-18T16:19:10.654+0800][info][gc,heap        ] GC(109) Archive regions: 0->0
[2024-07-18T16:19:10.654+0800][info][gc,heap        ] GC(109) Humongous regions: 183->181
[2024-07-18T16:19:10.654+0800][info][gc,metaspace   ] GC(109) Metaspace: 194K(384K)->194K(384K) NonClass: 186K(256K)->186K(256K) Class: 7K(128K)->7K(128K)
[2024-07-18T16:19:10.654+0800][info][gc             ] GC(109) Pause Young (Concurrent Start) (G1 Humongous Allocation) 420M->415M(512M) 0.844ms
[2024-07-18T16:19:10.654+0800][info][gc,cpu         ] GC(109) User=0.00s Sys=0.00s Real=0.00s
[2024-07-18T16:19:10.654+0800][info][gc             ] GC(110) Concurrent Mark Cycle
[2024-07-18T16:19:10.654+0800][info][gc,marking     ] GC(110) Concurrent Clear Claimed Marks
[2024-07-18T16:19:10.654+0800][info][gc,marking     ] GC(110) Concurrent Clear Claimed Marks 0.011ms
[2024-07-18T16:19:10.654+0800][info][gc,marking     ] GC(110) Concurrent Scan Root Regions
[2024-07-18T16:19:10.654+0800][info][gc,marking     ] GC(110) Concurrent Scan Root Regions 0.027ms
[2024-07-18T16:19:10.654+0800][info][gc,marking     ] GC(110) Concurrent Mark
[2024-07-18T16:19:10.654+0800][info][gc,marking     ] GC(110) Concurrent Mark From Roots
[2024-07-18T16:19:10.654+0800][info][gc,task        ] GC(110) Using 3 workers of 3 for marking
[2024-07-18T16:19:10.654+0800][info][gc,marking     ] GC(110) Concurrent Mark From Roots 0.717ms
[2024-07-18T16:19:10.654+0800][info][gc,marking     ] GC(110) Concurrent Preclean
[2024-07-18T16:19:10.654+0800][info][gc,marking     ] GC(110) Concurrent Preclean 0.059ms
[2024-07-18T16:19:10.654+0800][info][gc,start       ] GC(110) Pause Remark
[2024-07-18T16:19:10.654+0800][info][gc             ] GC(110) Pause Remark 431M->431M(512M) 0.197ms
[2024-07-18T16:19:10.654+0800][info][gc,cpu         ] GC(110) User=0.00s Sys=0.00s Real=0.00s
[2024-07-18T16:19:10.654+0800][info][gc,marking     ] GC(110) Concurrent Mark 1.062ms
[2024-07-18T16:19:10.654+0800][info][gc,marking     ] GC(110) Concurrent Rebuild Remembered Sets
[2024-07-18T16:19:10.656+0800][info][gc,marking     ] GC(110) Concurrent Rebuild Remembered Sets 0.523ms
[2024-07-18T16:19:10.656+0800][info][gc,start       ] GC(110) Pause Cleanup
[2024-07-18T16:19:10.656+0800][info][gc             ] GC(110) Pause Cleanup 439M->439M(512M) 0.092ms
[2024-07-18T16:19:10.656+0800][info][gc,cpu         ] GC(110) User=0.00s Sys=0.00s Real=0.00s
[2024-07-18T16:19:10.656+0800][info][gc,marking     ] GC(110) Concurrent Cleanup for Next Mark
[2024-07-18T16:19:10.656+0800][info][gc,marking     ] GC(110) Concurrent Cleanup for Next Mark 0.445ms
[2024-07-18T16:19:10.656+0800][info][gc             ] GC(110) Concurrent Mark Cycle 2.347ms
[2024-07-18T16:19:10.656+0800][info][gc,start       ] GC(111) Pause Young (Prepare Mixed) (G1 Evacuation Pause)
[2024-07-18T16:19:10.656+0800][info][gc,task        ] GC(111) Using 12 workers of 13 for evacuation
[2024-07-18T16:19:10.659+0800][info][gc,phases      ] GC(111)   Pre Evacuate Collection Set: 0.0ms
[2024-07-18T16:19:10.659+0800][info][gc,phases      ] GC(111)   Merge Heap Roots: 0.1ms
[2024-07-18T16:19:10.659+0800][info][gc,phases      ] GC(111)   Evacuate Collection Set: 0.8ms
[2024-07-18T16:19:10.659+0800][info][gc,phases      ] GC(111)   Post Evacuate Collection Set: 0.1ms
[2024-07-18T16:19:10.659+0800][info][gc,phases      ] GC(111)   Other: 0.1ms
[2024-07-18T16:19:10.659+0800][info][gc,heap        ] GC(111) Eden regions: 24->0(21)
[2024-07-18T16:19:10.659+0800][info][gc,heap        ] GC(111) Survivor regions: 1->4(4)
[2024-07-18T16:19:10.659+0800][info][gc,heap        ] GC(111) Old regions: 260->267
[2024-07-18T16:19:10.659+0800][info][gc,heap        ] GC(111) Archive regions: 0->0
[2024-07-18T16:19:10.659+0800][info][gc,heap        ] GC(111) Humongous regions: 197->184
[2024-07-18T16:19:10.659+0800][info][gc,metaspace   ] GC(111) Metaspace: 194K(384K)->194K(384K) NonClass: 186K(256K)->186K(256K) Class: 7K(128K)->7K(128K)
[2024-07-18T16:19:10.659+0800][info][gc             ] GC(111) Pause Young (Prepare Mixed) (G1 Evacuation Pause) 455M->428M(512M) 1.140ms
[2024-07-18T16:19:10.659+0800][info][gc,cpu         ] GC(111) User=0.00s Sys=0.00s Real=0.00s
[2024-07-18T16:19:10.659+0800][info][gc,start       ] GC(112) Pause Young (Mixed) (G1 Evacuation Pause)
[2024-07-18T16:19:10.659+0800][info][gc,task        ] GC(112) Using 12 workers of 13 for evacuation
[2024-07-18T16:19:10.662+0800][info][gc             ] GC(112) To-space exhausted
[2024-07-18T16:19:10.662+0800][info][gc,phases      ] GC(112)   Pre Evacuate Collection Set: 0.0ms
[2024-07-18T16:19:10.662+0800][info][gc,phases      ] GC(112)   Merge Heap Roots: 0.0ms
[2024-07-18T16:19:10.662+0800][info][gc,phases      ] GC(112)   Evacuate Collection Set: 1.5ms
[2024-07-18T16:19:10.662+0800][info][gc,phases      ] GC(112)   Post Evacuate Collection Set: 0.1ms
[2024-07-18T16:19:10.662+0800][info][gc,phases      ] GC(112)   Other: 0.1ms
[2024-07-18T16:19:10.662+0800][info][gc,heap        ] GC(112) Eden regions: 21->0(21)
[2024-07-18T16:19:10.662+0800][info][gc,heap        ] GC(112) Survivor regions: 4->4(4)
[2024-07-18T16:19:10.662+0800][info][gc,heap        ] GC(112) Old regions: 267->267
[2024-07-18T16:19:10.662+0800][info][gc,heap        ] GC(112) Archive regions: 0->0
[2024-07-18T16:19:10.662+0800][info][gc,heap        ] GC(112) Humongous regions: 200->186
[2024-07-18T16:19:10.662+0800][info][gc,metaspace   ] GC(112) Metaspace: 194K(384K)->194K(384K) NonClass: 186K(256K)->186K(256K) Class: 7K(128K)->7K(128K)
[2024-07-18T16:19:10.662+0800][info][gc             ] GC(112) Pause Young (Mixed) (G1 Evacuation Pause) 465M->434M(512M) 1.884ms
[2024-07-18T16:19:10.662+0800][info][gc,cpu         ] GC(112) User=0.00s Sys=0.00s Real=0.00s
[2024-07-18T16:19:10.664+0800][info][gc,start       ] GC(113) Pause Young (Concurrent Start) (G1 Humongous Allocation)
[2024-07-18T16:19:10.664+0800][info][gc,task        ] GC(113) Using 12 workers of 13 for evacuation
[2024-07-18T16:19:10.664+0800][info][gc,phases      ] GC(113)   Pre Evacuate Collection Set: 0.0ms
[2024-07-18T16:19:10.664+0800][info][gc,phases      ] GC(113)   Merge Heap Roots: 0.0ms
[2024-07-18T16:19:10.664+0800][info][gc,phases      ] GC(113)   Evacuate Collection Set: 0.5ms
[2024-07-18T16:19:10.664+0800][info][gc,phases      ] GC(113)   Post Evacuate Collection Set: 0.1ms
[2024-07-18T16:19:10.664+0800][info][gc,phases      ] GC(113)   Other: 0.1ms
[2024-07-18T16:19:10.664+0800][info][gc,heap        ] GC(113) Eden regions: 2->0(24)
[2024-07-18T16:19:10.664+0800][info][gc,heap        ] GC(113) Survivor regions: 4->1(4)
[2024-07-18T16:19:10.664+0800][info][gc,heap        ] GC(113) Old regions: 267->271
[2024-07-18T16:19:10.664+0800][info][gc,heap        ] GC(113) Archive regions: 0->0
[2024-07-18T16:19:10.664+0800][info][gc,heap        ] GC(113) Humongous regions: 186->186
[2024-07-18T16:19:10.664+0800][info][gc,metaspace   ] GC(113) Metaspace: 194K(384K)->194K(384K) NonClass: 186K(256K)->186K(256K) Class: 7K(128K)->7K(128K)
[2024-07-18T16:19:10.664+0800][info][gc             ] GC(113) Pause Young (Concurrent Start) (G1 Humongous Allocation) 436M->434M(512M) 0.836ms
[2024-07-18T16:19:10.664+0800][info][gc,cpu         ] GC(113) User=0.00s Sys=0.00s Real=0.00s
[2024-07-18T16:19:10.664+0800][info][gc             ] GC(114) Concurrent Mark Cycle
[2024-07-18T16:19:10.664+0800][info][gc,marking     ] GC(114) Concurrent Clear Claimed Marks
[2024-07-18T16:19:10.664+0800][info][gc,marking     ] GC(114) Concurrent Clear Claimed Marks 0.011ms
[2024-07-18T16:19:10.664+0800][info][gc,marking     ] GC(114) Concurrent Scan Root Regions
[2024-07-18T16:19:10.664+0800][info][gc,marking     ] GC(114) Concurrent Scan Root Regions 0.030ms
[2024-07-18T16:19:10.664+0800][info][gc,marking     ] GC(114) Concurrent Mark
[2024-07-18T16:19:10.664+0800][info][gc,marking     ] GC(114) Concurrent Mark From Roots
[2024-07-18T16:19:10.664+0800][info][gc,task        ] GC(114) Using 3 workers of 3 for marking
[2024-07-18T16:19:10.664+0800][info][gc,marking     ] GC(114) Concurrent Mark From Roots 0.836ms
[2024-07-18T16:19:10.664+0800][info][gc,marking     ] GC(114) Concurrent Preclean
[2024-07-18T16:19:10.664+0800][info][gc,marking     ] GC(114) Concurrent Preclean 0.098ms
[2024-07-18T16:19:10.664+0800][info][gc,start       ] GC(114) Pause Remark
[2024-07-18T16:19:10.664+0800][info][gc             ] GC(114) Pause Remark 452M->452M(512M) 0.241ms
[2024-07-18T16:19:10.664+0800][info][gc,cpu         ] GC(114) User=0.00s Sys=0.00s Real=0.00s
[2024-07-18T16:19:10.664+0800][info][gc,marking     ] GC(114) Concurrent Mark 1.304ms
[2024-07-18T16:19:10.664+0800][info][gc,marking     ] GC(114) Concurrent Rebuild Remembered Sets
[2024-07-18T16:19:10.664+0800][info][gc,marking     ] GC(114) Concurrent Rebuild Remembered Sets 0.545ms
[2024-07-18T16:19:10.664+0800][info][gc,start       ] GC(114) Pause Cleanup
[2024-07-18T16:19:10.664+0800][info][gc             ] GC(114) Pause Cleanup 459M->459M(512M) 0.112ms
[2024-07-18T16:19:10.664+0800][info][gc,cpu         ] GC(114) User=0.00s Sys=0.00s Real=0.00s
[2024-07-18T16:19:10.664+0800][info][gc,marking     ] GC(114) Concurrent Cleanup for Next Mark
[2024-07-18T16:19:10.664+0800][info][gc,marking     ] GC(114) Concurrent Cleanup for Next Mark 0.488ms
[2024-07-18T16:19:10.664+0800][info][gc             ] GC(114) Concurrent Mark Cycle 2.685ms
[2024-07-18T16:19:10.668+0800][info][gc,start       ] GC(115) Pause Young (Prepare Mixed) (G1 Evacuation Pause)
[2024-07-18T16:19:10.668+0800][info][gc,task        ] GC(115) Using 12 workers of 13 for evacuation
[2024-07-18T16:19:10.669+0800][info][gc,phases      ] GC(115)   Pre Evacuate Collection Set: 0.0ms
[2024-07-18T16:19:10.669+0800][info][gc,phases      ] GC(115)   Merge Heap Roots: 0.1ms
[2024-07-18T16:19:10.669+0800][info][gc,phases      ] GC(115)   Evacuate Collection Set: 1.1ms
[2024-07-18T16:19:10.669+0800][info][gc,phases      ] GC(115)   Post Evacuate Collection Set: 0.1ms
[2024-07-18T16:19:10.669+0800][info][gc,phases      ] GC(115)   Other: 0.1ms
[2024-07-18T16:19:10.669+0800][info][gc,heap        ] GC(115) Eden regions: 24->0(21)
[2024-07-18T16:19:10.669+0800][info][gc,heap        ] GC(115) Survivor regions: 1->4(4)
[2024-07-18T16:19:10.669+0800][info][gc,heap        ] GC(115) Old regions: 271->281
[2024-07-18T16:19:10.669+0800][info][gc,heap        ] GC(115) Archive regions: 0->0
[2024-07-18T16:19:10.669+0800][info][gc,heap        ] GC(115) Humongous regions: 200->181
[2024-07-18T16:19:10.669+0800][info][gc,metaspace   ] GC(115) Metaspace: 194K(384K)->194K(384K) NonClass: 186K(256K)->186K(256K) Class: 7K(128K)->7K(128K)
[2024-07-18T16:19:10.669+0800][info][gc             ] GC(115) Pause Young (Prepare Mixed) (G1 Evacuation Pause) 472M->442M(512M) 1.484ms
[2024-07-18T16:19:10.669+0800][info][gc,cpu         ] GC(115) User=0.00s Sys=0.00s Real=0.00s
[2024-07-18T16:19:10.670+0800][info][gc,start       ] GC(116) Pause Young (Mixed) (G1 Preventive Collection)
[2024-07-18T16:19:10.670+0800][info][gc,task        ] GC(116) Using 12 workers of 13 for evacuation
[2024-07-18T16:19:10.672+0800][info][gc             ] GC(116) To-space exhausted
[2024-07-18T16:19:10.672+0800][info][gc,phases      ] GC(116)   Pre Evacuate Collection Set: 0.0ms
[2024-07-18T16:19:10.672+0800][info][gc,phases      ] GC(116)   Merge Heap Roots: 0.0ms
[2024-07-18T16:19:10.672+0800][info][gc,phases      ] GC(116)   Evacuate Collection Set: 1.4ms
[2024-07-18T16:19:10.672+0800][info][gc,phases      ] GC(116)   Post Evacuate Collection Set: 0.1ms
[2024-07-18T16:19:10.672+0800][info][gc,phases      ] GC(116)   Other: 0.1ms
[2024-07-18T16:19:10.672+0800][info][gc,heap        ] GC(116) Eden regions: 20->0(22)
[2024-07-18T16:19:10.672+0800][info][gc,heap        ] GC(116) Survivor regions: 4->3(4)
[2024-07-18T16:19:10.672+0800][info][gc,heap        ] GC(116) Old regions: 281->298
[2024-07-18T16:19:10.672+0800][info][gc,heap        ] GC(116) Archive regions: 0->0
[2024-07-18T16:19:10.672+0800][info][gc,heap        ] GC(116) Humongous regions: 189->180
[2024-07-18T16:19:10.672+0800][info][gc,metaspace   ] GC(116) Metaspace: 194K(384K)->194K(384K) NonClass: 186K(256K)->186K(256K) Class: 7K(128K)->7K(128K)
[2024-07-18T16:19:10.672+0800][info][gc             ] GC(116) Pause Young (Mixed) (G1 Preventive Collection) 470M->459M(512M) 1.772ms
[2024-07-18T16:19:10.672+0800][info][gc,cpu         ] GC(116) User=0.00s Sys=0.00s Real=0.00s
[2024-07-18T16:19:10.672+0800][info][gc,start       ] GC(117) Pause Young (Concurrent Start) (G1 Humongous Allocation)
[2024-07-18T16:19:10.672+0800][info][gc,task        ] GC(117) Using 12 workers of 13 for evacuation
[2024-07-18T16:19:10.672+0800][info][gc,phases      ] GC(117)   Pre Evacuate Collection Set: 0.0ms
[2024-07-18T16:19:10.672+0800][info][gc,phases      ] GC(117)   Merge Heap Roots: 0.0ms
[2024-07-18T16:19:10.672+0800][info][gc,phases      ] GC(117)   Evacuate Collection Set: 0.4ms
[2024-07-18T16:19:10.672+0800][info][gc,phases      ] GC(117)   Post Evacuate Collection Set: 0.1ms
[2024-07-18T16:19:10.672+0800][info][gc,phases      ] GC(117)   Other: 0.1ms
[2024-07-18T16:19:10.672+0800][info][gc,heap        ] GC(117) Eden regions: 4->0(23)
[2024-07-18T16:19:10.672+0800][info][gc,heap        ] GC(117) Survivor regions: 3->2(4)
[2024-07-18T16:19:10.672+0800][info][gc,heap        ] GC(117) Old regions: 298->301
[2024-07-18T16:19:10.672+0800][info][gc,heap        ] GC(117) Archive regions: 0->0
[2024-07-18T16:19:10.672+0800][info][gc,heap        ] GC(117) Humongous regions: 180->180
[2024-07-18T16:19:10.672+0800][info][gc,metaspace   ] GC(117) Metaspace: 194K(384K)->194K(384K) NonClass: 186K(256K)->186K(256K) Class: 7K(128K)->7K(128K)
[2024-07-18T16:19:10.672+0800][info][gc             ] GC(117) Pause Young (Concurrent Start) (G1 Humongous Allocation) 462M->460M(512M) 0.685ms
[2024-07-18T16:19:10.672+0800][info][gc,cpu         ] GC(117) User=0.00s Sys=0.00s Real=0.00s
[2024-07-18T16:19:10.672+0800][info][gc             ] GC(118) Concurrent Mark Cycle
[2024-07-18T16:19:10.672+0800][info][gc,marking     ] GC(118) Concurrent Clear Claimed Marks
[2024-07-18T16:19:10.672+0800][info][gc,marking     ] GC(118) Concurrent Clear Claimed Marks 0.012ms
[2024-07-18T16:19:10.672+0800][info][gc,marking     ] GC(118) Concurrent Scan Root Regions
[2024-07-18T16:19:10.672+0800][info][gc,marking     ] GC(118) Concurrent Scan Root Regions 0.034ms
[2024-07-18T16:19:10.672+0800][info][gc,marking     ] GC(118) Concurrent Mark
[2024-07-18T16:19:10.672+0800][info][gc,marking     ] GC(118) Concurrent Mark From Roots
[2024-07-18T16:19:10.672+0800][info][gc,task        ] GC(118) Using 3 workers of 3 for marking
[2024-07-18T16:19:10.672+0800][info][gc,marking     ] GC(118) Concurrent Mark From Roots 0.788ms
[2024-07-18T16:19:10.672+0800][info][gc,marking     ] GC(118) Concurrent Preclean
[2024-07-18T16:19:10.672+0800][info][gc,marking     ] GC(118) Concurrent Preclean 0.059ms
[2024-07-18T16:19:10.672+0800][info][gc,start       ] GC(118) Pause Remark
[2024-07-18T16:19:10.672+0800][info][gc             ] GC(118) Pause Remark 474M->474M(512M) 0.240ms
[2024-07-18T16:19:10.672+0800][info][gc,cpu         ] GC(118) User=0.00s Sys=0.00s Real=0.00s
[2024-07-18T16:19:10.672+0800][info][gc,marking     ] GC(118) Concurrent Mark 1.201ms
[2024-07-18T16:19:10.672+0800][info][gc,marking     ] GC(118) Concurrent Rebuild Remembered Sets
[2024-07-18T16:19:10.672+0800][info][gc,marking     ] GC(118) Concurrent Rebuild Remembered Sets 0.502ms
[2024-07-18T16:19:10.672+0800][info][gc,start       ] GC(118) Pause Cleanup
[2024-07-18T16:19:10.672+0800][info][gc             ] GC(118) Pause Cleanup 481M->481M(512M) 0.100ms
[2024-07-18T16:19:10.672+0800][info][gc,cpu         ] GC(118) User=0.00s Sys=0.00s Real=0.00s
[2024-07-18T16:19:10.672+0800][info][gc,marking     ] GC(118) Concurrent Cleanup for Next Mark
[2024-07-18T16:19:10.672+0800][info][gc,start       ] GC(119) Pause Young (Prepare Mixed) (G1 Preventive Collection)
[2024-07-18T16:19:10.672+0800][info][gc,task        ] GC(119) Using 12 workers of 13 for evacuation
[2024-07-18T16:19:10.672+0800][info][gc,phases      ] GC(119)   Pre Evacuate Collection Set: 0.0ms
[2024-07-18T16:19:10.672+0800][info][gc,phases      ] GC(119)   Merge Heap Roots: 0.1ms
[2024-07-18T16:19:10.672+0800][info][gc,phases      ] GC(119)   Evacuate Collection Set: 0.5ms
[2024-07-18T16:19:10.672+0800][info][gc,phases      ] GC(119)   Post Evacuate Collection Set: 0.1ms
[2024-07-18T16:19:10.672+0800][info][gc,phases      ] GC(119)   Other: 0.0ms
[2024-07-18T16:19:10.672+0800][info][gc,heap        ] GC(119) Eden regions: 15->0(21)
[2024-07-18T16:19:10.672+0800][info][gc,heap        ] GC(119) Survivor regions: 2->4(4)
[2024-07-18T16:19:10.672+0800][info][gc,heap        ] GC(119) Old regions: 301->305
[2024-07-18T16:19:10.672+0800][info][gc,heap        ] GC(119) Archive regions: 0->0
[2024-07-18T16:19:10.672+0800][info][gc,heap        ] GC(119) Humongous regions: 186->178
[2024-07-18T16:19:10.672+0800][info][gc,metaspace   ] GC(119) Metaspace: 194K(384K)->194K(384K) NonClass: 186K(256K)->186K(256K) Class: 7K(128K)->7K(128K)
[2024-07-18T16:19:10.672+0800][info][gc             ] GC(119) Pause Young (Prepare Mixed) (G1 Preventive Collection) 481M->464M(512M) 0.840ms
[2024-07-18T16:19:10.672+0800][info][gc,cpu         ] GC(119) User=0.00s Sys=0.00s Real=0.00s
[2024-07-18T16:19:10.672+0800][info][gc,marking     ] GC(118) Concurrent Cleanup for Next Mark 1.295ms
[2024-07-18T16:19:10.672+0800][info][gc             ] GC(118) Concurrent Mark Cycle 3.319ms
[2024-07-18T16:19:10.672+0800][info][gc,start       ] GC(120) Pause Young (Mixed) (G1 Preventive Collection)
[2024-07-18T16:19:10.672+0800][info][gc,task        ] GC(120) Using 12 workers of 13 for evacuation
[2024-07-18T16:19:10.672+0800][info][gc             ] GC(120) To-space exhausted
[2024-07-18T16:19:10.672+0800][info][gc,phases      ] GC(120)   Pre Evacuate Collection Set: 0.0ms
[2024-07-18T16:19:10.672+0800][info][gc,phases      ] GC(120)   Merge Heap Roots: 0.0ms
[2024-07-18T16:19:10.672+0800][info][gc,phases      ] GC(120)   Evacuate Collection Set: 0.8ms
[2024-07-18T16:19:10.672+0800][info][gc,phases      ] GC(120)   Post Evacuate Collection Set: 0.2ms
[2024-07-18T16:19:10.672+0800][info][gc,phases      ] GC(120)   Other: 0.1ms
[2024-07-18T16:19:10.672+0800][info][gc,heap        ] GC(120) Eden regions: 9->0(22)
[2024-07-18T16:19:10.672+0800][info][gc,heap        ] GC(120) Survivor regions: 4->3(4)
[2024-07-18T16:19:10.672+0800][info][gc,heap        ] GC(120) Old regions: 305->305
[2024-07-18T16:19:10.672+0800][info][gc,heap        ] GC(120) Archive regions: 0->0
[2024-07-18T16:19:10.672+0800][info][gc,heap        ] GC(120) Humongous regions: 184->178
[2024-07-18T16:19:10.672+0800][info][gc,metaspace   ] GC(120) Metaspace: 194K(384K)->194K(384K) NonClass: 186K(256K)->186K(256K) Class: 7K(128K)->7K(128K)
[2024-07-18T16:19:10.672+0800][info][gc             ] GC(120) Pause Young (Mixed) (G1 Preventive Collection) 479M->465M(512M) 1.204ms
[2024-07-18T16:19:10.672+0800][info][gc,cpu         ] GC(120) User=0.00s Sys=0.00s Real=0.00s
[2024-07-18T16:19:10.672+0800][info][gc,start       ] GC(121) Pause Young (Mixed) (G1 Preventive Collection)
[2024-07-18T16:19:10.672+0800][info][gc,task        ] GC(121) Using 12 workers of 13 for evacuation
[2024-07-18T16:19:10.682+0800][info][gc             ] GC(121) To-space exhausted
[2024-07-18T16:19:10.682+0800][info][gc,phases      ] GC(121)   Pre Evacuate Collection Set: 0.0ms
[2024-07-18T16:19:10.682+0800][info][gc,phases      ] GC(121)   Merge Heap Roots: 0.0ms
[2024-07-18T16:19:10.682+0800][info][gc,phases      ] GC(121)   Evacuate Collection Set: 1.1ms
[2024-07-18T16:19:10.682+0800][info][gc,phases      ] GC(121)   Post Evacuate Collection Set: 0.1ms
[2024-07-18T16:19:10.682+0800][info][gc,phases      ] GC(121)   Other: 0.1ms
[2024-07-18T16:19:10.682+0800][info][gc,heap        ] GC(121) Eden regions: 6->0(24)
[2024-07-18T16:19:10.682+0800][info][gc,heap        ] GC(121) Survivor regions: 3->1(4)
[2024-07-18T16:19:10.682+0800][info][gc,heap        ] GC(121) Old regions: 305->314
[2024-07-18T16:19:10.682+0800][info][gc,heap        ] GC(121) Archive regions: 0->0
[2024-07-18T16:19:10.682+0800][info][gc,heap        ] GC(121) Humongous regions: 184->181
[2024-07-18T16:19:10.682+0800][info][gc,metaspace   ] GC(121) Metaspace: 194K(384K)->194K(384K) NonClass: 186K(256K)->186K(256K) Class: 7K(128K)->7K(128K)
[2024-07-18T16:19:10.682+0800][info][gc             ] GC(121) Pause Young (Mixed) (G1 Preventive Collection) 477M->476M(512M) 1.466ms
[2024-07-18T16:19:10.682+0800][info][gc,cpu         ] GC(121) User=0.05s Sys=0.00s Real=0.01s
[2024-07-18T16:19:10.682+0800][info][gc,start       ] GC(122) Pause Young (Concurrent Start) (G1 Humongous Allocation)
[2024-07-18T16:19:10.683+0800][info][gc,task        ] GC(122) Using 12 workers of 13 for evacuation
[2024-07-18T16:19:10.683+0800][info][gc,phases      ] GC(122)   Pre Evacuate Collection Set: 0.0ms
[2024-07-18T16:19:10.683+0800][info][gc,phases      ] GC(122)   Merge Heap Roots: 0.0ms
[2024-07-18T16:19:10.683+0800][info][gc,phases      ] GC(122)   Evacuate Collection Set: 0.4ms
[2024-07-18T16:19:10.683+0800][info][gc,phases      ] GC(122)   Post Evacuate Collection Set: 0.1ms
[2024-07-18T16:19:10.683+0800][info][gc,phases      ] GC(122)   Other: 0.1ms
[2024-07-18T16:19:10.683+0800][info][gc,heap        ] GC(122) Eden regions: 3->0(23)
[2024-07-18T16:19:10.683+0800][info][gc,heap        ] GC(122) Survivor regions: 1->2(4)
[2024-07-18T16:19:10.683+0800][info][gc,heap        ] GC(122) Old regions: 314->314
[2024-07-18T16:19:10.683+0800][info][gc,heap        ] GC(122) Archive regions: 0->0
[2024-07-18T16:19:10.683+0800][info][gc,heap        ] GC(122) Humongous regions: 181->180
[2024-07-18T16:19:10.683+0800][info][gc,metaspace   ] GC(122) Metaspace: 194K(384K)->194K(384K) NonClass: 186K(256K)->186K(256K) Class: 7K(128K)->7K(128K)
[2024-07-18T16:19:10.683+0800][info][gc             ] GC(122) Pause Young (Concurrent Start) (G1 Humongous Allocation) 478M->475M(512M) 0.744ms
[2024-07-18T16:19:10.683+0800][info][gc,cpu         ] GC(122) User=0.00s Sys=0.00s Real=0.00s
[2024-07-18T16:19:10.683+0800][info][gc             ] GC(123) Concurrent Mark Cycle
[2024-07-18T16:19:10.683+0800][info][gc,marking     ] GC(123) Concurrent Clear Claimed Marks
[2024-07-18T16:19:10.683+0800][info][gc,marking     ] GC(123) Concurrent Clear Claimed Marks 0.009ms
[2024-07-18T16:19:10.683+0800][info][gc,marking     ] GC(123) Concurrent Scan Root Regions
[2024-07-18T16:19:10.683+0800][info][gc,marking     ] GC(123) Concurrent Scan Root Regions 0.026ms
[2024-07-18T16:19:10.683+0800][info][gc,marking     ] GC(123) Concurrent Mark
[2024-07-18T16:19:10.683+0800][info][gc,marking     ] GC(123) Concurrent Mark From Roots
[2024-07-18T16:19:10.683+0800][info][gc,task        ] GC(123) Using 3 workers of 3 for marking
[2024-07-18T16:19:10.684+0800][info][gc,start       ] GC(124) Pause Young (Normal) (G1 Preventive Collection)
[2024-07-18T16:19:10.684+0800][info][gc,task        ] GC(124) Using 12 workers of 13 for evacuation
[2024-07-18T16:19:10.684+0800][info][gc,phases      ] GC(124)   Pre Evacuate Collection Set: 0.0ms
[2024-07-18T16:19:10.684+0800][info][gc,phases      ] GC(124)   Merge Heap Roots: 0.0ms
[2024-07-18T16:19:10.684+0800][info][gc,phases      ] GC(124)   Evacuate Collection Set: 0.2ms
[2024-07-18T16:19:10.684+0800][info][gc,phases      ] GC(124)   Post Evacuate Collection Set: 0.1ms
[2024-07-18T16:19:10.684+0800][info][gc,phases      ] GC(124)   Other: 0.1ms
[2024-07-18T16:19:10.684+0800][info][gc,heap        ] GC(124) Eden regions: 6->0(21)
[2024-07-18T16:19:10.684+0800][info][gc,heap        ] GC(124) Survivor regions: 2->4(4)
[2024-07-18T16:19:10.684+0800][info][gc,heap        ] GC(124) Old regions: 314->314
[2024-07-18T16:19:10.684+0800][info][gc,heap        ] GC(124) Archive regions: 0->0
[2024-07-18T16:19:10.684+0800][info][gc,heap        ] GC(124) Humongous regions: 185->181
[2024-07-18T16:19:10.684+0800][info][gc,metaspace   ] GC(124) Metaspace: 194K(384K)->194K(384K) NonClass: 186K(256K)->186K(256K) Class: 7K(128K)->7K(128K)
[2024-07-18T16:19:10.684+0800][info][gc             ] GC(124) Pause Young (Normal) (G1 Preventive Collection) 486M->478M(512M) 0.568ms
[2024-07-18T16:19:10.684+0800][info][gc,cpu         ] GC(124) User=0.00s Sys=0.00s Real=0.00s
[2024-07-18T16:19:10.700+0800][info][gc,start       ] GC(125) Pause Young (Normal) (G1 Preventive Collection)
[2024-07-18T16:19:10.700+0800][info][gc,task        ] GC(125) Using 12 workers of 13 for evacuation
[2024-07-18T16:19:10.701+0800][info][gc,phases      ] GC(125)   Pre Evacuate Collection Set: 0.1ms
[2024-07-18T16:19:10.701+0800][info][gc,phases      ] GC(125)   Merge Heap Roots: 0.0ms
[2024-07-18T16:19:10.701+0800][info][gc,phases      ] GC(125)   Evacuate Collection Set: 0.7ms
[2024-07-18T16:19:10.701+0800][info][gc,phases      ] GC(125)   Post Evacuate Collection Set: 0.2ms
[2024-07-18T16:19:10.701+0800][info][gc,phases      ] GC(125)   Other: 0.1ms
[2024-07-18T16:19:10.701+0800][info][gc,heap        ] GC(125) Eden regions: 4->0(21)
[2024-07-18T16:19:10.701+0800][info][gc,heap        ] GC(125) Survivor regions: 4->4(4)
[2024-07-18T16:19:10.701+0800][info][gc,heap        ] GC(125) Old regions: 314->316
[2024-07-18T16:19:10.701+0800][info][gc,heap        ] GC(125) Archive regions: 0->0
[2024-07-18T16:19:10.701+0800][info][gc,heap        ] GC(125) Humongous regions: 184->182
[2024-07-18T16:19:10.701+0800][info][gc,metaspace   ] GC(125) Metaspace: 194K(384K)->194K(384K) NonClass: 186K(256K)->186K(256K) Class: 7K(128K)->7K(128K)
[2024-07-18T16:19:10.701+0800][info][gc             ] GC(125) Pause Young (Normal) (G1 Preventive Collection) 485M->481M(512M) 1.109ms
[2024-07-18T16:19:10.701+0800][info][gc,cpu         ] GC(125) User=0.00s Sys=0.00s Real=0.00s
[2024-07-18T16:19:10.701+0800][info][gc,marking     ] GC(123) Concurrent Mark From Roots 17.303ms
[2024-07-18T16:19:10.701+0800][info][gc,marking     ] GC(123) Concurrent Preclean
[2024-07-18T16:19:10.701+0800][info][gc,marking     ] GC(123) Concurrent Preclean 0.068ms
[2024-07-18T16:19:10.701+0800][info][gc,start       ] GC(123) Pause Remark
[2024-07-18T16:19:10.701+0800][info][gc             ] GC(123) Pause Remark 483M->483M(512M) 0.337ms
[2024-07-18T16:19:10.701+0800][info][gc,cpu         ] GC(123) User=0.00s Sys=0.00s Real=0.00s
[2024-07-18T16:19:10.701+0800][info][gc,marking     ] GC(123) Concurrent Mark 17.840ms
[2024-07-18T16:19:10.701+0800][info][gc,marking     ] GC(123) Concurrent Rebuild Remembered Sets
[2024-07-18T16:19:10.701+0800][info][gc,start       ] GC(126) Pause Young (Normal) (G1 Preventive Collection)
[2024-07-18T16:19:10.701+0800][info][gc,task        ] GC(126) Using 12 workers of 13 for evacuation
[2024-07-18T16:19:10.701+0800][info][gc,phases      ] GC(126)   Pre Evacuate Collection Set: 0.0ms
[2024-07-18T16:19:10.701+0800][info][gc,phases      ] GC(126)   Merge Heap Roots: 0.1ms
[2024-07-18T16:19:10.701+0800][info][gc,phases      ] GC(126)   Evacuate Collection Set: 0.3ms
[2024-07-18T16:19:10.701+0800][info][gc,phases      ] GC(126)   Post Evacuate Collection Set: 0.1ms
[2024-07-18T16:19:10.701+0800][info][gc,phases      ] GC(126)   Other: 0.1ms
[2024-07-18T16:19:10.701+0800][info][gc,heap        ] GC(126) Eden regions: 3->0(24)
[2024-07-18T16:19:10.701+0800][info][gc,heap        ] GC(126) Survivor regions: 4->1(4)
[2024-07-18T16:19:10.701+0800][info][gc,heap        ] GC(126) Old regions: 316->320
[2024-07-18T16:19:10.701+0800][info][gc,heap        ] GC(126) Archive regions: 0->0
[2024-07-18T16:19:10.701+0800][info][gc,heap        ] GC(126) Humongous regions: 183->181
[2024-07-18T16:19:10.701+0800][info][gc,metaspace   ] GC(126) Metaspace: 194K(384K)->194K(384K) NonClass: 186K(256K)->186K(256K) Class: 7K(128K)->7K(128K)
[2024-07-18T16:19:10.701+0800][info][gc             ] GC(126) Pause Young (Normal) (G1 Preventive Collection) 485M->481M(512M) 0.661ms
[2024-07-18T16:19:10.701+0800][info][gc,cpu         ] GC(126) User=0.00s Sys=0.00s Real=0.00s
[2024-07-18T16:19:10.703+0800][info][gc,marking     ] GC(123) Concurrent Rebuild Remembered Sets 1.500ms
[2024-07-18T16:19:10.703+0800][info][gc,start       ] GC(123) Pause Cleanup
[2024-07-18T16:19:10.703+0800][info][gc             ] GC(123) Pause Cleanup 488M->488M(512M) 0.117ms
[2024-07-18T16:19:10.703+0800][info][gc,cpu         ] GC(123) User=0.00s Sys=0.00s Real=0.00s
[2024-07-18T16:19:10.703+0800][info][gc,marking     ] GC(123) Concurrent Cleanup for Next Mark
[2024-07-18T16:19:10.703+0800][info][gc,start       ] GC(127) Pause Young (Prepare Mixed) (G1 Preventive Collection)
[2024-07-18T16:19:10.703+0800][info][gc,task        ] GC(127) Using 12 workers of 13 for evacuation
[2024-07-18T16:19:10.703+0800][info][gc,phases      ] GC(127)   Pre Evacuate Collection Set: 0.0ms
[2024-07-18T16:19:10.703+0800][info][gc,phases      ] GC(127)   Merge Heap Roots: 0.0ms
[2024-07-18T16:19:10.703+0800][info][gc,phases      ] GC(127)   Evacuate Collection Set: 0.1ms
[2024-07-18T16:19:10.703+0800][info][gc,phases      ] GC(127)   Post Evacuate Collection Set: 0.1ms
[2024-07-18T16:19:10.703+0800][info][gc,phases      ] GC(127)   Other: 0.1ms
[2024-07-18T16:19:10.703+0800][info][gc,heap        ] GC(127) Eden regions: 2->0(23)
[2024-07-18T16:19:10.703+0800][info][gc,heap        ] GC(127) Survivor regions: 1->2(3)
[2024-07-18T16:19:10.703+0800][info][gc,heap        ] GC(127) Old regions: 320->320
[2024-07-18T16:19:10.703+0800][info][gc,heap        ] GC(127) Archive regions: 0->0
[2024-07-18T16:19:10.703+0800][info][gc,heap        ] GC(127) Humongous regions: 186->181
[2024-07-18T16:19:10.703+0800][info][gc,metaspace   ] GC(127) Metaspace: 194K(384K)->194K(384K) NonClass: 186K(256K)->186K(256K) Class: 7K(128K)->7K(128K)
[2024-07-18T16:19:10.703+0800][info][gc             ] GC(127) Pause Young (Prepare Mixed) (G1 Preventive Collection) 488M->482M(512M) 0.393ms
[2024-07-18T16:19:10.703+0800][info][gc,cpu         ] GC(127) User=0.00s Sys=0.00s Real=0.00s
[2024-07-18T16:19:10.704+0800][info][gc,marking     ] GC(123) Concurrent Cleanup for Next Mark 0.791ms
[2024-07-18T16:19:10.704+0800][info][gc             ] GC(123) Concurrent Mark Cycle 20.479ms
[2024-07-18T16:19:10.704+0800][info][gc,start       ] GC(128) Pause Young (Mixed) (G1 Preventive Collection)
[2024-07-18T16:19:10.704+0800][info][gc,task        ] GC(128) Using 12 workers of 13 for evacuation
[2024-07-18T16:19:10.704+0800][info][gc             ] GC(128) To-space exhausted
[2024-07-18T16:19:10.704+0800][info][gc,phases      ] GC(128)   Pre Evacuate Collection Set: 0.0ms
[2024-07-18T16:19:10.704+0800][info][gc,phases      ] GC(128)   Merge Heap Roots: 0.0ms
[2024-07-18T16:19:10.704+0800][info][gc,phases      ] GC(128)   Evacuate Collection Set: 0.3ms
[2024-07-18T16:19:10.704+0800][info][gc,phases      ] GC(128)   Post Evacuate Collection Set: 0.1ms
[2024-07-18T16:19:10.704+0800][info][gc,phases      ] GC(128)   Other: 0.1ms
[2024-07-18T16:19:10.704+0800][info][gc,heap        ] GC(128) Eden regions: 4->0(23)
[2024-07-18T16:19:10.704+0800][info][gc,heap        ] GC(128) Survivor regions: 2->2(4)
[2024-07-18T16:19:10.704+0800][info][gc,heap        ] GC(128) Old regions: 320->313
[2024-07-18T16:19:10.704+0800][info][gc,heap        ] GC(128) Archive regions: 0->0
[2024-07-18T16:19:10.704+0800][info][gc,heap        ] GC(128) Humongous regions: 182->179
[2024-07-18T16:19:10.704+0800][info][gc,metaspace   ] GC(128) Metaspace: 194K(384K)->194K(384K) NonClass: 186K(256K)->186K(256K) Class: 7K(128K)->7K(128K)
[2024-07-18T16:19:10.704+0800][info][gc             ] GC(128) Pause Young (Mixed) (G1 Preventive Collection) 487M->474M(512M) 0.599ms
[2024-07-18T16:19:10.704+0800][info][gc,cpu         ] GC(128) User=0.00s Sys=0.00s Real=0.00s
[2024-07-18T16:19:10.704+0800][info][gc,start       ] GC(129) Pause Young (Mixed) (G1 Preventive Collection)
[2024-07-18T16:19:10.704+0800][info][gc,task        ] GC(129) Using 12 workers of 13 for evacuation
[2024-07-18T16:19:10.706+0800][info][gc             ] GC(129) To-space exhausted
[2024-07-18T16:19:10.706+0800][info][gc,phases      ] GC(129)   Pre Evacuate Collection Set: 0.0ms
[2024-07-18T16:19:10.706+0800][info][gc,phases      ] GC(129)   Merge Heap Roots: 0.0ms
[2024-07-18T16:19:10.706+0800][info][gc,phases      ] GC(129)   Evacuate Collection Set: 0.8ms
[2024-07-18T16:19:10.706+0800][info][gc,phases      ] GC(129)   Post Evacuate Collection Set: 0.2ms
[2024-07-18T16:19:10.706+0800][info][gc,phases      ] GC(129)   Other: 0.1ms
[2024-07-18T16:19:10.706+0800][info][gc,heap        ] GC(129) Eden regions: 5->0(23)
[2024-07-18T16:19:10.706+0800][info][gc,heap        ] GC(129) Survivor regions: 2->2(4)
[2024-07-18T16:19:10.706+0800][info][gc,heap        ] GC(129) Old regions: 313->322
[2024-07-18T16:19:10.706+0800][info][gc,heap        ] GC(129) Archive regions: 0->0
[2024-07-18T16:19:10.706+0800][info][gc,heap        ] GC(129) Humongous regions: 181->179
[2024-07-18T16:19:10.706+0800][info][gc,metaspace   ] GC(129) Metaspace: 194K(384K)->194K(384K) NonClass: 186K(256K)->186K(256K) Class: 7K(128K)->7K(128K)
[2024-07-18T16:19:10.706+0800][info][gc             ] GC(129) Pause Young (Mixed) (G1 Preventive Collection) 480M->483M(512M) 1.243ms
[2024-07-18T16:19:10.706+0800][info][gc,cpu         ] GC(129) User=0.00s Sys=0.00s Real=0.00s
[2024-07-18T16:19:10.706+0800][info][gc,start       ] GC(130) Pause Young (Mixed) (G1 Preventive Collection)
[2024-07-18T16:19:10.706+0800][info][gc,task        ] GC(130) Using 12 workers of 13 for evacuation
[2024-07-18T16:19:10.707+0800][info][gc,phases      ] GC(130)   Pre Evacuate Collection Set: 0.0ms
[2024-07-18T16:19:10.707+0800][info][gc,phases      ] GC(130)   Merge Heap Roots: 0.0ms
[2024-07-18T16:19:10.707+0800][info][gc,phases      ] GC(130)   Evacuate Collection Set: 0.3ms
[2024-07-18T16:19:10.707+0800][info][gc,phases      ] GC(130)   Post Evacuate Collection Set: 0.1ms
[2024-07-18T16:19:10.707+0800][info][gc,phases      ] GC(130)   Other: 0.0ms
[2024-07-18T16:19:10.707+0800][info][gc,heap        ] GC(130) Eden regions: 2->0(22)
[2024-07-18T16:19:10.707+0800][info][gc,heap        ] GC(130) Survivor regions: 2->3(4)
[2024-07-18T16:19:10.707+0800][info][gc,heap        ] GC(130) Old regions: 322->322
[2024-07-18T16:19:10.707+0800][info][gc,heap        ] GC(130) Archive regions: 0->0
[2024-07-18T16:19:10.707+0800][info][gc,heap        ] GC(130) Humongous regions: 180->177
[2024-07-18T16:19:10.707+0800][info][gc,metaspace   ] GC(130) Metaspace: 194K(384K)->194K(384K) NonClass: 186K(256K)->186K(256K) Class: 7K(128K)->7K(128K)
[2024-07-18T16:19:10.707+0800][info][gc             ] GC(130) Pause Young (Mixed) (G1 Preventive Collection) 486M->481M(512M) 0.611ms
[2024-07-18T16:19:10.707+0800][info][gc,cpu         ] GC(130) User=0.00s Sys=0.00s Real=0.00s
[2024-07-18T16:19:10.707+0800][info][gc,start       ] GC(131) Pause Young (Concurrent Start) (G1 Humongous Allocation)
[2024-07-18T16:19:10.707+0800][info][gc,task        ] GC(131) Using 12 workers of 13 for evacuation
[2024-07-18T16:19:10.707+0800][info][gc,phases      ] GC(131)   Pre Evacuate Collection Set: 0.0ms
[2024-07-18T16:19:10.707+0800][info][gc,phases      ] GC(131)   Merge Heap Roots: 0.0ms
[2024-07-18T16:19:10.707+0800][info][gc,phases      ] GC(131)   Evacuate Collection Set: 0.2ms
[2024-07-18T16:19:10.707+0800][info][gc,phases      ] GC(131)   Post Evacuate Collection Set: 0.1ms
[2024-07-18T16:19:10.707+0800][info][gc,phases      ] GC(131)   Other: 0.1ms
[2024-07-18T16:19:10.707+0800][info][gc,heap        ] GC(131) Eden regions: 5->0(22)
[2024-07-18T16:19:10.707+0800][info][gc,heap        ] GC(131) Survivor regions: 3->3(4)
[2024-07-18T16:19:10.707+0800][info][gc,heap        ] GC(131) Old regions: 322->322
[2024-07-18T16:19:10.707+0800][info][gc,heap        ] GC(131) Archive regions: 0->0
[2024-07-18T16:19:10.707+0800][info][gc,heap        ] GC(131) Humongous regions: 177->177
[2024-07-18T16:19:10.707+0800][info][gc,metaspace   ] GC(131) Metaspace: 194K(384K)->194K(384K) NonClass: 186K(256K)->186K(256K) Class: 7K(128K)->7K(128K)
[2024-07-18T16:19:10.707+0800][info][gc             ] GC(131) Pause Young (Concurrent Start) (G1 Humongous Allocation) 485M->482M(512M) 0.445ms
[2024-07-18T16:19:10.707+0800][info][gc,cpu         ] GC(131) User=0.00s Sys=0.00s Real=0.00s
[2024-07-18T16:19:10.707+0800][info][gc             ] GC(132) Concurrent Mark Cycle
[2024-07-18T16:19:10.707+0800][info][gc,marking     ] GC(132) Concurrent Clear Claimed Marks
[2024-07-18T16:19:10.707+0800][info][gc,marking     ] GC(132) Concurrent Clear Claimed Marks 0.009ms
[2024-07-18T16:19:10.707+0800][info][gc,marking     ] GC(132) Concurrent Scan Root Regions
[2024-07-18T16:19:10.707+0800][info][gc,marking     ] GC(132) Concurrent Scan Root Regions 0.024ms
[2024-07-18T16:19:10.707+0800][info][gc,marking     ] GC(132) Concurrent Mark
[2024-07-18T16:19:10.707+0800][info][gc,marking     ] GC(132) Concurrent Mark From Roots
[2024-07-18T16:19:10.707+0800][info][gc,task        ] GC(132) Using 3 workers of 3 for marking
[2024-07-18T16:19:10.709+0800][info][gc,start       ] GC(133) Pause Young (Normal) (G1 Preventive Collection)
[2024-07-18T16:19:10.709+0800][info][gc,task        ] GC(133) Using 12 workers of 13 for evacuation
[2024-07-18T16:19:10.709+0800][info][gc,phases      ] GC(133)   Pre Evacuate Collection Set: 0.0ms
[2024-07-18T16:19:10.709+0800][info][gc,phases      ] GC(133)   Merge Heap Roots: 0.0ms
[2024-07-18T16:19:10.709+0800][info][gc,phases      ] GC(133)   Evacuate Collection Set: 0.3ms
[2024-07-18T16:19:10.709+0800][info][gc,phases      ] GC(133)   Post Evacuate Collection Set: 0.1ms
[2024-07-18T16:19:10.709+0800][info][gc,phases      ] GC(133)   Other: 0.1ms
[2024-07-18T16:19:10.709+0800][info][gc,heap        ] GC(133) Eden regions: 3->0(22)
[2024-07-18T16:19:10.709+0800][info][gc,heap        ] GC(133) Survivor regions: 3->3(4)
[2024-07-18T16:19:10.709+0800][info][gc,heap        ] GC(133) Old regions: 322->323
[2024-07-18T16:19:10.709+0800][info][gc,heap        ] GC(133) Archive regions: 0->0
[2024-07-18T16:19:10.709+0800][info][gc,heap        ] GC(133) Humongous regions: 180->178
[2024-07-18T16:19:10.709+0800][info][gc,metaspace   ] GC(133) Metaspace: 194K(384K)->194K(384K) NonClass: 186K(256K)->186K(256K) Class: 7K(128K)->7K(128K)
[2024-07-18T16:19:10.709+0800][info][gc             ] GC(133) Pause Young (Normal) (G1 Preventive Collection) 488M->484M(512M) 0.593ms
[2024-07-18T16:19:10.709+0800][info][gc,cpu         ] GC(133) User=0.00s Sys=0.00s Real=0.00s
[2024-07-18T16:19:10.710+0800][info][gc,start       ] GC(134) Pause Young (Normal) (G1 Preventive Collection)
[2024-07-18T16:19:10.710+0800][info][gc,task        ] GC(134) Using 12 workers of 13 for evacuation
[2024-07-18T16:19:10.710+0800][info][gc             ] GC(134) To-space exhausted
[2024-07-18T16:19:10.710+0800][info][gc,phases      ] GC(134)   Pre Evacuate Collection Set: 0.0ms
[2024-07-18T16:19:10.710+0800][info][gc,phases      ] GC(134)   Merge Heap Roots: 0.0ms
[2024-07-18T16:19:10.710+0800][info][gc,phases      ] GC(134)   Evacuate Collection Set: 0.2ms
[2024-07-18T16:19:10.710+0800][info][gc,phases      ] GC(134)   Post Evacuate Collection Set: 0.1ms
[2024-07-18T16:19:10.710+0800][info][gc,phases      ] GC(134)   Other: 0.1ms
[2024-07-18T16:19:10.710+0800][info][gc,heap        ] GC(134) Eden regions: 3->0(22)
[2024-07-18T16:19:10.710+0800][info][gc,heap        ] GC(134) Survivor regions: 3->3(4)
[2024-07-18T16:19:10.710+0800][info][gc,heap        ] GC(134) Old regions: 323->326
[2024-07-18T16:19:10.710+0800][info][gc,heap        ] GC(134) Archive regions: 0->0
[2024-07-18T16:19:10.710+0800][info][gc,heap        ] GC(134) Humongous regions: 179->176
[2024-07-18T16:19:10.710+0800][info][gc,metaspace   ] GC(134) Metaspace: 194K(384K)->194K(384K) NonClass: 186K(256K)->186K(256K) Class: 7K(128K)->7K(128K)
[2024-07-18T16:19:10.710+0800][info][gc             ] GC(134) Pause Young (Normal) (G1 Preventive Collection) 488M->485M(512M) 0.425ms
[2024-07-18T16:19:10.710+0800][info][gc,cpu         ] GC(134) User=0.00s Sys=0.00s Real=0.00s
[2024-07-18T16:19:10.710+0800][info][gc,marking     ] GC(132) Concurrent Mark From Roots 1.901ms
[2024-07-18T16:19:10.710+0800][info][gc,marking     ] GC(132) Concurrent Preclean
[2024-07-18T16:19:10.710+0800][info][gc,start       ] GC(135) Pause Young (Normal) (G1 Preventive Collection)
[2024-07-18T16:19:10.710+0800][info][gc,task        ] GC(135) Using 12 workers of 13 for evacuation
[2024-07-18T16:19:10.710+0800][info][gc,phases      ] GC(135)   Pre Evacuate Collection Set: 0.0ms
[2024-07-18T16:19:10.710+0800][info][gc,phases      ] GC(135)   Merge Heap Roots: 0.0ms
[2024-07-18T16:19:10.710+0800][info][gc,phases      ] GC(135)   Evacuate Collection Set: 0.2ms
[2024-07-18T16:19:10.710+0800][info][gc,phases      ] GC(135)   Post Evacuate Collection Set: 0.1ms
[2024-07-18T16:19:10.710+0800][info][gc,phases      ] GC(135)   Other: 0.0ms
[2024-07-18T16:19:10.710+0800][info][gc,heap        ] GC(135) Eden regions: 2->0(22)
[2024-07-18T16:19:10.710+0800][info][gc,heap        ] GC(135) Survivor regions: 3->3(4)
[2024-07-18T16:19:10.710+0800][info][gc,heap        ] GC(135) Old regions: 326->327
[2024-07-18T16:19:10.710+0800][info][gc,heap        ] GC(135) Archive regions: 0->0
[2024-07-18T16:19:10.710+0800][info][gc,heap        ] GC(135) Humongous regions: 176->176
[2024-07-18T16:19:10.710+0800][info][gc,metaspace   ] GC(135) Metaspace: 194K(384K)->194K(384K) NonClass: 186K(256K)->186K(256K) Class: 7K(128K)->7K(128K)
[2024-07-18T16:19:10.710+0800][info][gc             ] GC(135) Pause Young (Normal) (G1 Preventive Collection) 487M->486M(512M) 0.431ms
[2024-07-18T16:19:10.710+0800][info][gc,cpu         ] GC(135) User=0.00s Sys=0.00s Real=0.00s
[2024-07-18T16:19:10.710+0800][info][gc,marking     ] GC(132) Concurrent Preclean 0.520ms
[2024-07-18T16:19:10.710+0800][info][gc,start       ] GC(132) Pause Remark
[2024-07-18T16:19:10.710+0800][info][gc             ] GC(132) Pause Remark 487M->486M(512M) 0.204ms
[2024-07-18T16:19:10.710+0800][info][gc,cpu         ] GC(132) User=0.00s Sys=0.00s Real=0.00s
[2024-07-18T16:19:10.710+0800][info][gc,marking     ] GC(132) Concurrent Mark 2.716ms
[2024-07-18T16:19:10.710+0800][info][gc,marking     ] GC(132) Concurrent Rebuild Remembered Sets
[2024-07-18T16:19:10.710+0800][info][gc,start       ] GC(136) Pause Young (Normal) (G1 Preventive Collection)
[2024-07-18T16:19:10.710+0800][info][gc,task        ] GC(136) Using 12 workers of 13 for evacuation
[2024-07-18T16:19:10.710+0800][info][gc,phases      ] GC(136)   Pre Evacuate Collection Set: 0.0ms
[2024-07-18T16:19:10.710+0800][info][gc,phases      ] GC(136)   Merge Heap Roots: 0.0ms
[2024-07-18T16:19:10.710+0800][info][gc,phases      ] GC(136)   Evacuate Collection Set: 0.2ms
[2024-07-18T16:19:10.710+0800][info][gc,phases      ] GC(136)   Post Evacuate Collection Set: 0.1ms
[2024-07-18T16:19:10.710+0800][info][gc,phases      ] GC(136)   Other: 0.1ms
[2024-07-18T16:19:10.710+0800][info][gc,heap        ] GC(136) Eden regions: 3->0(23)
[2024-07-18T16:19:10.710+0800][info][gc,heap        ] GC(136) Survivor regions: 3->2(4)
[2024-07-18T16:19:10.710+0800][info][gc,heap        ] GC(136) Old regions: 326->328
[2024-07-18T16:19:10.710+0800][info][gc,heap        ] GC(136) Archive regions: 0->0
[2024-07-18T16:19:10.710+0800][info][gc,heap        ] GC(136) Humongous regions: 176->175
[2024-07-18T16:19:10.710+0800][info][gc,metaspace   ] GC(136) Metaspace: 194K(384K)->194K(384K) NonClass: 186K(256K)->186K(256K) Class: 7K(128K)->7K(128K)
[2024-07-18T16:19:10.710+0800][info][gc             ] GC(136) Pause Young (Normal) (G1 Preventive Collection) 488M->485M(512M) 0.458ms
[2024-07-18T16:19:10.710+0800][info][gc,cpu         ] GC(136) User=0.00s Sys=0.00s Real=0.00s
[2024-07-18T16:19:10.710+0800][info][gc,marking     ] GC(132) Concurrent Rebuild Remembered Sets 0.965ms
[2024-07-18T16:19:10.710+0800][info][gc,start       ] GC(132) Pause Cleanup
[2024-07-18T16:19:10.710+0800][info][gc             ] GC(132) Pause Cleanup 487M->487M(512M) 0.115ms
[2024-07-18T16:19:10.710+0800][info][gc,cpu         ] GC(132) User=0.00s Sys=0.00s Real=0.00s
[2024-07-18T16:19:10.710+0800][info][gc,marking     ] GC(132) Concurrent Cleanup for Next Mark
[2024-07-18T16:19:10.713+0800][info][gc,start       ] GC(137) Pause Young (Prepare Mixed) (G1 Preventive Collection)
[2024-07-18T16:19:10.713+0800][info][gc,task        ] GC(137) Using 12 workers of 13 for evacuation
[2024-07-18T16:19:10.713+0800][info][gc,phases      ] GC(137)   Pre Evacuate Collection Set: 0.0ms
[2024-07-18T16:19:10.713+0800][info][gc,phases      ] GC(137)   Merge Heap Roots: 0.0ms
[2024-07-18T16:19:10.713+0800][info][gc,phases      ] GC(137)   Evacuate Collection Set: 0.1ms
[2024-07-18T16:19:10.713+0800][info][gc,phases      ] GC(137)   Post Evacuate Collection Set: 0.1ms
[2024-07-18T16:19:10.713+0800][info][gc,phases      ] GC(137)   Other: 0.0ms
[2024-07-18T16:19:10.713+0800][info][gc,heap        ] GC(137) Eden regions: 3->0(23)
[2024-07-18T16:19:10.713+0800][info][gc,heap        ] GC(137) Survivor regions: 2->2(4)
[2024-07-18T16:19:10.713+0800][info][gc,heap        ] GC(137) Old regions: 328->328
[2024-07-18T16:19:10.713+0800][info][gc,heap        ] GC(137) Archive regions: 0->0
[2024-07-18T16:19:10.713+0800][info][gc,heap        ] GC(137) Humongous regions: 175->175
[2024-07-18T16:19:10.713+0800][info][gc,metaspace   ] GC(137) Metaspace: 194K(384K)->194K(384K) NonClass: 186K(256K)->186K(256K) Class: 7K(128K)->7K(128K)
[2024-07-18T16:19:10.713+0800][info][gc             ] GC(137) Pause Young (Prepare Mixed) (G1 Preventive Collection) 487M->485M(512M) 0.347ms
[2024-07-18T16:19:10.713+0800][info][gc,cpu         ] GC(137) User=0.00s Sys=0.00s Real=0.00s
[2024-07-18T16:19:10.713+0800][info][gc,start       ] GC(138) Pause Young (Mixed) (G1 Preventive Collection)
[2024-07-18T16:19:10.713+0800][info][gc,task        ] GC(138) Using 12 workers of 13 for evacuation
[2024-07-18T16:19:10.713+0800][info][gc             ] GC(138) To-space exhausted
[2024-07-18T16:19:10.713+0800][info][gc,phases      ] GC(138)   Pre Evacuate Collection Set: 0.0ms
[2024-07-18T16:19:10.713+0800][info][gc,phases      ] GC(138)   Merge Heap Roots: 0.0ms
[2024-07-18T16:19:10.713+0800][info][gc,phases      ] GC(138)   Evacuate Collection Set: 0.3ms
[2024-07-18T16:19:10.713+0800][info][gc,phases      ] GC(138)   Post Evacuate Collection Set: 0.1ms
[2024-07-18T16:19:10.713+0800][info][gc,phases      ] GC(138)   Other: 0.1ms
[2024-07-18T16:19:10.713+0800][info][gc,heap        ] GC(138) Eden regions: 1->0(23)
[2024-07-18T16:19:10.713+0800][info][gc,heap        ] GC(138) Survivor regions: 2->2(4)
[2024-07-18T16:19:10.713+0800][info][gc,heap        ] GC(138) Old regions: 328->319
[2024-07-18T16:19:10.713+0800][info][gc,heap        ] GC(138) Archive regions: 0->0
[2024-07-18T16:19:10.713+0800][info][gc,heap        ] GC(138) Humongous regions: 177->174
[2024-07-18T16:19:10.713+0800][info][gc,metaspace   ] GC(138) Metaspace: 194K(384K)->194K(384K) NonClass: 186K(256K)->186K(256K) Class: 7K(128K)->7K(128K)
[2024-07-18T16:19:10.713+0800][info][gc             ] GC(138) Pause Young (Mixed) (G1 Preventive Collection) 488M->477M(512M) 0.567ms
[2024-07-18T16:19:10.713+0800][info][gc,cpu         ] GC(138) User=0.00s Sys=0.00s Real=0.00s
[2024-07-18T16:19:10.713+0800][info][gc,marking     ] GC(132) Concurrent Cleanup for Next Mark 1.373ms
[2024-07-18T16:19:10.713+0800][info][gc             ] GC(132) Concurrent Mark Cycle 5.381ms
[2024-07-18T16:19:10.713+0800][info][gc,start       ] GC(139) Pause Young (Mixed) (G1 Preventive Collection)
[2024-07-18T16:19:10.713+0800][info][gc,task        ] GC(139) Using 12 workers of 13 for evacuation
[2024-07-18T16:19:10.715+0800][info][gc             ] GC(139) To-space exhausted
[2024-07-18T16:19:10.715+0800][info][gc,phases      ] GC(139)   Pre Evacuate Collection Set: 0.0ms
[2024-07-18T16:19:10.715+0800][info][gc,phases      ] GC(139)   Merge Heap Roots: 0.0ms
[2024-07-18T16:19:10.715+0800][info][gc,phases      ] GC(139)   Evacuate Collection Set: 0.8ms
[2024-07-18T16:19:10.715+0800][info][gc,phases      ] GC(139)   Post Evacuate Collection Set: 0.1ms
[2024-07-18T16:19:10.715+0800][info][gc,phases      ] GC(139)   Other: 0.1ms
[2024-07-18T16:19:10.715+0800][info][gc,heap        ] GC(139) Eden regions: 2->0(23)
[2024-07-18T16:19:10.715+0800][info][gc,heap        ] GC(139) Survivor regions: 2->2(4)
[2024-07-18T16:19:10.715+0800][info][gc,heap        ] GC(139) Old regions: 319->319
[2024-07-18T16:19:10.715+0800][info][gc,heap        ] GC(139) Archive regions: 0->0
[2024-07-18T16:19:10.715+0800][info][gc,heap        ] GC(139) Humongous regions: 177->175
[2024-07-18T16:19:10.715+0800][info][gc,metaspace   ] GC(139) Metaspace: 194K(384K)->194K(384K) NonClass: 186K(256K)->186K(256K) Class: 7K(128K)->7K(128K)
[2024-07-18T16:19:10.715+0800][info][gc             ] GC(139) Pause Young (Mixed) (G1 Preventive Collection) 482M->479M(512M) 1.118ms
[2024-07-18T16:19:10.715+0800][info][gc,cpu         ] GC(139) User=0.00s Sys=0.00s Real=0.00s
[2024-07-18T16:19:10.715+0800][info][gc,start       ] GC(140) Pause Young (Mixed) (G1 Preventive Collection)
[2024-07-18T16:19:10.715+0800][info][gc,task        ] GC(140) Using 12 workers of 13 for evacuation
[2024-07-18T16:19:10.716+0800][info][gc,phases      ] GC(140)   Pre Evacuate Collection Set: 0.0ms
[2024-07-18T16:19:10.716+0800][info][gc,phases      ] GC(140)   Merge Heap Roots: 0.0ms
[2024-07-18T16:19:10.716+0800][info][gc,phases      ] GC(140)   Evacuate Collection Set: 1.0ms
[2024-07-18T16:19:10.716+0800][info][gc,phases      ] GC(140)   Post Evacuate Collection Set: 0.1ms
[2024-07-18T16:19:10.716+0800][info][gc,phases      ] GC(140)   Other: 0.0ms
[2024-07-18T16:19:10.716+0800][info][gc,heap        ] GC(140) Eden regions: 0->0(23)
[2024-07-18T16:19:10.716+0800][info][gc,heap        ] GC(140) Survivor regions: 2->2(4)
[2024-07-18T16:19:10.716+0800][info][gc,heap        ] GC(140) Old regions: 319->315
[2024-07-18T16:19:10.716+0800][info][gc,heap        ] GC(140) Archive regions: 0->0
[2024-07-18T16:19:10.716+0800][info][gc,heap        ] GC(140) Humongous regions: 176->176
[2024-07-18T16:19:10.716+0800][info][gc,metaspace   ] GC(140) Metaspace: 194K(384K)->194K(384K) NonClass: 186K(256K)->186K(256K) Class: 7K(128K)->7K(128K)
[2024-07-18T16:19:10.716+0800][info][gc             ] GC(140) Pause Young (Mixed) (G1 Preventive Collection) 480M->477M(512M) 1.237ms
[2024-07-18T16:19:10.716+0800][info][gc,cpu         ] GC(140) User=0.00s Sys=0.00s Real=0.00s
[2024-07-18T16:19:10.716+0800][info][gc,start       ] GC(141) Pause Young (Concurrent Start) (G1 Humongous Allocation)
[2024-07-18T16:19:10.716+0800][info][gc,task        ] GC(141) Using 12 workers of 13 for evacuation
[2024-07-18T16:19:10.716+0800][info][gc,phases      ] GC(141)   Pre Evacuate Collection Set: 0.0ms
[2024-07-18T16:19:10.716+0800][info][gc,phases      ] GC(141)   Merge Heap Roots: 0.0ms
[2024-07-18T16:19:10.716+0800][info][gc,phases      ] GC(141)   Evacuate Collection Set: 0.1ms
[2024-07-18T16:19:10.716+0800][info][gc,phases      ] GC(141)   Post Evacuate Collection Set: 0.1ms
[2024-07-18T16:19:10.716+0800][info][gc,phases      ] GC(141)   Other: 0.1ms
[2024-07-18T16:19:10.716+0800][info][gc,heap        ] GC(141) Eden regions: 2->0(22)
[2024-07-18T16:19:10.716+0800][info][gc,heap        ] GC(141) Survivor regions: 2->3(4)
[2024-07-18T16:19:10.716+0800][info][gc,heap        ] GC(141) Old regions: 315->315
[2024-07-18T16:19:10.716+0800][info][gc,heap        ] GC(141) Archive regions: 0->0
[2024-07-18T16:19:10.716+0800][info][gc,heap        ] GC(141) Humongous regions: 176->176
[2024-07-18T16:19:10.716+0800][info][gc,metaspace   ] GC(141) Metaspace: 194K(384K)->194K(384K) NonClass: 186K(256K)->186K(256K) Class: 7K(128K)->7K(128K)
[2024-07-18T16:19:10.716+0800][info][gc             ] GC(141) Pause Young (Concurrent Start) (G1 Humongous Allocation) 478M->477M(512M) 0.402ms
[2024-07-18T16:19:10.716+0800][info][gc,cpu         ] GC(141) User=0.00s Sys=0.00s Real=0.00s
[2024-07-18T16:19:10.716+0800][info][gc             ] GC(142) Concurrent Mark Cycle
[2024-07-18T16:19:10.716+0800][info][gc,marking     ] GC(142) Concurrent Clear Claimed Marks
[2024-07-18T16:19:10.716+0800][info][gc,marking     ] GC(142) Concurrent Clear Claimed Marks 0.007ms
[2024-07-18T16:19:10.716+0800][info][gc,marking     ] GC(142) Concurrent Scan Root Regions
[2024-07-18T16:19:10.716+0800][info][gc,marking     ] GC(142) Concurrent Scan Root Regions 0.022ms
[2024-07-18T16:19:10.716+0800][info][gc,marking     ] GC(142) Concurrent Mark
[2024-07-18T16:19:10.716+0800][info][gc,marking     ] GC(142) Concurrent Mark From Roots
[2024-07-18T16:19:10.716+0800][info][gc,task        ] GC(142) Using 3 workers of 3 for marking
[2024-07-18T16:19:10.718+0800][info][gc,marking     ] GC(142) Concurrent Mark From Roots 0.822ms
[2024-07-18T16:19:10.718+0800][info][gc,marking     ] GC(142) Concurrent Preclean
[2024-07-18T16:19:10.718+0800][info][gc,start       ] GC(143) Pause Young (Normal) (G1 Preventive Collection)
[2024-07-18T16:19:10.718+0800][info][gc,task        ] GC(143) Using 12 workers of 13 for evacuation
[2024-07-18T16:19:10.718+0800][info][gc,phases      ] GC(143)   Pre Evacuate Collection Set: 0.0ms
[2024-07-18T16:19:10.718+0800][info][gc,phases      ] GC(143)   Merge Heap Roots: 0.0ms
[2024-07-18T16:19:10.718+0800][info][gc,phases      ] GC(143)   Evacuate Collection Set: 0.3ms
[2024-07-18T16:19:10.718+0800][info][gc,phases      ] GC(143)   Post Evacuate Collection Set: 0.1ms
[2024-07-18T16:19:10.718+0800][info][gc,phases      ] GC(143)   Other: 0.1ms
[2024-07-18T16:19:10.718+0800][info][gc,heap        ] GC(143) Eden regions: 8->0(21)
[2024-07-18T16:19:10.718+0800][info][gc,heap        ] GC(143) Survivor regions: 3->4(4)
[2024-07-18T16:19:10.718+0800][info][gc,heap        ] GC(143) Old regions: 315->316
[2024-07-18T16:19:10.718+0800][info][gc,heap        ] GC(143) Archive regions: 0->0
[2024-07-18T16:19:10.718+0800][info][gc,heap        ] GC(143) Humongous regions: 180->173
[2024-07-18T16:19:10.718+0800][info][gc,metaspace   ] GC(143) Metaspace: 194K(384K)->194K(384K) NonClass: 186K(256K)->186K(256K) Class: 7K(128K)->7K(128K)
[2024-07-18T16:19:10.718+0800][info][gc             ] GC(143) Pause Young (Normal) (G1 Preventive Collection) 489M->477M(512M) 0.587ms
[2024-07-18T16:19:10.718+0800][info][gc,cpu         ] GC(143) User=0.00s Sys=0.00s Real=0.00s
[2024-07-18T16:19:10.718+0800][info][gc,marking     ] GC(142) Concurrent Preclean 0.694ms
[2024-07-18T16:19:10.718+0800][info][gc,start       ] GC(142) Pause Remark
[2024-07-18T16:19:10.718+0800][info][gc             ] GC(142) Pause Remark 478M->477M(512M) 0.224ms
[2024-07-18T16:19:10.718+0800][info][gc,cpu         ] GC(142) User=0.00s Sys=0.00s Real=0.00s
[2024-07-18T16:19:10.718+0800][info][gc,marking     ] GC(142) Concurrent Mark 1.832ms
[2024-07-18T16:19:10.718+0800][info][gc,marking     ] GC(142) Concurrent Rebuild Remembered Sets
[2024-07-18T16:19:10.718+0800][info][gc,marking     ] GC(142) Concurrent Rebuild Remembered Sets 0.495ms
[2024-07-18T16:19:10.718+0800][info][gc,start       ] GC(142) Pause Cleanup
[2024-07-18T16:19:10.718+0800][info][gc             ] GC(142) Pause Cleanup 485M->485M(512M) 0.095ms
[2024-07-18T16:19:10.718+0800][info][gc,cpu         ] GC(142) User=0.00s Sys=0.00s Real=0.00s
[2024-07-18T16:19:10.718+0800][info][gc,marking     ] GC(142) Concurrent Cleanup for Next Mark
[2024-07-18T16:19:10.718+0800][info][gc,start       ] GC(144) Pause Young (Prepare Mixed) (G1 Preventive Collection)
[2024-07-18T16:19:10.718+0800][info][gc,task        ] GC(144) Using 12 workers of 13 for evacuation
[2024-07-18T16:19:10.718+0800][info][gc             ] GC(144) To-space exhausted
[2024-07-18T16:19:10.718+0800][info][gc,phases      ] GC(144)   Pre Evacuate Collection Set: 0.0ms
[2024-07-18T16:19:10.718+0800][info][gc,phases      ] GC(144)   Merge Heap Roots: 0.1ms
[2024-07-18T16:19:10.718+0800][info][gc,phases      ] GC(144)   Evacuate Collection Set: 0.5ms
[2024-07-18T16:19:10.718+0800][info][gc,phases      ] GC(144)   Post Evacuate Collection Set: 0.1ms
[2024-07-18T16:19:10.718+0800][info][gc,phases      ] GC(144)   Other: 0.1ms
[2024-07-18T16:19:10.718+0800][info][gc,heap        ] GC(144) Eden regions: 8->0(21)
[2024-07-18T16:19:10.718+0800][info][gc,heap        ] GC(144) Survivor regions: 4->4(4)
[2024-07-18T16:19:10.718+0800][info][gc,heap        ] GC(144) Old regions: 315->324
[2024-07-18T16:19:10.718+0800][info][gc,heap        ] GC(144) Archive regions: 0->0
[2024-07-18T16:19:10.718+0800][info][gc,heap        ] GC(144) Humongous regions: 177->172
[2024-07-18T16:19:10.718+0800][info][gc,metaspace   ] GC(144) Metaspace: 194K(384K)->194K(384K) NonClass: 186K(256K)->186K(256K) Class: 7K(128K)->7K(128K)
[2024-07-18T16:19:10.718+0800][info][gc             ] GC(144) Pause Young (Prepare Mixed) (G1 Preventive Collection) 488M->484M(512M) 0.824ms
[2024-07-18T16:19:10.718+0800][info][gc,cpu         ] GC(144) User=0.00s Sys=0.00s Real=0.00s
[2024-07-18T16:19:10.718+0800][info][gc,marking     ] GC(142) Concurrent Cleanup for Next Mark 1.357ms
[2024-07-18T16:19:10.718+0800][info][gc             ] GC(142) Concurrent Mark Cycle 3.939ms
[2024-07-18T16:19:10.718+0800][info][gc,start       ] GC(145) Pause Young (Mixed) (G1 Preventive Collection)
[2024-07-18T16:19:10.718+0800][info][gc,task        ] GC(145) Using 12 workers of 13 for evacuation
[2024-07-18T16:19:10.718+0800][info][gc             ] GC(145) To-space exhausted
[2024-07-18T16:19:10.718+0800][info][gc,phases      ] GC(145)   Pre Evacuate Collection Set: 0.0ms
[2024-07-18T16:19:10.718+0800][info][gc,phases      ] GC(145)   Merge Heap Roots: 0.0ms
[2024-07-18T16:19:10.718+0800][info][gc,phases      ] GC(145)   Evacuate Collection Set: 0.4ms
[2024-07-18T16:19:10.718+0800][info][gc,phases      ] GC(145)   Post Evacuate Collection Set: 0.1ms
[2024-07-18T16:19:10.718+0800][info][gc,phases      ] GC(145)   Other: 0.1ms
[2024-07-18T16:19:10.718+0800][info][gc,heap        ] GC(145) Eden regions: 4->0(24)
[2024-07-18T16:19:10.718+0800][info][gc,heap        ] GC(145) Survivor regions: 4->1(4)
[2024-07-18T16:19:10.718+0800][info][gc,heap        ] GC(145) Old regions: 324->323
[2024-07-18T16:19:10.718+0800][info][gc,heap        ] GC(145) Archive regions: 0->0
[2024-07-18T16:19:10.718+0800][info][gc,heap        ] GC(145) Humongous regions: 173->170
[2024-07-18T16:19:10.718+0800][info][gc,metaspace   ] GC(145) Metaspace: 194K(384K)->194K(384K) NonClass: 186K(256K)->186K(256K) Class: 7K(128K)->7K(128K)
[2024-07-18T16:19:10.718+0800][info][gc             ] GC(145) Pause Young (Mixed) (G1 Preventive Collection) 489M->480M(512M) 0.695ms
[2024-07-18T16:19:10.718+0800][info][gc,cpu         ] GC(145) User=0.00s Sys=0.00s Real=0.00s
[2024-07-18T16:19:10.723+0800][info][gc,start       ] GC(146) Pause Young (Mixed) (G1 Preventive Collection)
[2024-07-18T16:19:10.723+0800][info][gc,task        ] GC(146) Using 12 workers of 13 for evacuation
[2024-07-18T16:19:10.723+0800][info][gc             ] GC(146) To-space exhausted
[2024-07-18T16:19:10.723+0800][info][gc,phases      ] GC(146)   Pre Evacuate Collection Set: 0.0ms
[2024-07-18T16:19:10.723+0800][info][gc,phases      ] GC(146)   Merge Heap Roots: 0.0ms
[2024-07-18T16:19:10.723+0800][info][gc,phases      ] GC(146)   Evacuate Collection Set: 0.7ms
[2024-07-18T16:19:10.723+0800][info][gc,phases      ] GC(146)   Post Evacuate Collection Set: 0.1ms
[2024-07-18T16:19:10.723+0800][info][gc,phases      ] GC(146)   Other: 0.1ms
[2024-07-18T16:19:10.723+0800][info][gc,heap        ] GC(146) Eden regions: 6->0(22)
[2024-07-18T16:19:10.723+0800][info][gc,heap        ] GC(146) Survivor regions: 1->3(4)
[2024-07-18T16:19:10.723+0800][info][gc,heap        ] GC(146) Old regions: 323->332
[2024-07-18T16:19:10.723+0800][info][gc,heap        ] GC(146) Archive regions: 0->0
[2024-07-18T16:19:10.723+0800][info][gc,heap        ] GC(146) Humongous regions: 172->169
[2024-07-18T16:19:10.723+0800][info][gc,metaspace   ] GC(146) Metaspace: 194K(384K)->194K(384K) NonClass: 186K(256K)->186K(256K) Class: 7K(128K)->7K(128K)
[2024-07-18T16:19:10.723+0800][info][gc             ] GC(146) Pause Young (Mixed) (G1 Preventive Collection) 487M->490M(512M) 1.051ms
[2024-07-18T16:19:10.723+0800][info][gc,cpu         ] GC(146) User=0.00s Sys=0.00s Real=0.00s
[2024-07-18T16:19:10.723+0800][info][gc,start       ] GC(147) Pause Young (Concurrent Start) (G1 Humongous Allocation)
[2024-07-18T16:19:10.723+0800][info][gc,task        ] GC(147) Using 12 workers of 13 for evacuation
[2024-07-18T16:19:10.723+0800][info][gc,phases      ] GC(147)   Pre Evacuate Collection Set: 0.0ms
[2024-07-18T16:19:10.723+0800][info][gc,phases      ] GC(147)   Merge Heap Roots: 0.0ms
[2024-07-18T16:19:10.723+0800][info][gc,phases      ] GC(147)   Evacuate Collection Set: 0.2ms
[2024-07-18T16:19:10.723+0800][info][gc,phases      ] GC(147)   Post Evacuate Collection Set: 0.1ms
[2024-07-18T16:19:10.723+0800][info][gc,phases      ] GC(147)   Other: 0.1ms
[2024-07-18T16:19:10.723+0800][info][gc,heap        ] GC(147) Eden regions: 1->0(22)
[2024-07-18T16:19:10.723+0800][info][gc,heap        ] GC(147) Survivor regions: 3->3(4)
[2024-07-18T16:19:10.723+0800][info][gc,heap        ] GC(147) Old regions: 332->333
[2024-07-18T16:19:10.723+0800][info][gc,heap        ] GC(147) Archive regions: 0->0
[2024-07-18T16:19:10.723+0800][info][gc,heap        ] GC(147) Humongous regions: 169->169
[2024-07-18T16:19:10.723+0800][info][gc,metaspace   ] GC(147) Metaspace: 194K(384K)->194K(384K) NonClass: 186K(256K)->186K(256K) Class: 7K(128K)->7K(128K)
[2024-07-18T16:19:10.723+0800][info][gc             ] GC(147) Pause Young (Concurrent Start) (G1 Humongous Allocation) 490M->490M(512M) 0.415ms
[2024-07-18T16:19:10.723+0800][info][gc,cpu         ] GC(147) User=0.00s Sys=0.00s Real=0.00s
[2024-07-18T16:19:10.723+0800][info][gc             ] GC(148) Concurrent Mark Cycle
[2024-07-18T16:19:10.723+0800][info][gc,marking     ] GC(148) Concurrent Clear Claimed Marks
[2024-07-18T16:19:10.723+0800][info][gc,marking     ] GC(148) Concurrent Clear Claimed Marks 0.007ms
[2024-07-18T16:19:10.723+0800][info][gc,marking     ] GC(148) Concurrent Scan Root Regions
[2024-07-18T16:19:10.723+0800][info][gc,marking     ] GC(148) Concurrent Scan Root Regions 0.022ms
[2024-07-18T16:19:10.723+0800][info][gc,marking     ] GC(148) Concurrent Mark
[2024-07-18T16:19:10.723+0800][info][gc,marking     ] GC(148) Concurrent Mark From Roots
[2024-07-18T16:19:10.723+0800][info][gc,task        ] GC(148) Using 3 workers of 3 for marking
[2024-07-18T16:19:10.723+0800][info][gc,start       ] GC(149) Pause Young (Normal) (G1 Preventive Collection)
[2024-07-18T16:19:10.723+0800][info][gc,task        ] GC(149) Using 12 workers of 13 for evacuation
[2024-07-18T16:19:10.723+0800][info][gc,phases      ] GC(149)   Pre Evacuate Collection Set: 0.0ms
[2024-07-18T16:19:10.723+0800][info][gc,phases      ] GC(149)   Merge Heap Roots: 0.0ms
[2024-07-18T16:19:10.723+0800][info][gc,phases      ] GC(149)   Evacuate Collection Set: 0.4ms
[2024-07-18T16:19:10.723+0800][info][gc,phases      ] GC(149)   Post Evacuate Collection Set: 0.1ms
[2024-07-18T16:19:10.723+0800][info][gc,phases      ] GC(149)   Other: 0.0ms
[2024-07-18T16:19:10.723+0800][info][gc,heap        ] GC(149) Eden regions: 2->0(24)
[2024-07-18T16:19:10.723+0800][info][gc,heap        ] GC(149) Survivor regions: 3->1(4)
[2024-07-18T16:19:10.723+0800][info][gc,heap        ] GC(149) Old regions: 333->335
[2024-07-18T16:19:10.723+0800][info][gc,heap        ] GC(149) Archive regions: 0->0
[2024-07-18T16:19:10.723+0800][info][gc,heap        ] GC(149) Humongous regions: 170->169
[2024-07-18T16:19:10.723+0800][info][gc,metaspace   ] GC(149) Metaspace: 194K(384K)->194K(384K) NonClass: 186K(256K)->186K(256K) Class: 7K(128K)->7K(128K)
[2024-07-18T16:19:10.723+0800][info][gc             ] GC(149) Pause Young (Normal) (G1 Preventive Collection) 493M->490M(512M) 0.640ms
[2024-07-18T16:19:10.723+0800][info][gc,cpu         ] GC(149) User=0.00s Sys=0.00s Real=0.00s
[2024-07-18T16:19:10.723+0800][info][gc,start       ] GC(150) Pause Young (Normal) (G1 Preventive Collection)
[2024-07-18T16:19:10.723+0800][info][gc,task        ] GC(150) Using 12 workers of 13 for evacuation
[2024-07-18T16:19:10.723+0800][info][gc,phases      ] GC(150)   Pre Evacuate Collection Set: 0.0ms
[2024-07-18T16:19:10.723+0800][info][gc,phases      ] GC(150)   Merge Heap Roots: 0.0ms
[2024-07-18T16:19:10.723+0800][info][gc,phases      ] GC(150)   Evacuate Collection Set: 0.1ms
[2024-07-18T16:19:10.723+0800][info][gc,phases      ] GC(150)   Post Evacuate Collection Set: 0.1ms
[2024-07-18T16:19:10.723+0800][info][gc,phases      ] GC(150)   Other: 0.0ms
[2024-07-18T16:19:10.723+0800][info][gc,heap        ] GC(150) Eden regions: 3->0(23)
[2024-07-18T16:19:10.723+0800][info][gc,heap        ] GC(150) Survivor regions: 1->2(2)
[2024-07-18T16:19:10.723+0800][info][gc,heap        ] GC(150) Old regions: 335->335
[2024-07-18T16:19:10.723+0800][info][gc,heap        ] GC(150) Archive regions: 0->0
[2024-07-18T16:19:10.723+0800][info][gc,heap        ] GC(150) Humongous regions: 171->170
[2024-07-18T16:19:10.723+0800][info][gc,metaspace   ] GC(150) Metaspace: 194K(384K)->194K(384K) NonClass: 186K(256K)->186K(256K) Class: 7K(128K)->7K(128K)
[2024-07-18T16:19:10.723+0800][info][gc             ] GC(150) Pause Young (Normal) (G1 Preventive Collection) 494M->492M(512M) 0.293ms
[2024-07-18T16:19:10.723+0800][info][gc,cpu         ] GC(150) User=0.00s Sys=0.00s Real=0.00s
[2024-07-18T16:19:10.723+0800][info][gc,start       ] GC(151) Pause Young (Normal) (G1 Preventive Collection)
[2024-07-18T16:19:10.723+0800][info][gc,task        ] GC(151) Using 12 workers of 13 for evacuation
[2024-07-18T16:19:10.723+0800][info][gc,phases      ] GC(151)   Pre Evacuate Collection Set: 0.0ms
[2024-07-18T16:19:10.723+0800][info][gc,phases      ] GC(151)   Merge Heap Roots: 0.0ms
[2024-07-18T16:19:10.723+0800][info][gc,phases      ] GC(151)   Evacuate Collection Set: 0.1ms
[2024-07-18T16:19:10.723+0800][info][gc,phases      ] GC(151)   Post Evacuate Collection Set: 0.1ms
[2024-07-18T16:19:10.723+0800][info][gc,phases      ] GC(151)   Other: 0.0ms
[2024-07-18T16:19:10.723+0800][info][gc,heap        ] GC(151) Eden regions: 1->0(23)
[2024-07-18T16:19:10.723+0800][info][gc,heap        ] GC(151) Survivor regions: 2->2(3)
[2024-07-18T16:19:10.723+0800][info][gc,heap        ] GC(151) Old regions: 335->335
[2024-07-18T16:19:10.723+0800][info][gc,heap        ] GC(151) Archive regions: 0->0
[2024-07-18T16:19:10.723+0800][info][gc,heap        ] GC(151) Humongous regions: 171->171
[2024-07-18T16:19:10.723+0800][info][gc,metaspace   ] GC(151) Metaspace: 194K(384K)->194K(384K) NonClass: 186K(256K)->186K(256K) Class: 7K(128K)->7K(128K)
[2024-07-18T16:19:10.723+0800][info][gc             ] GC(151) Pause Young (Normal) (G1 Preventive Collection) 493M->493M(512M) 0.262ms
[2024-07-18T16:19:10.723+0800][info][gc,cpu         ] GC(151) User=0.00s Sys=0.00s Real=0.00s
[2024-07-18T16:19:10.723+0800][info][gc,start       ] GC(152) Pause Young (Normal) (G1 Preventive Collection)
[2024-07-18T16:19:10.723+0800][info][gc,task        ] GC(152) Using 12 workers of 13 for evacuation
[2024-07-18T16:19:10.723+0800][info][gc,phases      ] GC(152)   Pre Evacuate Collection Set: 0.0ms
[2024-07-18T16:19:10.723+0800][info][gc,phases      ] GC(152)   Merge Heap Roots: 0.0ms
[2024-07-18T16:19:10.723+0800][info][gc,phases      ] GC(152)   Evacuate Collection Set: 0.1ms
[2024-07-18T16:19:10.723+0800][info][gc,phases      ] GC(152)   Post Evacuate Collection Set: 0.1ms
[2024-07-18T16:19:10.723+0800][info][gc,phases      ] GC(152)   Other: 0.0ms
[2024-07-18T16:19:10.723+0800][info][gc,heap        ] GC(152) Eden regions: 1->0(23)
[2024-07-18T16:19:10.723+0800][info][gc,heap        ] GC(152) Survivor regions: 2->2(2)
[2024-07-18T16:19:10.723+0800][info][gc,heap        ] GC(152) Old regions: 335->335
[2024-07-18T16:19:10.723+0800][info][gc,heap        ] GC(152) Archive regions: 0->0
[2024-07-18T16:19:10.723+0800][info][gc,heap        ] GC(152) Humongous regions: 172->172
[2024-07-18T16:19:10.723+0800][info][gc,metaspace   ] GC(152) Metaspace: 194K(384K)->194K(384K) NonClass: 186K(256K)->186K(256K) Class: 7K(128K)->7K(128K)
[2024-07-18T16:19:10.723+0800][info][gc             ] GC(152) Pause Young (Normal) (G1 Preventive Collection) 495M->494M(512M) 0.349ms
[2024-07-18T16:19:10.723+0800][info][gc,cpu         ] GC(152) User=0.00s Sys=0.00s Real=0.00s
[2024-07-18T16:19:10.732+0800][info][gc,start       ] GC(153) Pause Young (Normal) (G1 Preventive Collection)
[2024-07-18T16:19:10.732+0800][info][gc,task        ] GC(153) Using 12 workers of 13 for evacuation
[2024-07-18T16:19:10.732+0800][info][gc,phases      ] GC(153)   Pre Evacuate Collection Set: 0.0ms
[2024-07-18T16:19:10.732+0800][info][gc,phases      ] GC(153)   Merge Heap Roots: 0.0ms
[2024-07-18T16:19:10.732+0800][info][gc,phases      ] GC(153)   Evacuate Collection Set: 0.1ms
[2024-07-18T16:19:10.732+0800][info][gc,phases      ] GC(153)   Post Evacuate Collection Set: 0.1ms
[2024-07-18T16:19:10.732+0800][info][gc,phases      ] GC(153)   Other: 0.1ms
[2024-07-18T16:19:10.732+0800][info][gc,heap        ] GC(153) Eden regions: 0->0(23)
[2024-07-18T16:19:10.732+0800][info][gc,heap        ] GC(153) Survivor regions: 2->2(2)
[2024-07-18T16:19:10.732+0800][info][gc,heap        ] GC(153) Old regions: 335->335
[2024-07-18T16:19:10.732+0800][info][gc,heap        ] GC(153) Archive regions: 0->0
[2024-07-18T16:19:10.732+0800][info][gc,heap        ] GC(153) Humongous regions: 173->173
[2024-07-18T16:19:10.732+0800][info][gc,metaspace   ] GC(153) Metaspace: 194K(384K)->194K(384K) NonClass: 186K(256K)->186K(256K) Class: 7K(128K)->7K(128K)
[2024-07-18T16:19:10.732+0800][info][gc             ] GC(153) Pause Young (Normal) (G1 Preventive Collection) 495M->495M(512M) 0.515ms
[2024-07-18T16:19:10.732+0800][info][gc,cpu         ] GC(153) User=0.00s Sys=0.00s Real=0.00s
[2024-07-18T16:19:10.732+0800][info][gc,marking     ] GC(148) Concurrent Mark From Roots 7.810ms
[2024-07-18T16:19:10.732+0800][info][gc,marking     ] GC(148) Concurrent Preclean
[2024-07-18T16:19:10.732+0800][info][gc,marking     ] GC(148) Concurrent Preclean 0.096ms
[2024-07-18T16:19:10.732+0800][info][gc,start       ] GC(154) Pause Young (Normal) (G1 Preventive Collection)
[2024-07-18T16:19:10.732+0800][info][gc,task        ] GC(154) Using 12 workers of 13 for evacuation
[2024-07-18T16:19:10.732+0800][info][gc             ] GC(154) To-space exhausted
[2024-07-18T16:19:10.732+0800][info][gc,phases      ] GC(154)   Pre Evacuate Collection Set: 0.0ms
[2024-07-18T16:19:10.732+0800][info][gc,phases      ] GC(154)   Merge Heap Roots: 0.0ms
[2024-07-18T16:19:10.732+0800][info][gc,phases      ] GC(154)   Evacuate Collection Set: 0.2ms
[2024-07-18T16:19:10.732+0800][info][gc,phases      ] GC(154)   Post Evacuate Collection Set: 0.1ms
[2024-07-18T16:19:10.732+0800][info][gc,phases      ] GC(154)   Other: 0.1ms
[2024-07-18T16:19:10.732+0800][info][gc,heap        ] GC(154) Eden regions: 1->0(24)
[2024-07-18T16:19:10.732+0800][info][gc,heap        ] GC(154) Survivor regions: 2->1(1)
[2024-07-18T16:19:10.732+0800][info][gc,heap        ] GC(154) Old regions: 335->337
[2024-07-18T16:19:10.732+0800][info][gc,heap        ] GC(154) Archive regions: 0->0
[2024-07-18T16:19:10.732+0800][info][gc,heap        ] GC(154) Humongous regions: 173->172
[2024-07-18T16:19:10.732+0800][info][gc,metaspace   ] GC(154) Metaspace: 194K(384K)->194K(384K) NonClass: 186K(256K)->186K(256K) Class: 7K(128K)->7K(128K)
[2024-07-18T16:19:10.732+0800][info][gc             ] GC(154) Pause Young (Normal) (G1 Preventive Collection) 496M->496M(512M) 0.579ms
[2024-07-18T16:19:10.732+0800][info][gc,cpu         ] GC(154) User=0.00s Sys=0.00s Real=0.00s
[2024-07-18T16:19:10.732+0800][info][gc,start       ] GC(148) Pause Remark
[2024-07-18T16:19:10.732+0800][info][gc             ] GC(148) Pause Remark 496M->496M(512M) 0.367ms
[2024-07-18T16:19:10.732+0800][info][gc,cpu         ] GC(148) User=0.00s Sys=0.00s Real=0.00s
[2024-07-18T16:19:10.732+0800][info][gc,marking     ] GC(148) Concurrent Mark 9.013ms
[2024-07-18T16:19:10.732+0800][info][gc,marking     ] GC(148) Concurrent Rebuild Remembered Sets
[2024-07-18T16:19:10.732+0800][info][gc,start       ] GC(155) Pause Young (Normal) (G1 Preventive Collection)
[2024-07-18T16:19:10.732+0800][info][gc,task        ] GC(155) Using 12 workers of 13 for evacuation
[2024-07-18T16:19:10.732+0800][info][gc,phases      ] GC(155)   Pre Evacuate Collection Set: 0.0ms
[2024-07-18T16:19:10.732+0800][info][gc,phases      ] GC(155)   Merge Heap Roots: 0.0ms
[2024-07-18T16:19:10.732+0800][info][gc,phases      ] GC(155)   Evacuate Collection Set: 0.1ms
[2024-07-18T16:19:10.732+0800][info][gc,phases      ] GC(155)   Post Evacuate Collection Set: 0.1ms
[2024-07-18T16:19:10.732+0800][info][gc,phases      ] GC(155)   Other: 0.1ms
[2024-07-18T16:19:10.732+0800][info][gc,heap        ] GC(155) Eden regions: 1->0(24)
[2024-07-18T16:19:10.732+0800][info][gc,heap        ] GC(155) Survivor regions: 1->1(1)
[2024-07-18T16:19:10.732+0800][info][gc,heap        ] GC(155) Old regions: 337->337
[2024-07-18T16:19:10.732+0800][info][gc,heap        ] GC(155) Archive regions: 0->0
[2024-07-18T16:19:10.732+0800][info][gc,heap        ] GC(155) Humongous regions: 172->172
[2024-07-18T16:19:10.732+0800][info][gc,metaspace   ] GC(155) Metaspace: 194K(384K)->194K(384K) NonClass: 186K(256K)->186K(256K) Class: 7K(128K)->7K(128K)
[2024-07-18T16:19:10.732+0800][info][gc             ] GC(155) Pause Young (Normal) (G1 Preventive Collection) 496M->495M(512M) 0.440ms
[2024-07-18T16:19:10.732+0800][info][gc,cpu         ] GC(155) User=0.00s Sys=0.00s Real=0.00s
[2024-07-18T16:19:10.732+0800][info][gc,start       ] GC(156) Pause Young (Normal) (G1 Preventive Collection)
[2024-07-18T16:19:10.732+0800][info][gc,task        ] GC(156) Using 12 workers of 13 for evacuation
[2024-07-18T16:19:10.732+0800][info][gc,phases      ] GC(156)   Pre Evacuate Collection Set: 0.0ms
[2024-07-18T16:19:10.732+0800][info][gc,phases      ] GC(156)   Merge Heap Roots: 0.0ms
[2024-07-18T16:19:10.732+0800][info][gc,phases      ] GC(156)   Evacuate Collection Set: 0.1ms
[2024-07-18T16:19:10.732+0800][info][gc,phases      ] GC(156)   Post Evacuate Collection Set: 0.1ms
[2024-07-18T16:19:10.732+0800][info][gc,phases      ] GC(156)   Other: 0.1ms
[2024-07-18T16:19:10.732+0800][info][gc,heap        ] GC(156) Eden regions: 0->0(24)
[2024-07-18T16:19:10.732+0800][info][gc,heap        ] GC(156) Survivor regions: 1->1(1)
[2024-07-18T16:19:10.732+0800][info][gc,heap        ] GC(156) Old regions: 337->337
[2024-07-18T16:19:10.732+0800][info][gc,heap        ] GC(156) Archive regions: 0->0
[2024-07-18T16:19:10.732+0800][info][gc,heap        ] GC(156) Humongous regions: 173->173
[2024-07-18T16:19:10.732+0800][info][gc,metaspace   ] GC(156) Metaspace: 194K(384K)->194K(384K) NonClass: 186K(256K)->186K(256K) Class: 7K(128K)->7K(128K)
[2024-07-18T16:19:10.732+0800][info][gc             ] GC(156) Pause Young (Normal) (G1 Preventive Collection) 496M->496M(512M) 0.358ms
[2024-07-18T16:19:10.732+0800][info][gc,cpu         ] GC(156) User=0.00s Sys=0.00s Real=0.00s
[2024-07-18T16:19:10.732+0800][info][gc,start       ] GC(157) Pause Young (Normal) (G1 Humongous Allocation)
[2024-07-18T16:19:10.732+0800][info][gc,task        ] GC(157) Using 12 workers of 13 for evacuation
[2024-07-18T16:19:10.732+0800][info][gc             ] GC(157) To-space exhausted
[2024-07-18T16:19:10.732+0800][info][gc,phases      ] GC(157)   Pre Evacuate Collection Set: 0.0ms
[2024-07-18T16:19:10.732+0800][info][gc,phases      ] GC(157)   Merge Heap Roots: 0.0ms
[2024-07-18T16:19:10.732+0800][info][gc,phases      ] GC(157)   Evacuate Collection Set: 0.1ms
[2024-07-18T16:19:10.732+0800][info][gc,phases      ] GC(157)   Post Evacuate Collection Set: 0.1ms
[2024-07-18T16:19:10.732+0800][info][gc,phases      ] GC(157)   Other: 0.1ms
[2024-07-18T16:19:10.732+0800][info][gc,heap        ] GC(157) Eden regions: 1->0(25)
[2024-07-18T16:19:10.732+0800][info][gc,heap        ] GC(157) Survivor regions: 1->0(0)
[2024-07-18T16:19:10.732+0800][info][gc,heap        ] GC(157) Old regions: 337->339
[2024-07-18T16:19:10.732+0800][info][gc,heap        ] GC(157) Archive regions: 0->0
[2024-07-18T16:19:10.732+0800][info][gc,heap        ] GC(157) Humongous regions: 173->173
[2024-07-18T16:19:10.732+0800][info][gc,metaspace   ] GC(157) Metaspace: 194K(384K)->194K(384K) NonClass: 186K(256K)->186K(256K) Class: 7K(128K)->7K(128K)
[2024-07-18T16:19:10.732+0800][info][gc             ] GC(157) Pause Young (Normal) (G1 Humongous Allocation) 497M->497M(512M) 0.293ms
[2024-07-18T16:19:10.732+0800][info][gc,cpu         ] GC(157) User=0.00s Sys=0.00s Real=0.00s
[2024-07-18T16:19:10.732+0800][info][gc,ergo        ] Attempting full compaction
[2024-07-18T16:19:10.732+0800][info][gc,task        ] GC(158) Using 12 workers of 13 for full compaction
[2024-07-18T16:19:10.732+0800][info][gc,start       ] GC(158) Pause Full (G1 Compaction Pause)
[2024-07-18T16:19:10.732+0800][info][gc,phases,start] GC(158) Phase 1: Mark live objects
[2024-07-18T16:19:10.732+0800][info][gc,phases      ] GC(158) Phase 1: Mark live objects 0.444ms
[2024-07-18T16:19:10.732+0800][info][gc,phases,start] GC(158) Phase 2: Prepare for compaction
[2024-07-18T16:19:10.732+0800][info][gc,phases      ] GC(158) Phase 2: Prepare for compaction 0.173ms
[2024-07-18T16:19:10.732+0800][info][gc,phases,start] GC(158) Phase 3: Adjust pointers
[2024-07-18T16:19:10.732+0800][info][gc,phases      ] GC(158) Phase 3: Adjust pointers 0.201ms
[2024-07-18T16:19:10.732+0800][info][gc,phases,start] GC(158) Phase 4: Compact heap
[2024-07-18T16:19:10.748+0800][info][gc,phases      ] GC(158) Phase 4: Compact heap 13.816ms
[2024-07-18T16:19:10.748+0800][info][gc,heap        ] GC(158) Eden regions: 0->0(25)
[2024-07-18T16:19:10.748+0800][info][gc,heap        ] GC(158) Survivor regions: 0->0(0)
[2024-07-18T16:19:10.748+0800][info][gc,heap        ] GC(158) Old regions: 339->246
[2024-07-18T16:19:10.748+0800][info][gc,heap        ] GC(158) Archive regions: 0->0
[2024-07-18T16:19:10.748+0800][info][gc,heap        ] GC(158) Humongous regions: 173->173
[2024-07-18T16:19:10.748+0800][info][gc,metaspace   ] GC(158) Metaspace: 194K(384K)->194K(384K) NonClass: 186K(256K)->186K(256K) Class: 7K(128K)->7K(128K)
[2024-07-18T16:19:10.748+0800][info][gc             ] GC(158) Pause Full (G1 Compaction Pause) 497M->391M(512M) 15.546ms
[2024-07-18T16:19:10.748+0800][info][gc,cpu         ] GC(158) User=0.00s Sys=0.00s Real=0.02s
[2024-07-18T16:19:10.748+0800][info][gc,marking     ] GC(148) Concurrent Rebuild Remembered Sets 17.261ms
[2024-07-18T16:19:10.748+0800][info][gc,marking     ] GC(148) Concurrent Mark Abort
[2024-07-18T16:19:10.748+0800][info][gc             ] GC(148) Concurrent Mark Cycle 26.408ms
[2024-07-18T16:19:10.748+0800][info][gc,start       ] GC(159) Pause Young (Concurrent Start) (G1 Humongous Allocation)
[2024-07-18T16:19:10.748+0800][info][gc,task        ] GC(159) Using 12 workers of 13 for evacuation
[2024-07-18T16:19:10.748+0800][info][gc,phases      ] GC(159)   Pre Evacuate Collection Set: 0.0ms
[2024-07-18T16:19:10.748+0800][info][gc,phases      ] GC(159)   Merge Heap Roots: 0.0ms
[2024-07-18T16:19:10.748+0800][info][gc,phases      ] GC(159)   Evacuate Collection Set: 0.1ms
[2024-07-18T16:19:10.748+0800][info][gc,phases      ] GC(159)   Post Evacuate Collection Set: 0.1ms
[2024-07-18T16:19:10.748+0800][info][gc,phases      ] GC(159)   Other: 0.1ms
[2024-07-18T16:19:10.748+0800][info][gc,heap        ] GC(159) Eden regions: 1->0(26)
[2024-07-18T16:19:10.748+0800][info][gc,heap        ] GC(159) Survivor regions: 0->1(4)
[2024-07-18T16:19:10.748+0800][info][gc,heap        ] GC(159) Old regions: 246->246
[2024-07-18T16:19:10.748+0800][info][gc,heap        ] GC(159) Archive regions: 0->0
[2024-07-18T16:19:10.748+0800][info][gc,heap        ] GC(159) Humongous regions: 174->174
[2024-07-18T16:19:10.748+0800][info][gc,metaspace   ] GC(159) Metaspace: 194K(384K)->194K(384K) NonClass: 186K(256K)->186K(256K) Class: 7K(128K)->7K(128K)
[2024-07-18T16:19:10.748+0800][info][gc             ] GC(159) Pause Young (Concurrent Start) (G1 Humongous Allocation) 393M->392M(512M) 0.460ms
[2024-07-18T16:19:10.748+0800][info][gc,cpu         ] GC(159) User=0.00s Sys=0.00s Real=0.00s
[2024-07-18T16:19:10.748+0800][info][gc             ] GC(160) Concurrent Mark Cycle
[2024-07-18T16:19:10.748+0800][info][gc,marking     ] GC(160) Concurrent Clear Claimed Marks
[2024-07-18T16:19:10.748+0800][info][gc,marking     ] GC(160) Concurrent Clear Claimed Marks 0.007ms
[2024-07-18T16:19:10.748+0800][info][gc,marking     ] GC(160) Concurrent Scan Root Regions
[2024-07-18T16:19:10.748+0800][info][gc,marking     ] GC(160) Concurrent Scan Root Regions 0.017ms
[2024-07-18T16:19:10.748+0800][info][gc,marking     ] GC(160) Concurrent Mark
[2024-07-18T16:19:10.748+0800][info][gc,marking     ] GC(160) Concurrent Mark From Roots
[2024-07-18T16:19:10.748+0800][info][gc,task        ] GC(160) Using 3 workers of 3 for marking
[2024-07-18T16:19:10.748+0800][info][gc,marking     ] GC(160) Concurrent Mark From Roots 0.840ms
[2024-07-18T16:19:10.748+0800][info][gc,marking     ] GC(160) Concurrent Preclean
[2024-07-18T16:19:10.748+0800][info][gc,marking     ] GC(160) Concurrent Preclean 0.064ms
[2024-07-18T16:19:10.748+0800][info][gc,start       ] GC(160) Pause Remark
[2024-07-18T16:19:10.748+0800][info][gc             ] GC(160) Pause Remark 415M->414M(512M) 0.239ms
[2024-07-18T16:19:10.748+0800][info][gc,cpu         ] GC(160) User=0.00s Sys=0.00s Real=0.00s
[2024-07-18T16:19:10.748+0800][info][gc,marking     ] GC(160) Concurrent Mark 1.245ms
[2024-07-18T16:19:10.748+0800][info][gc,marking     ] GC(160) Concurrent Rebuild Remembered Sets
[2024-07-18T16:19:10.748+0800][info][gc,marking     ] GC(160) Concurrent Rebuild Remembered Sets 0.417ms
[2024-07-18T16:19:10.748+0800][info][gc,start       ] GC(160) Pause Cleanup
[2024-07-18T16:19:10.748+0800][info][gc             ] GC(160) Pause Cleanup 423M->423M(512M) 0.087ms
[2024-07-18T16:19:10.748+0800][info][gc,cpu         ] GC(160) User=0.00s Sys=0.00s Real=0.00s
[2024-07-18T16:19:10.748+0800][info][gc,marking     ] GC(160) Concurrent Cleanup for Next Mark
[2024-07-18T16:19:10.748+0800][info][gc,marking     ] GC(160) Concurrent Cleanup for Next Mark 0.482ms
[2024-07-18T16:19:10.748+0800][info][gc             ] GC(160) Concurrent Mark Cycle 2.393ms
[2024-07-18T16:19:10.748+0800][info][gc,start       ] GC(161) Pause Young (Prepare Mixed) (G1 Evacuation Pause)
[2024-07-18T16:19:10.748+0800][info][gc,task        ] GC(161) Using 12 workers of 13 for evacuation
[2024-07-18T16:19:10.756+0800][info][gc,phases      ] GC(161)   Pre Evacuate Collection Set: 0.0ms
[2024-07-18T16:19:10.756+0800][info][gc,phases      ] GC(161)   Merge Heap Roots: 0.1ms
[2024-07-18T16:19:10.756+0800][info][gc,phases      ] GC(161)   Evacuate Collection Set: 1.1ms
[2024-07-18T16:19:10.756+0800][info][gc,phases      ] GC(161)   Post Evacuate Collection Set: 0.1ms
[2024-07-18T16:19:10.756+0800][info][gc,phases      ] GC(161)   Other: 0.1ms
[2024-07-18T16:19:10.756+0800][info][gc,heap        ] GC(161) Eden regions: 26->0(21)
[2024-07-18T16:19:10.756+0800][info][gc,heap        ] GC(161) Survivor regions: 1->4(4)
[2024-07-18T16:19:10.756+0800][info][gc,heap        ] GC(161) Old regions: 246->256
[2024-07-18T16:19:10.756+0800][info][gc,heap        ] GC(161) Archive regions: 0->0
[2024-07-18T16:19:10.756+0800][info][gc,heap        ] GC(161) Humongous regions: 201->175
[2024-07-18T16:19:10.756+0800][info][gc,metaspace   ] GC(161) Metaspace: 194K(384K)->194K(384K) NonClass: 186K(256K)->186K(256K) Class: 7K(128K)->7K(128K)
[2024-07-18T16:19:10.756+0800][info][gc             ] GC(161) Pause Young (Prepare Mixed) (G1 Evacuation Pause) 445M->407M(512M) 1.456ms
[2024-07-18T16:19:10.756+0800][info][gc,cpu         ] GC(161) User=0.00s Sys=0.00s Real=0.01s
[2024-07-18T16:19:10.757+0800][info][gc,start       ] GC(162) Pause Young (Mixed) (G1 Evacuation Pause)
[2024-07-18T16:19:10.757+0800][info][gc,task        ] GC(162) Using 12 workers of 13 for evacuation
[2024-07-18T16:19:10.757+0800][info][gc,phases      ] GC(162)   Pre Evacuate Collection Set: 0.0ms
[2024-07-18T16:19:10.757+0800][info][gc,phases      ] GC(162)   Merge Heap Roots: 0.0ms
[2024-07-18T16:19:10.757+0800][info][gc,phases      ] GC(162)   Evacuate Collection Set: 1.3ms
[2024-07-18T16:19:10.757+0800][info][gc,phases      ] GC(162)   Post Evacuate Collection Set: 0.1ms
[2024-07-18T16:19:10.757+0800][info][gc,phases      ] GC(162)   Other: 0.1ms
[2024-07-18T16:19:10.757+0800][info][gc,heap        ] GC(162) Eden regions: 21->0(21)
[2024-07-18T16:19:10.757+0800][info][gc,heap        ] GC(162) Survivor regions: 4->4(4)
[2024-07-18T16:19:10.757+0800][info][gc,heap        ] GC(162) Old regions: 256->262
[2024-07-18T16:19:10.757+0800][info][gc,heap        ] GC(162) Archive regions: 0->0
[2024-07-18T16:19:10.757+0800][info][gc,heap        ] GC(162) Humongous regions: 187->175
[2024-07-18T16:19:10.757+0800][info][gc,metaspace   ] GC(162) Metaspace: 194K(384K)->194K(384K) NonClass: 186K(256K)->186K(256K) Class: 7K(128K)->7K(128K)
[2024-07-18T16:19:10.757+0800][info][gc             ] GC(162) Pause Young (Mixed) (G1 Evacuation Pause) 440M->416M(512M) 1.590ms
[2024-07-18T16:19:10.757+0800][info][gc,cpu         ] GC(162) User=0.00s Sys=0.00s Real=0.00s
[2024-07-18T16:19:10.757+0800][info][gc,start       ] GC(163) Pause Young (Concurrent Start) (G1 Humongous Allocation)
[2024-07-18T16:19:10.757+0800][info][gc,task        ] GC(163) Using 12 workers of 13 for evacuation
[2024-07-18T16:19:10.761+0800][info][gc,phases      ] GC(163)   Pre Evacuate Collection Set: 0.0ms
[2024-07-18T16:19:10.761+0800][info][gc,phases      ] GC(163)   Merge Heap Roots: 0.0ms
[2024-07-18T16:19:10.761+0800][info][gc,phases      ] GC(163)   Evacuate Collection Set: 0.3ms
[2024-07-18T16:19:10.761+0800][info][gc,phases      ] GC(163)   Post Evacuate Collection Set: 0.1ms
[2024-07-18T16:19:10.761+0800][info][gc,phases      ] GC(163)   Other: 0.1ms
[2024-07-18T16:19:10.761+0800][info][gc,heap        ] GC(163) Eden regions: 3->0(24)
[2024-07-18T16:19:10.761+0800][info][gc,heap        ] GC(163) Survivor regions: 4->1(4)
[2024-07-18T16:19:10.761+0800][info][gc,heap        ] GC(163) Old regions: 262->266
[2024-07-18T16:19:10.761+0800][info][gc,heap        ] GC(163) Archive regions: 0->0
[2024-07-18T16:19:10.761+0800][info][gc,heap        ] GC(163) Humongous regions: 175->174
[2024-07-18T16:19:10.761+0800][info][gc,metaspace   ] GC(163) Metaspace: 194K(384K)->194K(384K) NonClass: 186K(256K)->186K(256K) Class: 7K(128K)->7K(128K)
[2024-07-18T16:19:10.761+0800][info][gc             ] GC(163) Pause Young (Concurrent Start) (G1 Humongous Allocation) 418M->416M(512M) 0.600ms
[2024-07-18T16:19:10.761+0800][info][gc,cpu         ] GC(163) User=0.00s Sys=0.00s Real=0.00s
[2024-07-18T16:19:10.761+0800][info][gc             ] GC(164) Concurrent Mark Cycle
[2024-07-18T16:19:10.761+0800][info][gc,marking     ] GC(164) Concurrent Clear Claimed Marks
[2024-07-18T16:19:10.761+0800][info][gc,marking     ] GC(164) Concurrent Clear Claimed Marks 0.008ms
[2024-07-18T16:19:10.761+0800][info][gc,marking     ] GC(164) Concurrent Scan Root Regions
[2024-07-18T16:19:10.761+0800][info][gc,marking     ] GC(164) Concurrent Scan Root Regions 0.030ms
[2024-07-18T16:19:10.761+0800][info][gc,marking     ] GC(164) Concurrent Mark
[2024-07-18T16:19:10.761+0800][info][gc,marking     ] GC(164) Concurrent Mark From Roots
[2024-07-18T16:19:10.761+0800][info][gc,task        ] GC(164) Using 3 workers of 3 for marking
[2024-07-18T16:19:10.762+0800][info][gc,marking     ] GC(164) Concurrent Mark From Roots 0.671ms
[2024-07-18T16:19:10.762+0800][info][gc,marking     ] GC(164) Concurrent Preclean
[2024-07-18T16:19:10.762+0800][info][gc,marking     ] GC(164) Concurrent Preclean 0.068ms
[2024-07-18T16:19:10.762+0800][info][gc,start       ] GC(164) Pause Remark
[2024-07-18T16:19:10.762+0800][info][gc             ] GC(164) Pause Remark 428M->428M(512M) 0.207ms
[2024-07-18T16:19:10.762+0800][info][gc,cpu         ] GC(164) User=0.00s Sys=0.00s Real=0.00s
[2024-07-18T16:19:10.762+0800][info][gc,marking     ] GC(164) Concurrent Mark 1.037ms
[2024-07-18T16:19:10.762+0800][info][gc,marking     ] GC(164) Concurrent Rebuild Remembered Sets
[2024-07-18T16:19:10.762+0800][info][gc,marking     ] GC(164) Concurrent Rebuild Remembered Sets 0.396ms
[2024-07-18T16:19:10.762+0800][info][gc,start       ] GC(164) Pause Cleanup
[2024-07-18T16:19:10.762+0800][info][gc             ] GC(164) Pause Cleanup 435M->435M(512M) 0.092ms
[2024-07-18T16:19:10.762+0800][info][gc,cpu         ] GC(164) User=0.00s Sys=0.00s Real=0.00s
[2024-07-18T16:19:10.762+0800][info][gc,marking     ] GC(164) Concurrent Cleanup for Next Mark
[2024-07-18T16:19:10.763+0800][info][gc,marking     ] GC(164) Concurrent Cleanup for Next Mark 0.502ms
[2024-07-18T16:19:10.763+0800][info][gc             ] GC(164) Concurrent Mark Cycle 2.220ms
[2024-07-18T16:19:10.763+0800][info][gc,start       ] GC(165) Pause Young (Prepare Mixed) (G1 Evacuation Pause)
[2024-07-18T16:19:10.763+0800][info][gc,task        ] GC(165) Using 12 workers of 13 for evacuation
[2024-07-18T16:19:10.765+0800][info][gc,phases      ] GC(165)   Pre Evacuate Collection Set: 0.0ms
[2024-07-18T16:19:10.765+0800][info][gc,phases      ] GC(165)   Merge Heap Roots: 0.1ms
[2024-07-18T16:19:10.765+0800][info][gc,phases      ] GC(165)   Evacuate Collection Set: 0.8ms
[2024-07-18T16:19:10.765+0800][info][gc,phases      ] GC(165)   Post Evacuate Collection Set: 0.1ms
[2024-07-18T16:19:10.765+0800][info][gc,phases      ] GC(165)   Other: 0.1ms
[2024-07-18T16:19:10.765+0800][info][gc,heap        ] GC(165) Eden regions: 24->0(21)
[2024-07-18T16:19:10.765+0800][info][gc,heap        ] GC(165) Survivor regions: 1->4(4)
[2024-07-18T16:19:10.765+0800][info][gc,heap        ] GC(165) Old regions: 266->273
[2024-07-18T16:19:10.765+0800][info][gc,heap        ] GC(165) Archive regions: 0->0
[2024-07-18T16:19:10.765+0800][info][gc,heap        ] GC(165) Humongous regions: 189->170
[2024-07-18T16:19:10.765+0800][info][gc,metaspace   ] GC(165) Metaspace: 194K(384K)->194K(384K) NonClass: 186K(256K)->186K(256K) Class: 7K(128K)->7K(128K)
[2024-07-18T16:19:10.765+0800][info][gc             ] GC(165) Pause Young (Prepare Mixed) (G1 Evacuation Pause) 455M->422M(512M) 1.215ms
[2024-07-18T16:19:10.765+0800][info][gc,cpu         ] GC(165) User=0.00s Sys=0.00s Real=0.00s
[2024-07-18T16:19:10.767+0800][info][gc,start       ] GC(166) Pause Young (Mixed) (G1 Evacuation Pause)
[2024-07-18T16:19:10.767+0800][info][gc,task        ] GC(166) Using 12 workers of 13 for evacuation
[2024-07-18T16:19:10.767+0800][info][gc,phases      ] GC(166)   Pre Evacuate Collection Set: 0.0ms
[2024-07-18T16:19:10.767+0800][info][gc,phases      ] GC(166)   Merge Heap Roots: 0.0ms
[2024-07-18T16:19:10.767+0800][info][gc,phases      ] GC(166)   Evacuate Collection Set: 2.0ms
[2024-07-18T16:19:10.767+0800][info][gc,phases      ] GC(166)   Post Evacuate Collection Set: 0.1ms
[2024-07-18T16:19:10.767+0800][info][gc,phases      ] GC(166)   Other: 0.1ms
[2024-07-18T16:19:10.767+0800][info][gc,heap        ] GC(166) Eden regions: 21->0(21)
[2024-07-18T16:19:10.767+0800][info][gc,heap        ] GC(166) Survivor regions: 4->4(4)
[2024-07-18T16:19:10.767+0800][info][gc,heap        ] GC(166) Old regions: 273->267
[2024-07-18T16:19:10.767+0800][info][gc,heap        ] GC(166) Archive regions: 0->0
[2024-07-18T16:19:10.767+0800][info][gc,heap        ] GC(166) Humongous regions: 179->169
[2024-07-18T16:19:10.767+0800][info][gc,metaspace   ] GC(166) Metaspace: 194K(384K)->194K(384K) NonClass: 186K(256K)->186K(256K) Class: 7K(128K)->7K(128K)
[2024-07-18T16:19:10.767+0800][info][gc             ] GC(166) Pause Young (Mixed) (G1 Evacuation Pause) 452M->419M(512M) 2.340ms
[2024-07-18T16:19:10.767+0800][info][gc,cpu         ] GC(166) User=0.00s Sys=0.00s Real=0.00s
[2024-07-18T16:19:10.767+0800][info][gc,start       ] GC(167) Pause Young (Concurrent Start) (G1 Humongous Allocation)
[2024-07-18T16:19:10.767+0800][info][gc,task        ] GC(167) Using 12 workers of 13 for evacuation
[2024-07-18T16:19:10.767+0800][info][gc,phases      ] GC(167)   Pre Evacuate Collection Set: 0.0ms
[2024-07-18T16:19:10.767+0800][info][gc,phases      ] GC(167)   Merge Heap Roots: 0.0ms
[2024-07-18T16:19:10.767+0800][info][gc,phases      ] GC(167)   Evacuate Collection Set: 0.4ms
[2024-07-18T16:19:10.767+0800][info][gc,phases      ] GC(167)   Post Evacuate Collection Set: 0.1ms
[2024-07-18T16:19:10.767+0800][info][gc,phases      ] GC(167)   Other: 0.1ms
[2024-07-18T16:19:10.767+0800][info][gc,heap        ] GC(167) Eden regions: 3->0(23)
[2024-07-18T16:19:10.767+0800][info][gc,heap        ] GC(167) Survivor regions: 4->2(4)
[2024-07-18T16:19:10.767+0800][info][gc,heap        ] GC(167) Old regions: 267->271
[2024-07-18T16:19:10.767+0800][info][gc,heap        ] GC(167) Archive regions: 0->0
[2024-07-18T16:19:10.767+0800][info][gc,heap        ] GC(167) Humongous regions: 169->169
[2024-07-18T16:19:10.767+0800][info][gc,metaspace   ] GC(167) Metaspace: 194K(384K)->194K(384K) NonClass: 186K(256K)->186K(256K) Class: 7K(128K)->7K(128K)
[2024-07-18T16:19:10.767+0800][info][gc             ] GC(167) Pause Young (Concurrent Start) (G1 Humongous Allocation) 421M->421M(512M) 0.684ms
[2024-07-18T16:19:10.767+0800][info][gc,cpu         ] GC(167) User=0.00s Sys=0.00s Real=0.00s
[2024-07-18T16:19:10.767+0800][info][gc             ] GC(168) Concurrent Mark Cycle
[2024-07-18T16:19:10.767+0800][info][gc,marking     ] GC(168) Concurrent Clear Claimed Marks
[2024-07-18T16:19:10.767+0800][info][gc,marking     ] GC(168) Concurrent Clear Claimed Marks 0.008ms
[2024-07-18T16:19:10.767+0800][info][gc,marking     ] GC(168) Concurrent Scan Root Regions
[2024-07-18T16:19:10.767+0800][info][gc,marking     ] GC(168) Concurrent Scan Root Regions 0.024ms
[2024-07-18T16:19:10.767+0800][info][gc,marking     ] GC(168) Concurrent Mark
[2024-07-18T16:19:10.767+0800][info][gc,marking     ] GC(168) Concurrent Mark From Roots
[2024-07-18T16:19:10.767+0800][info][gc,task        ] GC(168) Using 3 workers of 3 for marking
[2024-07-18T16:19:10.772+0800][info][gc,marking     ] GC(168) Concurrent Mark From Roots 0.735ms
[2024-07-18T16:19:10.772+0800][info][gc,marking     ] GC(168) Concurrent Preclean
[2024-07-18T16:19:10.772+0800][info][gc,marking     ] GC(168) Concurrent Preclean 0.056ms
[2024-07-18T16:19:10.772+0800][info][gc,start       ] GC(168) Pause Remark
[2024-07-18T16:19:10.772+0800][info][gc             ] GC(168) Pause Remark 431M->431M(512M) 0.206ms
[2024-07-18T16:19:10.772+0800][info][gc,cpu         ] GC(168) User=0.00s Sys=0.00s Real=0.00s
[2024-07-18T16:19:10.772+0800][info][gc,marking     ] GC(168) Concurrent Mark 1.099ms
[2024-07-18T16:19:10.772+0800][info][gc,marking     ] GC(168) Concurrent Rebuild Remembered Sets
[2024-07-18T16:19:10.772+0800][info][gc,marking     ] GC(168) Concurrent Rebuild Remembered Sets 0.609ms
[2024-07-18T16:19:10.772+0800][info][gc,start       ] GC(168) Pause Cleanup
[2024-07-18T16:19:10.772+0800][info][gc             ] GC(168) Pause Cleanup 442M->442M(512M) 0.095ms
[2024-07-18T16:19:10.772+0800][info][gc,cpu         ] GC(168) User=0.00s Sys=0.00s Real=0.00s
[2024-07-18T16:19:10.772+0800][info][gc,marking     ] GC(168) Concurrent Cleanup for Next Mark
[2024-07-18T16:19:10.772+0800][info][gc,marking     ] GC(168) Concurrent Cleanup for Next Mark 0.491ms
[2024-07-18T16:19:10.772+0800][info][gc             ] GC(168) Concurrent Mark Cycle 2.466ms
[2024-07-18T16:19:10.772+0800][info][gc,start       ] GC(169) Pause Young (Prepare Mixed) (G1 Evacuation Pause)
[2024-07-18T16:19:10.772+0800][info][gc,task        ] GC(169) Using 12 workers of 13 for evacuation
[2024-07-18T16:19:10.772+0800][info][gc,phases      ] GC(169)   Pre Evacuate Collection Set: 0.0ms
[2024-07-18T16:19:10.772+0800][info][gc,phases      ] GC(169)   Merge Heap Roots: 0.1ms
[2024-07-18T16:19:10.772+0800][info][gc,phases      ] GC(169)   Evacuate Collection Set: 0.9ms
[2024-07-18T16:19:10.772+0800][info][gc,phases      ] GC(169)   Post Evacuate Collection Set: 0.1ms
[2024-07-18T16:19:10.772+0800][info][gc,phases      ] GC(169)   Other: 0.1ms
[2024-07-18T16:19:10.772+0800][info][gc,heap        ] GC(169) Eden regions: 23->0(21)
[2024-07-18T16:19:10.772+0800][info][gc,heap        ] GC(169) Survivor regions: 2->4(4)
[2024-07-18T16:19:10.772+0800][info][gc,heap        ] GC(169) Old regions: 271->279
[2024-07-18T16:19:10.772+0800][info][gc,heap        ] GC(169) Archive regions: 0->0
[2024-07-18T16:19:10.772+0800][info][gc,heap        ] GC(169) Humongous regions: 182->168
[2024-07-18T16:19:10.772+0800][info][gc,metaspace   ] GC(169) Metaspace: 194K(384K)->194K(384K) NonClass: 186K(256K)->186K(256K) Class: 7K(128K)->7K(128K)
[2024-07-18T16:19:10.772+0800][info][gc             ] GC(169) Pause Young (Prepare Mixed) (G1 Evacuation Pause) 456M->430M(512M) 1.321ms
[2024-07-18T16:19:10.772+0800][info][gc,cpu         ] GC(169) User=0.00s Sys=0.00s Real=0.00s
[2024-07-18T16:19:10.772+0800][info][gc,start       ] GC(170) Pause Young (Mixed) (G1 Evacuation Pause)
[2024-07-18T16:19:10.772+0800][info][gc,task        ] GC(170) Using 12 workers of 13 for evacuation
[2024-07-18T16:19:10.781+0800][info][gc             ] GC(170) To-space exhausted
[2024-07-18T16:19:10.781+0800][info][gc,phases      ] GC(170)   Pre Evacuate Collection Set: 0.0ms
[2024-07-18T16:19:10.781+0800][info][gc,phases      ] GC(170)   Merge Heap Roots: 0.0ms
[2024-07-18T16:19:10.781+0800][info][gc,phases      ] GC(170)   Evacuate Collection Set: 1.7ms
[2024-07-18T16:19:10.781+0800][info][gc,phases      ] GC(170)   Post Evacuate Collection Set: 0.2ms
[2024-07-18T16:19:10.781+0800][info][gc,phases      ] GC(170)   Other: 0.1ms
[2024-07-18T16:19:10.781+0800][info][gc,heap        ] GC(170) Eden regions: 21->0(22)
[2024-07-18T16:19:10.781+0800][info][gc,heap        ] GC(170) Survivor regions: 4->3(4)
[2024-07-18T16:19:10.781+0800][info][gc,heap        ] GC(170) Old regions: 279->302
[2024-07-18T16:19:10.781+0800][info][gc,heap        ] GC(170) Archive regions: 0->0
[2024-07-18T16:19:10.781+0800][info][gc,heap        ] GC(170) Humongous regions: 186->169
[2024-07-18T16:19:10.781+0800][info][gc,metaspace   ] GC(170) Metaspace: 194K(384K)->194K(384K) NonClass: 186K(256K)->186K(256K) Class: 7K(128K)->7K(128K)
[2024-07-18T16:19:10.781+0800][info][gc             ] GC(170) Pause Young (Mixed) (G1 Evacuation Pause) 469M->454M(512M) 2.197ms
[2024-07-18T16:19:10.781+0800][info][gc,cpu         ] GC(170) User=0.14s Sys=0.00s Real=0.01s
[2024-07-18T16:19:10.783+0800][info][gc,start       ] GC(171) Pause Young (Mixed) (G1 Preventive Collection)
[2024-07-18T16:19:10.783+0800][info][gc,task        ] GC(171) Using 12 workers of 13 for evacuation
[2024-07-18T16:19:10.784+0800][info][gc             ] GC(171) To-space exhausted
[2024-07-18T16:19:10.784+0800][info][gc,phases      ] GC(171)   Pre Evacuate Collection Set: 0.0ms
[2024-07-18T16:19:10.784+0800][info][gc,phases      ] GC(171)   Merge Heap Roots: 0.0ms
[2024-07-18T16:19:10.784+0800][info][gc,phases      ] GC(171)   Evacuate Collection Set: 1.1ms
[2024-07-18T16:19:10.784+0800][info][gc,phases      ] GC(171)   Post Evacuate Collection Set: 0.1ms
[2024-07-18T16:19:10.784+0800][info][gc,phases      ] GC(171)   Other: 0.1ms
[2024-07-18T16:19:10.784+0800][info][gc,heap        ] GC(171) Eden regions: 16->0(21)
[2024-07-18T16:19:10.784+0800][info][gc,heap        ] GC(171) Survivor regions: 3->4(4)
[2024-07-18T16:19:10.784+0800][info][gc,heap        ] GC(171) Old regions: 302->310
[2024-07-18T16:19:10.784+0800][info][gc,heap        ] GC(171) Archive regions: 0->0
[2024-07-18T16:19:10.784+0800][info][gc,heap        ] GC(171) Humongous regions: 176->171
[2024-07-18T16:19:10.784+0800][info][gc,metaspace   ] GC(171) Metaspace: 194K(384K)->194K(384K) NonClass: 186K(256K)->186K(256K) Class: 7K(128K)->7K(128K)
[2024-07-18T16:19:10.784+0800][info][gc             ] GC(171) Pause Young (Mixed) (G1 Preventive Collection) 477M->465M(512M) 1.453ms
[2024-07-18T16:19:10.784+0800][info][gc,cpu         ] GC(171) User=0.00s Sys=0.00s Real=0.00s
[2024-07-18T16:19:10.784+0800][info][gc,start       ] GC(172) Pause Young (Concurrent Start) (G1 Humongous Allocation)
[2024-07-18T16:19:10.784+0800][info][gc,task        ] GC(172) Using 12 workers of 13 for evacuation
[2024-07-18T16:19:10.785+0800][info][gc,phases      ] GC(172)   Pre Evacuate Collection Set: 0.0ms
[2024-07-18T16:19:10.785+0800][info][gc,phases      ] GC(172)   Merge Heap Roots: 0.0ms
[2024-07-18T16:19:10.785+0800][info][gc,phases      ] GC(172)   Evacuate Collection Set: 0.3ms
[2024-07-18T16:19:10.785+0800][info][gc,phases      ] GC(172)   Post Evacuate Collection Set: 0.1ms
[2024-07-18T16:19:10.785+0800][info][gc,phases      ] GC(172)   Other: 0.1ms
[2024-07-18T16:19:10.785+0800][info][gc,heap        ] GC(172) Eden regions: 2->0(24)
[2024-07-18T16:19:10.785+0800][info][gc,heap        ] GC(172) Survivor regions: 4->1(4)
[2024-07-18T16:19:10.785+0800][info][gc,heap        ] GC(172) Old regions: 310->315
[2024-07-18T16:19:10.785+0800][info][gc,heap        ] GC(172) Archive regions: 0->0
[2024-07-18T16:19:10.785+0800][info][gc,heap        ] GC(172) Humongous regions: 172->171
[2024-07-18T16:19:10.785+0800][info][gc,metaspace   ] GC(172) Metaspace: 194K(384K)->194K(384K) NonClass: 186K(256K)->186K(256K) Class: 7K(128K)->7K(128K)
[2024-07-18T16:19:10.785+0800][info][gc             ] GC(172) Pause Young (Concurrent Start) (G1 Humongous Allocation) 468M->467M(512M) 0.605ms
[2024-07-18T16:19:10.785+0800][info][gc,cpu         ] GC(172) User=0.00s Sys=0.00s Real=0.00s
[2024-07-18T16:19:10.785+0800][info][gc             ] GC(173) Concurrent Mark Cycle
[2024-07-18T16:19:10.785+0800][info][gc,marking     ] GC(173) Concurrent Clear Claimed Marks
[2024-07-18T16:19:10.785+0800][info][gc,marking     ] GC(173) Concurrent Clear Claimed Marks 0.008ms
[2024-07-18T16:19:10.785+0800][info][gc,marking     ] GC(173) Concurrent Scan Root Regions
[2024-07-18T16:19:10.785+0800][info][gc,marking     ] GC(173) Concurrent Scan Root Regions 0.024ms
[2024-07-18T16:19:10.785+0800][info][gc,marking     ] GC(173) Concurrent Mark
[2024-07-18T16:19:10.785+0800][info][gc,marking     ] GC(173) Concurrent Mark From Roots
[2024-07-18T16:19:10.785+0800][info][gc,task        ] GC(173) Using 3 workers of 3 for marking
[2024-07-18T16:19:10.786+0800][info][gc,marking     ] GC(173) Concurrent Mark From Roots 0.895ms
[2024-07-18T16:19:10.786+0800][info][gc,marking     ] GC(173) Concurrent Preclean
[2024-07-18T16:19:10.786+0800][info][gc,marking     ] GC(173) Concurrent Preclean 0.057ms
[2024-07-18T16:19:10.786+0800][info][gc,start       ] GC(173) Pause Remark
[2024-07-18T16:19:10.786+0800][info][gc             ] GC(173) Pause Remark 481M->481M(512M) 0.239ms
[2024-07-18T16:19:10.786+0800][info][gc,cpu         ] GC(173) User=0.00s Sys=0.00s Real=0.00s
[2024-07-18T16:19:10.786+0800][info][gc,marking     ] GC(173) Concurrent Mark 1.284ms
[2024-07-18T16:19:10.786+0800][info][gc,marking     ] GC(173) Concurrent Rebuild Remembered Sets
[2024-07-18T16:19:10.787+0800][info][gc,start       ] GC(174) Pause Young (Normal) (G1 Preventive Collection)
[2024-07-18T16:19:10.787+0800][info][gc,task        ] GC(174) Using 12 workers of 13 for evacuation
[2024-07-18T16:19:10.787+0800][info][gc             ] GC(174) To-space exhausted
[2024-07-18T16:19:10.787+0800][info][gc,phases      ] GC(174)   Pre Evacuate Collection Set: 0.0ms
[2024-07-18T16:19:10.787+0800][info][gc,phases      ] GC(174)   Merge Heap Roots: 0.0ms
[2024-07-18T16:19:10.787+0800][info][gc,phases      ] GC(174)   Evacuate Collection Set: 0.4ms
[2024-07-18T16:19:10.787+0800][info][gc,phases      ] GC(174)   Post Evacuate Collection Set: 0.1ms
[2024-07-18T16:19:10.787+0800][info][gc,phases      ] GC(174)   Other: 0.1ms
[2024-07-18T16:19:10.787+0800][info][gc,heap        ] GC(174) Eden regions: 13->0(21)
[2024-07-18T16:19:10.787+0800][info][gc,heap        ] GC(174) Survivor regions: 1->4(4)
[2024-07-18T16:19:10.787+0800][info][gc,heap        ] GC(174) Old regions: 315->326
[2024-07-18T16:19:10.787+0800][info][gc,heap        ] GC(174) Archive regions: 0->0
[2024-07-18T16:19:10.787+0800][info][gc,heap        ] GC(174) Humongous regions: 176->170
[2024-07-18T16:19:10.787+0800][info][gc,metaspace   ] GC(174) Metaspace: 194K(384K)->194K(384K) NonClass: 186K(256K)->186K(256K) Class: 7K(128K)->7K(128K)
[2024-07-18T16:19:10.787+0800][info][gc             ] GC(174) Pause Young (Normal) (G1 Preventive Collection) 485M->480M(512M) 0.759ms
[2024-07-18T16:19:10.787+0800][info][gc,cpu         ] GC(174) User=0.00s Sys=0.00s Real=0.00s
[2024-07-18T16:19:10.788+0800][info][gc,marking     ] GC(173) Concurrent Rebuild Remembered Sets 1.357ms
[2024-07-18T16:19:10.788+0800][info][gc,start       ] GC(173) Pause Cleanup
[2024-07-18T16:19:10.788+0800][info][gc             ] GC(173) Pause Cleanup 484M->484M(512M) 0.105ms
[2024-07-18T16:19:10.788+0800][info][gc,cpu         ] GC(173) User=0.00s Sys=0.00s Real=0.00s
[2024-07-18T16:19:10.788+0800][info][gc,marking     ] GC(173) Concurrent Cleanup for Next Mark
[2024-07-18T16:19:10.789+0800][info][gc,marking     ] GC(173) Concurrent Cleanup for Next Mark 0.431ms
[2024-07-18T16:19:10.789+0800][info][gc             ] GC(173) Concurrent Mark Cycle 3.376ms
[2024-07-18T16:19:10.789+0800][info][gc,start       ] GC(175) Pause Young (Prepare Mixed) (G1 Preventive Collection)
[2024-07-18T16:19:10.789+0800][info][gc,task        ] GC(175) Using 12 workers of 13 for evacuation
[2024-07-18T16:19:10.789+0800][info][gc,phases      ] GC(175)   Pre Evacuate Collection Set: 0.0ms
[2024-07-18T16:19:10.789+0800][info][gc,phases      ] GC(175)   Merge Heap Roots: 0.0ms
[2024-07-18T16:19:10.789+0800][info][gc,phases      ] GC(175)   Evacuate Collection Set: 0.4ms
[2024-07-18T16:19:10.789+0800][info][gc,phases      ] GC(175)   Post Evacuate Collection Set: 0.1ms
[2024-07-18T16:19:10.789+0800][info][gc,phases      ] GC(175)   Other: 0.1ms
[2024-07-18T16:19:10.789+0800][info][gc,heap        ] GC(175) Eden regions: 4->0(23)
[2024-07-18T16:19:10.789+0800][info][gc,heap        ] GC(175) Survivor regions: 4->2(4)
[2024-07-18T16:19:10.789+0800][info][gc,heap        ] GC(175) Old regions: 326->330
[2024-07-18T16:19:10.789+0800][info][gc,heap        ] GC(175) Archive regions: 0->0
[2024-07-18T16:19:10.789+0800][info][gc,heap        ] GC(175) Humongous regions: 172->167
[2024-07-18T16:19:10.789+0800][info][gc,metaspace   ] GC(175) Metaspace: 194K(384K)->194K(384K) NonClass: 186K(256K)->186K(256K) Class: 7K(128K)->7K(128K)
[2024-07-18T16:19:10.789+0800][info][gc             ] GC(175) Pause Young (Prepare Mixed) (G1 Preventive Collection) 486M->478M(512M) 0.736ms
[2024-07-18T16:19:10.789+0800][info][gc,cpu         ] GC(175) User=0.00s Sys=0.00s Real=0.00s
[2024-07-18T16:19:10.790+0800][info][gc,start       ] GC(176) Pause Young (Mixed) (G1 Preventive Collection)
[2024-07-18T16:19:10.790+0800][info][gc,task        ] GC(176) Using 12 workers of 13 for evacuation
[2024-07-18T16:19:10.792+0800][info][gc             ] GC(176) To-space exhausted
[2024-07-18T16:19:10.792+0800][info][gc,phases      ] GC(176)   Pre Evacuate Collection Set: 0.0ms
[2024-07-18T16:19:10.792+0800][info][gc,phases      ] GC(176)   Merge Heap Roots: 0.2ms
[2024-07-18T16:19:10.792+0800][info][gc,phases      ] GC(176)   Evacuate Collection Set: 1.4ms
[2024-07-18T16:19:10.792+0800][info][gc,phases      ] GC(176)   Post Evacuate Collection Set: 0.2ms
[2024-07-18T16:19:10.792+0800][info][gc,phases      ] GC(176)   Other: 0.1ms
[2024-07-18T16:19:10.792+0800][info][gc,heap        ] GC(176) Eden regions: 5->0(23)
[2024-07-18T16:19:10.792+0800][info][gc,heap        ] GC(176) Survivor regions: 2->2(4)
[2024-07-18T16:19:10.792+0800][info][gc,heap        ] GC(176) Old regions: 330->328
[2024-07-18T16:19:10.792+0800][info][gc,heap        ] GC(176) Archive regions: 0->0
[2024-07-18T16:19:10.792+0800][info][gc,heap        ] GC(176) Humongous regions: 169->168
[2024-07-18T16:19:10.792+0800][info][gc,metaspace   ] GC(176) Metaspace: 194K(384K)->194K(384K) NonClass: 186K(256K)->186K(256K) Class: 7K(128K)->7K(128K)
[2024-07-18T16:19:10.792+0800][info][gc             ] GC(176) Pause Young (Mixed) (G1 Preventive Collection) 485M->479M(512M) 1.917ms
[2024-07-18T16:19:10.792+0800][info][gc,cpu         ] GC(176) User=0.02s Sys=0.00s Real=0.00s
[2024-07-18T16:19:10.792+0800][info][gc,start       ] GC(177) Pause Young (Mixed) (G1 Preventive Collection)
[2024-07-18T16:19:10.792+0800][info][gc,task        ] GC(177) Using 12 workers of 13 for evacuation
[2024-07-18T16:19:10.793+0800][info][gc             ] GC(177) To-space exhausted
[2024-07-18T16:19:10.793+0800][info][gc,phases      ] GC(177)   Pre Evacuate Collection Set: 0.0ms
[2024-07-18T16:19:10.793+0800][info][gc,phases      ] GC(177)   Merge Heap Roots: 0.0ms
[2024-07-18T16:19:10.793+0800][info][gc,phases      ] GC(177)   Evacuate Collection Set: 0.8ms
[2024-07-18T16:19:10.793+0800][info][gc,phases      ] GC(177)   Post Evacuate Collection Set: 0.1ms
[2024-07-18T16:19:10.793+0800][info][gc,phases      ] GC(177)   Other: 0.1ms
[2024-07-18T16:19:10.793+0800][info][gc,heap        ] GC(177) Eden regions: 1->0(24)
[2024-07-18T16:19:10.793+0800][info][gc,heap        ] GC(177) Survivor regions: 2->1(4)
[2024-07-18T16:19:10.793+0800][info][gc,heap        ] GC(177) Old regions: 328->334
[2024-07-18T16:19:10.793+0800][info][gc,heap        ] GC(177) Archive regions: 0->0
[2024-07-18T16:19:10.793+0800][info][gc,heap        ] GC(177) Humongous regions: 169->169
[2024-07-18T16:19:10.793+0800][info][gc,metaspace   ] GC(177) Metaspace: 194K(384K)->194K(384K) NonClass: 186K(256K)->186K(256K) Class: 7K(128K)->7K(128K)
[2024-07-18T16:19:10.793+0800][info][gc             ] GC(177) Pause Young (Mixed) (G1 Preventive Collection) 480M->485M(512M) 1.194ms
[2024-07-18T16:19:10.793+0800][info][gc,cpu         ] GC(177) User=0.00s Sys=0.00s Real=0.00s
[2024-07-18T16:19:10.793+0800][info][gc,start       ] GC(178) Pause Young (Mixed) (G1 Preventive Collection)
[2024-07-18T16:19:10.793+0800][info][gc,task        ] GC(178) Using 12 workers of 13 for evacuation
[2024-07-18T16:19:10.794+0800][info][gc             ] GC(178) To-space exhausted
[2024-07-18T16:19:10.794+0800][info][gc,phases      ] GC(178)   Pre Evacuate Collection Set: 0.0ms
[2024-07-18T16:19:10.794+0800][info][gc,phases      ] GC(178)   Merge Heap Roots: 0.0ms
[2024-07-18T16:19:10.794+0800][info][gc,phases      ] GC(178)   Evacuate Collection Set: 0.5ms
[2024-07-18T16:19:10.794+0800][info][gc,phases      ] GC(178)   Post Evacuate Collection Set: 0.1ms
[2024-07-18T16:19:10.794+0800][info][gc,phases      ] GC(178)   Other: 0.1ms
[2024-07-18T16:19:10.794+0800][info][gc,heap        ] GC(178) Eden regions: 1->0(24)
[2024-07-18T16:19:10.794+0800][info][gc,heap        ] GC(178) Survivor regions: 1->1(4)
[2024-07-18T16:19:10.794+0800][info][gc,heap        ] GC(178) Old regions: 334->338
[2024-07-18T16:19:10.794+0800][info][gc,heap        ] GC(178) Archive regions: 0->0
[2024-07-18T16:19:10.794+0800][info][gc,heap        ] GC(178) Humongous regions: 169->169
[2024-07-18T16:19:10.794+0800][info][gc,metaspace   ] GC(178) Metaspace: 194K(384K)->194K(384K) NonClass: 186K(256K)->186K(256K) Class: 7K(128K)->7K(128K)
[2024-07-18T16:19:10.794+0800][info][gc             ] GC(178) Pause Young (Mixed) (G1 Preventive Collection) 486M->489M(512M) 0.838ms
[2024-07-18T16:19:10.794+0800][info][gc,cpu         ] GC(178) User=0.00s Sys=0.00s Real=0.00s
[2024-07-18T16:19:10.794+0800][info][gc,start       ] GC(179) Pause Young (Concurrent Start) (G1 Preventive Collection)
[2024-07-18T16:19:10.794+0800][info][gc,task        ] GC(179) Using 12 workers of 13 for evacuation
[2024-07-18T16:19:10.794+0800][info][gc,phases      ] GC(179)   Pre Evacuate Collection Set: 0.0ms
[2024-07-18T16:19:10.794+0800][info][gc,phases      ] GC(179)   Merge Heap Roots: 0.0ms
[2024-07-18T16:19:10.794+0800][info][gc,phases      ] GC(179)   Evacuate Collection Set: 0.1ms
[2024-07-18T16:19:10.794+0800][info][gc,phases      ] GC(179)   Post Evacuate Collection Set: 0.1ms
[2024-07-18T16:19:10.794+0800][info][gc,phases      ] GC(179)   Other: 0.1ms
[2024-07-18T16:19:10.794+0800][info][gc,heap        ] GC(179) Eden regions: 1->0(23)
[2024-07-18T16:19:10.794+0800][info][gc,heap        ] GC(179) Survivor regions: 1->2(2)
[2024-07-18T16:19:10.795+0800][info][gc,heap        ] GC(179) Old regions: 338->338
[2024-07-18T16:19:10.795+0800][info][gc,heap        ] GC(179) Archive regions: 0->0
[2024-07-18T16:19:10.795+0800][info][gc,heap        ] GC(179) Humongous regions: 170->169
[2024-07-18T16:19:10.795+0800][info][gc,metaspace   ] GC(179) Metaspace: 194K(384K)->194K(384K) NonClass: 186K(256K)->186K(256K) Class: 7K(128K)->7K(128K)
[2024-07-18T16:19:10.795+0800][info][gc             ] GC(179) Pause Young (Concurrent Start) (G1 Preventive Collection) 491M->489M(512M) 0.381ms
[2024-07-18T16:19:10.795+0800][info][gc,cpu         ] GC(179) User=0.00s Sys=0.00s Real=0.00s
[2024-07-18T16:19:10.795+0800][info][gc             ] GC(180) Concurrent Mark Cycle
[2024-07-18T16:19:10.795+0800][info][gc,marking     ] GC(180) Concurrent Clear Claimed Marks
[2024-07-18T16:19:10.795+0800][info][gc,marking     ] GC(180) Concurrent Clear Claimed Marks 0.009ms
[2024-07-18T16:19:10.795+0800][info][gc,marking     ] GC(180) Concurrent Scan Root Regions
[2024-07-18T16:19:10.795+0800][info][gc,marking     ] GC(180) Concurrent Scan Root Regions 0.034ms
[2024-07-18T16:19:10.795+0800][info][gc,marking     ] GC(180) Concurrent Mark
[2024-07-18T16:19:10.795+0800][info][gc,marking     ] GC(180) Concurrent Mark From Roots
[2024-07-18T16:19:10.795+0800][info][gc,task        ] GC(180) Using 3 workers of 3 for marking
[2024-07-18T16:19:10.795+0800][info][gc,start       ] GC(181) Pause Young (Normal) (G1 Preventive Collection)
[2024-07-18T16:19:10.795+0800][info][gc,task        ] GC(181) Using 12 workers of 13 for evacuation
[2024-07-18T16:19:10.795+0800][info][gc,phases      ] GC(181)   Pre Evacuate Collection Set: 0.5ms
[2024-07-18T16:19:10.795+0800][info][gc,phases      ] GC(181)   Merge Heap Roots: 0.0ms
[2024-07-18T16:19:10.795+0800][info][gc,phases      ] GC(181)   Evacuate Collection Set: 0.1ms
[2024-07-18T16:19:10.795+0800][info][gc,phases      ] GC(181)   Post Evacuate Collection Set: 0.1ms
[2024-07-18T16:19:10.795+0800][info][gc,phases      ] GC(181)   Other: 0.0ms
[2024-07-18T16:19:10.795+0800][info][gc,heap        ] GC(181) Eden regions: 1->0(23)
[2024-07-18T16:19:10.795+0800][info][gc,heap        ] GC(181) Survivor regions: 2->2(2)
[2024-07-18T16:19:10.795+0800][info][gc,heap        ] GC(181) Old regions: 338->338
[2024-07-18T16:19:10.795+0800][info][gc,heap        ] GC(181) Archive regions: 0->0
[2024-07-18T16:19:10.795+0800][info][gc,heap        ] GC(181) Humongous regions: 169->168
[2024-07-18T16:19:10.795+0800][info][gc,metaspace   ] GC(181) Metaspace: 194K(384K)->194K(384K) NonClass: 186K(256K)->186K(256K) Class: 7K(128K)->7K(128K)
[2024-07-18T16:19:10.795+0800][info][gc             ] GC(181) Pause Young (Normal) (G1 Preventive Collection) 490M->489M(512M) 0.772ms
[2024-07-18T16:19:10.795+0800][info][gc,cpu         ] GC(181) User=0.00s Sys=0.00s Real=0.00s
[2024-07-18T16:19:10.796+0800][info][gc,start       ] GC(182) Pause Young (Normal) (G1 Preventive Collection)
[2024-07-18T16:19:10.796+0800][info][gc,task        ] GC(182) Using 12 workers of 13 for evacuation
[2024-07-18T16:19:10.796+0800][info][gc,phases      ] GC(182)   Pre Evacuate Collection Set: 0.0ms
[2024-07-18T16:19:10.796+0800][info][gc,phases      ] GC(182)   Merge Heap Roots: 0.0ms
[2024-07-18T16:19:10.796+0800][info][gc,phases      ] GC(182)   Evacuate Collection Set: 0.1ms
[2024-07-18T16:19:10.796+0800][info][gc,phases      ] GC(182)   Post Evacuate Collection Set: 0.1ms
[2024-07-18T16:19:10.796+0800][info][gc,phases      ] GC(182)   Other: 0.1ms
[2024-07-18T16:19:10.796+0800][info][gc,heap        ] GC(182) Eden regions: 1->0(22)
[2024-07-18T16:19:10.796+0800][info][gc,heap        ] GC(182) Survivor regions: 2->3(3)
[2024-07-18T16:19:10.796+0800][info][gc,heap        ] GC(182) Old regions: 338->338
[2024-07-18T16:19:10.796+0800][info][gc,heap        ] GC(182) Archive regions: 0->0
[2024-07-18T16:19:10.796+0800][info][gc,heap        ] GC(182) Humongous regions: 168->168
[2024-07-18T16:19:10.796+0800][info][gc,metaspace   ] GC(182) Metaspace: 194K(384K)->194K(384K) NonClass: 186K(256K)->186K(256K) Class: 7K(128K)->7K(128K)
[2024-07-18T16:19:10.796+0800][info][gc             ] GC(182) Pause Young (Normal) (G1 Preventive Collection) 490M->489M(512M) 0.331ms
[2024-07-18T16:19:10.796+0800][info][gc,cpu         ] GC(182) User=0.00s Sys=0.00s Real=0.00s
[2024-07-18T16:19:10.796+0800][info][gc,start       ] GC(183) Pause Young (Normal) (G1 Preventive Collection)
[2024-07-18T16:19:10.796+0800][info][gc,task        ] GC(183) Using 12 workers of 13 for evacuation
[2024-07-18T16:19:10.796+0800][info][gc             ] GC(183) To-space exhausted
[2024-07-18T16:19:10.796+0800][info][gc,phases      ] GC(183)   Pre Evacuate Collection Set: 0.0ms
[2024-07-18T16:19:10.796+0800][info][gc,phases      ] GC(183)   Merge Heap Roots: 0.0ms
[2024-07-18T16:19:10.796+0800][info][gc,phases      ] GC(183)   Evacuate Collection Set: 0.1ms
[2024-07-18T16:19:10.796+0800][info][gc,phases      ] GC(183)   Post Evacuate Collection Set: 0.1ms
[2024-07-18T16:19:10.796+0800][info][gc,phases      ] GC(183)   Other: 0.1ms
[2024-07-18T16:19:10.796+0800][info][gc,heap        ] GC(183) Eden regions: 1->0(24)
[2024-07-18T16:19:10.796+0800][info][gc,heap        ] GC(183) Survivor regions: 3->1(2)
[2024-07-18T16:19:10.796+0800][info][gc,heap        ] GC(183) Old regions: 338->340
[2024-07-18T16:19:10.796+0800][info][gc,heap        ] GC(183) Archive regions: 0->0
[2024-07-18T16:19:10.796+0800][info][gc,heap        ] GC(183) Humongous regions: 168->168
[2024-07-18T16:19:10.796+0800][info][gc,metaspace   ] GC(183) Metaspace: 194K(384K)->194K(384K) NonClass: 186K(256K)->186K(256K) Class: 7K(128K)->7K(128K)
[2024-07-18T16:19:10.796+0800][info][gc             ] GC(183) Pause Young (Normal) (G1 Preventive Collection) 489M->490M(512M) 0.339ms
[2024-07-18T16:19:10.796+0800][info][gc,cpu         ] GC(183) User=0.00s Sys=0.00s Real=0.00s
[2024-07-18T16:19:10.796+0800][info][gc,start       ] GC(184) Pause Young (Normal) (G1 Preventive Collection)
[2024-07-18T16:19:10.796+0800][info][gc,task        ] GC(184) Using 12 workers of 13 for evacuation
[2024-07-18T16:19:10.797+0800][info][gc,phases      ] GC(184)   Pre Evacuate Collection Set: 0.0ms
[2024-07-18T16:19:10.797+0800][info][gc,phases      ] GC(184)   Merge Heap Roots: 0.0ms
[2024-07-18T16:19:10.797+0800][info][gc,phases      ] GC(184)   Evacuate Collection Set: 0.0ms
[2024-07-18T16:19:10.797+0800][info][gc,phases      ] GC(184)   Post Evacuate Collection Set: 0.1ms
[2024-07-18T16:19:10.797+0800][info][gc,phases      ] GC(184)   Other: 0.0ms
[2024-07-18T16:19:10.797+0800][info][gc,heap        ] GC(184) Eden regions: 0->0(24)
[2024-07-18T16:19:10.797+0800][info][gc,heap        ] GC(184) Survivor regions: 1->1(2)
[2024-07-18T16:19:10.797+0800][info][gc,heap        ] GC(184) Old regions: 340->340
[2024-07-18T16:19:10.797+0800][info][gc,heap        ] GC(184) Archive regions: 0->0
[2024-07-18T16:19:10.797+0800][info][gc,heap        ] GC(184) Humongous regions: 169->168
[2024-07-18T16:19:10.797+0800][info][gc,metaspace   ] GC(184) Metaspace: 194K(384K)->194K(384K) NonClass: 186K(256K)->186K(256K) Class: 7K(128K)->7K(128K)
[2024-07-18T16:19:10.797+0800][info][gc             ] GC(184) Pause Young (Normal) (G1 Preventive Collection) 491M->490M(512M) 0.272ms
[2024-07-18T16:19:10.797+0800][info][gc,cpu         ] GC(184) User=0.00s Sys=0.00s Real=0.00s
[2024-07-18T16:19:10.797+0800][info][gc,start       ] GC(185) Pause Young (Normal) (G1 Preventive Collection)
[2024-07-18T16:19:10.797+0800][info][gc,task        ] GC(185) Using 12 workers of 13 for evacuation
[2024-07-18T16:19:10.797+0800][info][gc,phases      ] GC(185)   Pre Evacuate Collection Set: 0.0ms
[2024-07-18T16:19:10.797+0800][info][gc,phases      ] GC(185)   Merge Heap Roots: 0.0ms
[2024-07-18T16:19:10.797+0800][info][gc,phases      ] GC(185)   Evacuate Collection Set: 0.1ms
[2024-07-18T16:19:10.797+0800][info][gc,phases      ] GC(185)   Post Evacuate Collection Set: 0.1ms
[2024-07-18T16:19:10.797+0800][info][gc,phases      ] GC(185)   Other: 0.0ms
[2024-07-18T16:19:10.797+0800][info][gc,heap        ] GC(185) Eden regions: 1->0(24)
[2024-07-18T16:19:10.797+0800][info][gc,heap        ] GC(185) Survivor regions: 1->1(2)
[2024-07-18T16:19:10.797+0800][info][gc,heap        ] GC(185) Old regions: 340->340
[2024-07-18T16:19:10.797+0800][info][gc,heap        ] GC(185) Archive regions: 0->0
[2024-07-18T16:19:10.797+0800][info][gc,heap        ] GC(185) Humongous regions: 168->168
[2024-07-18T16:19:10.797+0800][info][gc,metaspace   ] GC(185) Metaspace: 194K(384K)->194K(384K) NonClass: 186K(256K)->186K(256K) Class: 7K(128K)->7K(128K)
[2024-07-18T16:19:10.797+0800][info][gc             ] GC(185) Pause Young (Normal) (G1 Preventive Collection) 491M->490M(512M) 0.289ms
[2024-07-18T16:19:10.797+0800][info][gc,cpu         ] GC(185) User=0.00s Sys=0.00s Real=0.00s
[2024-07-18T16:19:10.797+0800][info][gc,start       ] GC(186) Pause Young (Normal) (G1 Preventive Collection)
[2024-07-18T16:19:10.797+0800][info][gc,task        ] GC(186) Using 12 workers of 13 for evacuation
[2024-07-18T16:19:10.797+0800][info][gc,phases      ] GC(186)   Pre Evacuate Collection Set: 0.0ms
[2024-07-18T16:19:10.797+0800][info][gc,phases      ] GC(186)   Merge Heap Roots: 0.0ms
[2024-07-18T16:19:10.797+0800][info][gc,phases      ] GC(186)   Evacuate Collection Set: 0.1ms
[2024-07-18T16:19:10.797+0800][info][gc,phases      ] GC(186)   Post Evacuate Collection Set: 0.1ms
[2024-07-18T16:19:10.797+0800][info][gc,phases      ] GC(186)   Other: 0.0ms
[2024-07-18T16:19:10.797+0800][info][gc,heap        ] GC(186) Eden regions: 0->0(24)
[2024-07-18T16:19:10.797+0800][info][gc,heap        ] GC(186) Survivor regions: 1->1(2)
[2024-07-18T16:19:10.797+0800][info][gc,heap        ] GC(186) Old regions: 340->340
[2024-07-18T16:19:10.797+0800][info][gc,heap        ] GC(186) Archive regions: 0->0
[2024-07-18T16:19:10.797+0800][info][gc,heap        ] GC(186) Humongous regions: 169->168
[2024-07-18T16:19:10.797+0800][info][gc,metaspace   ] GC(186) Metaspace: 194K(384K)->194K(384K) NonClass: 186K(256K)->186K(256K) Class: 7K(128K)->7K(128K)
[2024-07-18T16:19:10.797+0800][info][gc             ] GC(186) Pause Young (Normal) (G1 Preventive Collection) 491M->490M(512M) 0.279ms
[2024-07-18T16:19:10.797+0800][info][gc,cpu         ] GC(186) User=0.00s Sys=0.00s Real=0.00s
[2024-07-18T16:19:10.798+0800][info][gc,start       ] GC(187) Pause Young (Normal) (G1 Preventive Collection)
[2024-07-18T16:19:10.798+0800][info][gc,task        ] GC(187) Using 12 workers of 13 for evacuation
[2024-07-18T16:19:10.798+0800][info][gc,phases      ] GC(187)   Pre Evacuate Collection Set: 0.0ms
[2024-07-18T16:19:10.798+0800][info][gc,phases      ] GC(187)   Merge Heap Roots: 0.0ms
[2024-07-18T16:19:10.798+0800][info][gc,phases      ] GC(187)   Evacuate Collection Set: 0.1ms
[2024-07-18T16:19:10.798+0800][info][gc,phases      ] GC(187)   Post Evacuate Collection Set: 0.1ms
[2024-07-18T16:19:10.798+0800][info][gc,phases      ] GC(187)   Other: 0.0ms
[2024-07-18T16:19:10.798+0800][info][gc,heap        ] GC(187) Eden regions: 1->0(23)
[2024-07-18T16:19:10.798+0800][info][gc,heap        ] GC(187) Survivor regions: 1->2(2)
[2024-07-18T16:19:10.798+0800][info][gc,heap        ] GC(187) Old regions: 340->340
[2024-07-18T16:19:10.798+0800][info][gc,heap        ] GC(187) Archive regions: 0->0
[2024-07-18T16:19:10.798+0800][info][gc,heap        ] GC(187) Humongous regions: 168->167
[2024-07-18T16:19:10.798+0800][info][gc,metaspace   ] GC(187) Metaspace: 194K(384K)->194K(384K) NonClass: 186K(256K)->186K(256K) Class: 7K(128K)->7K(128K)
[2024-07-18T16:19:10.798+0800][info][gc             ] GC(187) Pause Young (Normal) (G1 Preventive Collection) 491M->490M(512M) 0.267ms
[2024-07-18T16:19:10.798+0800][info][gc,cpu         ] GC(187) User=0.00s Sys=0.00s Real=0.00s
[2024-07-18T16:19:10.798+0800][info][gc,start       ] GC(188) Pause Young (Normal) (G1 Preventive Collection)
[2024-07-18T16:19:10.798+0800][info][gc,task        ] GC(188) Using 12 workers of 13 for evacuation
[2024-07-18T16:19:10.798+0800][info][gc,phases      ] GC(188)   Pre Evacuate Collection Set: 0.0ms
[2024-07-18T16:19:10.798+0800][info][gc,phases      ] GC(188)   Merge Heap Roots: 0.0ms
[2024-07-18T16:19:10.798+0800][info][gc,phases      ] GC(188)   Evacuate Collection Set: 0.1ms
[2024-07-18T16:19:10.799+0800][info][gc,phases      ] GC(188)   Post Evacuate Collection Set: 0.1ms
[2024-07-18T16:19:10.799+0800][info][gc,phases      ] GC(188)   Other: 0.0ms
[2024-07-18T16:19:10.799+0800][info][gc,heap        ] GC(188) Eden regions: 1->0(23)
[2024-07-18T16:19:10.799+0800][info][gc,heap        ] GC(188) Survivor regions: 2->2(2)
[2024-07-18T16:19:10.799+0800][info][gc,heap        ] GC(188) Old regions: 340->340
[2024-07-18T16:19:10.799+0800][info][gc,heap        ] GC(188) Archive regions: 0->0
[2024-07-18T16:19:10.799+0800][info][gc,heap        ] GC(188) Humongous regions: 167->167
[2024-07-18T16:19:10.799+0800][info][gc,metaspace   ] GC(188) Metaspace: 194K(384K)->194K(384K) NonClass: 186K(256K)->186K(256K) Class: 7K(128K)->7K(128K)
[2024-07-18T16:19:10.799+0800][info][gc             ] GC(188) Pause Young (Normal) (G1 Preventive Collection) 490M->490M(512M) 0.273ms
[2024-07-18T16:19:10.799+0800][info][gc,cpu         ] GC(188) User=0.00s Sys=0.00s Real=0.00s
[2024-07-18T16:19:10.799+0800][info][gc,start       ] GC(189) Pause Young (Normal) (G1 Preventive Collection)
[2024-07-18T16:19:10.799+0800][info][gc,task        ] GC(189) Using 12 workers of 13 for evacuation
[2024-07-18T16:19:10.799+0800][info][gc,phases      ] GC(189)   Pre Evacuate Collection Set: 0.0ms
[2024-07-18T16:19:10.799+0800][info][gc,phases      ] GC(189)   Merge Heap Roots: 0.0ms
[2024-07-18T16:19:10.799+0800][info][gc,phases      ] GC(189)   Evacuate Collection Set: 0.1ms
[2024-07-18T16:19:10.799+0800][info][gc,phases      ] GC(189)   Post Evacuate Collection Set: 0.1ms
[2024-07-18T16:19:10.799+0800][info][gc,phases      ] GC(189)   Other: 0.0ms
[2024-07-18T16:19:10.799+0800][info][gc,heap        ] GC(189) Eden regions: 0->0(23)
[2024-07-18T16:19:10.799+0800][info][gc,heap        ] GC(189) Survivor regions: 2->2(2)
[2024-07-18T16:19:10.799+0800][info][gc,heap        ] GC(189) Old regions: 340->340
[2024-07-18T16:19:10.799+0800][info][gc,heap        ] GC(189) Archive regions: 0->0
[2024-07-18T16:19:10.799+0800][info][gc,heap        ] GC(189) Humongous regions: 168->167
[2024-07-18T16:19:10.799+0800][info][gc,metaspace   ] GC(189) Metaspace: 194K(384K)->194K(384K) NonClass: 186K(256K)->186K(256K) Class: 7K(128K)->7K(128K)
[2024-07-18T16:19:10.799+0800][info][gc             ] GC(189) Pause Young (Normal) (G1 Preventive Collection) 491M->490M(512M) 0.282ms
[2024-07-18T16:19:10.799+0800][info][gc,cpu         ] GC(189) User=0.00s Sys=0.00s Real=0.00s
[2024-07-18T16:19:10.799+0800][info][gc,start       ] GC(190) Pause Young (Normal) (G1 Preventive Collection)
[2024-07-18T16:19:10.799+0800][info][gc,task        ] GC(190) Using 12 workers of 13 for evacuation
[2024-07-18T16:19:10.799+0800][info][gc             ] GC(190) To-space exhausted
[2024-07-18T16:19:10.799+0800][info][gc,phases      ] GC(190)   Pre Evacuate Collection Set: 0.0ms
[2024-07-18T16:19:10.799+0800][info][gc,phases      ] GC(190)   Merge Heap Roots: 0.0ms
[2024-07-18T16:19:10.799+0800][info][gc,phases      ] GC(190)   Evacuate Collection Set: 0.1ms
[2024-07-18T16:19:10.799+0800][info][gc,phases      ] GC(190)   Post Evacuate Collection Set: 0.1ms
[2024-07-18T16:19:10.799+0800][info][gc,phases      ] GC(190)   Other: 0.0ms
[2024-07-18T16:19:10.799+0800][info][gc,heap        ] GC(190) Eden regions: 1->0(23)
[2024-07-18T16:19:10.799+0800][info][gc,heap        ] GC(190) Survivor regions: 2->2(2)
[2024-07-18T16:19:10.799+0800][info][gc,heap        ] GC(190) Old regions: 340->341
[2024-07-18T16:19:10.799+0800][info][gc,heap        ] GC(190) Archive regions: 0->0
[2024-07-18T16:19:10.799+0800][info][gc,heap        ] GC(190) Humongous regions: 167->166
[2024-07-18T16:19:10.799+0800][info][gc,metaspace   ] GC(190) Metaspace: 194K(384K)->194K(384K) NonClass: 186K(256K)->186K(256K) Class: 7K(128K)->7K(128K)
[2024-07-18T16:19:10.799+0800][info][gc             ] GC(190) Pause Young (Normal) (G1 Preventive Collection) 491M->490M(512M) 0.311ms
[2024-07-18T16:19:10.799+0800][info][gc,cpu         ] GC(190) User=0.00s Sys=0.00s Real=0.00s
[2024-07-18T16:19:10.799+0800][info][gc,marking     ] GC(180) Concurrent Mark From Roots 4.571ms
[2024-07-18T16:19:10.799+0800][info][gc,marking     ] GC(180) Concurrent Preclean
[2024-07-18T16:19:10.799+0800][info][gc,start       ] GC(191) Pause Young (Normal) (G1 Preventive Collection)
[2024-07-18T16:19:10.799+0800][info][gc,task        ] GC(191) Using 12 workers of 13 for evacuation
[2024-07-18T16:19:10.799+0800][info][gc,phases      ] GC(191)   Pre Evacuate Collection Set: 0.0ms
[2024-07-18T16:19:10.799+0800][info][gc,phases      ] GC(191)   Merge Heap Roots: 0.0ms
[2024-07-18T16:19:10.799+0800][info][gc,phases      ] GC(191)   Evacuate Collection Set: 0.1ms
[2024-07-18T16:19:10.799+0800][info][gc,phases      ] GC(191)   Post Evacuate Collection Set: 0.1ms
[2024-07-18T16:19:10.799+0800][info][gc,phases      ] GC(191)   Other: 0.1ms
[2024-07-18T16:19:10.799+0800][info][gc,heap        ] GC(191) Eden regions: 1->0(23)
[2024-07-18T16:19:10.799+0800][info][gc,heap        ] GC(191) Survivor regions: 2->2(2)
[2024-07-18T16:19:10.799+0800][info][gc,heap        ] GC(191) Old regions: 341->341
[2024-07-18T16:19:10.799+0800][info][gc,heap        ] GC(191) Archive regions: 0->0
[2024-07-18T16:19:10.799+0800][info][gc,heap        ] GC(191) Humongous regions: 166->166
[2024-07-18T16:19:10.799+0800][info][gc,metaspace   ] GC(191) Metaspace: 194K(384K)->194K(384K) NonClass: 186K(256K)->186K(256K) Class: 7K(128K)->7K(128K)
[2024-07-18T16:19:10.799+0800][info][gc             ] GC(191) Pause Young (Normal) (G1 Preventive Collection) 490M->490M(512M) 0.334ms
[2024-07-18T16:19:10.799+0800][info][gc,cpu         ] GC(191) User=0.00s Sys=0.00s Real=0.00s
[2024-07-18T16:19:10.799+0800][info][gc,marking     ] GC(180) Concurrent Preclean 0.445ms
[2024-07-18T16:19:10.799+0800][info][gc,start       ] GC(192) Pause Young (Normal) (G1 Preventive Collection)
[2024-07-18T16:19:10.799+0800][info][gc,task        ] GC(192) Using 12 workers of 13 for evacuation
[2024-07-18T16:19:10.799+0800][info][gc,phases      ] GC(192)   Pre Evacuate Collection Set: 0.0ms
[2024-07-18T16:19:10.799+0800][info][gc,phases      ] GC(192)   Merge Heap Roots: 0.0ms
[2024-07-18T16:19:10.799+0800][info][gc,phases      ] GC(192)   Evacuate Collection Set: 0.1ms
[2024-07-18T16:19:10.799+0800][info][gc,phases      ] GC(192)   Post Evacuate Collection Set: 0.1ms
[2024-07-18T16:19:10.799+0800][info][gc,phases      ] GC(192)   Other: 0.0ms
[2024-07-18T16:19:10.799+0800][info][gc,heap        ] GC(192) Eden regions: 0->0(24)
[2024-07-18T16:19:10.799+0800][info][gc,heap        ] GC(192) Survivor regions: 2->1(2)
[2024-07-18T16:19:10.799+0800][info][gc,heap        ] GC(192) Old regions: 341->342
[2024-07-18T16:19:10.799+0800][info][gc,heap        ] GC(192) Archive regions: 0->0
[2024-07-18T16:19:10.799+0800][info][gc,heap        ] GC(192) Humongous regions: 167->166
[2024-07-18T16:19:10.799+0800][info][gc,metaspace   ] GC(192) Metaspace: 194K(384K)->194K(384K) NonClass: 186K(256K)->186K(256K) Class: 7K(128K)->7K(128K)
[2024-07-18T16:19:10.799+0800][info][gc             ] GC(192) Pause Young (Normal) (G1 Preventive Collection) 491M->490M(512M) 0.311ms
[2024-07-18T16:19:10.799+0800][info][gc,cpu         ] GC(192) User=0.00s Sys=0.00s Real=0.00s
[2024-07-18T16:19:10.800+0800][info][gc,start       ] GC(180) Pause Remark
[2024-07-18T16:19:10.800+0800][info][gc             ] GC(180) Pause Remark 490M->490M(512M) 0.169ms
[2024-07-18T16:19:10.800+0800][info][gc,cpu         ] GC(180) User=0.00s Sys=0.00s Real=0.00s
[2024-07-18T16:19:10.800+0800][info][gc,marking     ] GC(180) Concurrent Mark 5.636ms
[2024-07-18T16:19:10.800+0800][info][gc,marking     ] GC(180) Concurrent Rebuild Remembered Sets
[2024-07-18T16:19:10.800+0800][info][gc,start       ] GC(193) Pause Young (Normal) (G1 Preventive Collection)
[2024-07-18T16:19:10.800+0800][info][gc,task        ] GC(193) Using 12 workers of 13 for evacuation
[2024-07-18T16:19:10.800+0800][info][gc,phases      ] GC(193)   Pre Evacuate Collection Set: 0.0ms
[2024-07-18T16:19:10.800+0800][info][gc,phases      ] GC(193)   Merge Heap Roots: 0.0ms
[2024-07-18T16:19:10.800+0800][info][gc,phases      ] GC(193)   Evacuate Collection Set: 0.1ms
[2024-07-18T16:19:10.800+0800][info][gc,phases      ] GC(193)   Post Evacuate Collection Set: 0.1ms
[2024-07-18T16:19:10.800+0800][info][gc,phases      ] GC(193)   Other: 0.0ms
[2024-07-18T16:19:10.800+0800][info][gc,heap        ] GC(193) Eden regions: 1->0(23)
[2024-07-18T16:19:10.800+0800][info][gc,heap        ] GC(193) Survivor regions: 1->2(2)
[2024-07-18T16:19:10.800+0800][info][gc,heap        ] GC(193) Old regions: 342->342
[2024-07-18T16:19:10.800+0800][info][gc,heap        ] GC(193) Archive regions: 0->0
[2024-07-18T16:19:10.800+0800][info][gc,heap        ] GC(193) Humongous regions: 166->165
[2024-07-18T16:19:10.800+0800][info][gc,metaspace   ] GC(193) Metaspace: 194K(384K)->194K(384K) NonClass: 186K(256K)->186K(256K) Class: 7K(128K)->7K(128K)
[2024-07-18T16:19:10.800+0800][info][gc             ] GC(193) Pause Young (Normal) (G1 Preventive Collection) 491M->489M(512M) 0.272ms
[2024-07-18T16:19:10.800+0800][info][gc,cpu         ] GC(193) User=0.00s Sys=0.00s Real=0.00s
[2024-07-18T16:19:10.800+0800][info][gc,start       ] GC(194) Pause Young (Normal) (G1 Preventive Collection)
[2024-07-18T16:19:10.800+0800][info][gc,task        ] GC(194) Using 12 workers of 13 for evacuation
[2024-07-18T16:19:10.801+0800][info][gc,phases      ] GC(194)   Pre Evacuate Collection Set: 0.0ms
[2024-07-18T16:19:10.801+0800][info][gc,phases      ] GC(194)   Merge Heap Roots: 0.0ms
[2024-07-18T16:19:10.801+0800][info][gc,phases      ] GC(194)   Evacuate Collection Set: 0.1ms
[2024-07-18T16:19:10.801+0800][info][gc,phases      ] GC(194)   Post Evacuate Collection Set: 0.1ms
[2024-07-18T16:19:10.801+0800][info][gc,phases      ] GC(194)   Other: 0.0ms
[2024-07-18T16:19:10.801+0800][info][gc,heap        ] GC(194) Eden regions: 1->0(24)
[2024-07-18T16:19:10.801+0800][info][gc,heap        ] GC(194) Survivor regions: 2->1(2)
[2024-07-18T16:19:10.801+0800][info][gc,heap        ] GC(194) Old regions: 342->343
[2024-07-18T16:19:10.801+0800][info][gc,heap        ] GC(194) Archive regions: 0->0
[2024-07-18T16:19:10.801+0800][info][gc,heap        ] GC(194) Humongous regions: 165->165
[2024-07-18T16:19:10.801+0800][info][gc,metaspace   ] GC(194) Metaspace: 194K(384K)->194K(384K) NonClass: 186K(256K)->186K(256K) Class: 7K(128K)->7K(128K)
[2024-07-18T16:19:10.801+0800][info][gc             ] GC(194) Pause Young (Normal) (G1 Preventive Collection) 490M->489M(512M) 0.324ms
[2024-07-18T16:19:10.801+0800][info][gc,cpu         ] GC(194) User=0.00s Sys=0.00s Real=0.00s
[2024-07-18T16:19:10.801+0800][info][gc,start       ] GC(195) Pause Young (Normal) (G1 Preventive Collection)
[2024-07-18T16:19:10.801+0800][info][gc,task        ] GC(195) Using 12 workers of 13 for evacuation
[2024-07-18T16:19:10.802+0800][info][gc,phases      ] GC(195)   Pre Evacuate Collection Set: 0.0ms
[2024-07-18T16:19:10.802+0800][info][gc,phases      ] GC(195)   Merge Heap Roots: 0.0ms
[2024-07-18T16:19:10.802+0800][info][gc,phases      ] GC(195)   Evacuate Collection Set: 0.1ms
[2024-07-18T16:19:10.802+0800][info][gc,phases      ] GC(195)   Post Evacuate Collection Set: 0.1ms
[2024-07-18T16:19:10.802+0800][info][gc,phases      ] GC(195)   Other: 0.1ms
[2024-07-18T16:19:10.802+0800][info][gc,heap        ] GC(195) Eden regions: 1->0(24)
[2024-07-18T16:19:10.802+0800][info][gc,heap        ] GC(195) Survivor regions: 1->1(2)
[2024-07-18T16:19:10.802+0800][info][gc,heap        ] GC(195) Old regions: 343->343
[2024-07-18T16:19:10.802+0800][info][gc,heap        ] GC(195) Archive regions: 0->0
[2024-07-18T16:19:10.802+0800][info][gc,heap        ] GC(195) Humongous regions: 165->165
[2024-07-18T16:19:10.802+0800][info][gc,metaspace   ] GC(195) Metaspace: 194K(384K)->194K(384K) NonClass: 186K(256K)->186K(256K) Class: 7K(128K)->7K(128K)
[2024-07-18T16:19:10.802+0800][info][gc             ] GC(195) Pause Young (Normal) (G1 Preventive Collection) 490M->489M(512M) 0.379ms
[2024-07-18T16:19:10.802+0800][info][gc,cpu         ] GC(195) User=0.00s Sys=0.00s Real=0.00s
[2024-07-18T16:19:10.802+0800][info][gc,start       ] GC(196) Pause Young (Normal) (G1 Preventive Collection)
[2024-07-18T16:19:10.802+0800][info][gc,task        ] GC(196) Using 12 workers of 13 for evacuation
[2024-07-18T16:19:10.802+0800][info][gc,phases      ] GC(196)   Pre Evacuate Collection Set: 0.0ms
[2024-07-18T16:19:10.802+0800][info][gc,phases      ] GC(196)   Merge Heap Roots: 0.0ms
[2024-07-18T16:19:10.802+0800][info][gc,phases      ] GC(196)   Evacuate Collection Set: 0.1ms
[2024-07-18T16:19:10.802+0800][info][gc,phases      ] GC(196)   Post Evacuate Collection Set: 0.1ms
[2024-07-18T16:19:10.802+0800][info][gc,phases      ] GC(196)   Other: 0.0ms
[2024-07-18T16:19:10.802+0800][info][gc,heap        ] GC(196) Eden regions: 0->0(24)
[2024-07-18T16:19:10.802+0800][info][gc,heap        ] GC(196) Survivor regions: 1->1(2)
[2024-07-18T16:19:10.802+0800][info][gc,heap        ] GC(196) Old regions: 343->343
[2024-07-18T16:19:10.802+0800][info][gc,heap        ] GC(196) Archive regions: 0->0
[2024-07-18T16:19:10.802+0800][info][gc,heap        ] GC(196) Humongous regions: 166->165
[2024-07-18T16:19:10.802+0800][info][gc,metaspace   ] GC(196) Metaspace: 194K(384K)->194K(384K) NonClass: 186K(256K)->186K(256K) Class: 7K(128K)->7K(128K)
[2024-07-18T16:19:10.802+0800][info][gc             ] GC(196) Pause Young (Normal) (G1 Preventive Collection) 490M->489M(512M) 0.380ms
[2024-07-18T16:19:10.802+0800][info][gc,cpu         ] GC(196) User=0.00s Sys=0.00s Real=0.00s
[2024-07-18T16:19:10.802+0800][info][gc,start       ] GC(197) Pause Young (Normal) (G1 Preventive Collection)
[2024-07-18T16:19:10.802+0800][info][gc,task        ] GC(197) Using 12 workers of 13 for evacuation
[2024-07-18T16:19:10.802+0800][info][gc,phases      ] GC(197)   Pre Evacuate Collection Set: 0.0ms
[2024-07-18T16:19:10.802+0800][info][gc,phases      ] GC(197)   Merge Heap Roots: 0.0ms
[2024-07-18T16:19:10.802+0800][info][gc,phases      ] GC(197)   Evacuate Collection Set: 0.1ms
[2024-07-18T16:19:10.802+0800][info][gc,phases      ] GC(197)   Post Evacuate Collection Set: 0.1ms
[2024-07-18T16:19:10.802+0800][info][gc,phases      ] GC(197)   Other: 0.1ms
[2024-07-18T16:19:10.802+0800][info][gc,heap        ] GC(197) Eden regions: 0->0(24)
[2024-07-18T16:19:10.802+0800][info][gc,heap        ] GC(197) Survivor regions: 1->1(2)
[2024-07-18T16:19:10.802+0800][info][gc,heap        ] GC(197) Old regions: 343->343
[2024-07-18T16:19:10.802+0800][info][gc,heap        ] GC(197) Archive regions: 0->0
[2024-07-18T16:19:10.802+0800][info][gc,heap        ] GC(197) Humongous regions: 166->166
[2024-07-18T16:19:10.802+0800][info][gc,metaspace   ] GC(197) Metaspace: 194K(384K)->194K(384K) NonClass: 186K(256K)->186K(256K) Class: 7K(128K)->7K(128K)
[2024-07-18T16:19:10.802+0800][info][gc             ] GC(197) Pause Young (Normal) (G1 Preventive Collection) 490M->490M(512M) 0.288ms
[2024-07-18T16:19:10.802+0800][info][gc,cpu         ] GC(197) User=0.00s Sys=0.00s Real=0.00s
[2024-07-18T16:19:10.802+0800][info][gc,start       ] GC(198) Pause Young (Normal) (G1 Preventive Collection)
[2024-07-18T16:19:10.802+0800][info][gc,task        ] GC(198) Using 12 workers of 13 for evacuation
[2024-07-18T16:19:10.802+0800][info][gc,phases      ] GC(198)   Pre Evacuate Collection Set: 0.0ms
[2024-07-18T16:19:10.802+0800][info][gc,phases      ] GC(198)   Merge Heap Roots: 0.0ms
[2024-07-18T16:19:10.802+0800][info][gc,phases      ] GC(198)   Evacuate Collection Set: 0.1ms
[2024-07-18T16:19:10.802+0800][info][gc,phases      ] GC(198)   Post Evacuate Collection Set: 0.1ms
[2024-07-18T16:19:10.802+0800][info][gc,phases      ] GC(198)   Other: 0.0ms
[2024-07-18T16:19:10.802+0800][info][gc,heap        ] GC(198) Eden regions: 1->0(24)
[2024-07-18T16:19:10.802+0800][info][gc,heap        ] GC(198) Survivor regions: 1->1(1)
[2024-07-18T16:19:10.802+0800][info][gc,heap        ] GC(198) Old regions: 343->343
[2024-07-18T16:19:10.802+0800][info][gc,heap        ] GC(198) Archive regions: 0->0
[2024-07-18T16:19:10.802+0800][info][gc,heap        ] GC(198) Humongous regions: 166->166
[2024-07-18T16:19:10.802+0800][info][gc,metaspace   ] GC(198) Metaspace: 194K(384K)->194K(384K) NonClass: 186K(256K)->186K(256K) Class: 7K(128K)->7K(128K)
[2024-07-18T16:19:10.802+0800][info][gc             ] GC(198) Pause Young (Normal) (G1 Preventive Collection) 491M->490M(512M) 0.288ms
[2024-07-18T16:19:10.802+0800][info][gc,cpu         ] GC(198) User=0.00s Sys=0.00s Real=0.00s
[2024-07-18T16:19:10.802+0800][info][gc,start       ] GC(199) Pause Young (Normal) (G1 Preventive Collection)
[2024-07-18T16:19:10.802+0800][info][gc,task        ] GC(199) Using 12 workers of 13 for evacuation
[2024-07-18T16:19:10.802+0800][info][gc,phases      ] GC(199)   Pre Evacuate Collection Set: 0.0ms
[2024-07-18T16:19:10.802+0800][info][gc,phases      ] GC(199)   Merge Heap Roots: 0.0ms
[2024-07-18T16:19:10.802+0800][info][gc,phases      ] GC(199)   Evacuate Collection Set: 0.1ms
[2024-07-18T16:19:10.802+0800][info][gc,phases      ] GC(199)   Post Evacuate Collection Set: 0.1ms
[2024-07-18T16:19:10.802+0800][info][gc,phases      ] GC(199)   Other: 0.0ms
[2024-07-18T16:19:10.802+0800][info][gc,heap        ] GC(199) Eden regions: 1->0(24)
[2024-07-18T16:19:10.802+0800][info][gc,heap        ] GC(199) Survivor regions: 1->1(1)
[2024-07-18T16:19:10.802+0800][info][gc,heap        ] GC(199) Old regions: 343->343
[2024-07-18T16:19:10.804+0800][info][gc,heap        ] GC(199) Archive regions: 0->0
[2024-07-18T16:19:10.804+0800][info][gc,heap        ] GC(199) Humongous regions: 166->165
[2024-07-18T16:19:10.804+0800][info][gc,metaspace   ] GC(199) Metaspace: 194K(384K)->194K(384K) NonClass: 186K(256K)->186K(256K) Class: 7K(128K)->7K(128K)
[2024-07-18T16:19:10.804+0800][info][gc             ] GC(199) Pause Young (Normal) (G1 Preventive Collection) 491M->489M(512M) 0.294ms
[2024-07-18T16:19:10.804+0800][info][gc,cpu         ] GC(199) User=0.00s Sys=0.00s Real=0.00s
[2024-07-18T16:19:10.804+0800][info][gc,marking     ] GC(180) Concurrent Rebuild Remembered Sets 3.121ms
[2024-07-18T16:19:10.804+0800][info][gc,start       ] GC(180) Pause Cleanup
[2024-07-18T16:19:10.804+0800][info][gc             ] GC(180) Pause Cleanup 489M->489M(512M) 0.098ms
[2024-07-18T16:19:10.804+0800][info][gc,cpu         ] GC(180) User=0.00s Sys=0.00s Real=0.00s
[2024-07-18T16:19:10.804+0800][info][gc,marking     ] GC(180) Concurrent Cleanup for Next Mark
[2024-07-18T16:19:10.804+0800][info][gc,start       ] GC(200) Pause Young (Prepare Mixed) (G1 Preventive Collection)
[2024-07-18T16:19:10.804+0800][info][gc,task        ] GC(200) Using 12 workers of 13 for evacuation
[2024-07-18T16:19:10.804+0800][info][gc,phases      ] GC(200)   Pre Evacuate Collection Set: 0.0ms
[2024-07-18T16:19:10.804+0800][info][gc,phases      ] GC(200)   Merge Heap Roots: 0.0ms
[2024-07-18T16:19:10.804+0800][info][gc,phases      ] GC(200)   Evacuate Collection Set: 0.1ms
[2024-07-18T16:19:10.804+0800][info][gc,phases      ] GC(200)   Post Evacuate Collection Set: 0.1ms
[2024-07-18T16:19:10.804+0800][info][gc,phases      ] GC(200)   Other: 0.0ms
[2024-07-18T16:19:10.804+0800][info][gc,heap        ] GC(200) Eden regions: 1->0(24)
[2024-07-18T16:19:10.804+0800][info][gc,heap        ] GC(200) Survivor regions: 1->1(2)
[2024-07-18T16:19:10.804+0800][info][gc,heap        ] GC(200) Old regions: 343->343
[2024-07-18T16:19:10.804+0800][info][gc,heap        ] GC(200) Archive regions: 0->0
[2024-07-18T16:19:10.804+0800][info][gc,heap        ] GC(200) Humongous regions: 165->165
[2024-07-18T16:19:10.804+0800][info][gc,metaspace   ] GC(200) Metaspace: 194K(384K)->194K(384K) NonClass: 186K(256K)->186K(256K) Class: 7K(128K)->7K(128K)
[2024-07-18T16:19:10.804+0800][info][gc             ] GC(200) Pause Young (Prepare Mixed) (G1 Preventive Collection) 490M->489M(512M) 0.273ms
[2024-07-18T16:19:10.804+0800][info][gc,cpu         ] GC(200) User=0.00s Sys=0.00s Real=0.00s
[2024-07-18T16:19:10.804+0800][info][gc,start       ] GC(201) Pause Young (Mixed) (G1 Preventive Collection)
[2024-07-18T16:19:10.804+0800][info][gc,task        ] GC(201) Using 12 workers of 13 for evacuation
[2024-07-18T16:19:10.805+0800][info][gc             ] GC(201) To-space exhausted
[2024-07-18T16:19:10.805+0800][info][gc,phases      ] GC(201)   Pre Evacuate Collection Set: 0.0ms
[2024-07-18T16:19:10.805+0800][info][gc,phases      ] GC(201)   Merge Heap Roots: 0.0ms
[2024-07-18T16:19:10.805+0800][info][gc,phases      ] GC(201)   Evacuate Collection Set: 0.1ms
[2024-07-18T16:19:10.805+0800][info][gc,phases      ] GC(201)   Post Evacuate Collection Set: 0.1ms
[2024-07-18T16:19:10.805+0800][info][gc,phases      ] GC(201)   Other: 0.1ms
[2024-07-18T16:19:10.805+0800][info][gc,heap        ] GC(201) Eden regions: 0->0(24)
[2024-07-18T16:19:10.805+0800][info][gc,heap        ] GC(201) Survivor regions: 1->1(2)
[2024-07-18T16:19:10.805+0800][info][gc,heap        ] GC(201) Old regions: 343->332
[2024-07-18T16:19:10.805+0800][info][gc,heap        ] GC(201) Archive regions: 0->0
[2024-07-18T16:19:10.805+0800][info][gc,heap        ] GC(201) Humongous regions: 166->166
[2024-07-18T16:19:10.805+0800][info][gc,metaspace   ] GC(201) Metaspace: 194K(384K)->194K(384K) NonClass: 186K(256K)->186K(256K) Class: 7K(128K)->7K(128K)
[2024-07-18T16:19:10.805+0800][info][gc             ] GC(201) Pause Young (Mixed) (G1 Preventive Collection) 490M->481M(512M) 0.420ms
[2024-07-18T16:19:10.805+0800][info][gc,cpu         ] GC(201) User=0.00s Sys=0.00s Real=0.00s
[2024-07-18T16:19:10.805+0800][info][gc,marking     ] GC(180) Concurrent Cleanup for Next Mark 1.076ms
[2024-07-18T16:19:10.805+0800][info][gc             ] GC(180) Concurrent Mark Cycle 10.138ms
[2024-07-18T16:19:10.805+0800][info][gc,start       ] GC(202) Pause Young (Mixed) (G1 Preventive Collection)
[2024-07-18T16:19:10.805+0800][info][gc,task        ] GC(202) Using 12 workers of 13 for evacuation
[2024-07-18T16:19:10.805+0800][info][gc             ] GC(202) To-space exhausted
[2024-07-18T16:19:10.805+0800][info][gc,phases      ] GC(202)   Pre Evacuate Collection Set: 0.0ms
[2024-07-18T16:19:10.805+0800][info][gc,phases      ] GC(202)   Merge Heap Roots: 0.0ms
[2024-07-18T16:19:10.805+0800][info][gc,phases      ] GC(202)   Evacuate Collection Set: 0.7ms
[2024-07-18T16:19:10.805+0800][info][gc,phases      ] GC(202)   Post Evacuate Collection Set: 0.1ms
[2024-07-18T16:19:10.805+0800][info][gc,phases      ] GC(202)   Other: 0.1ms
[2024-07-18T16:19:10.805+0800][info][gc,heap        ] GC(202) Eden regions: 3->0(23)
[2024-07-18T16:19:10.805+0800][info][gc,heap        ] GC(202) Survivor regions: 1->2(4)
[2024-07-18T16:19:10.805+0800][info][gc,heap        ] GC(202) Old regions: 332->333
[2024-07-18T16:19:10.805+0800][info][gc,heap        ] GC(202) Archive regions: 0->0
[2024-07-18T16:19:10.805+0800][info][gc,heap        ] GC(202) Humongous regions: 167->165
[2024-07-18T16:19:10.805+0800][info][gc,metaspace   ] GC(202) Metaspace: 194K(384K)->194K(384K) NonClass: 186K(256K)->186K(256K) Class: 7K(128K)->7K(128K)
[2024-07-18T16:19:10.805+0800][info][gc             ] GC(202) Pause Young (Mixed) (G1 Preventive Collection) 484M->482M(512M) 1.032ms
[2024-07-18T16:19:10.805+0800][info][gc,cpu         ] GC(202) User=0.00s Sys=0.00s Real=0.00s
[2024-07-18T16:19:10.805+0800][info][gc,start       ] GC(203) Pause Young (Mixed) (G1 Preventive Collection)
[2024-07-18T16:19:10.805+0800][info][gc,task        ] GC(203) Using 12 workers of 13 for evacuation
[2024-07-18T16:19:10.805+0800][info][gc             ] GC(203) To-space exhausted
[2024-07-18T16:19:10.805+0800][info][gc,phases      ] GC(203)   Pre Evacuate Collection Set: 0.0ms
[2024-07-18T16:19:10.805+0800][info][gc,phases      ] GC(203)   Merge Heap Roots: 0.0ms
[2024-07-18T16:19:10.805+0800][info][gc,phases      ] GC(203)   Evacuate Collection Set: 0.8ms
[2024-07-18T16:19:10.805+0800][info][gc,phases      ] GC(203)   Post Evacuate Collection Set: 0.1ms
[2024-07-18T16:19:10.805+0800][info][gc,phases      ] GC(203)   Other: 0.1ms
[2024-07-18T16:19:10.805+0800][info][gc,heap        ] GC(203) Eden regions: 1->0(23)
[2024-07-18T16:19:10.805+0800][info][gc,heap        ] GC(203) Survivor regions: 2->2(4)
[2024-07-18T16:19:10.805+0800][info][gc,heap        ] GC(203) Old regions: 333->336
[2024-07-18T16:19:10.805+0800][info][gc,heap        ] GC(203) Archive regions: 0->0
[2024-07-18T16:19:10.805+0800][info][gc,heap        ] GC(203) Humongous regions: 165->165
[2024-07-18T16:19:10.805+0800][info][gc,metaspace   ] GC(203) Metaspace: 194K(384K)->194K(384K) NonClass: 186K(256K)->186K(256K) Class: 7K(128K)->7K(128K)
[2024-07-18T16:19:10.805+0800][info][gc             ] GC(203) Pause Young (Mixed) (G1 Preventive Collection) 483M->485M(512M) 1.065ms
[2024-07-18T16:19:10.805+0800][info][gc,cpu         ] GC(203) User=0.00s Sys=0.00s Real=0.00s
[2024-07-18T16:19:10.805+0800][info][gc,start       ] GC(204) Pause Young (Concurrent Start) (G1 Humongous Allocation)
[2024-07-18T16:19:10.805+0800][info][gc,task        ] GC(204) Using 12 workers of 13 for evacuation
[2024-07-18T16:19:10.805+0800][info][gc,phases      ] GC(204)   Pre Evacuate Collection Set: 0.0ms
[2024-07-18T16:19:10.805+0800][info][gc,phases      ] GC(204)   Merge Heap Roots: 0.0ms
[2024-07-18T16:19:10.805+0800][info][gc,phases      ] GC(204)   Evacuate Collection Set: 0.2ms
[2024-07-18T16:19:10.805+0800][info][gc,phases      ] GC(204)   Post Evacuate Collection Set: 0.1ms
[2024-07-18T16:19:10.805+0800][info][gc,phases      ] GC(204)   Other: 0.1ms
[2024-07-18T16:19:10.805+0800][info][gc,heap        ] GC(204) Eden regions: 2->0(22)
[2024-07-18T16:19:10.805+0800][info][gc,heap        ] GC(204) Survivor regions: 2->3(4)
[2024-07-18T16:19:10.805+0800][info][gc,heap        ] GC(204) Old regions: 336->336
[2024-07-18T16:19:10.805+0800][info][gc,heap        ] GC(204) Archive regions: 0->0
[2024-07-18T16:19:10.805+0800][info][gc,heap        ] GC(204) Humongous regions: 165->165
[2024-07-18T16:19:10.805+0800][info][gc,metaspace   ] GC(204) Metaspace: 194K(384K)->194K(384K) NonClass: 186K(256K)->186K(256K) Class: 7K(128K)->7K(128K)
[2024-07-18T16:19:10.805+0800][info][gc             ] GC(204) Pause Young (Concurrent Start) (G1 Humongous Allocation) 487M->486M(512M) 0.464ms
[2024-07-18T16:19:10.805+0800][info][gc,cpu         ] GC(204) User=0.00s Sys=0.00s Real=0.00s
[2024-07-18T16:19:10.805+0800][info][gc             ] GC(205) Concurrent Mark Cycle
[2024-07-18T16:19:10.805+0800][info][gc,marking     ] GC(205) Concurrent Clear Claimed Marks
[2024-07-18T16:19:10.805+0800][info][gc,marking     ] GC(205) Concurrent Clear Claimed Marks 0.007ms
[2024-07-18T16:19:10.805+0800][info][gc,marking     ] GC(205) Concurrent Scan Root Regions
[2024-07-18T16:19:10.805+0800][info][gc,marking     ] GC(205) Concurrent Scan Root Regions 0.024ms
[2024-07-18T16:19:10.805+0800][info][gc,marking     ] GC(205) Concurrent Mark
[2024-07-18T16:19:10.805+0800][info][gc,marking     ] GC(205) Concurrent Mark From Roots
[2024-07-18T16:19:10.805+0800][info][gc,task        ] GC(205) Using 3 workers of 3 for marking
[2024-07-18T16:19:10.808+0800][info][gc,start       ] GC(206) Pause Young (Normal) (G1 Preventive Collection)
[2024-07-18T16:19:10.808+0800][info][gc,task        ] GC(206) Using 12 workers of 13 for evacuation
[2024-07-18T16:19:10.808+0800][info][gc,phases      ] GC(206)   Pre Evacuate Collection Set: 0.0ms
[2024-07-18T16:19:10.808+0800][info][gc,phases      ] GC(206)   Merge Heap Roots: 0.0ms
[2024-07-18T16:19:10.808+0800][info][gc,phases      ] GC(206)   Evacuate Collection Set: 0.1ms
[2024-07-18T16:19:10.808+0800][info][gc,phases      ] GC(206)   Post Evacuate Collection Set: 0.1ms
[2024-07-18T16:19:10.808+0800][info][gc,phases      ] GC(206)   Other: 0.0ms
[2024-07-18T16:19:10.808+0800][info][gc,heap        ] GC(206) Eden regions: 2->0(23)
[2024-07-18T16:19:10.808+0800][info][gc,heap        ] GC(206) Survivor regions: 3->2(4)
[2024-07-18T16:19:10.808+0800][info][gc,heap        ] GC(206) Old regions: 336->338
[2024-07-18T16:19:10.808+0800][info][gc,heap        ] GC(206) Archive regions: 0->0
[2024-07-18T16:19:10.808+0800][info][gc,heap        ] GC(206) Humongous regions: 167->166
[2024-07-18T16:19:10.808+0800][info][gc,metaspace   ] GC(206) Metaspace: 194K(384K)->194K(384K) NonClass: 186K(256K)->186K(256K) Class: 7K(128K)->7K(128K)
[2024-07-18T16:19:10.808+0800][info][gc             ] GC(206) Pause Young (Normal) (G1 Preventive Collection) 490M->487M(512M) 0.383ms
[2024-07-18T16:19:10.808+0800][info][gc,cpu         ] GC(206) User=0.00s Sys=0.00s Real=0.00s
[2024-07-18T16:19:10.808+0800][info][gc,start       ] GC(207) Pause Young (Normal) (G1 Preventive Collection)
[2024-07-18T16:19:10.808+0800][info][gc,task        ] GC(207) Using 12 workers of 13 for evacuation
[2024-07-18T16:19:10.808+0800][info][gc,phases      ] GC(207)   Pre Evacuate Collection Set: 0.0ms
[2024-07-18T16:19:10.808+0800][info][gc,phases      ] GC(207)   Merge Heap Roots: 0.0ms
[2024-07-18T16:19:10.808+0800][info][gc,phases      ] GC(207)   Evacuate Collection Set: 0.1ms
[2024-07-18T16:19:10.808+0800][info][gc,phases      ] GC(207)   Post Evacuate Collection Set: 0.1ms
[2024-07-18T16:19:10.808+0800][info][gc,phases      ] GC(207)   Other: 0.0ms
[2024-07-18T16:19:10.808+0800][info][gc,heap        ] GC(207) Eden regions: 2->0(22)
[2024-07-18T16:19:10.808+0800][info][gc,heap        ] GC(207) Survivor regions: 2->3(3)
[2024-07-18T16:19:10.808+0800][info][gc,heap        ] GC(207) Old regions: 338->338
[2024-07-18T16:19:10.808+0800][info][gc,heap        ] GC(207) Archive regions: 0->0
[2024-07-18T16:19:10.808+0800][info][gc,heap        ] GC(207) Humongous regions: 167->166
[2024-07-18T16:19:10.808+0800][info][gc,metaspace   ] GC(207) Metaspace: 194K(384K)->194K(384K) NonClass: 186K(256K)->186K(256K) Class: 7K(128K)->7K(128K)
[2024-07-18T16:19:10.808+0800][info][gc             ] GC(207) Pause Young (Normal) (G1 Preventive Collection) 490M->488M(512M) 0.325ms
[2024-07-18T16:19:10.808+0800][info][gc,cpu         ] GC(207) User=0.00s Sys=0.00s Real=0.00s
[2024-07-18T16:19:10.808+0800][info][gc,start       ] GC(208) Pause Young (Normal) (G1 Preventive Collection)
[2024-07-18T16:19:10.808+0800][info][gc,task        ] GC(208) Using 12 workers of 13 for evacuation
[2024-07-18T16:19:10.808+0800][info][gc,phases      ] GC(208)   Pre Evacuate Collection Set: 0.0ms
[2024-07-18T16:19:10.808+0800][info][gc,phases      ] GC(208)   Merge Heap Roots: 0.0ms
[2024-07-18T16:19:10.808+0800][info][gc,phases      ] GC(208)   Evacuate Collection Set: 0.1ms
[2024-07-18T16:19:10.808+0800][info][gc,phases      ] GC(208)   Post Evacuate Collection Set: 0.1ms
[2024-07-18T16:19:10.808+0800][info][gc,phases      ] GC(208)   Other: 0.0ms
[2024-07-18T16:19:10.808+0800][info][gc,heap        ] GC(208) Eden regions: 1->0(22)
[2024-07-18T16:19:10.808+0800][info][gc,heap        ] GC(208) Survivor regions: 3->3(3)
[2024-07-18T16:19:10.808+0800][info][gc,heap        ] GC(208) Old regions: 338->338
[2024-07-18T16:19:10.808+0800][info][gc,heap        ] GC(208) Archive regions: 0->0
[2024-07-18T16:19:10.808+0800][info][gc,heap        ] GC(208) Humongous regions: 167->166
[2024-07-18T16:19:10.808+0800][info][gc,metaspace   ] GC(208) Metaspace: 194K(384K)->194K(384K) NonClass: 186K(256K)->186K(256K) Class: 7K(128K)->7K(128K)
[2024-07-18T16:19:10.808+0800][info][gc             ] GC(208) Pause Young (Normal) (G1 Preventive Collection) 490M->488M(512M) 0.296ms
[2024-07-18T16:19:10.808+0800][info][gc,cpu         ] GC(208) User=0.00s Sys=0.00s Real=0.00s
[2024-07-18T16:19:10.808+0800][info][gc,start       ] GC(209) Pause Young (Normal) (G1 Preventive Collection)
[2024-07-18T16:19:10.808+0800][info][gc,task        ] GC(209) Using 12 workers of 13 for evacuation
[2024-07-18T16:19:10.808+0800][info][gc,phases      ] GC(209)   Pre Evacuate Collection Set: 0.0ms
[2024-07-18T16:19:10.808+0800][info][gc,phases      ] GC(209)   Merge Heap Roots: 0.0ms
[2024-07-18T16:19:10.808+0800][info][gc,phases      ] GC(209)   Evacuate Collection Set: 0.1ms
[2024-07-18T16:19:10.808+0800][info][gc,phases      ] GC(209)   Post Evacuate Collection Set: 0.1ms
[2024-07-18T16:19:10.808+0800][info][gc,phases      ] GC(209)   Other: 0.0ms
[2024-07-18T16:19:10.808+0800][info][gc,heap        ] GC(209) Eden regions: 1->0(22)
[2024-07-18T16:19:10.808+0800][info][gc,heap        ] GC(209) Survivor regions: 3->3(4)
[2024-07-18T16:19:10.808+0800][info][gc,heap        ] GC(209) Old regions: 338->338
[2024-07-18T16:19:10.808+0800][info][gc,heap        ] GC(209) Archive regions: 0->0
[2024-07-18T16:19:10.808+0800][info][gc,heap        ] GC(209) Humongous regions: 166->166
[2024-07-18T16:19:10.808+0800][info][gc,metaspace   ] GC(209) Metaspace: 194K(384K)->194K(384K) NonClass: 186K(256K)->186K(256K) Class: 7K(128K)->7K(128K)
[2024-07-18T16:19:10.808+0800][info][gc             ] GC(209) Pause Young (Normal) (G1 Preventive Collection) 489M->488M(512M) 0.279ms
[2024-07-18T16:19:10.808+0800][info][gc,cpu         ] GC(209) User=0.00s Sys=0.00s Real=0.00s
[2024-07-18T16:19:10.808+0800][info][gc,start       ] GC(210) Pause Young (Normal) (G1 Preventive Collection)
[2024-07-18T16:19:10.808+0800][info][gc,task        ] GC(210) Using 12 workers of 13 for evacuation
[2024-07-18T16:19:10.808+0800][info][gc,phases      ] GC(210)   Pre Evacuate Collection Set: 0.0ms
[2024-07-18T16:19:10.808+0800][info][gc,phases      ] GC(210)   Merge Heap Roots: 0.0ms
[2024-07-18T16:19:10.808+0800][info][gc,phases      ] GC(210)   Evacuate Collection Set: 0.1ms
[2024-07-18T16:19:10.808+0800][info][gc,phases      ] GC(210)   Post Evacuate Collection Set: 0.1ms
[2024-07-18T16:19:10.808+0800][info][gc,phases      ] GC(210)   Other: 0.0ms
[2024-07-18T16:19:10.808+0800][info][gc,heap        ] GC(210) Eden regions: 1->0(22)
[2024-07-18T16:19:10.808+0800][info][gc,heap        ] GC(210) Survivor regions: 3->3(3)
[2024-07-18T16:19:10.808+0800][info][gc,heap        ] GC(210) Old regions: 338->338
[2024-07-18T16:19:10.808+0800][info][gc,heap        ] GC(210) Archive regions: 0->0
[2024-07-18T16:19:10.808+0800][info][gc,heap        ] GC(210) Humongous regions: 167->166
[2024-07-18T16:19:10.808+0800][info][gc,metaspace   ] GC(210) Metaspace: 194K(384K)->194K(384K) NonClass: 186K(256K)->186K(256K) Class: 7K(128K)->7K(128K)
[2024-07-18T16:19:10.808+0800][info][gc             ] GC(210) Pause Young (Normal) (G1 Preventive Collection) 490M->488M(512M) 0.311ms
[2024-07-18T16:19:10.808+0800][info][gc,cpu         ] GC(210) User=0.00s Sys=0.00s Real=0.00s
[2024-07-18T16:19:10.808+0800][info][gc,start       ] GC(211) Pause Young (Normal) (G1 Preventive Collection)
[2024-07-18T16:19:10.808+0800][info][gc,task        ] GC(211) Using 12 workers of 13 for evacuation
[2024-07-18T16:19:10.811+0800][info][gc,phases      ] GC(211)   Pre Evacuate Collection Set: 0.0ms
[2024-07-18T16:19:10.811+0800][info][gc,phases      ] GC(211)   Merge Heap Roots: 0.0ms
[2024-07-18T16:19:10.811+0800][info][gc,phases      ] GC(211)   Evacuate Collection Set: 0.1ms
[2024-07-18T16:19:10.811+0800][info][gc,phases      ] GC(211)   Post Evacuate Collection Set: 0.1ms
[2024-07-18T16:19:10.811+0800][info][gc,phases      ] GC(211)   Other: 0.0ms
[2024-07-18T16:19:10.811+0800][info][gc,heap        ] GC(211) Eden regions: 1->0(22)
[2024-07-18T16:19:10.811+0800][info][gc,heap        ] GC(211) Survivor regions: 3->3(3)
[2024-07-18T16:19:10.811+0800][info][gc,heap        ] GC(211) Old regions: 338->338
[2024-07-18T16:19:10.811+0800][info][gc,heap        ] GC(211) Archive regions: 0->0
[2024-07-18T16:19:10.811+0800][info][gc,heap        ] GC(211) Humongous regions: 167->165
[2024-07-18T16:19:10.811+0800][info][gc,metaspace   ] GC(211) Metaspace: 194K(384K)->194K(384K) NonClass: 186K(256K)->186K(256K) Class: 7K(128K)->7K(128K)
[2024-07-18T16:19:10.811+0800][info][gc             ] GC(211) Pause Young (Normal) (G1 Preventive Collection) 490M->488M(512M) 0.299ms
[2024-07-18T16:19:10.811+0800][info][gc,cpu         ] GC(211) User=0.00s Sys=0.00s Real=0.00s
[2024-07-18T16:19:10.811+0800][info][gc,marking     ] GC(205) Concurrent Mark From Roots 2.897ms
[2024-07-18T16:19:10.811+0800][info][gc,marking     ] GC(205) Concurrent Preclean
[2024-07-18T16:19:10.811+0800][info][gc,marking     ] GC(205) Concurrent Preclean 0.056ms
[2024-07-18T16:19:10.811+0800][info][gc,start       ] GC(212) Pause Young (Normal) (G1 Preventive Collection)
[2024-07-18T16:19:10.811+0800][info][gc,task        ] GC(212) Using 12 workers of 13 for evacuation
[2024-07-18T16:19:10.811+0800][info][gc,phases      ] GC(212)   Pre Evacuate Collection Set: 0.0ms
[2024-07-18T16:19:10.811+0800][info][gc,phases      ] GC(212)   Merge Heap Roots: 0.0ms
[2024-07-18T16:19:10.811+0800][info][gc,phases      ] GC(212)   Evacuate Collection Set: 0.1ms
[2024-07-18T16:19:10.811+0800][info][gc,phases      ] GC(212)   Post Evacuate Collection Set: 0.1ms
[2024-07-18T16:19:10.811+0800][info][gc,phases      ] GC(212)   Other: 0.1ms
[2024-07-18T16:19:10.811+0800][info][gc,heap        ] GC(212) Eden regions: 1->0(23)
[2024-07-18T16:19:10.811+0800][info][gc,heap        ] GC(212) Survivor regions: 3->2(3)
[2024-07-18T16:19:10.811+0800][info][gc,heap        ] GC(212) Old regions: 338->339
[2024-07-18T16:19:10.811+0800][info][gc,heap        ] GC(212) Archive regions: 0->0
[2024-07-18T16:19:10.811+0800][info][gc,heap        ] GC(212) Humongous regions: 167->165
[2024-07-18T16:19:10.811+0800][info][gc,metaspace   ] GC(212) Metaspace: 194K(384K)->194K(384K) NonClass: 186K(256K)->186K(256K) Class: 7K(128K)->7K(128K)
[2024-07-18T16:19:10.811+0800][info][gc             ] GC(212) Pause Young (Normal) (G1 Preventive Collection) 490M->488M(512M) 0.447ms
[2024-07-18T16:19:10.811+0800][info][gc,cpu         ] GC(212) User=0.00s Sys=0.00s Real=0.00s
[2024-07-18T16:19:10.811+0800][info][gc,start       ] GC(205) Pause Remark
[2024-07-18T16:19:10.811+0800][info][gc             ] GC(205) Pause Remark 488M->488M(512M) 0.201ms
[2024-07-18T16:19:10.811+0800][info][gc,cpu         ] GC(205) User=0.00s Sys=0.00s Real=0.00s
[2024-07-18T16:19:10.811+0800][info][gc,marking     ] GC(205) Concurrent Mark 3.759ms
[2024-07-18T16:19:10.811+0800][info][gc,marking     ] GC(205) Concurrent Rebuild Remembered Sets
[2024-07-18T16:19:10.811+0800][info][gc,start       ] GC(213) Pause Young (Normal) (G1 Preventive Collection)
[2024-07-18T16:19:10.811+0800][info][gc,task        ] GC(213) Using 12 workers of 13 for evacuation
[2024-07-18T16:19:10.811+0800][info][gc,phases      ] GC(213)   Pre Evacuate Collection Set: 0.0ms
[2024-07-18T16:19:10.811+0800][info][gc,phases      ] GC(213)   Merge Heap Roots: 0.0ms
[2024-07-18T16:19:10.811+0800][info][gc,phases      ] GC(213)   Evacuate Collection Set: 0.1ms
[2024-07-18T16:19:10.811+0800][info][gc,phases      ] GC(213)   Post Evacuate Collection Set: 0.1ms
[2024-07-18T16:19:10.811+0800][info][gc,phases      ] GC(213)   Other: 0.0ms
[2024-07-18T16:19:10.811+0800][info][gc,heap        ] GC(213) Eden regions: 3->0(22)
[2024-07-18T16:19:10.811+0800][info][gc,heap        ] GC(213) Survivor regions: 2->3(3)
[2024-07-18T16:19:10.811+0800][info][gc,heap        ] GC(213) Old regions: 339->339
[2024-07-18T16:19:10.811+0800][info][gc,heap        ] GC(213) Archive regions: 0->0
[2024-07-18T16:19:10.811+0800][info][gc,heap        ] GC(213) Humongous regions: 165->165
[2024-07-18T16:19:10.811+0800][info][gc,metaspace   ] GC(213) Metaspace: 194K(384K)->194K(384K) NonClass: 186K(256K)->186K(256K) Class: 7K(128K)->7K(128K)
[2024-07-18T16:19:10.811+0800][info][gc             ] GC(213) Pause Young (Normal) (G1 Preventive Collection) 491M->488M(512M) 0.361ms
[2024-07-18T16:19:10.811+0800][info][gc,cpu         ] GC(213) User=0.00s Sys=0.00s Real=0.00s
[2024-07-18T16:19:10.811+0800][info][gc,start       ] GC(214) Pause Young (Normal) (G1 Preventive Collection)
[2024-07-18T16:19:10.811+0800][info][gc,task        ] GC(214) Using 12 workers of 13 for evacuation
[2024-07-18T16:19:10.811+0800][info][gc,phases      ] GC(214)   Pre Evacuate Collection Set: 0.0ms
[2024-07-18T16:19:10.811+0800][info][gc,phases      ] GC(214)   Merge Heap Roots: 0.0ms
[2024-07-18T16:19:10.811+0800][info][gc,phases      ] GC(214)   Evacuate Collection Set: 0.1ms
[2024-07-18T16:19:10.811+0800][info][gc,phases      ] GC(214)   Post Evacuate Collection Set: 0.1ms
[2024-07-18T16:19:10.811+0800][info][gc,phases      ] GC(214)   Other: 0.0ms
[2024-07-18T16:19:10.811+0800][info][gc,heap        ] GC(214) Eden regions: 1->0(23)
[2024-07-18T16:19:10.811+0800][info][gc,heap        ] GC(214) Survivor regions: 3->2(3)
[2024-07-18T16:19:10.811+0800][info][gc,heap        ] GC(214) Old regions: 339->340
[2024-07-18T16:19:10.811+0800][info][gc,heap        ] GC(214) Archive regions: 0->0
[2024-07-18T16:19:10.811+0800][info][gc,heap        ] GC(214) Humongous regions: 166->165
[2024-07-18T16:19:10.811+0800][info][gc,metaspace   ] GC(214) Metaspace: 194K(384K)->194K(384K) NonClass: 186K(256K)->186K(256K) Class: 7K(128K)->7K(128K)
[2024-07-18T16:19:10.811+0800][info][gc             ] GC(214) Pause Young (Normal) (G1 Preventive Collection) 490M->488M(512M) 0.299ms
[2024-07-18T16:19:10.811+0800][info][gc,cpu         ] GC(214) User=0.00s Sys=0.00s Real=0.00s
[2024-07-18T16:19:10.811+0800][info][gc,marking     ] GC(205) Concurrent Rebuild Remembered Sets 1.261ms
[2024-07-18T16:19:10.811+0800][info][gc,start       ] GC(205) Pause Cleanup
[2024-07-18T16:19:10.811+0800][info][gc             ] GC(205) Pause Cleanup 490M->490M(512M) 0.096ms
[2024-07-18T16:19:10.811+0800][info][gc,cpu         ] GC(205) User=0.00s Sys=0.00s Real=0.00s
[2024-07-18T16:19:10.811+0800][info][gc,marking     ] GC(205) Concurrent Cleanup for Next Mark
[2024-07-18T16:19:10.811+0800][info][gc,start       ] GC(215) Pause Young (Prepare Mixed) (G1 Preventive Collection)
[2024-07-18T16:19:10.811+0800][info][gc,task        ] GC(215) Using 12 workers of 13 for evacuation
[2024-07-18T16:19:10.811+0800][info][gc,phases      ] GC(215)   Pre Evacuate Collection Set: 0.0ms
[2024-07-18T16:19:10.811+0800][info][gc,phases      ] GC(215)   Merge Heap Roots: 0.0ms
[2024-07-18T16:19:10.811+0800][info][gc,phases      ] GC(215)   Evacuate Collection Set: 0.1ms
[2024-07-18T16:19:10.811+0800][info][gc,phases      ] GC(215)   Post Evacuate Collection Set: 0.1ms
[2024-07-18T16:19:10.811+0800][info][gc,phases      ] GC(215)   Other: 0.0ms
[2024-07-18T16:19:10.811+0800][info][gc,heap        ] GC(215) Eden regions: 1->0(22)
[2024-07-18T16:19:10.811+0800][info][gc,heap        ] GC(215) Survivor regions: 2->3(3)
[2024-07-18T16:19:10.811+0800][info][gc,heap        ] GC(215) Old regions: 340->340
[2024-07-18T16:19:10.811+0800][info][gc,heap        ] GC(215) Archive regions: 0->0
[2024-07-18T16:19:10.811+0800][info][gc,heap        ] GC(215) Humongous regions: 166->165
[2024-07-18T16:19:10.811+0800][info][gc,metaspace   ] GC(215) Metaspace: 194K(384K)->194K(384K) NonClass: 186K(256K)->186K(256K) Class: 7K(128K)->7K(128K)
[2024-07-18T16:19:10.811+0800][info][gc             ] GC(215) Pause Young (Prepare Mixed) (G1 Preventive Collection) 490M->488M(512M) 0.288ms
[2024-07-18T16:19:10.811+0800][info][gc,cpu         ] GC(215) User=0.00s Sys=0.00s Real=0.00s
[2024-07-18T16:19:10.811+0800][info][gc,start       ] GC(216) Pause Young (Mixed) (G1 Preventive Collection)
[2024-07-18T16:19:10.811+0800][info][gc,task        ] GC(216) Using 12 workers of 13 for evacuation
[2024-07-18T16:19:10.811+0800][info][gc             ] GC(216) To-space exhausted
[2024-07-18T16:19:10.811+0800][info][gc,phases      ] GC(216)   Pre Evacuate Collection Set: 0.0ms
[2024-07-18T16:19:10.811+0800][info][gc,phases      ] GC(216)   Merge Heap Roots: 0.0ms
[2024-07-18T16:19:10.811+0800][info][gc,phases      ] GC(216)   Evacuate Collection Set: 0.2ms
[2024-07-18T16:19:10.811+0800][info][gc,phases      ] GC(216)   Post Evacuate Collection Set: 0.1ms
[2024-07-18T16:19:10.811+0800][info][gc,phases      ] GC(216)   Other: 0.1ms
[2024-07-18T16:19:10.811+0800][info][gc,heap        ] GC(216) Eden regions: 1->0(23)
[2024-07-18T16:19:10.811+0800][info][gc,heap        ] GC(216) Survivor regions: 3->2(3)
[2024-07-18T16:19:10.811+0800][info][gc,heap        ] GC(216) Old regions: 340->328
[2024-07-18T16:19:10.811+0800][info][gc,heap        ] GC(216) Archive regions: 0->0
[2024-07-18T16:19:10.811+0800][info][gc,heap        ] GC(216) Humongous regions: 165->164
[2024-07-18T16:19:10.811+0800][info][gc,metaspace   ] GC(216) Metaspace: 194K(384K)->194K(384K) NonClass: 186K(256K)->186K(256K) Class: 7K(128K)->7K(128K)
[2024-07-18T16:19:10.811+0800][info][gc             ] GC(216) Pause Young (Mixed) (G1 Preventive Collection) 489M->477M(512M) 0.424ms
[2024-07-18T16:19:10.811+0800][info][gc,cpu         ] GC(216) User=0.00s Sys=0.00s Real=0.00s
[2024-07-18T16:19:10.811+0800][info][gc,marking     ] GC(205) Concurrent Cleanup for Next Mark 1.139ms
[2024-07-18T16:19:10.811+0800][info][gc             ] GC(205) Concurrent Mark Cycle 6.413ms
[2024-07-18T16:19:10.811+0800][info][gc,start       ] GC(217) Pause Young (Mixed) (G1 Preventive Collection)
[2024-07-18T16:19:10.811+0800][info][gc,task        ] GC(217) Using 12 workers of 13 for evacuation
[2024-07-18T16:19:10.811+0800][info][gc             ] GC(217) To-space exhausted
[2024-07-18T16:19:10.811+0800][info][gc,phases      ] GC(217)   Pre Evacuate Collection Set: 0.0ms
[2024-07-18T16:19:10.811+0800][info][gc,phases      ] GC(217)   Merge Heap Roots: 0.0ms
[2024-07-18T16:19:10.811+0800][info][gc,phases      ] GC(217)   Evacuate Collection Set: 0.7ms
[2024-07-18T16:19:10.811+0800][info][gc,phases      ] GC(217)   Post Evacuate Collection Set: 0.2ms
[2024-07-18T16:19:10.811+0800][info][gc,phases      ] GC(217)   Other: 0.1ms
[2024-07-18T16:19:10.811+0800][info][gc,heap        ] GC(217) Eden regions: 4->0(21)
[2024-07-18T16:19:10.811+0800][info][gc,heap        ] GC(217) Survivor regions: 2->4(4)
[2024-07-18T16:19:10.811+0800][info][gc,heap        ] GC(217) Old regions: 328->329
[2024-07-18T16:19:10.811+0800][info][gc,heap        ] GC(217) Archive regions: 0->0
[2024-07-18T16:19:10.811+0800][info][gc,heap        ] GC(217) Humongous regions: 168->164
[2024-07-18T16:19:10.811+0800][info][gc,metaspace   ] GC(217) Metaspace: 194K(384K)->194K(384K) NonClass: 186K(256K)->186K(256K) Class: 7K(128K)->7K(128K)
[2024-07-18T16:19:10.811+0800][info][gc             ] GC(217) Pause Young (Mixed) (G1 Preventive Collection) 485M->480M(512M) 1.127ms
[2024-07-18T16:19:10.811+0800][info][gc,cpu         ] GC(217) User=0.00s Sys=0.00s Real=0.00s
[2024-07-18T16:19:10.811+0800][info][gc,start       ] GC(218) Pause Young (Mixed) (G1 Preventive Collection)
[2024-07-18T16:19:10.811+0800][info][gc,task        ] GC(218) Using 12 workers of 13 for evacuation
[2024-07-18T16:19:10.811+0800][info][gc             ] GC(218) To-space exhausted
[2024-07-18T16:19:10.811+0800][info][gc,phases      ] GC(218)   Pre Evacuate Collection Set: 0.0ms
[2024-07-18T16:19:10.811+0800][info][gc,phases      ] GC(218)   Merge Heap Roots: 0.0ms
[2024-07-18T16:19:10.811+0800][info][gc,phases      ] GC(218)   Evacuate Collection Set: 0.9ms
[2024-07-18T16:19:10.811+0800][info][gc,phases      ] GC(218)   Post Evacuate Collection Set: 0.1ms
[2024-07-18T16:19:10.811+0800][info][gc,phases      ] GC(218)   Other: 0.1ms
[2024-07-18T16:19:10.811+0800][info][gc,heap        ] GC(218) Eden regions: 1->0(23)
[2024-07-18T16:19:10.811+0800][info][gc,heap        ] GC(218) Survivor regions: 4->2(4)
[2024-07-18T16:19:10.811+0800][info][gc,heap        ] GC(218) Old regions: 329->335
[2024-07-18T16:19:10.811+0800][info][gc,heap        ] GC(218) Archive regions: 0->0
[2024-07-18T16:19:10.811+0800][info][gc,heap        ] GC(218) Humongous regions: 164->164
[2024-07-18T16:19:10.811+0800][info][gc,metaspace   ] GC(218) Metaspace: 194K(384K)->194K(384K) NonClass: 186K(256K)->186K(256K) Class: 7K(128K)->7K(128K)
[2024-07-18T16:19:10.811+0800][info][gc             ] GC(218) Pause Young (Mixed) (G1 Preventive Collection) 481M->485M(512M) 1.237ms
[2024-07-18T16:19:10.811+0800][info][gc,cpu         ] GC(218) User=0.00s Sys=0.00s Real=0.00s
[2024-07-18T16:19:10.811+0800][info][gc,start       ] GC(219) Pause Young (Concurrent Start) (G1 Humongous Allocation)
[2024-07-18T16:19:10.811+0800][info][gc,task        ] GC(219) Using 12 workers of 13 for evacuation
[2024-07-18T16:19:10.811+0800][info][gc,phases      ] GC(219)   Pre Evacuate Collection Set: 0.0ms
[2024-07-18T16:19:10.811+0800][info][gc,phases      ] GC(219)   Merge Heap Roots: 0.0ms
[2024-07-18T16:19:10.811+0800][info][gc,phases      ] GC(219)   Evacuate Collection Set: 0.1ms
[2024-07-18T16:19:10.811+0800][info][gc,phases      ] GC(219)   Post Evacuate Collection Set: 0.1ms
[2024-07-18T16:19:10.811+0800][info][gc,phases      ] GC(219)   Other: 0.1ms
[2024-07-18T16:19:10.811+0800][info][gc,heap        ] GC(219) Eden regions: 1->0(23)
[2024-07-18T16:19:10.811+0800][info][gc,heap        ] GC(219) Survivor regions: 2->2(4)
[2024-07-18T16:19:10.811+0800][info][gc,heap        ] GC(219) Old regions: 335->335
[2024-07-18T16:19:10.811+0800][info][gc,heap        ] GC(219) Archive regions: 0->0
[2024-07-18T16:19:10.811+0800][info][gc,heap        ] GC(219) Humongous regions: 165->165
[2024-07-18T16:19:10.811+0800][info][gc,metaspace   ] GC(219) Metaspace: 194K(384K)->194K(384K) NonClass: 186K(256K)->186K(256K) Class: 7K(128K)->7K(128K)
[2024-07-18T16:19:10.811+0800][info][gc             ] GC(219) Pause Young (Concurrent Start) (G1 Humongous Allocation) 486M->485M(512M) 0.386ms
[2024-07-18T16:19:10.811+0800][info][gc,cpu         ] GC(219) User=0.00s Sys=0.00s Real=0.00s
[2024-07-18T16:19:10.811+0800][info][gc             ] GC(220) Concurrent Mark Cycle
[2024-07-18T16:19:10.811+0800][info][gc,marking     ] GC(220) Concurrent Clear Claimed Marks
[2024-07-18T16:19:10.811+0800][info][gc,marking     ] GC(220) Concurrent Clear Claimed Marks 0.009ms
[2024-07-18T16:19:10.811+0800][info][gc,marking     ] GC(220) Concurrent Scan Root Regions
[2024-07-18T16:19:10.811+0800][info][gc,marking     ] GC(220) Concurrent Scan Root Regions 0.023ms
[2024-07-18T16:19:10.811+0800][info][gc,marking     ] GC(220) Concurrent Mark
[2024-07-18T16:19:10.811+0800][info][gc,marking     ] GC(220) Concurrent Mark From Roots
[2024-07-18T16:19:10.811+0800][info][gc,task        ] GC(220) Using 3 workers of 3 for marking
[2024-07-18T16:19:10.811+0800][info][gc,start       ] GC(221) Pause Young (Normal) (G1 Preventive Collection)
[2024-07-18T16:19:10.811+0800][info][gc,task        ] GC(221) Using 12 workers of 13 for evacuation
[2024-07-18T16:19:10.811+0800][info][gc,phases      ] GC(221)   Pre Evacuate Collection Set: 0.0ms
[2024-07-18T16:19:10.811+0800][info][gc,phases      ] GC(221)   Merge Heap Roots: 0.0ms
[2024-07-18T16:19:10.811+0800][info][gc,phases      ] GC(221)   Evacuate Collection Set: 0.1ms
[2024-07-18T16:19:10.811+0800][info][gc,phases      ] GC(221)   Post Evacuate Collection Set: 0.1ms
[2024-07-18T16:19:10.811+0800][info][gc,phases      ] GC(221)   Other: 0.1ms
[2024-07-18T16:19:10.811+0800][info][gc,heap        ] GC(221) Eden regions: 3->0(22)
[2024-07-18T16:19:10.811+0800][info][gc,heap        ] GC(221) Survivor regions: 2->3(3)
[2024-07-18T16:19:10.811+0800][info][gc,heap        ] GC(221) Old regions: 335->335
[2024-07-18T16:19:10.811+0800][info][gc,heap        ] GC(221) Archive regions: 0->0
[2024-07-18T16:19:10.811+0800][info][gc,heap        ] GC(221) Humongous regions: 169->165
[2024-07-18T16:19:10.811+0800][info][gc,metaspace   ] GC(221) Metaspace: 194K(384K)->194K(384K) NonClass: 186K(256K)->186K(256K) Class: 7K(128K)->7K(128K)
[2024-07-18T16:19:10.811+0800][info][gc             ] GC(221) Pause Young (Normal) (G1 Preventive Collection) 492M->486M(512M) 0.462ms
[2024-07-18T16:19:10.811+0800][info][gc,cpu         ] GC(221) User=0.00s Sys=0.00s Real=0.00s
[2024-07-18T16:19:10.811+0800][info][gc,start       ] GC(222) Pause Young (Normal) (G1 Preventive Collection)
[2024-07-18T16:19:10.811+0800][info][gc,task        ] GC(222) Using 12 workers of 13 for evacuation
[2024-07-18T16:19:10.819+0800][info][gc,phases      ] GC(222)   Pre Evacuate Collection Set: 0.0ms
[2024-07-18T16:19:10.819+0800][info][gc,phases      ] GC(222)   Merge Heap Roots: 0.0ms
[2024-07-18T16:19:10.819+0800][info][gc,phases      ] GC(222)   Evacuate Collection Set: 0.1ms
[2024-07-18T16:19:10.819+0800][info][gc,phases      ] GC(222)   Post Evacuate Collection Set: 0.1ms
[2024-07-18T16:19:10.819+0800][info][gc,phases      ] GC(222)   Other: 0.1ms
[2024-07-18T16:19:10.819+0800][info][gc,heap        ] GC(222) Eden regions: 3->0(23)
[2024-07-18T16:19:10.819+0800][info][gc,heap        ] GC(222) Survivor regions: 3->2(4)
[2024-07-18T16:19:10.819+0800][info][gc,heap        ] GC(222) Old regions: 335->337
[2024-07-18T16:19:10.819+0800][info][gc,heap        ] GC(222) Archive regions: 0->0
[2024-07-18T16:19:10.819+0800][info][gc,heap        ] GC(222) Humongous regions: 167->167
[2024-07-18T16:19:10.819+0800][info][gc,metaspace   ] GC(222) Metaspace: 194K(384K)->194K(384K) NonClass: 186K(256K)->186K(256K) Class: 7K(128K)->7K(128K)
[2024-07-18T16:19:10.819+0800][info][gc             ] GC(222) Pause Young (Normal) (G1 Preventive Collection) 491M->489M(512M) 0.395ms
[2024-07-18T16:19:10.819+0800][info][gc,cpu         ] GC(222) User=0.00s Sys=0.00s Real=0.01s
[2024-07-18T16:19:10.819+0800][info][gc,marking     ] GC(220) Concurrent Mark From Roots 1.722ms
[2024-07-18T16:19:10.819+0800][info][gc,marking     ] GC(220) Concurrent Preclean
[2024-07-18T16:19:10.819+0800][info][gc,marking     ] GC(220) Concurrent Preclean 0.056ms
[2024-07-18T16:19:10.819+0800][info][gc,start       ] GC(220) Pause Remark
[2024-07-18T16:19:10.819+0800][info][gc             ] GC(220) Pause Remark 491M->490M(512M) 0.175ms
[2024-07-18T16:19:10.819+0800][info][gc,cpu         ] GC(220) User=0.00s Sys=0.00s Real=0.00s
[2024-07-18T16:19:10.819+0800][info][gc,marking     ] GC(220) Concurrent Mark 2.037ms
[2024-07-18T16:19:10.819+0800][info][gc,marking     ] GC(220) Concurrent Rebuild Remembered Sets
[2024-07-18T16:19:10.819+0800][info][gc,start       ] GC(223) Pause Young (Normal) (G1 Preventive Collection)
[2024-07-18T16:19:10.819+0800][info][gc,task        ] GC(223) Using 12 workers of 13 for evacuation
[2024-07-18T16:19:10.819+0800][info][gc,phases      ] GC(223)   Pre Evacuate Collection Set: 0.0ms
[2024-07-18T16:19:10.819+0800][info][gc,phases      ] GC(223)   Merge Heap Roots: 0.0ms
[2024-07-18T16:19:10.819+0800][info][gc,phases      ] GC(223)   Evacuate Collection Set: 0.1ms
[2024-07-18T16:19:10.819+0800][info][gc,phases      ] GC(223)   Post Evacuate Collection Set: 0.1ms
[2024-07-18T16:19:10.819+0800][info][gc,phases      ] GC(223)   Other: 0.0ms
[2024-07-18T16:19:10.819+0800][info][gc,heap        ] GC(223) Eden regions: 4->0(22)
[2024-07-18T16:19:10.819+0800][info][gc,heap        ] GC(223) Survivor regions: 2->3(3)
[2024-07-18T16:19:10.819+0800][info][gc,heap        ] GC(223) Old regions: 336->336
[2024-07-18T16:19:10.819+0800][info][gc,heap        ] GC(223) Archive regions: 0->0
[2024-07-18T16:19:10.819+0800][info][gc,heap        ] GC(223) Humongous regions: 167->167
[2024-07-18T16:19:10.819+0800][info][gc,metaspace   ] GC(223) Metaspace: 194K(384K)->194K(384K) NonClass: 186K(256K)->186K(256K) Class: 7K(128K)->7K(128K)
[2024-07-18T16:19:10.819+0800][info][gc             ] GC(223) Pause Young (Normal) (G1 Preventive Collection) 491M->489M(512M) 0.342ms
[2024-07-18T16:19:10.819+0800][info][gc,cpu         ] GC(223) User=0.00s Sys=0.00s Real=0.00s
[2024-07-18T16:19:10.819+0800][info][gc,start       ] GC(224) Pause Young (Normal) (G1 Preventive Collection)
[2024-07-18T16:19:10.819+0800][info][gc,task        ] GC(224) Using 12 workers of 13 for evacuation
[2024-07-18T16:19:10.821+0800][info][gc,phases      ] GC(224)   Pre Evacuate Collection Set: 0.0ms
[2024-07-18T16:19:10.821+0800][info][gc,phases      ] GC(224)   Merge Heap Roots: 0.1ms
[2024-07-18T16:19:10.821+0800][info][gc,phases      ] GC(224)   Evacuate Collection Set: 0.1ms
[2024-07-18T16:19:10.821+0800][info][gc,phases      ] GC(224)   Post Evacuate Collection Set: 0.1ms
[2024-07-18T16:19:10.821+0800][info][gc,phases      ] GC(224)   Other: 0.0ms
[2024-07-18T16:19:10.821+0800][info][gc,heap        ] GC(224) Eden regions: 1->0(23)
[2024-07-18T16:19:10.821+0800][info][gc,heap        ] GC(224) Survivor regions: 3->2(4)
[2024-07-18T16:19:10.821+0800][info][gc,heap        ] GC(224) Old regions: 336->337
[2024-07-18T16:19:10.821+0800][info][gc,heap        ] GC(224) Archive regions: 0->0
[2024-07-18T16:19:10.821+0800][info][gc,heap        ] GC(224) Humongous regions: 168->167
[2024-07-18T16:19:10.821+0800][info][gc,metaspace   ] GC(224) Metaspace: 194K(384K)->194K(384K) NonClass: 186K(256K)->186K(256K) Class: 7K(128K)->7K(128K)
[2024-07-18T16:19:10.821+0800][info][gc             ] GC(224) Pause Young (Normal) (G1 Preventive Collection) 491M->489M(512M) 0.376ms
[2024-07-18T16:19:10.821+0800][info][gc,cpu         ] GC(224) User=0.00s Sys=0.00s Real=0.00s
[2024-07-18T16:19:10.821+0800][info][gc,start       ] GC(225) Pause Young (Normal) (G1 Preventive Collection)
[2024-07-18T16:19:10.821+0800][info][gc,task        ] GC(225) Using 12 workers of 13 for evacuation
[2024-07-18T16:19:10.821+0800][info][gc,phases      ] GC(225)   Pre Evacuate Collection Set: 0.0ms
[2024-07-18T16:19:10.821+0800][info][gc,phases      ] GC(225)   Merge Heap Roots: 0.0ms
[2024-07-18T16:19:10.821+0800][info][gc,phases      ] GC(225)   Evacuate Collection Set: 0.1ms
[2024-07-18T16:19:10.821+0800][info][gc,phases      ] GC(225)   Post Evacuate Collection Set: 0.1ms
[2024-07-18T16:19:10.821+0800][info][gc,phases      ] GC(225)   Other: 0.0ms
[2024-07-18T16:19:10.821+0800][info][gc,heap        ] GC(225) Eden regions: 2->0(22)
[2024-07-18T16:19:10.821+0800][info][gc,heap        ] GC(225) Survivor regions: 2->3(3)
[2024-07-18T16:19:10.821+0800][info][gc,heap        ] GC(225) Old regions: 337->337
[2024-07-18T16:19:10.821+0800][info][gc,heap        ] GC(225) Archive regions: 0->0
[2024-07-18T16:19:10.821+0800][info][gc,heap        ] GC(225) Humongous regions: 168->167
[2024-07-18T16:19:10.821+0800][info][gc,metaspace   ] GC(225) Metaspace: 194K(384K)->194K(384K) NonClass: 186K(256K)->186K(256K) Class: 7K(128K)->7K(128K)
[2024-07-18T16:19:10.821+0800][info][gc             ] GC(225) Pause Young (Normal) (G1 Preventive Collection) 492M->490M(512M) 0.324ms
[2024-07-18T16:19:10.821+0800][info][gc,cpu         ] GC(225) User=0.00s Sys=0.00s Real=0.00s
[2024-07-18T16:19:10.821+0800][info][gc,start       ] GC(226) Pause Young (Normal) (G1 Preventive Collection)
[2024-07-18T16:19:10.821+0800][info][gc,task        ] GC(226) Using 12 workers of 13 for evacuation
[2024-07-18T16:19:10.821+0800][info][gc,phases      ] GC(226)   Pre Evacuate Collection Set: 0.0ms
[2024-07-18T16:19:10.821+0800][info][gc,phases      ] GC(226)   Merge Heap Roots: 0.0ms
[2024-07-18T16:19:10.821+0800][info][gc,phases      ] GC(226)   Evacuate Collection Set: 0.1ms
[2024-07-18T16:19:10.821+0800][info][gc,phases      ] GC(226)   Post Evacuate Collection Set: 0.1ms
[2024-07-18T16:19:10.821+0800][info][gc,phases      ] GC(226)   Other: 0.0ms
[2024-07-18T16:19:10.821+0800][info][gc,heap        ] GC(226) Eden regions: 1->0(23)
[2024-07-18T16:19:10.821+0800][info][gc,heap        ] GC(226) Survivor regions: 3->2(4)
[2024-07-18T16:19:10.821+0800][info][gc,heap        ] GC(226) Old regions: 337->339
[2024-07-18T16:19:10.821+0800][info][gc,heap        ] GC(226) Archive regions: 0->0
[2024-07-18T16:19:10.821+0800][info][gc,heap        ] GC(226) Humongous regions: 167->166
[2024-07-18T16:19:10.821+0800][info][gc,metaspace   ] GC(226) Metaspace: 194K(384K)->194K(384K) NonClass: 186K(256K)->186K(256K) Class: 7K(128K)->7K(128K)
[2024-07-18T16:19:10.821+0800][info][gc             ] GC(226) Pause Young (Normal) (G1 Preventive Collection) 491M->490M(512M) 0.300ms
[2024-07-18T16:19:10.821+0800][info][gc,cpu         ] GC(226) User=0.00s Sys=0.00s Real=0.00s
[2024-07-18T16:19:10.821+0800][info][gc,start       ] GC(227) Pause Young (Normal) (G1 Preventive Collection)
[2024-07-18T16:19:10.821+0800][info][gc,task        ] GC(227) Using 12 workers of 13 for evacuation
[2024-07-18T16:19:10.821+0800][info][gc,phases      ] GC(227)   Pre Evacuate Collection Set: 0.0ms
[2024-07-18T16:19:10.821+0800][info][gc,phases      ] GC(227)   Merge Heap Roots: 0.1ms
[2024-07-18T16:19:10.821+0800][info][gc,phases      ] GC(227)   Evacuate Collection Set: 0.1ms
[2024-07-18T16:19:10.821+0800][info][gc,phases      ] GC(227)   Post Evacuate Collection Set: 0.1ms
[2024-07-18T16:19:10.821+0800][info][gc,phases      ] GC(227)   Other: 0.0ms
[2024-07-18T16:19:10.821+0800][info][gc,heap        ] GC(227) Eden regions: 2->0(22)
[2024-07-18T16:19:10.821+0800][info][gc,heap        ] GC(227) Survivor regions: 2->3(3)
[2024-07-18T16:19:10.821+0800][info][gc,heap        ] GC(227) Old regions: 339->339
[2024-07-18T16:19:10.821+0800][info][gc,heap        ] GC(227) Archive regions: 0->0
[2024-07-18T16:19:10.821+0800][info][gc,heap        ] GC(227) Humongous regions: 166->166
[2024-07-18T16:19:10.821+0800][info][gc,metaspace   ] GC(227) Metaspace: 194K(384K)->194K(384K) NonClass: 186K(256K)->186K(256K) Class: 7K(128K)->7K(128K)
[2024-07-18T16:19:10.821+0800][info][gc             ] GC(227) Pause Young (Normal) (G1 Preventive Collection) 492M->491M(512M) 0.321ms
[2024-07-18T16:19:10.821+0800][info][gc,cpu         ] GC(227) User=0.00s Sys=0.00s Real=0.00s
[2024-07-18T16:19:10.821+0800][info][gc,start       ] GC(228) Pause Young (Normal) (G1 Preventive Collection)
[2024-07-18T16:19:10.821+0800][info][gc,task        ] GC(228) Using 12 workers of 13 for evacuation
[2024-07-18T16:19:10.821+0800][info][gc             ] GC(228) To-space exhausted
[2024-07-18T16:19:10.821+0800][info][gc,phases      ] GC(228)   Pre Evacuate Collection Set: 0.0ms
[2024-07-18T16:19:10.821+0800][info][gc,phases      ] GC(228)   Merge Heap Roots: 0.0ms
[2024-07-18T16:19:10.821+0800][info][gc,phases      ] GC(228)   Evacuate Collection Set: 0.1ms
[2024-07-18T16:19:10.821+0800][info][gc,phases      ] GC(228)   Post Evacuate Collection Set: 0.1ms
[2024-07-18T16:19:10.821+0800][info][gc,phases      ] GC(228)   Other: 0.1ms
[2024-07-18T16:19:10.821+0800][info][gc,heap        ] GC(228) Eden regions: 1->0(22)
[2024-07-18T16:19:10.821+0800][info][gc,heap        ] GC(228) Survivor regions: 3->3(3)
[2024-07-18T16:19:10.821+0800][info][gc,heap        ] GC(228) Old regions: 339->340
[2024-07-18T16:19:10.821+0800][info][gc,heap        ] GC(228) Archive regions: 0->0
[2024-07-18T16:19:10.821+0800][info][gc,heap        ] GC(228) Humongous regions: 166->166
[2024-07-18T16:19:10.821+0800][info][gc,metaspace   ] GC(228) Metaspace: 194K(384K)->194K(384K) NonClass: 186K(256K)->186K(256K) Class: 7K(128K)->7K(128K)
[2024-07-18T16:19:10.821+0800][info][gc             ] GC(228) Pause Young (Normal) (G1 Preventive Collection) 492M->492M(512M) 0.298ms
[2024-07-18T16:19:10.821+0800][info][gc,cpu         ] GC(228) User=0.00s Sys=0.00s Real=0.00s
[2024-07-18T16:19:10.821+0800][info][gc,marking     ] GC(220) Concurrent Rebuild Remembered Sets 2.787ms
[2024-07-18T16:19:10.821+0800][info][gc,start       ] GC(229) Pause Young (Normal) (G1 Preventive Collection)
[2024-07-18T16:19:10.821+0800][info][gc,task        ] GC(229) Using 12 workers of 13 for evacuation
[2024-07-18T16:19:10.821+0800][info][gc             ] GC(229) To-space exhausted
[2024-07-18T16:19:10.821+0800][info][gc,phases      ] GC(229)   Pre Evacuate Collection Set: 0.0ms
[2024-07-18T16:19:10.821+0800][info][gc,phases      ] GC(229)   Merge Heap Roots: 0.0ms
[2024-07-18T16:19:10.821+0800][info][gc,phases      ] GC(229)   Evacuate Collection Set: 0.1ms
[2024-07-18T16:19:10.821+0800][info][gc,phases      ] GC(229)   Post Evacuate Collection Set: 0.1ms
[2024-07-18T16:19:10.821+0800][info][gc,phases      ] GC(229)   Other: 0.1ms
[2024-07-18T16:19:10.821+0800][info][gc,heap        ] GC(229) Eden regions: 1->0(24)
[2024-07-18T16:19:10.821+0800][info][gc,heap        ] GC(229) Survivor regions: 3->1(2)
[2024-07-18T16:19:10.821+0800][info][gc,heap        ] GC(229) Old regions: 340->342
[2024-07-18T16:19:10.821+0800][info][gc,heap        ] GC(229) Archive regions: 0->0
[2024-07-18T16:19:10.821+0800][info][gc,heap        ] GC(229) Humongous regions: 166->165
[2024-07-18T16:19:10.821+0800][info][gc,metaspace   ] GC(229) Metaspace: 194K(384K)->194K(384K) NonClass: 186K(256K)->186K(256K) Class: 7K(128K)->7K(128K)
[2024-07-18T16:19:10.821+0800][info][gc             ] GC(229) Pause Young (Normal) (G1 Preventive Collection) 493M->491M(512M) 0.300ms
[2024-07-18T16:19:10.821+0800][info][gc,cpu         ] GC(229) User=0.00s Sys=0.00s Real=0.00s
[2024-07-18T16:19:10.821+0800][info][gc,start       ] GC(220) Pause Cleanup
[2024-07-18T16:19:10.821+0800][info][gc             ] GC(220) Pause Cleanup 492M->492M(512M) 0.096ms
[2024-07-18T16:19:10.821+0800][info][gc,cpu         ] GC(220) User=0.00s Sys=0.00s Real=0.00s
[2024-07-18T16:19:10.821+0800][info][gc,marking     ] GC(220) Concurrent Cleanup for Next Mark
[2024-07-18T16:19:10.821+0800][info][gc,start       ] GC(230) Pause Young (Prepare Mixed) (G1 Preventive Collection)
[2024-07-18T16:19:10.821+0800][info][gc,task        ] GC(230) Using 12 workers of 13 for evacuation
[2024-07-18T16:19:10.821+0800][info][gc,phases      ] GC(230)   Pre Evacuate Collection Set: 0.0ms
[2024-07-18T16:19:10.821+0800][info][gc,phases      ] GC(230)   Merge Heap Roots: 0.0ms
[2024-07-18T16:19:10.821+0800][info][gc,phases      ] GC(230)   Evacuate Collection Set: 0.1ms
[2024-07-18T16:19:10.821+0800][info][gc,phases      ] GC(230)   Post Evacuate Collection Set: 0.1ms
[2024-07-18T16:19:10.821+0800][info][gc,phases      ] GC(230)   Other: 0.0ms
[2024-07-18T16:19:10.821+0800][info][gc,heap        ] GC(230) Eden regions: 1->0(23)
[2024-07-18T16:19:10.821+0800][info][gc,heap        ] GC(230) Survivor regions: 1->2(2)
[2024-07-18T16:19:10.821+0800][info][gc,heap        ] GC(230) Old regions: 342->342
[2024-07-18T16:19:10.821+0800][info][gc,heap        ] GC(230) Archive regions: 0->0
[2024-07-18T16:19:10.821+0800][info][gc,heap        ] GC(230) Humongous regions: 166->166
[2024-07-18T16:19:10.821+0800][info][gc,metaspace   ] GC(230) Metaspace: 194K(384K)->194K(384K) NonClass: 186K(256K)->186K(256K) Class: 7K(128K)->7K(128K)
[2024-07-18T16:19:10.821+0800][info][gc             ] GC(230) Pause Young (Prepare Mixed) (G1 Preventive Collection) 493M->492M(512M) 0.295ms
[2024-07-18T16:19:10.821+0800][info][gc,cpu         ] GC(230) User=0.00s Sys=0.00s Real=0.00s
[2024-07-18T16:19:10.821+0800][info][gc,start       ] GC(231) Pause Young (Mixed) (G1 Preventive Collection)
[2024-07-18T16:19:10.821+0800][info][gc,task        ] GC(231) Using 12 workers of 13 for evacuation
[2024-07-18T16:19:10.821+0800][info][gc             ] GC(231) To-space exhausted
[2024-07-18T16:19:10.821+0800][info][gc,phases      ] GC(231)   Pre Evacuate Collection Set: 0.0ms
[2024-07-18T16:19:10.821+0800][info][gc,phases      ] GC(231)   Merge Heap Roots: 0.0ms
[2024-07-18T16:19:10.821+0800][info][gc,phases      ] GC(231)   Evacuate Collection Set: 0.1ms
[2024-07-18T16:19:10.821+0800][info][gc,phases      ] GC(231)   Post Evacuate Collection Set: 0.1ms
[2024-07-18T16:19:10.821+0800][info][gc,phases      ] GC(231)   Other: 0.1ms
[2024-07-18T16:19:10.821+0800][info][gc,heap        ] GC(231) Eden regions: 1->0(24)
[2024-07-18T16:19:10.821+0800][info][gc,heap        ] GC(231) Survivor regions: 2->1(1)
[2024-07-18T16:19:10.821+0800][info][gc,heap        ] GC(231) Old regions: 342->344
[2024-07-18T16:19:10.821+0800][info][gc,heap        ] GC(231) Archive regions: 0->0
[2024-07-18T16:19:10.821+0800][info][gc,heap        ] GC(231) Humongous regions: 166->166
[2024-07-18T16:19:10.821+0800][info][gc,metaspace   ] GC(231) Metaspace: 194K(384K)->194K(384K) NonClass: 186K(256K)->186K(256K) Class: 7K(128K)->7K(128K)
[2024-07-18T16:19:10.821+0800][info][gc             ] GC(231) Pause Young (Mixed) (G1 Preventive Collection) 493M->493M(512M) 0.330ms
[2024-07-18T16:19:10.821+0800][info][gc,cpu         ] GC(231) User=0.00s Sys=0.00s Real=0.00s
[2024-07-18T16:19:10.821+0800][info][gc,marking     ] GC(220) Concurrent Cleanup for Next Mark 1.014ms
[2024-07-18T16:19:10.821+0800][info][gc             ] GC(220) Concurrent Mark Cycle 6.445ms
[2024-07-18T16:19:10.821+0800][info][gc,start       ] GC(232) Pause Young (Mixed) (G1 Evacuation Pause)
[2024-07-18T16:19:10.821+0800][info][gc,task        ] GC(232) Using 12 workers of 13 for evacuation
[2024-07-18T16:19:10.821+0800][info][gc             ] GC(232) To-space exhausted
[2024-07-18T16:19:10.821+0800][info][gc,phases      ] GC(232)   Pre Evacuate Collection Set: 0.0ms
[2024-07-18T16:19:10.821+0800][info][gc,phases      ] GC(232)   Merge Heap Roots: 0.0ms
[2024-07-18T16:19:10.821+0800][info][gc,phases      ] GC(232)   Evacuate Collection Set: 0.1ms
[2024-07-18T16:19:10.821+0800][info][gc,phases      ] GC(232)   Post Evacuate Collection Set: 0.1ms
[2024-07-18T16:19:10.821+0800][info][gc,phases      ] GC(232)   Other: 0.1ms
[2024-07-18T16:19:10.821+0800][info][gc,heap        ] GC(232) Eden regions: 1->0(25)
[2024-07-18T16:19:10.821+0800][info][gc,heap        ] GC(232) Survivor regions: 1->0(0)
[2024-07-18T16:19:10.821+0800][info][gc,heap        ] GC(232) Old regions: 344->346
[2024-07-18T16:19:10.821+0800][info][gc,heap        ] GC(232) Archive regions: 0->0
[2024-07-18T16:19:10.821+0800][info][gc,heap        ] GC(232) Humongous regions: 166->166
[2024-07-18T16:19:10.821+0800][info][gc,metaspace   ] GC(232) Metaspace: 194K(384K)->194K(384K) NonClass: 186K(256K)->186K(256K) Class: 7K(128K)->7K(128K)
[2024-07-18T16:19:10.821+0800][info][gc             ] GC(232) Pause Young (Mixed) (G1 Evacuation Pause) 494M->494M(512M) 0.330ms
[2024-07-18T16:19:10.821+0800][info][gc,cpu         ] GC(232) User=0.00s Sys=0.00s Real=0.00s
[2024-07-18T16:19:10.821+0800][info][gc,ergo        ] Attempting full compaction
[2024-07-18T16:19:10.821+0800][info][gc,task        ] GC(233) Using 12 workers of 13 for full compaction
[2024-07-18T16:19:10.821+0800][info][gc,start       ] GC(233) Pause Full (G1 Compaction Pause)
[2024-07-18T16:19:10.821+0800][info][gc,phases,start] GC(233) Phase 1: Mark live objects
[2024-07-18T16:19:10.821+0800][info][gc,phases      ] GC(233) Phase 1: Mark live objects 0.404ms
[2024-07-18T16:19:10.821+0800][info][gc,phases,start] GC(233) Phase 2: Prepare for compaction
[2024-07-18T16:19:10.821+0800][info][gc,phases      ] GC(233) Phase 2: Prepare for compaction 0.169ms
[2024-07-18T16:19:10.821+0800][info][gc,phases,start] GC(233) Phase 3: Adjust pointers
[2024-07-18T16:19:10.821+0800][info][gc,phases      ] GC(233) Phase 3: Adjust pointers 0.185ms
[2024-07-18T16:19:10.821+0800][info][gc,phases,start] GC(233) Phase 4: Compact heap
[2024-07-18T16:19:10.827+0800][info][gc,phases      ] GC(233) Phase 4: Compact heap 14.124ms
[2024-07-18T16:19:10.827+0800][info][gc,heap        ] GC(233) Eden regions: 0->0(26)
[2024-07-18T16:19:10.827+0800][info][gc,heap        ] GC(233) Survivor regions: 0->0(0)
[2024-07-18T16:19:10.827+0800][info][gc,heap        ] GC(233) Old regions: 346->247
[2024-07-18T16:19:10.827+0800][info][gc,heap        ] GC(233) Archive regions: 0->0
[2024-07-18T16:19:10.827+0800][info][gc,heap        ] GC(233) Humongous regions: 166->166
[2024-07-18T16:19:10.827+0800][info][gc,metaspace   ] GC(233) Metaspace: 194K(384K)->194K(384K) NonClass: 186K(256K)->186K(256K) Class: 7K(128K)->7K(128K)
[2024-07-18T16:19:10.827+0800][info][gc             ] GC(233) Pause Full (G1 Compaction Pause) 494M->383M(512M) 15.569ms
[2024-07-18T16:19:10.827+0800][info][gc,cpu         ] GC(233) User=0.08s Sys=0.00s Real=0.01s
[2024-07-18T16:19:10.827+0800][info][gc,start       ] GC(234) Pause Young (Concurrent Start) (G1 Humongous Allocation)
[2024-07-18T16:19:10.827+0800][info][gc,task        ] GC(234) Using 12 workers of 13 for evacuation
[2024-07-18T16:19:10.843+0800][info][gc,phases      ] GC(234)   Pre Evacuate Collection Set: 0.1ms
[2024-07-18T16:19:10.843+0800][info][gc,phases      ] GC(234)   Merge Heap Roots: 0.0ms
[2024-07-18T16:19:10.843+0800][info][gc,phases      ] GC(234)   Evacuate Collection Set: 0.5ms
[2024-07-18T16:19:10.843+0800][info][gc,phases      ] GC(234)   Post Evacuate Collection Set: 0.1ms
[2024-07-18T16:19:10.843+0800][info][gc,phases      ] GC(234)   Other: 0.1ms
[2024-07-18T16:19:10.843+0800][info][gc,heap        ] GC(234) Eden regions: 14->0(21)
[2024-07-18T16:19:10.843+0800][info][gc,heap        ] GC(234) Survivor regions: 0->4(4)
[2024-07-18T16:19:10.843+0800][info][gc,heap        ] GC(234) Old regions: 247->249
[2024-07-18T16:19:10.843+0800][info][gc,heap        ] GC(234) Archive regions: 0->0
[2024-07-18T16:19:10.843+0800][info][gc,heap        ] GC(234) Humongous regions: 172->168
[2024-07-18T16:19:10.843+0800][info][gc,metaspace   ] GC(234) Metaspace: 194K(384K)->194K(384K) NonClass: 186K(256K)->186K(256K) Class: 7K(128K)->7K(128K)
[2024-07-18T16:19:10.843+0800][info][gc             ] GC(234) Pause Young (Concurrent Start) (G1 Humongous Allocation) 402M->391M(512M) 0.846ms
[2024-07-18T16:19:10.843+0800][info][gc,cpu         ] GC(234) User=0.02s Sys=0.00s Real=0.02s
[2024-07-18T16:19:10.843+0800][info][gc             ] GC(235) Concurrent Undo Cycle
[2024-07-18T16:19:10.843+0800][info][gc,marking     ] GC(235) Concurrent Cleanup for Next Mark
[2024-07-18T16:19:10.843+0800][info][gc,marking     ] GC(235) Concurrent Cleanup for Next Mark 0.410ms
[2024-07-18T16:19:10.843+0800][info][gc             ] GC(235) Concurrent Undo Cycle 0.447ms
[2024-07-18T16:19:10.843+0800][info][gc,start       ] GC(236) Pause Young (Concurrent Start) (G1 Humongous Allocation)
[2024-07-18T16:19:10.843+0800][info][gc,task        ] GC(236) Using 12 workers of 13 for evacuation
[2024-07-18T16:19:10.843+0800][info][gc,phases      ] GC(236)   Pre Evacuate Collection Set: 0.0ms
[2024-07-18T16:19:10.843+0800][info][gc,phases      ] GC(236)   Merge Heap Roots: 0.0ms
[2024-07-18T16:19:10.843+0800][info][gc,phases      ] GC(236)   Evacuate Collection Set: 0.4ms
[2024-07-18T16:19:10.843+0800][info][gc,phases      ] GC(236)   Post Evacuate Collection Set: 0.1ms
[2024-07-18T16:19:10.843+0800][info][gc,phases      ] GC(236)   Other: 0.1ms
[2024-07-18T16:19:10.843+0800][info][gc,heap        ] GC(236) Eden regions: 5->0(23)
[2024-07-18T16:19:10.843+0800][info][gc,heap        ] GC(236) Survivor regions: 4->2(4)
[2024-07-18T16:19:10.843+0800][info][gc,heap        ] GC(236) Old regions: 249->253
[2024-07-18T16:19:10.843+0800][info][gc,heap        ] GC(236) Archive regions: 0->0
[2024-07-18T16:19:10.843+0800][info][gc,heap        ] GC(236) Humongous regions: 170->169
[2024-07-18T16:19:10.843+0800][info][gc,metaspace   ] GC(236) Metaspace: 194K(384K)->194K(384K) NonClass: 186K(256K)->186K(256K) Class: 7K(128K)->7K(128K)
[2024-07-18T16:19:10.843+0800][info][gc             ] GC(236) Pause Young (Concurrent Start) (G1 Humongous Allocation) 397M->393M(512M) 0.672ms
[2024-07-18T16:19:10.843+0800][info][gc,cpu         ] GC(236) User=0.00s Sys=0.00s Real=0.00s
[2024-07-18T16:19:10.843+0800][info][gc             ] GC(237) Concurrent Mark Cycle
[2024-07-18T16:19:10.843+0800][info][gc,marking     ] GC(237) Concurrent Clear Claimed Marks
[2024-07-18T16:19:10.843+0800][info][gc,marking     ] GC(237) Concurrent Clear Claimed Marks 0.011ms
[2024-07-18T16:19:10.843+0800][info][gc,marking     ] GC(237) Concurrent Scan Root Regions
[2024-07-18T16:19:10.843+0800][info][gc,marking     ] GC(237) Concurrent Scan Root Regions 0.028ms
[2024-07-18T16:19:10.843+0800][info][gc,marking     ] GC(237) Concurrent Mark
[2024-07-18T16:19:10.843+0800][info][gc,marking     ] GC(237) Concurrent Mark From Roots
[2024-07-18T16:19:10.843+0800][info][gc,task        ] GC(237) Using 3 workers of 3 for marking
[2024-07-18T16:19:10.843+0800][info][gc,marking     ] GC(237) Concurrent Mark From Roots 0.802ms
[2024-07-18T16:19:10.843+0800][info][gc,marking     ] GC(237) Concurrent Preclean
[2024-07-18T16:19:10.843+0800][info][gc,marking     ] GC(237) Concurrent Preclean 0.054ms
[2024-07-18T16:19:10.843+0800][info][gc,start       ] GC(237) Pause Remark
[2024-07-18T16:19:10.843+0800][info][gc             ] GC(237) Pause Remark 411M->405M(512M) 0.217ms
[2024-07-18T16:19:10.843+0800][info][gc,cpu         ] GC(237) User=0.00s Sys=0.00s Real=0.00s
[2024-07-18T16:19:10.843+0800][info][gc,marking     ] GC(237) Concurrent Mark 1.176ms
[2024-07-18T16:19:10.843+0800][info][gc,marking     ] GC(237) Concurrent Rebuild Remembered Sets
[2024-07-18T16:19:10.843+0800][info][gc,marking     ] GC(237) Concurrent Rebuild Remembered Sets 0.366ms
[2024-07-18T16:19:10.843+0800][info][gc,start       ] GC(237) Pause Cleanup
[2024-07-18T16:19:10.847+0800][info][gc             ] GC(237) Pause Cleanup 411M->411M(512M) 0.094ms
[2024-07-18T16:19:10.847+0800][info][gc,cpu         ] GC(237) User=0.00s Sys=0.00s Real=0.00s
[2024-07-18T16:19:10.847+0800][info][gc,marking     ] GC(237) Concurrent Cleanup for Next Mark
[2024-07-18T16:19:10.847+0800][info][gc,marking     ] GC(237) Concurrent Cleanup for Next Mark 0.521ms
[2024-07-18T16:19:10.847+0800][info][gc             ] GC(237) Concurrent Mark Cycle 2.353ms
[2024-07-18T16:19:10.847+0800][info][gc,start       ] GC(238) Pause Young (Prepare Mixed) (G1 Evacuation Pause)
[2024-07-18T16:19:10.847+0800][info][gc,task        ] GC(238) Using 12 workers of 13 for evacuation
[2024-07-18T16:19:10.847+0800][info][gc,phases      ] GC(238)   Pre Evacuate Collection Set: 0.0ms
[2024-07-18T16:19:10.847+0800][info][gc,phases      ] GC(238)   Merge Heap Roots: 0.1ms
[2024-07-18T16:19:10.847+0800][info][gc,phases      ] GC(238)   Evacuate Collection Set: 1.0ms
[2024-07-18T16:19:10.847+0800][info][gc,phases      ] GC(238)   Post Evacuate Collection Set: 0.1ms
[2024-07-18T16:19:10.847+0800][info][gc,phases      ] GC(238)   Other: 0.1ms
[2024-07-18T16:19:10.847+0800][info][gc,heap        ] GC(238) Eden regions: 23->0(21)
[2024-07-18T16:19:10.847+0800][info][gc,heap        ] GC(238) Survivor regions: 2->4(4)
[2024-07-18T16:19:10.847+0800][info][gc,heap        ] GC(238) Old regions: 253->262
[2024-07-18T16:19:10.847+0800][info][gc,heap        ] GC(238) Archive regions: 0->0
[2024-07-18T16:19:10.847+0800][info][gc,heap        ] GC(238) Humongous regions: 178->162
[2024-07-18T16:19:10.847+0800][info][gc,metaspace   ] GC(238) Metaspace: 194K(384K)->194K(384K) NonClass: 186K(256K)->186K(256K) Class: 7K(128K)->7K(128K)
[2024-07-18T16:19:10.847+0800][info][gc             ] GC(238) Pause Young (Prepare Mixed) (G1 Evacuation Pause) 425M->397M(512M) 1.394ms
[2024-07-18T16:19:10.847+0800][info][gc,cpu         ] GC(238) User=0.00s Sys=0.00s Real=0.00s
[2024-07-18T16:19:10.850+0800][info][gc,start       ] GC(239) Pause Young (Mixed) (G1 Evacuation Pause)
[2024-07-18T16:19:10.850+0800][info][gc,task        ] GC(239) Using 12 workers of 13 for evacuation
[2024-07-18T16:19:10.850+0800][info][gc,phases      ] GC(239)   Pre Evacuate Collection Set: 0.0ms
[2024-07-18T16:19:10.850+0800][info][gc,phases      ] GC(239)   Merge Heap Roots: 0.0ms
[2024-07-18T16:19:10.850+0800][info][gc,phases      ] GC(239)   Evacuate Collection Set: 1.2ms
[2024-07-18T16:19:10.850+0800][info][gc,phases      ] GC(239)   Post Evacuate Collection Set: 0.1ms
[2024-07-18T16:19:10.850+0800][info][gc,phases      ] GC(239)   Other: 0.1ms
[2024-07-18T16:19:10.850+0800][info][gc,heap        ] GC(239) Eden regions: 21->0(21)
[2024-07-18T16:19:10.850+0800][info][gc,heap        ] GC(239) Survivor regions: 4->4(4)
[2024-07-18T16:19:10.850+0800][info][gc,heap        ] GC(239) Old regions: 262->262
[2024-07-18T16:19:10.850+0800][info][gc,heap        ] GC(239) Archive regions: 0->0
[2024-07-18T16:19:10.850+0800][info][gc,heap        ] GC(239) Humongous regions: 176->164
[2024-07-18T16:19:10.850+0800][info][gc,metaspace   ] GC(239) Metaspace: 194K(384K)->194K(384K) NonClass: 186K(256K)->186K(256K) Class: 7K(128K)->7K(128K)
[2024-07-18T16:19:10.850+0800][info][gc             ] GC(239) Pause Young (Mixed) (G1 Evacuation Pause) 432M->405M(512M) 1.563ms
[2024-07-18T16:19:10.850+0800][info][gc,cpu         ] GC(239) User=0.00s Sys=0.00s Real=0.00s
[2024-07-18T16:19:10.850+0800][info][gc,start       ] GC(240) Pause Young (Concurrent Start) (G1 Humongous Allocation)
[2024-07-18T16:19:10.850+0800][info][gc,task        ] GC(240) Using 12 workers of 13 for evacuation
[2024-07-18T16:19:10.850+0800][info][gc,phases      ] GC(240)   Pre Evacuate Collection Set: 0.0ms
[2024-07-18T16:19:10.850+0800][info][gc,phases      ] GC(240)   Merge Heap Roots: 0.0ms
[2024-07-18T16:19:10.850+0800][info][gc,phases      ] GC(240)   Evacuate Collection Set: 0.5ms
[2024-07-18T16:19:10.850+0800][info][gc,phases      ] GC(240)   Post Evacuate Collection Set: 0.1ms
[2024-07-18T16:19:10.850+0800][info][gc,phases      ] GC(240)   Other: 0.1ms
[2024-07-18T16:19:10.850+0800][info][gc,heap        ] GC(240) Eden regions: 1->0(24)
[2024-07-18T16:19:10.850+0800][info][gc,heap        ] GC(240) Survivor regions: 4->1(4)
[2024-07-18T16:19:10.850+0800][info][gc,heap        ] GC(240) Old regions: 262->266
[2024-07-18T16:19:10.850+0800][info][gc,heap        ] GC(240) Archive regions: 0->0
[2024-07-18T16:19:10.850+0800][info][gc,heap        ] GC(240) Humongous regions: 164->164
[2024-07-18T16:19:10.850+0800][info][gc,metaspace   ] GC(240) Metaspace: 194K(384K)->194K(384K) NonClass: 186K(256K)->186K(256K) Class: 7K(128K)->7K(128K)
[2024-07-18T16:19:10.850+0800][info][gc             ] GC(240) Pause Young (Concurrent Start) (G1 Humongous Allocation) 406M->406M(512M) 0.762ms
[2024-07-18T16:19:10.850+0800][info][gc,cpu         ] GC(240) User=0.00s Sys=0.00s Real=0.00s
[2024-07-18T16:19:10.850+0800][info][gc             ] GC(241) Concurrent Mark Cycle
[2024-07-18T16:19:10.850+0800][info][gc,marking     ] GC(241) Concurrent Clear Claimed Marks
[2024-07-18T16:19:10.850+0800][info][gc,marking     ] GC(241) Concurrent Clear Claimed Marks 0.008ms
[2024-07-18T16:19:10.850+0800][info][gc,marking     ] GC(241) Concurrent Scan Root Regions
[2024-07-18T16:19:10.850+0800][info][gc,marking     ] GC(241) Concurrent Scan Root Regions 0.025ms
[2024-07-18T16:19:10.850+0800][info][gc,marking     ] GC(241) Concurrent Mark
[2024-07-18T16:19:10.850+0800][info][gc,marking     ] GC(241) Concurrent Mark From Roots
[2024-07-18T16:19:10.850+0800][info][gc,task        ] GC(241) Using 3 workers of 3 for marking
[2024-07-18T16:19:10.850+0800][info][gc,marking     ] GC(241) Concurrent Mark From Roots 0.813ms
[2024-07-18T16:19:10.850+0800][info][gc,marking     ] GC(241) Concurrent Preclean
[2024-07-18T16:19:10.850+0800][info][gc,marking     ] GC(241) Concurrent Preclean 0.099ms
[2024-07-18T16:19:10.850+0800][info][gc,start       ] GC(241) Pause Remark
[2024-07-18T16:19:10.850+0800][info][gc             ] GC(241) Pause Remark 423M->423M(512M) 0.248ms
[2024-07-18T16:19:10.850+0800][info][gc,cpu         ] GC(241) User=0.00s Sys=0.00s Real=0.00s
[2024-07-18T16:19:10.850+0800][info][gc,marking     ] GC(241) Concurrent Mark 1.302ms
[2024-07-18T16:19:10.850+0800][info][gc,marking     ] GC(241) Concurrent Rebuild Remembered Sets
[2024-07-18T16:19:10.850+0800][info][gc,marking     ] GC(241) Concurrent Rebuild Remembered Sets 0.475ms
[2024-07-18T16:19:10.850+0800][info][gc,start       ] GC(241) Pause Cleanup
[2024-07-18T16:19:10.850+0800][info][gc             ] GC(241) Pause Cleanup 431M->431M(512M) 0.086ms
[2024-07-18T16:19:10.850+0800][info][gc,cpu         ] GC(241) User=0.00s Sys=0.00s Real=0.00s
[2024-07-18T16:19:10.850+0800][info][gc,marking     ] GC(241) Concurrent Cleanup for Next Mark
[2024-07-18T16:19:10.850+0800][info][gc,marking     ] GC(241) Concurrent Cleanup for Next Mark 0.506ms
[2024-07-18T16:19:10.850+0800][info][gc             ] GC(241) Concurrent Mark Cycle 2.556ms
[2024-07-18T16:19:10.850+0800][info][gc,start       ] GC(242) Pause Young (Prepare Mixed) (G1 Evacuation Pause)
[2024-07-18T16:19:10.850+0800][info][gc,task        ] GC(242) Using 12 workers of 13 for evacuation
[2024-07-18T16:19:10.859+0800][info][gc,phases      ] GC(242)   Pre Evacuate Collection Set: 0.0ms
[2024-07-18T16:19:10.859+0800][info][gc,phases      ] GC(242)   Merge Heap Roots: 0.1ms
[2024-07-18T16:19:10.859+0800][info][gc,phases      ] GC(242)   Evacuate Collection Set: 0.9ms
[2024-07-18T16:19:10.859+0800][info][gc,phases      ] GC(242)   Post Evacuate Collection Set: 0.2ms
[2024-07-18T16:19:10.859+0800][info][gc,phases      ] GC(242)   Other: 0.1ms
[2024-07-18T16:19:10.859+0800][info][gc,heap        ] GC(242) Eden regions: 24->0(21)
[2024-07-18T16:19:10.859+0800][info][gc,heap        ] GC(242) Survivor regions: 1->4(4)
[2024-07-18T16:19:10.859+0800][info][gc,heap        ] GC(242) Old regions: 266->273
[2024-07-18T16:19:10.859+0800][info][gc,heap        ] GC(242) Archive regions: 0->0
[2024-07-18T16:19:10.859+0800][info][gc,heap        ] GC(242) Humongous regions: 177->165
[2024-07-18T16:19:10.859+0800][info][gc,metaspace   ] GC(242) Metaspace: 194K(384K)->194K(384K) NonClass: 186K(256K)->186K(256K) Class: 7K(128K)->7K(128K)
[2024-07-18T16:19:10.859+0800][info][gc             ] GC(242) Pause Young (Prepare Mixed) (G1 Evacuation Pause) 443M->417M(512M) 1.294ms
[2024-07-18T16:19:10.859+0800][info][gc,cpu         ] GC(242) User=0.00s Sys=0.00s Real=0.01s
[2024-07-18T16:19:10.859+0800][info][gc,start       ] GC(243) Pause Young (Mixed) (G1 Evacuation Pause)
[2024-07-18T16:19:10.859+0800][info][gc,task        ] GC(243) Using 12 workers of 13 for evacuation
[2024-07-18T16:19:10.859+0800][info][gc,phases      ] GC(243)   Pre Evacuate Collection Set: 0.0ms
[2024-07-18T16:19:10.859+0800][info][gc,phases      ] GC(243)   Merge Heap Roots: 0.0ms
[2024-07-18T16:19:10.859+0800][info][gc,phases      ] GC(243)   Evacuate Collection Set: 1.8ms
[2024-07-18T16:19:10.859+0800][info][gc,phases      ] GC(243)   Post Evacuate Collection Set: 0.1ms
[2024-07-18T16:19:10.859+0800][info][gc,phases      ] GC(243)   Other: 0.1ms
[2024-07-18T16:19:10.859+0800][info][gc,heap        ] GC(243) Eden regions: 21->0(21)
[2024-07-18T16:19:10.859+0800][info][gc,heap        ] GC(243) Survivor regions: 4->4(4)
[2024-07-18T16:19:10.859+0800][info][gc,heap        ] GC(243) Old regions: 273->270
[2024-07-18T16:19:10.859+0800][info][gc,heap        ] GC(243) Archive regions: 0->0
[2024-07-18T16:19:10.859+0800][info][gc,heap        ] GC(243) Humongous regions: 171->161
[2024-07-18T16:19:10.859+0800][info][gc,metaspace   ] GC(243) Metaspace: 194K(384K)->194K(384K) NonClass: 186K(256K)->186K(256K) Class: 7K(128K)->7K(128K)
[2024-07-18T16:19:10.859+0800][info][gc             ] GC(243) Pause Young (Mixed) (G1 Evacuation Pause) 444M->412M(512M) 2.129ms
[2024-07-18T16:19:10.859+0800][info][gc,cpu         ] GC(243) User=0.00s Sys=0.00s Real=0.00s
[2024-07-18T16:19:10.859+0800][info][gc,start       ] GC(244) Pause Young (Concurrent Start) (G1 Humongous Allocation)
[2024-07-18T16:19:10.859+0800][info][gc,task        ] GC(244) Using 12 workers of 13 for evacuation
[2024-07-18T16:19:10.859+0800][info][gc,phases      ] GC(244)   Pre Evacuate Collection Set: 0.0ms
[2024-07-18T16:19:10.859+0800][info][gc,phases      ] GC(244)   Merge Heap Roots: 0.0ms
[2024-07-18T16:19:10.859+0800][info][gc,phases      ] GC(244)   Evacuate Collection Set: 0.4ms
[2024-07-18T16:19:10.859+0800][info][gc,phases      ] GC(244)   Post Evacuate Collection Set: 0.1ms
[2024-07-18T16:19:10.859+0800][info][gc,phases      ] GC(244)   Other: 0.1ms
[2024-07-18T16:19:10.859+0800][info][gc,heap        ] GC(244) Eden regions: 3->0(24)
[2024-07-18T16:19:10.859+0800][info][gc,heap        ] GC(244) Survivor regions: 4->1(4)
[2024-07-18T16:19:10.859+0800][info][gc,heap        ] GC(244) Old regions: 270->274
[2024-07-18T16:19:10.859+0800][info][gc,heap        ] GC(244) Archive regions: 0->0
[2024-07-18T16:19:10.859+0800][info][gc,heap        ] GC(244) Humongous regions: 161->160
[2024-07-18T16:19:10.859+0800][info][gc,metaspace   ] GC(244) Metaspace: 194K(384K)->194K(384K) NonClass: 186K(256K)->186K(256K) Class: 7K(128K)->7K(128K)
[2024-07-18T16:19:10.859+0800][info][gc             ] GC(244) Pause Young (Concurrent Start) (G1 Humongous Allocation) 415M->412M(512M) 0.740ms
[2024-07-18T16:19:10.859+0800][info][gc,cpu         ] GC(244) User=0.00s Sys=0.00s Real=0.00s
[2024-07-18T16:19:10.859+0800][info][gc             ] GC(245) Concurrent Mark Cycle
[2024-07-18T16:19:10.859+0800][info][gc,marking     ] GC(245) Concurrent Clear Claimed Marks
[2024-07-18T16:19:10.859+0800][info][gc,marking     ] GC(245) Concurrent Clear Claimed Marks 0.009ms
[2024-07-18T16:19:10.859+0800][info][gc,marking     ] GC(245) Concurrent Scan Root Regions
[2024-07-18T16:19:10.859+0800][info][gc,marking     ] GC(245) Concurrent Scan Root Regions 0.025ms
[2024-07-18T16:19:10.859+0800][info][gc,marking     ] GC(245) Concurrent Mark
[2024-07-18T16:19:10.859+0800][info][gc,marking     ] GC(245) Concurrent Mark From Roots
[2024-07-18T16:19:10.859+0800][info][gc,task        ] GC(245) Using 3 workers of 3 for marking
[2024-07-18T16:19:10.859+0800][info][gc,marking     ] GC(245) Concurrent Mark From Roots 0.794ms
[2024-07-18T16:19:10.859+0800][info][gc,marking     ] GC(245) Concurrent Preclean
[2024-07-18T16:19:10.859+0800][info][gc,marking     ] GC(245) Concurrent Preclean 0.057ms
[2024-07-18T16:19:10.859+0800][info][gc,start       ] GC(245) Pause Remark
[2024-07-18T16:19:10.859+0800][info][gc             ] GC(245) Pause Remark 422M->421M(512M) 0.234ms
[2024-07-18T16:19:10.859+0800][info][gc,cpu         ] GC(245) User=0.00s Sys=0.00s Real=0.00s
[2024-07-18T16:19:10.859+0800][info][gc,marking     ] GC(245) Concurrent Mark 1.167ms
[2024-07-18T16:19:10.859+0800][info][gc,marking     ] GC(245) Concurrent Rebuild Remembered Sets
[2024-07-18T16:19:10.859+0800][info][gc,marking     ] GC(245) Concurrent Rebuild Remembered Sets 0.369ms
[2024-07-18T16:19:10.859+0800][info][gc,start       ] GC(245) Pause Cleanup
[2024-07-18T16:19:10.859+0800][info][gc             ] GC(245) Pause Cleanup 428M->428M(512M) 0.097ms
[2024-07-18T16:19:10.859+0800][info][gc,cpu         ] GC(245) User=0.00s Sys=0.00s Real=0.00s
[2024-07-18T16:19:10.859+0800][info][gc,marking     ] GC(245) Concurrent Cleanup for Next Mark
[2024-07-18T16:19:10.859+0800][info][gc,marking     ] GC(245) Concurrent Cleanup for Next Mark 0.409ms
[2024-07-18T16:19:10.859+0800][info][gc             ] GC(245) Concurrent Mark Cycle 2.314ms
[2024-07-18T16:19:10.859+0800][info][gc,start       ] GC(246) Pause Young (Prepare Mixed) (G1 Evacuation Pause)
[2024-07-18T16:19:10.859+0800][info][gc,task        ] GC(246) Using 12 workers of 13 for evacuation
[2024-07-18T16:19:10.869+0800][info][gc,phases      ] GC(246)   Pre Evacuate Collection Set: 0.0ms
[2024-07-18T16:19:10.869+0800][info][gc,phases      ] GC(246)   Merge Heap Roots: 0.1ms
[2024-07-18T16:19:10.869+0800][info][gc,phases      ] GC(246)   Evacuate Collection Set: 0.8ms
[2024-07-18T16:19:10.869+0800][info][gc,phases      ] GC(246)   Post Evacuate Collection Set: 0.1ms
[2024-07-18T16:19:10.869+0800][info][gc,phases      ] GC(246)   Other: 0.1ms
[2024-07-18T16:19:10.869+0800][info][gc,heap        ] GC(246) Eden regions: 24->0(21)
[2024-07-18T16:19:10.869+0800][info][gc,heap        ] GC(246) Survivor regions: 1->4(4)
[2024-07-18T16:19:10.869+0800][info][gc,heap        ] GC(246) Old regions: 273->278
[2024-07-18T16:19:10.869+0800][info][gc,heap        ] GC(246) Archive regions: 0->0
[2024-07-18T16:19:10.869+0800][info][gc,heap        ] GC(246) Humongous regions: 175->159
[2024-07-18T16:19:10.869+0800][info][gc,metaspace   ] GC(246) Metaspace: 194K(384K)->194K(384K) NonClass: 186K(256K)->186K(256K) Class: 7K(128K)->7K(128K)
[2024-07-18T16:19:10.869+0800][info][gc             ] GC(246) Pause Young (Prepare Mixed) (G1 Evacuation Pause) 450M->419M(512M) 1.266ms
[2024-07-18T16:19:10.869+0800][info][gc,cpu         ] GC(246) User=0.00s Sys=0.00s Real=0.01s
[2024-07-18T16:19:10.869+0800][info][gc,start       ] GC(247) Pause Young (Mixed) (G1 Evacuation Pause)
[2024-07-18T16:19:10.869+0800][info][gc,task        ] GC(247) Using 12 workers of 13 for evacuation
[2024-07-18T16:19:10.869+0800][info][gc,phases      ] GC(247)   Pre Evacuate Collection Set: 0.0ms
[2024-07-18T16:19:10.869+0800][info][gc,phases      ] GC(247)   Merge Heap Roots: 0.0ms
[2024-07-18T16:19:10.869+0800][info][gc,phases      ] GC(247)   Evacuate Collection Set: 2.8ms
[2024-07-18T16:19:10.869+0800][info][gc,phases      ] GC(247)   Post Evacuate Collection Set: 0.1ms
[2024-07-18T16:19:10.869+0800][info][gc,phases      ] GC(247)   Other: 0.1ms
[2024-07-18T16:19:10.869+0800][info][gc,heap        ] GC(247) Eden regions: 21->0(21)
[2024-07-18T16:19:10.869+0800][info][gc,heap        ] GC(247) Survivor regions: 4->4(4)
[2024-07-18T16:19:10.869+0800][info][gc,heap        ] GC(247) Old regions: 278->270
[2024-07-18T16:19:10.869+0800][info][gc,heap        ] GC(247) Archive regions: 0->0
[2024-07-18T16:19:10.869+0800][info][gc,heap        ] GC(247) Humongous regions: 164->154
[2024-07-18T16:19:10.869+0800][info][gc,metaspace   ] GC(247) Metaspace: 194K(384K)->194K(384K) NonClass: 186K(256K)->186K(256K) Class: 7K(128K)->7K(128K)
[2024-07-18T16:19:10.869+0800][info][gc             ] GC(247) Pause Young (Mixed) (G1 Evacuation Pause) 445M->410M(512M) 3.207ms
[2024-07-18T16:19:10.869+0800][info][gc,cpu         ] GC(247) User=0.00s Sys=0.00s Real=0.00s
[2024-07-18T16:19:10.869+0800][info][gc,start       ] GC(248) Pause Young (Concurrent Start) (G1 Humongous Allocation)
[2024-07-18T16:19:10.869+0800][info][gc,task        ] GC(248) Using 12 workers of 13 for evacuation
[2024-07-18T16:19:10.875+0800][info][gc,phases      ] GC(248)   Pre Evacuate Collection Set: 0.0ms
[2024-07-18T16:19:10.875+0800][info][gc,phases      ] GC(248)   Merge Heap Roots: 0.0ms
[2024-07-18T16:19:10.875+0800][info][gc,phases      ] GC(248)   Evacuate Collection Set: 0.3ms
[2024-07-18T16:19:10.875+0800][info][gc,phases      ] GC(248)   Post Evacuate Collection Set: 0.1ms
[2024-07-18T16:19:10.875+0800][info][gc,phases      ] GC(248)   Other: 0.1ms
[2024-07-18T16:19:10.875+0800][info][gc,heap        ] GC(248) Eden regions: 1->0(24)
[2024-07-18T16:19:10.875+0800][info][gc,heap        ] GC(248) Survivor regions: 4->1(4)
[2024-07-18T16:19:10.875+0800][info][gc,heap        ] GC(248) Old regions: 270->274
[2024-07-18T16:19:10.875+0800][info][gc,heap        ] GC(248) Archive regions: 0->0
[2024-07-18T16:19:10.875+0800][info][gc,heap        ] GC(248) Humongous regions: 154->154
[2024-07-18T16:19:10.875+0800][info][gc,metaspace   ] GC(248) Metaspace: 194K(384K)->194K(384K) NonClass: 186K(256K)->186K(256K) Class: 7K(128K)->7K(128K)
[2024-07-18T16:19:10.875+0800][info][gc             ] GC(248) Pause Young (Concurrent Start) (G1 Humongous Allocation) 410M->410M(512M) 0.610ms
[2024-07-18T16:19:10.875+0800][info][gc,cpu         ] GC(248) User=0.00s Sys=0.00s Real=0.01s
[2024-07-18T16:19:10.875+0800][info][gc             ] GC(249) Concurrent Mark Cycle
[2024-07-18T16:19:10.875+0800][info][gc,marking     ] GC(249) Concurrent Clear Claimed Marks
[2024-07-18T16:19:10.875+0800][info][gc,marking     ] GC(249) Concurrent Clear Claimed Marks 0.008ms
[2024-07-18T16:19:10.875+0800][info][gc,marking     ] GC(249) Concurrent Scan Root Regions
[2024-07-18T16:19:10.875+0800][info][gc,marking     ] GC(249) Concurrent Scan Root Regions 0.029ms
[2024-07-18T16:19:10.875+0800][info][gc,marking     ] GC(249) Concurrent Mark
[2024-07-18T16:19:10.875+0800][info][gc,marking     ] GC(249) Concurrent Mark From Roots
[2024-07-18T16:19:10.875+0800][info][gc,task        ] GC(249) Using 3 workers of 3 for marking
[2024-07-18T16:19:10.875+0800][info][gc,marking     ] GC(249) Concurrent Mark From Roots 0.789ms
[2024-07-18T16:19:10.875+0800][info][gc,marking     ] GC(249) Concurrent Preclean
[2024-07-18T16:19:10.875+0800][info][gc,marking     ] GC(249) Concurrent Preclean 0.104ms
[2024-07-18T16:19:10.875+0800][info][gc,start       ] GC(249) Pause Remark
[2024-07-18T16:19:10.875+0800][info][gc             ] GC(249) Pause Remark 427M->427M(512M) 0.220ms
[2024-07-18T16:19:10.875+0800][info][gc,cpu         ] GC(249) User=0.00s Sys=0.00s Real=0.00s
[2024-07-18T16:19:10.875+0800][info][gc,marking     ] GC(249) Concurrent Mark 1.216ms
[2024-07-18T16:19:10.875+0800][info][gc,marking     ] GC(249) Concurrent Rebuild Remembered Sets
[2024-07-18T16:19:10.875+0800][info][gc,marking     ] GC(249) Concurrent Rebuild Remembered Sets 0.503ms
[2024-07-18T16:19:10.875+0800][info][gc,start       ] GC(249) Pause Cleanup
[2024-07-18T16:19:10.875+0800][info][gc             ] GC(249) Pause Cleanup 433M->433M(512M) 0.093ms
[2024-07-18T16:19:10.875+0800][info][gc,cpu         ] GC(249) User=0.00s Sys=0.00s Real=0.00s
[2024-07-18T16:19:10.875+0800][info][gc,marking     ] GC(249) Concurrent Cleanup for Next Mark
[2024-07-18T16:19:10.875+0800][info][gc,marking     ] GC(249) Concurrent Cleanup for Next Mark 0.476ms
[2024-07-18T16:19:10.875+0800][info][gc             ] GC(249) Concurrent Mark Cycle 2.483ms
[2024-07-18T16:19:10.875+0800][info][gc,start       ] GC(250) Pause Young (Prepare Mixed) (G1 Evacuation Pause)
[2024-07-18T16:19:10.875+0800][info][gc,task        ] GC(250) Using 12 workers of 13 for evacuation
[2024-07-18T16:19:10.875+0800][info][gc,phases      ] GC(250)   Pre Evacuate Collection Set: 0.0ms
[2024-07-18T16:19:10.875+0800][info][gc,phases      ] GC(250)   Merge Heap Roots: 0.1ms
[2024-07-18T16:19:10.875+0800][info][gc,phases      ] GC(250)   Evacuate Collection Set: 0.8ms
[2024-07-18T16:19:10.875+0800][info][gc,phases      ] GC(250)   Post Evacuate Collection Set: 0.1ms
[2024-07-18T16:19:10.875+0800][info][gc,phases      ] GC(250)   Other: 0.1ms
[2024-07-18T16:19:10.875+0800][info][gc,heap        ] GC(250) Eden regions: 24->0(21)
[2024-07-18T16:19:10.875+0800][info][gc,heap        ] GC(250) Survivor regions: 1->4(4)
[2024-07-18T16:19:10.875+0800][info][gc,heap        ] GC(250) Old regions: 274->279
[2024-07-18T16:19:10.875+0800][info][gc,heap        ] GC(250) Archive regions: 0->0
[2024-07-18T16:19:10.875+0800][info][gc,heap        ] GC(250) Humongous regions: 166->161
[2024-07-18T16:19:10.875+0800][info][gc,metaspace   ] GC(250) Metaspace: 194K(384K)->194K(384K) NonClass: 186K(256K)->186K(256K) Class: 7K(128K)->7K(128K)
[2024-07-18T16:19:10.875+0800][info][gc             ] GC(250) Pause Young (Prepare Mixed) (G1 Evacuation Pause) 446M->426M(512M) 1.206ms
[2024-07-18T16:19:10.875+0800][info][gc,cpu         ] GC(250) User=0.00s Sys=0.00s Real=0.00s
[2024-07-18T16:19:10.880+0800][info][gc,start       ] GC(251) Pause Young (Mixed) (G1 Evacuation Pause)
[2024-07-18T16:19:10.880+0800][info][gc,task        ] GC(251) Using 12 workers of 13 for evacuation
[2024-07-18T16:19:10.882+0800][info][gc,phases      ] GC(251)   Pre Evacuate Collection Set: 0.0ms
[2024-07-18T16:19:10.882+0800][info][gc,phases      ] GC(251)   Merge Heap Roots: 0.0ms
[2024-07-18T16:19:10.882+0800][info][gc,phases      ] GC(251)   Evacuate Collection Set: 2.6ms
[2024-07-18T16:19:10.882+0800][info][gc,phases      ] GC(251)   Post Evacuate Collection Set: 0.1ms
[2024-07-18T16:19:10.882+0800][info][gc,phases      ] GC(251)   Other: 0.1ms
[2024-07-18T16:19:10.882+0800][info][gc,heap        ] GC(251) Eden regions: 21->0(21)
[2024-07-18T16:19:10.882+0800][info][gc,heap        ] GC(251) Survivor regions: 4->4(4)
[2024-07-18T16:19:10.882+0800][info][gc,heap        ] GC(251) Old regions: 279->271
[2024-07-18T16:19:10.882+0800][info][gc,heap        ] GC(251) Archive regions: 0->0
[2024-07-18T16:19:10.882+0800][info][gc,heap        ] GC(251) Humongous regions: 168->159
[2024-07-18T16:19:10.882+0800][info][gc,metaspace   ] GC(251) Metaspace: 194K(384K)->194K(384K) NonClass: 186K(256K)->186K(256K) Class: 7K(128K)->7K(128K)
[2024-07-18T16:19:10.882+0800][info][gc             ] GC(251) Pause Young (Mixed) (G1 Evacuation Pause) 454M->420M(512M) 2.989ms
[2024-07-18T16:19:10.882+0800][info][gc,cpu         ] GC(251) User=0.00s Sys=0.00s Real=0.00s
[2024-07-18T16:19:10.885+0800][info][gc,start       ] GC(252) Pause Young (Concurrent Start) (G1 Humongous Allocation)
[2024-07-18T16:19:10.885+0800][info][gc,task        ] GC(252) Using 12 workers of 13 for evacuation
[2024-07-18T16:19:10.886+0800][info][gc,phases      ] GC(252)   Pre Evacuate Collection Set: 0.0ms
[2024-07-18T16:19:10.886+0800][info][gc,phases      ] GC(252)   Merge Heap Roots: 0.0ms
[2024-07-18T16:19:10.886+0800][info][gc,phases      ] GC(252)   Evacuate Collection Set: 0.4ms
[2024-07-18T16:19:10.886+0800][info][gc,phases      ] GC(252)   Post Evacuate Collection Set: 0.1ms
[2024-07-18T16:19:10.886+0800][info][gc,phases      ] GC(252)   Other: 0.1ms
[2024-07-18T16:19:10.886+0800][info][gc,heap        ] GC(252) Eden regions: 4->0(24)
[2024-07-18T16:19:10.886+0800][info][gc,heap        ] GC(252) Survivor regions: 4->1(4)
[2024-07-18T16:19:10.886+0800][info][gc,heap        ] GC(252) Old regions: 271->275
[2024-07-18T16:19:10.886+0800][info][gc,heap        ] GC(252) Archive regions: 0->0
[2024-07-18T16:19:10.886+0800][info][gc,heap        ] GC(252) Humongous regions: 159->159
[2024-07-18T16:19:10.886+0800][info][gc,metaspace   ] GC(252) Metaspace: 194K(384K)->194K(384K) NonClass: 186K(256K)->186K(256K) Class: 7K(128K)->7K(128K)
[2024-07-18T16:19:10.886+0800][info][gc             ] GC(252) Pause Young (Concurrent Start) (G1 Humongous Allocation) 423M->420M(512M) 0.691ms
[2024-07-18T16:19:10.886+0800][info][gc,cpu         ] GC(252) User=0.00s Sys=0.00s Real=0.00s
[2024-07-18T16:19:10.886+0800][info][gc             ] GC(253) Concurrent Mark Cycle
[2024-07-18T16:19:10.886+0800][info][gc,marking     ] GC(253) Concurrent Clear Claimed Marks
[2024-07-18T16:19:10.886+0800][info][gc,marking     ] GC(253) Concurrent Clear Claimed Marks 0.012ms
[2024-07-18T16:19:10.886+0800][info][gc,marking     ] GC(253) Concurrent Scan Root Regions
[2024-07-18T16:19:10.886+0800][info][gc,marking     ] GC(253) Concurrent Scan Root Regions 0.035ms
[2024-07-18T16:19:10.886+0800][info][gc,marking     ] GC(253) Concurrent Mark
[2024-07-18T16:19:10.886+0800][info][gc,marking     ] GC(253) Concurrent Mark From Roots
[2024-07-18T16:19:10.886+0800][info][gc,task        ] GC(253) Using 3 workers of 3 for marking
[2024-07-18T16:19:10.886+0800][info][gc,marking     ] GC(253) Concurrent Mark From Roots 0.822ms
[2024-07-18T16:19:10.886+0800][info][gc,marking     ] GC(253) Concurrent Preclean
[2024-07-18T16:19:10.886+0800][info][gc,marking     ] GC(253) Concurrent Preclean 0.055ms
[2024-07-18T16:19:10.886+0800][info][gc,start       ] GC(253) Pause Remark
[2024-07-18T16:19:10.886+0800][info][gc             ] GC(253) Pause Remark 434M->434M(512M) 0.207ms
[2024-07-18T16:19:10.886+0800][info][gc,cpu         ] GC(253) User=0.00s Sys=0.00s Real=0.00s
[2024-07-18T16:19:10.886+0800][info][gc,marking     ] GC(253) Concurrent Mark 1.217ms
[2024-07-18T16:19:10.886+0800][info][gc,marking     ] GC(253) Concurrent Rebuild Remembered Sets
[2024-07-18T16:19:10.888+0800][info][gc,marking     ] GC(253) Concurrent Rebuild Remembered Sets 0.512ms
[2024-07-18T16:19:10.888+0800][info][gc,start       ] GC(253) Pause Cleanup
[2024-07-18T16:19:10.888+0800][info][gc             ] GC(253) Pause Cleanup 441M->441M(512M) 0.096ms
[2024-07-18T16:19:10.888+0800][info][gc,cpu         ] GC(253) User=0.00s Sys=0.00s Real=0.00s
[2024-07-18T16:19:10.888+0800][info][gc,marking     ] GC(253) Concurrent Cleanup for Next Mark
[2024-07-18T16:19:10.888+0800][info][gc,marking     ] GC(253) Concurrent Cleanup for Next Mark 0.475ms
[2024-07-18T16:19:10.888+0800][info][gc             ] GC(253) Concurrent Mark Cycle 2.508ms
[2024-07-18T16:19:10.888+0800][info][gc,start       ] GC(254) Pause Young (Prepare Mixed) (G1 Evacuation Pause)
[2024-07-18T16:19:10.888+0800][info][gc,task        ] GC(254) Using 12 workers of 13 for evacuation
[2024-07-18T16:19:10.890+0800][info][gc,phases      ] GC(254)   Pre Evacuate Collection Set: 0.0ms
[2024-07-18T16:19:10.890+0800][info][gc,phases      ] GC(254)   Merge Heap Roots: 0.1ms
[2024-07-18T16:19:10.890+0800][info][gc,phases      ] GC(254)   Evacuate Collection Set: 0.9ms
[2024-07-18T16:19:10.890+0800][info][gc,phases      ] GC(254)   Post Evacuate Collection Set: 0.1ms
[2024-07-18T16:19:10.890+0800][info][gc,phases      ] GC(254)   Other: 0.1ms
[2024-07-18T16:19:10.890+0800][info][gc,heap        ] GC(254) Eden regions: 24->0(21)
[2024-07-18T16:19:10.890+0800][info][gc,heap        ] GC(254) Survivor regions: 1->4(4)
[2024-07-18T16:19:10.890+0800][info][gc,heap        ] GC(254) Old regions: 275->281
[2024-07-18T16:19:10.890+0800][info][gc,heap        ] GC(254) Archive regions: 0->0
[2024-07-18T16:19:10.890+0800][info][gc,heap        ] GC(254) Humongous regions: 172->161
[2024-07-18T16:19:10.890+0800][info][gc,metaspace   ] GC(254) Metaspace: 194K(384K)->194K(384K) NonClass: 186K(256K)->186K(256K) Class: 7K(128K)->7K(128K)
[2024-07-18T16:19:10.890+0800][info][gc             ] GC(254) Pause Young (Prepare Mixed) (G1 Evacuation Pause) 457M->432M(512M) 1.307ms
[2024-07-18T16:19:10.890+0800][info][gc,cpu         ] GC(254) User=0.00s Sys=0.00s Real=0.00s
[2024-07-18T16:19:10.891+0800][info][gc,start       ] GC(255) Pause Young (Mixed) (G1 Evacuation Pause)
[2024-07-18T16:19:10.891+0800][info][gc,task        ] GC(255) Using 12 workers of 13 for evacuation
[2024-07-18T16:19:10.893+0800][info][gc,phases      ] GC(255)   Pre Evacuate Collection Set: 0.0ms
[2024-07-18T16:19:10.893+0800][info][gc,phases      ] GC(255)   Merge Heap Roots: 0.0ms
[2024-07-18T16:19:10.893+0800][info][gc,phases      ] GC(255)   Evacuate Collection Set: 2.5ms
[2024-07-18T16:19:10.893+0800][info][gc,phases      ] GC(255)   Post Evacuate Collection Set: 0.1ms
[2024-07-18T16:19:10.893+0800][info][gc,phases      ] GC(255)   Other: 0.1ms
[2024-07-18T16:19:10.893+0800][info][gc,heap        ] GC(255) Eden regions: 21->0(21)
[2024-07-18T16:19:10.893+0800][info][gc,heap        ] GC(255) Survivor regions: 4->4(4)
[2024-07-18T16:19:10.893+0800][info][gc,heap        ] GC(255) Old regions: 281->274
[2024-07-18T16:19:10.893+0800][info][gc,heap        ] GC(255) Archive regions: 0->0
[2024-07-18T16:19:10.893+0800][info][gc,heap        ] GC(255) Humongous regions: 169->157
[2024-07-18T16:19:10.893+0800][info][gc,metaspace   ] GC(255) Metaspace: 194K(384K)->194K(384K) NonClass: 186K(256K)->186K(256K) Class: 7K(128K)->7K(128K)
[2024-07-18T16:19:10.893+0800][info][gc             ] GC(255) Pause Young (Mixed) (G1 Evacuation Pause) 461M->423M(512M) 2.867ms
[2024-07-18T16:19:10.893+0800][info][gc,cpu         ] GC(255) User=0.00s Sys=0.00s Real=0.00s
[2024-07-18T16:19:10.896+0800][info][gc,start       ] GC(256) Pause Young (Concurrent Start) (G1 Humongous Allocation)
[2024-07-18T16:19:10.896+0800][info][gc,task        ] GC(256) Using 12 workers of 13 for evacuation
[2024-07-18T16:19:10.896+0800][info][gc,phases      ] GC(256)   Pre Evacuate Collection Set: 0.0ms
[2024-07-18T16:19:10.896+0800][info][gc,phases      ] GC(256)   Merge Heap Roots: 0.0ms
[2024-07-18T16:19:10.896+0800][info][gc,phases      ] GC(256)   Evacuate Collection Set: 0.4ms
[2024-07-18T16:19:10.896+0800][info][gc,phases      ] GC(256)   Post Evacuate Collection Set: 0.1ms
[2024-07-18T16:19:10.896+0800][info][gc,phases      ] GC(256)   Other: 0.1ms
[2024-07-18T16:19:10.896+0800][info][gc,heap        ] GC(256) Eden regions: 2->0(24)
[2024-07-18T16:19:10.896+0800][info][gc,heap        ] GC(256) Survivor regions: 4->1(4)
[2024-07-18T16:19:10.896+0800][info][gc,heap        ] GC(256) Old regions: 274->277
[2024-07-18T16:19:10.896+0800][info][gc,heap        ] GC(256) Archive regions: 0->0
[2024-07-18T16:19:10.896+0800][info][gc,heap        ] GC(256) Humongous regions: 157->157
[2024-07-18T16:19:10.896+0800][info][gc,metaspace   ] GC(256) Metaspace: 194K(384K)->194K(384K) NonClass: 186K(256K)->186K(256K) Class: 7K(128K)->7K(128K)
[2024-07-18T16:19:10.896+0800][info][gc             ] GC(256) Pause Young (Concurrent Start) (G1 Humongous Allocation) 425M->423M(512M) 0.661ms
[2024-07-18T16:19:10.896+0800][info][gc,cpu         ] GC(256) User=0.00s Sys=0.00s Real=0.00s
[2024-07-18T16:19:10.896+0800][info][gc             ] GC(257) Concurrent Mark Cycle
[2024-07-18T16:19:10.896+0800][info][gc,marking     ] GC(257) Concurrent Clear Claimed Marks
[2024-07-18T16:19:10.896+0800][info][gc,marking     ] GC(257) Concurrent Clear Claimed Marks 0.008ms
[2024-07-18T16:19:10.896+0800][info][gc,marking     ] GC(257) Concurrent Scan Root Regions
[2024-07-18T16:19:10.896+0800][info][gc,marking     ] GC(257) Concurrent Scan Root Regions 0.024ms
[2024-07-18T16:19:10.896+0800][info][gc,marking     ] GC(257) Concurrent Mark
[2024-07-18T16:19:10.896+0800][info][gc,marking     ] GC(257) Concurrent Mark From Roots
[2024-07-18T16:19:10.896+0800][info][gc,task        ] GC(257) Using 3 workers of 3 for marking
[2024-07-18T16:19:10.897+0800][info][gc,marking     ] GC(257) Concurrent Mark From Roots 0.801ms
[2024-07-18T16:19:10.897+0800][info][gc,marking     ] GC(257) Concurrent Preclean
[2024-07-18T16:19:10.897+0800][info][gc,marking     ] GC(257) Concurrent Preclean 0.057ms
[2024-07-18T16:19:10.897+0800][info][gc,start       ] GC(257) Pause Remark
[2024-07-18T16:19:10.897+0800][info][gc             ] GC(257) Pause Remark 438M->438M(512M) 0.221ms
[2024-07-18T16:19:10.897+0800][info][gc,cpu         ] GC(257) User=0.00s Sys=0.00s Real=0.00s
[2024-07-18T16:19:10.897+0800][info][gc,marking     ] GC(257) Concurrent Mark 1.194ms
[2024-07-18T16:19:10.897+0800][info][gc,marking     ] GC(257) Concurrent Rebuild Remembered Sets
[2024-07-18T16:19:10.897+0800][info][gc,marking     ] GC(257) Concurrent Rebuild Remembered Sets 0.542ms
[2024-07-18T16:19:10.897+0800][info][gc,start       ] GC(257) Pause Cleanup
[2024-07-18T16:19:10.897+0800][info][gc             ] GC(257) Pause Cleanup 445M->445M(512M) 0.104ms
[2024-07-18T16:19:10.897+0800][info][gc,cpu         ] GC(257) User=0.00s Sys=0.00s Real=0.00s
[2024-07-18T16:19:10.897+0800][info][gc,marking     ] GC(257) Concurrent Cleanup for Next Mark
[2024-07-18T16:19:10.897+0800][info][gc,marking     ] GC(257) Concurrent Cleanup for Next Mark 0.491ms
[2024-07-18T16:19:10.897+0800][info][gc             ] GC(257) Concurrent Mark Cycle 2.512ms
[2024-07-18T16:19:10.897+0800][info][gc,start       ] GC(258) Pause Young (Prepare Mixed) (G1 Evacuation Pause)
[2024-07-18T16:19:10.897+0800][info][gc,task        ] GC(258) Using 12 workers of 13 for evacuation
[2024-07-18T16:19:10.897+0800][info][gc,phases      ] GC(258)   Pre Evacuate Collection Set: 0.0ms
[2024-07-18T16:19:10.897+0800][info][gc,phases      ] GC(258)   Merge Heap Roots: 0.1ms
[2024-07-18T16:19:10.897+0800][info][gc,phases      ] GC(258)   Evacuate Collection Set: 0.8ms
[2024-07-18T16:19:10.897+0800][info][gc,phases      ] GC(258)   Post Evacuate Collection Set: 0.1ms
[2024-07-18T16:19:10.897+0800][info][gc,phases      ] GC(258)   Other: 0.1ms
[2024-07-18T16:19:10.897+0800][info][gc,heap        ] GC(258) Eden regions: 24->0(21)
[2024-07-18T16:19:10.897+0800][info][gc,heap        ] GC(258) Survivor regions: 1->4(4)
[2024-07-18T16:19:10.897+0800][info][gc,heap        ] GC(258) Old regions: 277->282
[2024-07-18T16:19:10.897+0800][info][gc,heap        ] GC(258) Archive regions: 0->0
[2024-07-18T16:19:10.897+0800][info][gc,heap        ] GC(258) Humongous regions: 174->161
[2024-07-18T16:19:10.897+0800][info][gc,metaspace   ] GC(258) Metaspace: 194K(384K)->194K(384K) NonClass: 186K(256K)->186K(256K) Class: 7K(128K)->7K(128K)
[2024-07-18T16:19:10.897+0800][info][gc             ] GC(258) Pause Young (Prepare Mixed) (G1 Evacuation Pause) 464M->435M(512M) 1.218ms
[2024-07-18T16:19:10.897+0800][info][gc,cpu         ] GC(258) User=0.00s Sys=0.00s Real=0.00s
[2024-07-18T16:19:10.902+0800][info][gc,start       ] GC(259) Pause Young (Mixed) (G1 Evacuation Pause)
[2024-07-18T16:19:10.902+0800][info][gc,task        ] GC(259) Using 12 workers of 13 for evacuation
[2024-07-18T16:19:10.906+0800][info][gc             ] GC(259) To-space exhausted
[2024-07-18T16:19:10.906+0800][info][gc,phases      ] GC(259)   Pre Evacuate Collection Set: 0.0ms
[2024-07-18T16:19:10.906+0800][info][gc,phases      ] GC(259)   Merge Heap Roots: 0.0ms
[2024-07-18T16:19:10.906+0800][info][gc,phases      ] GC(259)   Evacuate Collection Set: 3.2ms
[2024-07-18T16:19:10.906+0800][info][gc,phases      ] GC(259)   Post Evacuate Collection Set: 0.1ms
[2024-07-18T16:19:10.906+0800][info][gc,phases      ] GC(259)   Other: 0.1ms
[2024-07-18T16:19:10.906+0800][info][gc,heap        ] GC(259) Eden regions: 21->0(21)
[2024-07-18T16:19:10.906+0800][info][gc,heap        ] GC(259) Survivor regions: 4->4(4)
[2024-07-18T16:19:10.906+0800][info][gc,heap        ] GC(259) Old regions: 282->270
[2024-07-18T16:19:10.906+0800][info][gc,heap        ] GC(259) Archive regions: 0->0
[2024-07-18T16:19:10.906+0800][info][gc,heap        ] GC(259) Humongous regions: 166->161
[2024-07-18T16:19:10.906+0800][info][gc,metaspace   ] GC(259) Metaspace: 194K(384K)->194K(384K) NonClass: 186K(256K)->186K(256K) Class: 7K(128K)->7K(128K)
[2024-07-18T16:19:10.906+0800][info][gc             ] GC(259) Pause Young (Mixed) (G1 Evacuation Pause) 461M->426M(512M) 3.568ms
[2024-07-18T16:19:10.906+0800][info][gc,cpu         ] GC(259) User=0.00s Sys=0.00s Real=0.00s
[2024-07-18T16:19:10.906+0800][info][gc,start       ] GC(260) Pause Young (Concurrent Start) (G1 Humongous Allocation)
[2024-07-18T16:19:10.906+0800][info][gc,task        ] GC(260) Using 12 workers of 13 for evacuation
[2024-07-18T16:19:10.908+0800][info][gc,phases      ] GC(260)   Pre Evacuate Collection Set: 0.0ms
[2024-07-18T16:19:10.908+0800][info][gc,phases      ] GC(260)   Merge Heap Roots: 0.0ms
[2024-07-18T16:19:10.908+0800][info][gc,phases      ] GC(260)   Evacuate Collection Set: 0.5ms
[2024-07-18T16:19:10.908+0800][info][gc,phases      ] GC(260)   Post Evacuate Collection Set: 0.1ms
[2024-07-18T16:19:10.908+0800][info][gc,phases      ] GC(260)   Other: 0.1ms
[2024-07-18T16:19:10.908+0800][info][gc,heap        ] GC(260) Eden regions: 1->0(24)
[2024-07-18T16:19:10.908+0800][info][gc,heap        ] GC(260) Survivor regions: 4->1(4)
[2024-07-18T16:19:10.908+0800][info][gc,heap        ] GC(260) Old regions: 270->275
[2024-07-18T16:19:10.908+0800][info][gc,heap        ] GC(260) Archive regions: 0->0
[2024-07-18T16:19:10.908+0800][info][gc,heap        ] GC(260) Humongous regions: 161->161
[2024-07-18T16:19:10.908+0800][info][gc,metaspace   ] GC(260) Metaspace: 194K(384K)->194K(384K) NonClass: 186K(256K)->186K(256K) Class: 7K(128K)->7K(128K)
[2024-07-18T16:19:10.908+0800][info][gc             ] GC(260) Pause Young (Concurrent Start) (G1 Humongous Allocation) 427M->427M(512M) 0.832ms
[2024-07-18T16:19:10.908+0800][info][gc,cpu         ] GC(260) User=0.00s Sys=0.00s Real=0.00s
[2024-07-18T16:19:10.908+0800][info][gc             ] GC(261) Concurrent Mark Cycle
[2024-07-18T16:19:10.908+0800][info][gc,marking     ] GC(261) Concurrent Clear Claimed Marks
[2024-07-18T16:19:10.908+0800][info][gc,marking     ] GC(261) Concurrent Clear Claimed Marks 0.009ms
[2024-07-18T16:19:10.908+0800][info][gc,marking     ] GC(261) Concurrent Scan Root Regions
[2024-07-18T16:19:10.908+0800][info][gc,marking     ] GC(261) Concurrent Scan Root Regions 0.038ms
[2024-07-18T16:19:10.908+0800][info][gc,marking     ] GC(261) Concurrent Mark
[2024-07-18T16:19:10.908+0800][info][gc,marking     ] GC(261) Concurrent Mark From Roots
[2024-07-18T16:19:10.908+0800][info][gc,task        ] GC(261) Using 3 workers of 3 for marking
[2024-07-18T16:19:10.908+0800][info][gc,marking     ] GC(261) Concurrent Mark From Roots 1.039ms
[2024-07-18T16:19:10.908+0800][info][gc,marking     ] GC(261) Concurrent Preclean
[2024-07-18T16:19:10.908+0800][info][gc,marking     ] GC(261) Concurrent Preclean 0.101ms
[2024-07-18T16:19:10.908+0800][info][gc,start       ] GC(261) Pause Remark
[2024-07-18T16:19:10.908+0800][info][gc             ] GC(261) Pause Remark 453M->453M(512M) 0.266ms
[2024-07-18T16:19:10.908+0800][info][gc,cpu         ] GC(261) User=0.00s Sys=0.00s Real=0.00s
[2024-07-18T16:19:10.908+0800][info][gc,marking     ] GC(261) Concurrent Mark 1.526ms
[2024-07-18T16:19:10.908+0800][info][gc,marking     ] GC(261) Concurrent Rebuild Remembered Sets
[2024-07-18T16:19:10.908+0800][info][gc,marking     ] GC(261) Concurrent Rebuild Remembered Sets 0.554ms
[2024-07-18T16:19:10.908+0800][info][gc,start       ] GC(261) Pause Cleanup
[2024-07-18T16:19:10.908+0800][info][gc             ] GC(261) Pause Cleanup 461M->461M(512M) 0.094ms
[2024-07-18T16:19:10.908+0800][info][gc,cpu         ] GC(261) User=0.00s Sys=0.00s Real=0.00s
[2024-07-18T16:19:10.908+0800][info][gc,marking     ] GC(261) Concurrent Cleanup for Next Mark
[2024-07-18T16:19:10.908+0800][info][gc,marking     ] GC(261) Concurrent Cleanup for Next Mark 0.496ms
[2024-07-18T16:19:10.908+0800][info][gc             ] GC(261) Concurrent Mark Cycle 2.882ms
[2024-07-18T16:19:10.908+0800][info][gc,start       ] GC(262) Pause Young (Prepare Mixed) (G1 Evacuation Pause)
[2024-07-18T16:19:10.908+0800][info][gc,task        ] GC(262) Using 12 workers of 13 for evacuation
[2024-07-18T16:19:10.913+0800][info][gc,phases      ] GC(262)   Pre Evacuate Collection Set: 0.0ms
[2024-07-18T16:19:10.913+0800][info][gc,phases      ] GC(262)   Merge Heap Roots: 0.1ms
[2024-07-18T16:19:10.913+0800][info][gc,phases      ] GC(262)   Evacuate Collection Set: 0.6ms
[2024-07-18T16:19:10.913+0800][info][gc,phases      ] GC(262)   Post Evacuate Collection Set: 0.1ms
[2024-07-18T16:19:10.913+0800][info][gc,phases      ] GC(262)   Other: 0.1ms
[2024-07-18T16:19:10.913+0800][info][gc,heap        ] GC(262) Eden regions: 24->0(21)
[2024-07-18T16:19:10.913+0800][info][gc,heap        ] GC(262) Survivor regions: 1->4(4)
[2024-07-18T16:19:10.913+0800][info][gc,heap        ] GC(262) Old regions: 275->279
[2024-07-18T16:19:10.913+0800][info][gc,heap        ] GC(262) Archive regions: 0->0
[2024-07-18T16:19:10.913+0800][info][gc,heap        ] GC(262) Humongous regions: 188->170
[2024-07-18T16:19:10.913+0800][info][gc,metaspace   ] GC(262) Metaspace: 194K(384K)->194K(384K) NonClass: 186K(256K)->186K(256K) Class: 7K(128K)->7K(128K)
[2024-07-18T16:19:10.913+0800][info][gc             ] GC(262) Pause Young (Prepare Mixed) (G1 Evacuation Pause) 478M->444M(512M) 0.985ms
[2024-07-18T16:19:10.913+0800][info][gc,cpu         ] GC(262) User=0.00s Sys=0.00s Real=0.01s
[2024-07-18T16:19:10.914+0800][info][gc,start       ] GC(263) Pause Young (Mixed) (G1 Evacuation Pause)
[2024-07-18T16:19:10.914+0800][info][gc,task        ] GC(263) Using 12 workers of 13 for evacuation
[2024-07-18T16:19:10.914+0800][info][gc             ] GC(263) To-space exhausted
[2024-07-18T16:19:10.914+0800][info][gc,phases      ] GC(263)   Pre Evacuate Collection Set: 0.1ms
[2024-07-18T16:19:10.914+0800][info][gc,phases      ] GC(263)   Merge Heap Roots: 0.0ms
[2024-07-18T16:19:10.914+0800][info][gc,phases      ] GC(263)   Evacuate Collection Set: 1.9ms
[2024-07-18T16:19:10.914+0800][info][gc,phases      ] GC(263)   Post Evacuate Collection Set: 0.2ms
[2024-07-18T16:19:10.914+0800][info][gc,phases      ] GC(263)   Other: 0.1ms
[2024-07-18T16:19:10.914+0800][info][gc,heap        ] GC(263) Eden regions: 21->0(21)
[2024-07-18T16:19:10.914+0800][info][gc,heap        ] GC(263) Survivor regions: 4->4(4)
[2024-07-18T16:19:10.914+0800][info][gc,heap        ] GC(263) Old regions: 279->299
[2024-07-18T16:19:10.914+0800][info][gc,heap        ] GC(263) Archive regions: 0->0
[2024-07-18T16:19:10.914+0800][info][gc,heap        ] GC(263) Humongous regions: 185->175
[2024-07-18T16:19:10.914+0800][info][gc,metaspace   ] GC(263) Metaspace: 194K(384K)->194K(384K) NonClass: 186K(256K)->186K(256K) Class: 7K(128K)->7K(128K)
[2024-07-18T16:19:10.914+0800][info][gc             ] GC(263) Pause Young (Mixed) (G1 Evacuation Pause) 480M->470M(512M) 2.327ms
[2024-07-18T16:19:10.914+0800][info][gc,cpu         ] GC(263) User=0.00s Sys=0.00s Real=0.00s
[2024-07-18T16:19:10.914+0800][info][gc,start       ] GC(264) Pause Young (Concurrent Start) (G1 Humongous Allocation)
[2024-07-18T16:19:10.914+0800][info][gc,task        ] GC(264) Using 12 workers of 13 for evacuation
[2024-07-18T16:19:10.914+0800][info][gc,phases      ] GC(264)   Pre Evacuate Collection Set: 0.0ms
[2024-07-18T16:19:10.914+0800][info][gc,phases      ] GC(264)   Merge Heap Roots: 0.0ms
[2024-07-18T16:19:10.914+0800][info][gc,phases      ] GC(264)   Evacuate Collection Set: 0.3ms
[2024-07-18T16:19:10.914+0800][info][gc,phases      ] GC(264)   Post Evacuate Collection Set: 0.1ms
[2024-07-18T16:19:10.914+0800][info][gc,phases      ] GC(264)   Other: 0.1ms
[2024-07-18T16:19:10.914+0800][info][gc,heap        ] GC(264) Eden regions: 1->0(24)
[2024-07-18T16:19:10.914+0800][info][gc,heap        ] GC(264) Survivor regions: 4->1(4)
[2024-07-18T16:19:10.914+0800][info][gc,heap        ] GC(264) Old regions: 299->303
[2024-07-18T16:19:10.914+0800][info][gc,heap        ] GC(264) Archive regions: 0->0
[2024-07-18T16:19:10.914+0800][info][gc,heap        ] GC(264) Humongous regions: 175->175
[2024-07-18T16:19:10.914+0800][info][gc,metaspace   ] GC(264) Metaspace: 194K(384K)->194K(384K) NonClass: 186K(256K)->186K(256K) Class: 7K(128K)->7K(128K)
[2024-07-18T16:19:10.914+0800][info][gc             ] GC(264) Pause Young (Concurrent Start) (G1 Humongous Allocation) 470M->470M(512M) 0.577ms
[2024-07-18T16:19:10.914+0800][info][gc,cpu         ] GC(264) User=0.00s Sys=0.00s Real=0.00s
[2024-07-18T16:19:10.914+0800][info][gc             ] GC(265) Concurrent Mark Cycle
[2024-07-18T16:19:10.914+0800][info][gc,marking     ] GC(265) Concurrent Clear Claimed Marks
[2024-07-18T16:19:10.914+0800][info][gc,marking     ] GC(265) Concurrent Clear Claimed Marks 0.008ms
[2024-07-18T16:19:10.914+0800][info][gc,marking     ] GC(265) Concurrent Scan Root Regions
[2024-07-18T16:19:10.914+0800][info][gc,marking     ] GC(265) Concurrent Scan Root Regions 0.025ms
[2024-07-18T16:19:10.914+0800][info][gc,marking     ] GC(265) Concurrent Mark
[2024-07-18T16:19:10.914+0800][info][gc,marking     ] GC(265) Concurrent Mark From Roots
[2024-07-18T16:19:10.914+0800][info][gc,task        ] GC(265) Using 3 workers of 3 for marking
[2024-07-18T16:19:10.914+0800][info][gc,marking     ] GC(265) Concurrent Mark From Roots 0.830ms
[2024-07-18T16:19:10.914+0800][info][gc,marking     ] GC(265) Concurrent Preclean
[2024-07-18T16:19:10.914+0800][info][gc,marking     ] GC(265) Concurrent Preclean 0.058ms
[2024-07-18T16:19:10.914+0800][info][gc,start       ] GC(265) Pause Remark
[2024-07-18T16:19:10.914+0800][info][gc             ] GC(265) Pause Remark 485M->485M(512M) 0.265ms
[2024-07-18T16:19:10.914+0800][info][gc,cpu         ] GC(265) User=0.00s Sys=0.00s Real=0.00s
[2024-07-18T16:19:10.914+0800][info][gc,marking     ] GC(265) Concurrent Mark 1.254ms
[2024-07-18T16:19:10.914+0800][info][gc,marking     ] GC(265) Concurrent Rebuild Remembered Sets
[2024-07-18T16:19:10.914+0800][info][gc,marking     ] GC(265) Concurrent Rebuild Remembered Sets 0.678ms
[2024-07-18T16:19:10.914+0800][info][gc,start       ] GC(265) Pause Cleanup
[2024-07-18T16:19:10.914+0800][info][gc             ] GC(265) Pause Cleanup 496M->496M(512M) 0.100ms
[2024-07-18T16:19:10.914+0800][info][gc,cpu         ] GC(265) User=0.00s Sys=0.00s Real=0.00s
[2024-07-18T16:19:10.914+0800][info][gc,marking     ] GC(265) Concurrent Cleanup for Next Mark
[2024-07-18T16:19:10.914+0800][info][gc,start       ] GC(266) Pause Young (Prepare Mixed) (G1 Preventive Collection)
[2024-07-18T16:19:10.914+0800][info][gc,task        ] GC(266) Using 12 workers of 13 for evacuation
[2024-07-18T16:19:10.922+0800][info][gc             ] GC(266) To-space exhausted
[2024-07-18T16:19:10.922+0800][info][gc,phases      ] GC(266)   Pre Evacuate Collection Set: 0.0ms
[2024-07-18T16:19:10.922+0800][info][gc,phases      ] GC(266)   Merge Heap Roots: 0.1ms
[2024-07-18T16:19:10.922+0800][info][gc,phases      ] GC(266)   Evacuate Collection Set: 0.4ms
[2024-07-18T16:19:10.922+0800][info][gc,phases      ] GC(266)   Post Evacuate Collection Set: 0.1ms
[2024-07-18T16:19:10.922+0800][info][gc,phases      ] GC(266)   Other: 0.1ms
[2024-07-18T16:19:10.922+0800][info][gc,heap        ] GC(266) Eden regions: 18->0(21)
[2024-07-18T16:19:10.922+0800][info][gc,heap        ] GC(266) Survivor regions: 1->4(4)
[2024-07-18T16:19:10.922+0800][info][gc,heap        ] GC(266) Old regions: 302->314
[2024-07-18T16:19:10.922+0800][info][gc,heap        ] GC(266) Archive regions: 0->0
[2024-07-18T16:19:10.922+0800][info][gc,heap        ] GC(266) Humongous regions: 185->177
[2024-07-18T16:19:10.922+0800][info][gc,metaspace   ] GC(266) Metaspace: 194K(384K)->194K(384K) NonClass: 186K(256K)->186K(256K) Class: 7K(128K)->7K(128K)
[2024-07-18T16:19:10.922+0800][info][gc             ] GC(266) Pause Young (Prepare Mixed) (G1 Preventive Collection) 497M->487M(512M) 0.796ms
[2024-07-18T16:19:10.922+0800][info][gc,cpu         ] GC(266) User=0.02s Sys=0.00s Real=0.01s
[2024-07-18T16:19:10.922+0800][info][gc,marking     ] GC(265) Concurrent Cleanup for Next Mark 1.259ms
[2024-07-18T16:19:10.922+0800][info][gc             ] GC(265) Concurrent Mark Cycle 3.474ms
[2024-07-18T16:19:10.923+0800][info][gc,start       ] GC(267) Pause Young (Mixed) (G1 Preventive Collection)
[2024-07-18T16:19:10.923+0800][info][gc,task        ] GC(267) Using 12 workers of 13 for evacuation
[2024-07-18T16:19:10.923+0800][info][gc             ] GC(267) To-space exhausted
[2024-07-18T16:19:10.923+0800][info][gc,phases      ] GC(267)   Pre Evacuate Collection Set: 0.0ms
[2024-07-18T16:19:10.923+0800][info][gc,phases      ] GC(267)   Merge Heap Roots: 0.0ms
[2024-07-18T16:19:10.923+0800][info][gc,phases      ] GC(267)   Evacuate Collection Set: 0.6ms
[2024-07-18T16:19:10.923+0800][info][gc,phases      ] GC(267)   Post Evacuate Collection Set: 0.1ms
[2024-07-18T16:19:10.923+0800][info][gc,phases      ] GC(267)   Other: 0.1ms
[2024-07-18T16:19:10.923+0800][info][gc,heap        ] GC(267) Eden regions: 8->0(23)
[2024-07-18T16:19:10.923+0800][info][gc,heap        ] GC(267) Survivor regions: 4->2(4)
[2024-07-18T16:19:10.923+0800][info][gc,heap        ] GC(267) Old regions: 314->311
[2024-07-18T16:19:10.923+0800][info][gc,heap        ] GC(267) Archive regions: 0->0
[2024-07-18T16:19:10.923+0800][info][gc,heap        ] GC(267) Humongous regions: 179->178
[2024-07-18T16:19:10.923+0800][info][gc,metaspace   ] GC(267) Metaspace: 194K(384K)->194K(384K) NonClass: 186K(256K)->186K(256K) Class: 7K(128K)->7K(128K)
[2024-07-18T16:19:10.923+0800][info][gc             ] GC(267) Pause Young (Mixed) (G1 Preventive Collection) 497M->483M(512M) 0.899ms
[2024-07-18T16:19:10.923+0800][info][gc,cpu         ] GC(267) User=0.00s Sys=0.00s Real=0.00s
[2024-07-18T16:19:10.923+0800][info][gc,start       ] GC(268) Pause Young (Mixed) (G1 Preventive Collection)
[2024-07-18T16:19:10.923+0800][info][gc,task        ] GC(268) Using 12 workers of 13 for evacuation
[2024-07-18T16:19:10.925+0800][info][gc             ] GC(268) To-space exhausted
[2024-07-18T16:19:10.925+0800][info][gc,phases      ] GC(268)   Pre Evacuate Collection Set: 0.0ms
[2024-07-18T16:19:10.925+0800][info][gc,phases      ] GC(268)   Merge Heap Roots: 0.0ms
[2024-07-18T16:19:10.925+0800][info][gc,phases      ] GC(268)   Evacuate Collection Set: 0.9ms
[2024-07-18T16:19:10.925+0800][info][gc,phases      ] GC(268)   Post Evacuate Collection Set: 0.1ms
[2024-07-18T16:19:10.925+0800][info][gc,phases      ] GC(268)   Other: 0.1ms
[2024-07-18T16:19:10.925+0800][info][gc,heap        ] GC(268) Eden regions: 6->0(22)
[2024-07-18T16:19:10.925+0800][info][gc,heap        ] GC(268) Survivor regions: 2->3(4)
[2024-07-18T16:19:10.925+0800][info][gc,heap        ] GC(268) Old regions: 311->312
[2024-07-18T16:19:10.925+0800][info][gc,heap        ] GC(268) Archive regions: 0->0
[2024-07-18T16:19:10.925+0800][info][gc,heap        ] GC(268) Humongous regions: 182->179
[2024-07-18T16:19:10.925+0800][info][gc,metaspace   ] GC(268) Metaspace: 194K(384K)->194K(384K) NonClass: 186K(256K)->186K(256K) Class: 7K(128K)->7K(128K)
[2024-07-18T16:19:10.925+0800][info][gc             ] GC(268) Pause Young (Mixed) (G1 Preventive Collection) 493M->487M(512M) 1.202ms
[2024-07-18T16:19:10.925+0800][info][gc,cpu         ] GC(268) User=0.00s Sys=0.00s Real=0.00s
[2024-07-18T16:19:10.926+0800][info][gc,start       ] GC(269) Pause Young (Concurrent Start) (G1 Humongous Allocation)
[2024-07-18T16:19:10.926+0800][info][gc,task        ] GC(269) Using 12 workers of 13 for evacuation
[2024-07-18T16:19:10.926+0800][info][gc,phases      ] GC(269)   Pre Evacuate Collection Set: 0.0ms
[2024-07-18T16:19:10.926+0800][info][gc,phases      ] GC(269)   Merge Heap Roots: 0.0ms
[2024-07-18T16:19:10.926+0800][info][gc,phases      ] GC(269)   Evacuate Collection Set: 0.2ms
[2024-07-18T16:19:10.926+0800][info][gc,phases      ] GC(269)   Post Evacuate Collection Set: 0.1ms
[2024-07-18T16:19:10.926+0800][info][gc,phases      ] GC(269)   Other: 0.1ms
[2024-07-18T16:19:10.926+0800][info][gc,heap        ] GC(269) Eden regions: 5->0(22)
[2024-07-18T16:19:10.926+0800][info][gc,heap        ] GC(269) Survivor regions: 3->3(4)
[2024-07-18T16:19:10.926+0800][info][gc,heap        ] GC(269) Old regions: 312->314
[2024-07-18T16:19:10.926+0800][info][gc,heap        ] GC(269) Archive regions: 0->0
[2024-07-18T16:19:10.926+0800][info][gc,heap        ] GC(269) Humongous regions: 180->178
[2024-07-18T16:19:10.926+0800][info][gc,metaspace   ] GC(269) Metaspace: 194K(384K)->194K(384K) NonClass: 186K(256K)->186K(256K) Class: 7K(128K)->7K(128K)
[2024-07-18T16:19:10.926+0800][info][gc             ] GC(269) Pause Young (Concurrent Start) (G1 Humongous Allocation) 492M->487M(512M) 0.499ms
[2024-07-18T16:19:10.926+0800][info][gc,cpu         ] GC(269) User=0.00s Sys=0.00s Real=0.00s
[2024-07-18T16:19:10.926+0800][info][gc             ] GC(270) Concurrent Mark Cycle
[2024-07-18T16:19:10.926+0800][info][gc,marking     ] GC(270) Concurrent Clear Claimed Marks
[2024-07-18T16:19:10.926+0800][info][gc,marking     ] GC(270) Concurrent Clear Claimed Marks 0.008ms
[2024-07-18T16:19:10.926+0800][info][gc,marking     ] GC(270) Concurrent Scan Root Regions
[2024-07-18T16:19:10.926+0800][info][gc,marking     ] GC(270) Concurrent Scan Root Regions 0.024ms
[2024-07-18T16:19:10.926+0800][info][gc,marking     ] GC(270) Concurrent Mark
[2024-07-18T16:19:10.926+0800][info][gc,marking     ] GC(270) Concurrent Mark From Roots
[2024-07-18T16:19:10.926+0800][info][gc,task        ] GC(270) Using 3 workers of 3 for marking
[2024-07-18T16:19:10.927+0800][info][gc,start       ] GC(271) Pause Young (Normal) (G1 Preventive Collection)
[2024-07-18T16:19:10.927+0800][info][gc,task        ] GC(271) Using 12 workers of 13 for evacuation
[2024-07-18T16:19:10.927+0800][info][gc,phases      ] GC(271)   Pre Evacuate Collection Set: 0.0ms
[2024-07-18T16:19:10.927+0800][info][gc,phases      ] GC(271)   Merge Heap Roots: 0.0ms
[2024-07-18T16:19:10.927+0800][info][gc,phases      ] GC(271)   Evacuate Collection Set: 0.3ms
[2024-07-18T16:19:10.927+0800][info][gc,phases      ] GC(271)   Post Evacuate Collection Set: 0.1ms
[2024-07-18T16:19:10.927+0800][info][gc,phases      ] GC(271)   Other: 0.1ms
[2024-07-18T16:19:10.927+0800][info][gc,heap        ] GC(271) Eden regions: 7->0(21)
[2024-07-18T16:19:10.927+0800][info][gc,heap        ] GC(271) Survivor regions: 3->4(4)
[2024-07-18T16:19:10.927+0800][info][gc,heap        ] GC(271) Old regions: 314->316
[2024-07-18T16:19:10.927+0800][info][gc,heap        ] GC(271) Archive regions: 0->0
[2024-07-18T16:19:10.927+0800][info][gc,heap        ] GC(271) Humongous regions: 182->179
[2024-07-18T16:19:10.927+0800][info][gc,metaspace   ] GC(271) Metaspace: 194K(384K)->194K(384K) NonClass: 186K(256K)->186K(256K) Class: 7K(128K)->7K(128K)
[2024-07-18T16:19:10.927+0800][info][gc             ] GC(271) Pause Young (Normal) (G1 Preventive Collection) 498M->491M(512M) 0.635ms
[2024-07-18T16:19:10.927+0800][info][gc,cpu         ] GC(271) User=0.00s Sys=0.00s Real=0.00s
[2024-07-18T16:19:10.927+0800][info][gc,marking     ] GC(270) Concurrent Mark From Roots 1.393ms
[2024-07-18T16:19:10.927+0800][info][gc,marking     ] GC(270) Concurrent Preclean
[2024-07-18T16:19:10.927+0800][info][gc,marking     ] GC(270) Concurrent Preclean 0.056ms
[2024-07-18T16:19:10.927+0800][info][gc,start       ] GC(270) Pause Remark
[2024-07-18T16:19:10.929+0800][info][gc             ] GC(270) Pause Remark 494M->494M(512M) 0.185ms
[2024-07-18T16:19:10.929+0800][info][gc,cpu         ] GC(270) User=0.00s Sys=0.00s Real=0.00s
[2024-07-18T16:19:10.929+0800][info][gc,marking     ] GC(270) Concurrent Mark 1.735ms
[2024-07-18T16:19:10.929+0800][info][gc,marking     ] GC(270) Concurrent Rebuild Remembered Sets
[2024-07-18T16:19:10.929+0800][info][gc,start       ] GC(272) Pause Young (Normal) (G1 Preventive Collection)
[2024-07-18T16:19:10.929+0800][info][gc,task        ] GC(272) Using 12 workers of 13 for evacuation
[2024-07-18T16:19:10.929+0800][info][gc,phases      ] GC(272)   Pre Evacuate Collection Set: 0.0ms
[2024-07-18T16:19:10.929+0800][info][gc,phases      ] GC(272)   Merge Heap Roots: 0.1ms
[2024-07-18T16:19:10.929+0800][info][gc,phases      ] GC(272)   Evacuate Collection Set: 0.2ms
[2024-07-18T16:19:10.929+0800][info][gc,phases      ] GC(272)   Post Evacuate Collection Set: 0.1ms
[2024-07-18T16:19:10.929+0800][info][gc,phases      ] GC(272)   Other: 0.1ms
[2024-07-18T16:19:10.929+0800][info][gc,heap        ] GC(272) Eden regions: 3->0(22)
[2024-07-18T16:19:10.929+0800][info][gc,heap        ] GC(272) Survivor regions: 4->3(4)
[2024-07-18T16:19:10.929+0800][info][gc,heap        ] GC(272) Old regions: 316->318
[2024-07-18T16:19:10.929+0800][info][gc,heap        ] GC(272) Archive regions: 0->0
[2024-07-18T16:19:10.929+0800][info][gc,heap        ] GC(272) Humongous regions: 183->181
[2024-07-18T16:19:10.929+0800][info][gc,metaspace   ] GC(272) Metaspace: 194K(384K)->194K(384K) NonClass: 186K(256K)->186K(256K) Class: 7K(128K)->7K(128K)
[2024-07-18T16:19:10.929+0800][info][gc             ] GC(272) Pause Young (Normal) (G1 Preventive Collection) 498M->494M(512M) 0.513ms
[2024-07-18T16:19:10.929+0800][info][gc,cpu         ] GC(272) User=0.00s Sys=0.00s Real=0.00s
[2024-07-18T16:19:10.929+0800][info][gc,marking     ] GC(270) Concurrent Rebuild Remembered Sets 1.061ms
[2024-07-18T16:19:10.929+0800][info][gc,start       ] GC(270) Pause Cleanup
[2024-07-18T16:19:10.929+0800][info][gc             ] GC(270) Pause Cleanup 496M->496M(512M) 0.088ms
[2024-07-18T16:19:10.929+0800][info][gc,cpu         ] GC(270) User=0.00s Sys=0.00s Real=0.00s
[2024-07-18T16:19:10.929+0800][info][gc,marking     ] GC(270) Concurrent Cleanup for Next Mark
[2024-07-18T16:19:10.929+0800][info][gc,marking     ] GC(270) Concurrent Cleanup for Next Mark 0.379ms
[2024-07-18T16:19:10.929+0800][info][gc,start       ] GC(273) Pause Young (Prepare Mixed) (G1 Preventive Collection)
[2024-07-18T16:19:10.929+0800][info][gc,task        ] GC(273) Using 12 workers of 13 for evacuation
[2024-07-18T16:19:10.929+0800][info][gc,phases      ] GC(273)   Pre Evacuate Collection Set: 0.0ms
[2024-07-18T16:19:10.929+0800][info][gc,phases      ] GC(273)   Merge Heap Roots: 0.0ms
[2024-07-18T16:19:10.929+0800][info][gc,phases      ] GC(273)   Evacuate Collection Set: 0.2ms
[2024-07-18T16:19:10.929+0800][info][gc,phases      ] GC(273)   Post Evacuate Collection Set: 0.1ms
[2024-07-18T16:19:10.929+0800][info][gc,phases      ] GC(273)   Other: 0.1ms
[2024-07-18T16:19:10.929+0800][info][gc,heap        ] GC(273) Eden regions: 4->0(22)
[2024-07-18T16:19:10.929+0800][info][gc,heap        ] GC(273) Survivor regions: 3->3(4)
[2024-07-18T16:19:10.929+0800][info][gc,heap        ] GC(273) Old regions: 318->320
[2024-07-18T16:19:10.929+0800][info][gc,heap        ] GC(273) Archive regions: 0->0
[2024-07-18T16:19:10.929+0800][info][gc,heap        ] GC(273) Humongous regions: 182->180
[2024-07-18T16:19:10.929+0800][info][gc,metaspace   ] GC(273) Metaspace: 194K(384K)->194K(384K) NonClass: 186K(256K)->186K(256K) Class: 7K(128K)->7K(128K)
[2024-07-18T16:19:10.929+0800][info][gc             ] GC(273) Pause Young (Prepare Mixed) (G1 Preventive Collection) 499M->495M(512M) 0.507ms
[2024-07-18T16:19:10.929+0800][info][gc,cpu         ] GC(273) User=0.00s Sys=0.00s Real=0.00s
[2024-07-18T16:19:10.929+0800][info][gc             ] GC(270) Concurrent Mark Cycle 3.979ms
[2024-07-18T16:19:10.929+0800][info][gc,start       ] GC(274) Pause Young (Mixed) (G1 Preventive Collection)
[2024-07-18T16:19:10.929+0800][info][gc,task        ] GC(274) Using 12 workers of 13 for evacuation
[2024-07-18T16:19:10.929+0800][info][gc             ] GC(274) To-space exhausted
[2024-07-18T16:19:10.929+0800][info][gc,phases      ] GC(274)   Pre Evacuate Collection Set: 0.0ms
[2024-07-18T16:19:10.929+0800][info][gc,phases      ] GC(274)   Merge Heap Roots: 0.0ms
[2024-07-18T16:19:10.929+0800][info][gc,phases      ] GC(274)   Evacuate Collection Set: 0.2ms
[2024-07-18T16:19:10.929+0800][info][gc,phases      ] GC(274)   Post Evacuate Collection Set: 0.1ms
[2024-07-18T16:19:10.929+0800][info][gc,phases      ] GC(274)   Other: 0.1ms
[2024-07-18T16:19:10.929+0800][info][gc,heap        ] GC(274) Eden regions: 2->0(23)
[2024-07-18T16:19:10.929+0800][info][gc,heap        ] GC(274) Survivor regions: 3->2(4)
[2024-07-18T16:19:10.929+0800][info][gc,heap        ] GC(274) Old regions: 320->315
[2024-07-18T16:19:10.929+0800][info][gc,heap        ] GC(274) Archive regions: 0->0
[2024-07-18T16:19:10.929+0800][info][gc,heap        ] GC(274) Humongous regions: 182->181
[2024-07-18T16:19:10.929+0800][info][gc,metaspace   ] GC(274) Metaspace: 194K(384K)->194K(384K) NonClass: 186K(256K)->186K(256K) Class: 7K(128K)->7K(128K)
[2024-07-18T16:19:10.929+0800][info][gc             ] GC(274) Pause Young (Mixed) (G1 Preventive Collection) 499M->491M(512M) 0.531ms
[2024-07-18T16:19:10.929+0800][info][gc,cpu         ] GC(274) User=0.00s Sys=0.00s Real=0.00s
[2024-07-18T16:19:10.929+0800][info][gc,start       ] GC(275) Pause Young (Mixed) (G1 Preventive Collection)
[2024-07-18T16:19:10.929+0800][info][gc,task        ] GC(275) Using 12 workers of 13 for evacuation
[2024-07-18T16:19:10.929+0800][info][gc             ] GC(275) To-space exhausted
[2024-07-18T16:19:10.929+0800][info][gc,phases      ] GC(275)   Pre Evacuate Collection Set: 0.0ms
[2024-07-18T16:19:10.929+0800][info][gc,phases      ] GC(275)   Merge Heap Roots: 0.0ms
[2024-07-18T16:19:10.929+0800][info][gc,phases      ] GC(275)   Evacuate Collection Set: 0.6ms
[2024-07-18T16:19:10.929+0800][info][gc,phases      ] GC(275)   Post Evacuate Collection Set: 0.1ms
[2024-07-18T16:19:10.929+0800][info][gc,phases      ] GC(275)   Other: 0.1ms
[2024-07-18T16:19:10.929+0800][info][gc,heap        ] GC(275) Eden regions: 2->0(23)
[2024-07-18T16:19:10.929+0800][info][gc,heap        ] GC(275) Survivor regions: 2->2(4)
[2024-07-18T16:19:10.929+0800][info][gc,heap        ] GC(275) Old regions: 315->317
[2024-07-18T16:19:10.929+0800][info][gc,heap        ] GC(275) Archive regions: 0->0
[2024-07-18T16:19:10.929+0800][info][gc,heap        ] GC(275) Humongous regions: 183->183
[2024-07-18T16:19:10.929+0800][info][gc,metaspace   ] GC(275) Metaspace: 194K(384K)->194K(384K) NonClass: 186K(256K)->186K(256K) Class: 7K(128K)->7K(128K)
[2024-07-18T16:19:10.929+0800][info][gc             ] GC(275) Pause Young (Mixed) (G1 Preventive Collection) 494M->495M(512M) 0.934ms
[2024-07-18T16:19:10.929+0800][info][gc,cpu         ] GC(275) User=0.00s Sys=0.00s Real=0.00s
[2024-07-18T16:19:10.929+0800][info][gc,start       ] GC(276) Pause Young (Concurrent Start) (G1 Humongous Allocation)
[2024-07-18T16:19:10.929+0800][info][gc,task        ] GC(276) Using 12 workers of 13 for evacuation
[2024-07-18T16:19:10.929+0800][info][gc,phases      ] GC(276)   Pre Evacuate Collection Set: 0.0ms
[2024-07-18T16:19:10.929+0800][info][gc,phases      ] GC(276)   Merge Heap Roots: 0.0ms
[2024-07-18T16:19:10.929+0800][info][gc,phases      ] GC(276)   Evacuate Collection Set: 0.1ms
[2024-07-18T16:19:10.929+0800][info][gc,phases      ] GC(276)   Post Evacuate Collection Set: 0.1ms
[2024-07-18T16:19:10.929+0800][info][gc,phases      ] GC(276)   Other: 0.1ms
[2024-07-18T16:19:10.929+0800][info][gc,heap        ] GC(276) Eden regions: 2->0(21)
[2024-07-18T16:19:10.929+0800][info][gc,heap        ] GC(276) Survivor regions: 2->4(4)
[2024-07-18T16:19:10.929+0800][info][gc,heap        ] GC(276) Old regions: 317->317
[2024-07-18T16:19:10.929+0800][info][gc,heap        ] GC(276) Archive regions: 0->0
[2024-07-18T16:19:10.929+0800][info][gc,heap        ] GC(276) Humongous regions: 184->184
[2024-07-18T16:19:10.929+0800][info][gc,metaspace   ] GC(276) Metaspace: 194K(384K)->194K(384K) NonClass: 186K(256K)->186K(256K) Class: 7K(128K)->7K(128K)
[2024-07-18T16:19:10.929+0800][info][gc             ] GC(276) Pause Young (Concurrent Start) (G1 Humongous Allocation) 497M->497M(512M) 0.468ms
[2024-07-18T16:19:10.929+0800][info][gc,cpu         ] GC(276) User=0.00s Sys=0.00s Real=0.00s
[2024-07-18T16:19:10.929+0800][info][gc             ] GC(277) Concurrent Mark Cycle
[2024-07-18T16:19:10.929+0800][info][gc,marking     ] GC(277) Concurrent Clear Claimed Marks
[2024-07-18T16:19:10.929+0800][info][gc,marking     ] GC(277) Concurrent Clear Claimed Marks 0.007ms
[2024-07-18T16:19:10.929+0800][info][gc,marking     ] GC(277) Concurrent Scan Root Regions
[2024-07-18T16:19:10.929+0800][info][gc,marking     ] GC(277) Concurrent Scan Root Regions 0.026ms
[2024-07-18T16:19:10.929+0800][info][gc,marking     ] GC(277) Concurrent Mark
[2024-07-18T16:19:10.929+0800][info][gc,marking     ] GC(277) Concurrent Mark From Roots
[2024-07-18T16:19:10.929+0800][info][gc,task        ] GC(277) Using 3 workers of 3 for marking
[2024-07-18T16:19:10.929+0800][info][gc,start       ] GC(278) Pause Young (Normal) (G1 Preventive Collection)
[2024-07-18T16:19:10.929+0800][info][gc,task        ] GC(278) Using 12 workers of 13 for evacuation
[2024-07-18T16:19:10.929+0800][info][gc,phases      ] GC(278)   Pre Evacuate Collection Set: 0.0ms
[2024-07-18T16:19:10.929+0800][info][gc,phases      ] GC(278)   Merge Heap Roots: 0.0ms
[2024-07-18T16:19:10.929+0800][info][gc,phases      ] GC(278)   Evacuate Collection Set: 0.1ms
[2024-07-18T16:19:10.929+0800][info][gc,phases      ] GC(278)   Post Evacuate Collection Set: 0.1ms
[2024-07-18T16:19:10.929+0800][info][gc,phases      ] GC(278)   Other: 0.0ms
[2024-07-18T16:19:10.929+0800][info][gc,heap        ] GC(278) Eden regions: 1->0(22)
[2024-07-18T16:19:10.929+0800][info][gc,heap        ] GC(278) Survivor regions: 4->3(4)
[2024-07-18T16:19:10.929+0800][info][gc,heap        ] GC(278) Old regions: 317->319
[2024-07-18T16:19:10.929+0800][info][gc,heap        ] GC(278) Archive regions: 0->0
[2024-07-18T16:19:10.929+0800][info][gc,heap        ] GC(278) Humongous regions: 185->184
[2024-07-18T16:19:10.929+0800][info][gc,metaspace   ] GC(278) Metaspace: 194K(384K)->194K(384K) NonClass: 186K(256K)->186K(256K) Class: 7K(128K)->7K(128K)
[2024-07-18T16:19:10.929+0800][info][gc             ] GC(278) Pause Young (Normal) (G1 Preventive Collection) 499M->498M(512M) 0.335ms
[2024-07-18T16:19:10.929+0800][info][gc,cpu         ] GC(278) User=0.00s Sys=0.00s Real=0.00s
[2024-07-18T16:19:10.929+0800][info][gc,start       ] GC(279) Pause Young (Normal) (G1 Preventive Collection)
[2024-07-18T16:19:10.929+0800][info][gc,task        ] GC(279) Using 12 workers of 13 for evacuation
[2024-07-18T16:19:10.929+0800][info][gc,phases      ] GC(279)   Pre Evacuate Collection Set: 0.0ms
[2024-07-18T16:19:10.929+0800][info][gc,phases      ] GC(279)   Merge Heap Roots: 0.0ms
[2024-07-18T16:19:10.929+0800][info][gc,phases      ] GC(279)   Evacuate Collection Set: 0.1ms
[2024-07-18T16:19:10.929+0800][info][gc,phases      ] GC(279)   Post Evacuate Collection Set: 0.1ms
[2024-07-18T16:19:10.929+0800][info][gc,phases      ] GC(279)   Other: 0.0ms
[2024-07-18T16:19:10.929+0800][info][gc,heap        ] GC(279) Eden regions: 2->0(22)
[2024-07-18T16:19:10.929+0800][info][gc,heap        ] GC(279) Survivor regions: 3->3(4)
[2024-07-18T16:19:10.929+0800][info][gc,heap        ] GC(279) Old regions: 319->319
[2024-07-18T16:19:10.929+0800][info][gc,heap        ] GC(279) Archive regions: 0->0
[2024-07-18T16:19:10.929+0800][info][gc,heap        ] GC(279) Humongous regions: 184->184
[2024-07-18T16:19:10.929+0800][info][gc,metaspace   ] GC(279) Metaspace: 194K(384K)->194K(384K) NonClass: 186K(256K)->186K(256K) Class: 7K(128K)->7K(128K)
[2024-07-18T16:19:10.929+0800][info][gc             ] GC(279) Pause Young (Normal) (G1 Preventive Collection) 499M->498M(512M) 0.302ms
[2024-07-18T16:19:10.929+0800][info][gc,cpu         ] GC(279) User=0.00s Sys=0.00s Real=0.00s
[2024-07-18T16:19:10.929+0800][info][gc,start       ] GC(280) Pause Young (Normal) (G1 Preventive Collection)
[2024-07-18T16:19:10.929+0800][info][gc,task        ] GC(280) Using 12 workers of 13 for evacuation
[2024-07-18T16:19:10.929+0800][info][gc,phases      ] GC(280)   Pre Evacuate Collection Set: 0.0ms
[2024-07-18T16:19:10.929+0800][info][gc,phases      ] GC(280)   Merge Heap Roots: 0.0ms
[2024-07-18T16:19:10.929+0800][info][gc,phases      ] GC(280)   Evacuate Collection Set: 0.1ms
[2024-07-18T16:19:10.929+0800][info][gc,phases      ] GC(280)   Post Evacuate Collection Set: 0.1ms
[2024-07-18T16:19:10.929+0800][info][gc,phases      ] GC(280)   Other: 0.0ms
[2024-07-18T16:19:10.929+0800][info][gc,heap        ] GC(280) Eden regions: 1->0(22)
[2024-07-18T16:19:10.929+0800][info][gc,heap        ] GC(280) Survivor regions: 3->3(4)
[2024-07-18T16:19:10.929+0800][info][gc,heap        ] GC(280) Old regions: 319->320
[2024-07-18T16:19:10.929+0800][info][gc,heap        ] GC(280) Archive regions: 0->0
[2024-07-18T16:19:10.929+0800][info][gc,heap        ] GC(280) Humongous regions: 185->184
[2024-07-18T16:19:10.929+0800][info][gc,metaspace   ] GC(280) Metaspace: 194K(384K)->194K(384K) NonClass: 186K(256K)->186K(256K) Class: 7K(128K)->7K(128K)
[2024-07-18T16:19:10.929+0800][info][gc             ] GC(280) Pause Young (Normal) (G1 Preventive Collection) 500M->498M(512M) 0.283ms
[2024-07-18T16:19:10.929+0800][info][gc,cpu         ] GC(280) User=0.00s Sys=0.00s Real=0.00s
[2024-07-18T16:19:10.929+0800][info][gc,start       ] GC(281) Pause Young (Normal) (G1 Preventive Collection)
[2024-07-18T16:19:10.929+0800][info][gc,task        ] GC(281) Using 12 workers of 13 for evacuation
[2024-07-18T16:19:10.929+0800][info][gc,phases      ] GC(281)   Pre Evacuate Collection Set: 0.0ms
[2024-07-18T16:19:10.929+0800][info][gc,phases      ] GC(281)   Merge Heap Roots: 0.0ms
[2024-07-18T16:19:10.929+0800][info][gc,phases      ] GC(281)   Evacuate Collection Set: 0.1ms
[2024-07-18T16:19:10.929+0800][info][gc,phases      ] GC(281)   Post Evacuate Collection Set: 0.1ms
[2024-07-18T16:19:10.929+0800][info][gc,phases      ] GC(281)   Other: 0.0ms
[2024-07-18T16:19:10.929+0800][info][gc,heap        ] GC(281) Eden regions: 1->0(22)
[2024-07-18T16:19:10.929+0800][info][gc,heap        ] GC(281) Survivor regions: 3->3(4)
[2024-07-18T16:19:10.929+0800][info][gc,heap        ] GC(281) Old regions: 320->320
[2024-07-18T16:19:10.929+0800][info][gc,heap        ] GC(281) Archive regions: 0->0
[2024-07-18T16:19:10.929+0800][info][gc,heap        ] GC(281) Humongous regions: 184->184
[2024-07-18T16:19:10.929+0800][info][gc,metaspace   ] GC(281) Metaspace: 194K(384K)->194K(384K) NonClass: 186K(256K)->186K(256K) Class: 7K(128K)->7K(128K)
[2024-07-18T16:19:10.929+0800][info][gc             ] GC(281) Pause Young (Normal) (G1 Preventive Collection) 499M->499M(512M) 0.283ms
[2024-07-18T16:19:10.929+0800][info][gc,cpu         ] GC(281) User=0.00s Sys=0.00s Real=0.00s
[2024-07-18T16:19:10.929+0800][info][gc,start       ] GC(282) Pause Young (Normal) (G1 Preventive Collection)
[2024-07-18T16:19:10.929+0800][info][gc,task        ] GC(282) Using 12 workers of 13 for evacuation
[2024-07-18T16:19:10.929+0800][info][gc,phases      ] GC(282)   Pre Evacuate Collection Set: 0.0ms
[2024-07-18T16:19:10.929+0800][info][gc,phases      ] GC(282)   Merge Heap Roots: 0.0ms
[2024-07-18T16:19:10.929+0800][info][gc,phases      ] GC(282)   Evacuate Collection Set: 0.1ms
[2024-07-18T16:19:10.929+0800][info][gc,phases      ] GC(282)   Post Evacuate Collection Set: 0.1ms
[2024-07-18T16:19:10.929+0800][info][gc,phases      ] GC(282)   Other: 0.0ms
[2024-07-18T16:19:10.929+0800][info][gc,heap        ] GC(282) Eden regions: 1->0(23)
[2024-07-18T16:19:10.929+0800][info][gc,heap        ] GC(282) Survivor regions: 3->2(4)
[2024-07-18T16:19:10.929+0800][info][gc,heap        ] GC(282) Old regions: 320->321
[2024-07-18T16:19:10.929+0800][info][gc,heap        ] GC(282) Archive regions: 0->0
[2024-07-18T16:19:10.929+0800][info][gc,heap        ] GC(282) Humongous regions: 184->183
[2024-07-18T16:19:10.929+0800][info][gc,metaspace   ] GC(282) Metaspace: 194K(384K)->194K(384K) NonClass: 186K(256K)->186K(256K) Class: 7K(128K)->7K(128K)
[2024-07-18T16:19:10.929+0800][info][gc             ] GC(282) Pause Young (Normal) (G1 Preventive Collection) 500M->498M(512M) 0.276ms
[2024-07-18T16:19:10.929+0800][info][gc,cpu         ] GC(282) User=0.00s Sys=0.00s Real=0.00s
[2024-07-18T16:19:10.929+0800][info][gc,start       ] GC(283) Pause Young (Normal) (G1 Preventive Collection)
[2024-07-18T16:19:10.929+0800][info][gc,task        ] GC(283) Using 12 workers of 13 for evacuation
[2024-07-18T16:19:10.929+0800][info][gc,phases      ] GC(283)   Pre Evacuate Collection Set: 0.0ms
[2024-07-18T16:19:10.929+0800][info][gc,phases      ] GC(283)   Merge Heap Roots: 0.0ms
[2024-07-18T16:19:10.929+0800][info][gc,phases      ] GC(283)   Evacuate Collection Set: 0.1ms
[2024-07-18T16:19:10.929+0800][info][gc,phases      ] GC(283)   Post Evacuate Collection Set: 0.1ms
[2024-07-18T16:19:10.929+0800][info][gc,phases      ] GC(283)   Other: 0.0ms
[2024-07-18T16:19:10.929+0800][info][gc,heap        ] GC(283) Eden regions: 1->0(23)
[2024-07-18T16:19:10.929+0800][info][gc,heap        ] GC(283) Survivor regions: 2->2(3)
[2024-07-18T16:19:10.929+0800][info][gc,heap        ] GC(283) Old regions: 321->321
[2024-07-18T16:19:10.929+0800][info][gc,heap        ] GC(283) Archive regions: 0->0
[2024-07-18T16:19:10.929+0800][info][gc,heap        ] GC(283) Humongous regions: 185->182
[2024-07-18T16:19:10.929+0800][info][gc,metaspace   ] GC(283) Metaspace: 194K(384K)->194K(384K) NonClass: 186K(256K)->186K(256K) Class: 7K(128K)->7K(128K)
[2024-07-18T16:19:10.929+0800][info][gc             ] GC(283) Pause Young (Normal) (G1 Preventive Collection) 501M->497M(512M) 0.264ms
[2024-07-18T16:19:10.929+0800][info][gc,cpu         ] GC(283) User=0.00s Sys=0.00s Real=0.00s
[2024-07-18T16:19:10.929+0800][info][gc,marking     ] GC(277) Concurrent Mark From Roots 2.777ms
[2024-07-18T16:19:10.929+0800][info][gc,marking     ] GC(277) Concurrent Preclean
[2024-07-18T16:19:10.929+0800][info][gc,marking     ] GC(277) Concurrent Preclean 0.055ms
[2024-07-18T16:19:10.929+0800][info][gc,start       ] GC(284) Pause Young (Normal) (G1 Preventive Collection)
[2024-07-18T16:19:10.929+0800][info][gc,task        ] GC(284) Using 12 workers of 13 for evacuation
[2024-07-18T16:19:10.929+0800][info][gc,phases      ] GC(284)   Pre Evacuate Collection Set: 0.0ms
[2024-07-18T16:19:10.929+0800][info][gc,phases      ] GC(284)   Merge Heap Roots: 0.0ms
[2024-07-18T16:19:10.929+0800][info][gc,phases      ] GC(284)   Evacuate Collection Set: 0.1ms
[2024-07-18T16:19:10.929+0800][info][gc,phases      ] GC(284)   Post Evacuate Collection Set: 0.1ms
[2024-07-18T16:19:10.929+0800][info][gc,phases      ] GC(284)   Other: 0.0ms
[2024-07-18T16:19:10.929+0800][info][gc,heap        ] GC(284) Eden regions: 2->0(22)
[2024-07-18T16:19:10.929+0800][info][gc,heap        ] GC(284) Survivor regions: 2->3(3)
[2024-07-18T16:19:10.929+0800][info][gc,heap        ] GC(284) Old regions: 321->321
[2024-07-18T16:19:10.929+0800][info][gc,heap        ] GC(284) Archive regions: 0->0
[2024-07-18T16:19:10.929+0800][info][gc,heap        ] GC(284) Humongous regions: 184->182
[2024-07-18T16:19:10.929+0800][info][gc,metaspace   ] GC(284) Metaspace: 194K(384K)->194K(384K) NonClass: 186K(256K)->186K(256K) Class: 7K(128K)->7K(128K)
[2024-07-18T16:19:10.929+0800][info][gc             ] GC(284) Pause Young (Normal) (G1 Preventive Collection) 501M->498M(512M) 0.336ms
[2024-07-18T16:19:10.929+0800][info][gc,cpu         ] GC(284) User=0.00s Sys=0.00s Real=0.00s
[2024-07-18T16:19:10.929+0800][info][gc,start       ] GC(277) Pause Remark
[2024-07-18T16:19:10.929+0800][info][gc             ] GC(277) Pause Remark 498M->498M(512M) 0.162ms
[2024-07-18T16:19:10.929+0800][info][gc,cpu         ] GC(277) User=0.00s Sys=0.00s Real=0.00s
[2024-07-18T16:19:10.929+0800][info][gc,marking     ] GC(277) Concurrent Mark 3.450ms
[2024-07-18T16:19:10.929+0800][info][gc,marking     ] GC(277) Concurrent Rebuild Remembered Sets
[2024-07-18T16:19:10.929+0800][info][gc,start       ] GC(285) Pause Young (Normal) (G1 Preventive Collection)
[2024-07-18T16:19:10.929+0800][info][gc,task        ] GC(285) Using 12 workers of 13 for evacuation
[2024-07-18T16:19:10.929+0800][info][gc,phases      ] GC(285)   Pre Evacuate Collection Set: 0.0ms
[2024-07-18T16:19:10.929+0800][info][gc,phases      ] GC(285)   Merge Heap Roots: 0.0ms
[2024-07-18T16:19:10.929+0800][info][gc,phases      ] GC(285)   Evacuate Collection Set: 0.1ms
[2024-07-18T16:19:10.929+0800][info][gc,phases      ] GC(285)   Post Evacuate Collection Set: 0.1ms
[2024-07-18T16:19:10.929+0800][info][gc,phases      ] GC(285)   Other: 0.0ms
[2024-07-18T16:19:10.929+0800][info][gc,heap        ] GC(285) Eden regions: 1->0(22)
[2024-07-18T16:19:10.929+0800][info][gc,heap        ] GC(285) Survivor regions: 3->3(4)
[2024-07-18T16:19:10.929+0800][info][gc,heap        ] GC(285) Old regions: 321->322
[2024-07-18T16:19:10.929+0800][info][gc,heap        ] GC(285) Archive regions: 0->0
[2024-07-18T16:19:10.929+0800][info][gc,heap        ] GC(285) Humongous regions: 183->182
[2024-07-18T16:19:10.929+0800][info][gc,metaspace   ] GC(285) Metaspace: 194K(384K)->194K(384K) NonClass: 186K(256K)->186K(256K) Class: 7K(128K)->7K(128K)
[2024-07-18T16:19:10.929+0800][info][gc             ] GC(285) Pause Young (Normal) (G1 Preventive Collection) 500M->499M(512M) 0.307ms
[2024-07-18T16:19:10.929+0800][info][gc,cpu         ] GC(285) User=0.00s Sys=0.00s Real=0.00s
[2024-07-18T16:19:10.929+0800][info][gc,start       ] GC(286) Pause Young (Normal) (G1 Preventive Collection)
[2024-07-18T16:19:10.929+0800][info][gc,task        ] GC(286) Using 12 workers of 13 for evacuation
[2024-07-18T16:19:10.929+0800][info][gc,phases      ] GC(286)   Pre Evacuate Collection Set: 0.0ms
[2024-07-18T16:19:10.929+0800][info][gc,phases      ] GC(286)   Merge Heap Roots: 0.0ms
[2024-07-18T16:19:10.929+0800][info][gc,phases      ] GC(286)   Evacuate Collection Set: 0.1ms
[2024-07-18T16:19:10.929+0800][info][gc,phases      ] GC(286)   Post Evacuate Collection Set: 0.1ms
[2024-07-18T16:19:10.929+0800][info][gc,phases      ] GC(286)   Other: 0.0ms
[2024-07-18T16:19:10.929+0800][info][gc,heap        ] GC(286) Eden regions: 1->0(23)
[2024-07-18T16:19:10.929+0800][info][gc,heap        ] GC(286) Survivor regions: 3->2(4)
[2024-07-18T16:19:10.929+0800][info][gc,heap        ] GC(286) Old regions: 322->322
[2024-07-18T16:19:10.929+0800][info][gc,heap        ] GC(286) Archive regions: 0->0
[2024-07-18T16:19:10.929+0800][info][gc,heap        ] GC(286) Humongous regions: 182->182
[2024-07-18T16:19:10.929+0800][info][gc,metaspace   ] GC(286) Metaspace: 194K(384K)->194K(384K) NonClass: 186K(256K)->186K(256K) Class: 7K(128K)->7K(128K)
[2024-07-18T16:19:10.929+0800][info][gc             ] GC(286) Pause Young (Normal) (G1 Preventive Collection) 499M->498M(512M) 0.284ms
[2024-07-18T16:19:10.929+0800][info][gc,cpu         ] GC(286) User=0.00s Sys=0.00s Real=0.00s
[2024-07-18T16:19:10.938+0800][info][gc,start       ] GC(287) Pause Young (Normal) (G1 Preventive Collection)
[2024-07-18T16:19:10.938+0800][info][gc,task        ] GC(287) Using 12 workers of 13 for evacuation
[2024-07-18T16:19:10.938+0800][info][gc,phases      ] GC(287)   Pre Evacuate Collection Set: 0.0ms
[2024-07-18T16:19:10.938+0800][info][gc,phases      ] GC(287)   Merge Heap Roots: 0.1ms
[2024-07-18T16:19:10.938+0800][info][gc,phases      ] GC(287)   Evacuate Collection Set: 0.1ms
[2024-07-18T16:19:10.938+0800][info][gc,phases      ] GC(287)   Post Evacuate Collection Set: 0.1ms
[2024-07-18T16:19:10.938+0800][info][gc,phases      ] GC(287)   Other: 0.0ms
[2024-07-18T16:19:10.938+0800][info][gc,heap        ] GC(287) Eden regions: 2->0(22)
[2024-07-18T16:19:10.938+0800][info][gc,heap        ] GC(287) Survivor regions: 2->3(3)
[2024-07-18T16:19:10.938+0800][info][gc,heap        ] GC(287) Old regions: 322->322
[2024-07-18T16:19:10.938+0800][info][gc,heap        ] GC(287) Archive regions: 0->0
[2024-07-18T16:19:10.938+0800][info][gc,heap        ] GC(287) Humongous regions: 183->183
[2024-07-18T16:19:10.938+0800][info][gc,metaspace   ] GC(287) Metaspace: 194K(384K)->194K(384K) NonClass: 186K(256K)->186K(256K) Class: 7K(128K)->7K(128K)
[2024-07-18T16:19:10.938+0800][info][gc             ] GC(287) Pause Young (Normal) (G1 Preventive Collection) 500M->500M(512M) 0.345ms
[2024-07-18T16:19:10.938+0800][info][gc,cpu         ] GC(287) User=0.00s Sys=0.00s Real=0.00s
[2024-07-18T16:19:10.938+0800][info][gc,start       ] GC(288) Pause Young (Normal) (G1 Preventive Collection)
[2024-07-18T16:19:10.938+0800][info][gc,task        ] GC(288) Using 12 workers of 13 for evacuation
[2024-07-18T16:19:10.938+0800][info][gc,phases      ] GC(288)   Pre Evacuate Collection Set: 0.0ms
[2024-07-18T16:19:10.938+0800][info][gc,phases      ] GC(288)   Merge Heap Roots: 0.0ms
[2024-07-18T16:19:10.938+0800][info][gc,phases      ] GC(288)   Evacuate Collection Set: 0.1ms
[2024-07-18T16:19:10.938+0800][info][gc,phases      ] GC(288)   Post Evacuate Collection Set: 0.1ms
[2024-07-18T16:19:10.938+0800][info][gc,phases      ] GC(288)   Other: 0.0ms
[2024-07-18T16:19:10.938+0800][info][gc,heap        ] GC(288) Eden regions: 0->0(23)
[2024-07-18T16:19:10.938+0800][info][gc,heap        ] GC(288) Survivor regions: 3->2(3)
[2024-07-18T16:19:10.938+0800][info][gc,heap        ] GC(288) Old regions: 322->322
[2024-07-18T16:19:10.938+0800][info][gc,heap        ] GC(288) Archive regions: 0->0
[2024-07-18T16:19:10.938+0800][info][gc,heap        ] GC(288) Humongous regions: 184->184
[2024-07-18T16:19:10.938+0800][info][gc,metaspace   ] GC(288) Metaspace: 194K(384K)->194K(384K) NonClass: 186K(256K)->186K(256K) Class: 7K(128K)->7K(128K)
[2024-07-18T16:19:10.938+0800][info][gc             ] GC(288) Pause Young (Normal) (G1 Preventive Collection) 501M->501M(512M) 0.296ms
[2024-07-18T16:19:10.938+0800][info][gc,cpu         ] GC(288) User=0.00s Sys=0.00s Real=0.00s
[2024-07-18T16:19:10.938+0800][info][gc,start       ] GC(289) Pause Young (Normal) (G1 Preventive Collection)
[2024-07-18T16:19:10.938+0800][info][gc,task        ] GC(289) Using 12 workers of 13 for evacuation
[2024-07-18T16:19:10.938+0800][info][gc,phases      ] GC(289)   Pre Evacuate Collection Set: 0.0ms
[2024-07-18T16:19:10.938+0800][info][gc,phases      ] GC(289)   Merge Heap Roots: 0.0ms
[2024-07-18T16:19:10.938+0800][info][gc,phases      ] GC(289)   Evacuate Collection Set: 0.1ms
[2024-07-18T16:19:10.938+0800][info][gc,phases      ] GC(289)   Post Evacuate Collection Set: 0.1ms
[2024-07-18T16:19:10.938+0800][info][gc,phases      ] GC(289)   Other: 0.0ms
[2024-07-18T16:19:10.938+0800][info][gc,heap        ] GC(289) Eden regions: 1->0(22)
[2024-07-18T16:19:10.938+0800][info][gc,heap        ] GC(289) Survivor regions: 2->3(3)
[2024-07-18T16:19:10.938+0800][info][gc,heap        ] GC(289) Old regions: 322->322
[2024-07-18T16:19:10.938+0800][info][gc,heap        ] GC(289) Archive regions: 0->0
[2024-07-18T16:19:10.938+0800][info][gc,heap        ] GC(289) Humongous regions: 184->183
[2024-07-18T16:19:10.938+0800][info][gc,metaspace   ] GC(289) Metaspace: 194K(384K)->194K(384K) NonClass: 186K(256K)->186K(256K) Class: 7K(128K)->7K(128K)
[2024-07-18T16:19:10.938+0800][info][gc             ] GC(289) Pause Young (Normal) (G1 Preventive Collection) 501M->500M(512M) 0.288ms
[2024-07-18T16:19:10.938+0800][info][gc,cpu         ] GC(289) User=0.00s Sys=0.00s Real=0.00s
[2024-07-18T16:19:10.938+0800][info][gc,start       ] GC(290) Pause Young (Normal) (G1 Preventive Collection)
[2024-07-18T16:19:10.938+0800][info][gc,task        ] GC(290) Using 12 workers of 13 for evacuation
[2024-07-18T16:19:10.938+0800][info][gc,phases      ] GC(290)   Pre Evacuate Collection Set: 0.0ms
[2024-07-18T16:19:10.938+0800][info][gc,phases      ] GC(290)   Merge Heap Roots: 0.0ms
[2024-07-18T16:19:10.938+0800][info][gc,phases      ] GC(290)   Evacuate Collection Set: 0.1ms
[2024-07-18T16:19:10.938+0800][info][gc,phases      ] GC(290)   Post Evacuate Collection Set: 0.1ms
[2024-07-18T16:19:10.938+0800][info][gc,phases      ] GC(290)   Other: 0.0ms
[2024-07-18T16:19:10.938+0800][info][gc,heap        ] GC(290) Eden regions: 1->0(22)
[2024-07-18T16:19:10.938+0800][info][gc,heap        ] GC(290) Survivor regions: 3->3(3)
[2024-07-18T16:19:10.938+0800][info][gc,heap        ] GC(290) Old regions: 322->322
[2024-07-18T16:19:10.938+0800][info][gc,heap        ] GC(290) Archive regions: 0->0
[2024-07-18T16:19:10.938+0800][info][gc,heap        ] GC(290) Humongous regions: 183->183
[2024-07-18T16:19:10.938+0800][info][gc,metaspace   ] GC(290) Metaspace: 194K(384K)->194K(384K) NonClass: 186K(256K)->186K(256K) Class: 7K(128K)->7K(128K)
[2024-07-18T16:19:10.938+0800][info][gc             ] GC(290) Pause Young (Normal) (G1 Preventive Collection) 501M->501M(512M) 0.287ms
[2024-07-18T16:19:10.938+0800][info][gc,cpu         ] GC(290) User=0.00s Sys=0.00s Real=0.00s
[2024-07-18T16:19:10.938+0800][info][gc,marking     ] GC(277) Concurrent Rebuild Remembered Sets 2.641ms
[2024-07-18T16:19:10.938+0800][info][gc,start       ] GC(291) Pause Young (Normal) (G1 Preventive Collection)
[2024-07-18T16:19:10.938+0800][info][gc,task        ] GC(291) Using 12 workers of 13 for evacuation
[2024-07-18T16:19:10.938+0800][info][gc             ] GC(291) To-space exhausted
[2024-07-18T16:19:10.938+0800][info][gc,phases      ] GC(291)   Pre Evacuate Collection Set: 0.0ms
[2024-07-18T16:19:10.938+0800][info][gc,phases      ] GC(291)   Merge Heap Roots: 0.0ms
[2024-07-18T16:19:10.938+0800][info][gc,phases      ] GC(291)   Evacuate Collection Set: 0.1ms
[2024-07-18T16:19:10.938+0800][info][gc,phases      ] GC(291)   Post Evacuate Collection Set: 0.1ms
[2024-07-18T16:19:10.938+0800][info][gc,phases      ] GC(291)   Other: 0.1ms
[2024-07-18T16:19:10.938+0800][info][gc,heap        ] GC(291) Eden regions: 1->0(23)
[2024-07-18T16:19:10.938+0800][info][gc,heap        ] GC(291) Survivor regions: 3->2(3)
[2024-07-18T16:19:10.938+0800][info][gc,heap        ] GC(291) Old regions: 322->324
[2024-07-18T16:19:10.938+0800][info][gc,heap        ] GC(291) Archive regions: 0->0
[2024-07-18T16:19:10.938+0800][info][gc,heap        ] GC(291) Humongous regions: 183->183
[2024-07-18T16:19:10.938+0800][info][gc,metaspace   ] GC(291) Metaspace: 194K(384K)->194K(384K) NonClass: 186K(256K)->186K(256K) Class: 7K(128K)->7K(128K)
[2024-07-18T16:19:10.938+0800][info][gc             ] GC(291) Pause Young (Normal) (G1 Preventive Collection) 502M->501M(512M) 0.269ms
[2024-07-18T16:19:10.938+0800][info][gc,cpu         ] GC(291) User=0.00s Sys=0.00s Real=0.00s
[2024-07-18T16:19:10.938+0800][info][gc,start       ] GC(277) Pause Cleanup
[2024-07-18T16:19:10.938+0800][info][gc             ] GC(277) Pause Cleanup 501M->501M(512M) 0.083ms
[2024-07-18T16:19:10.938+0800][info][gc,cpu         ] GC(277) User=0.00s Sys=0.00s Real=0.00s
[2024-07-18T16:19:10.938+0800][info][gc,marking     ] GC(277) Concurrent Cleanup for Next Mark
[2024-07-18T16:19:10.938+0800][info][gc,start       ] GC(292) Pause Young (Prepare Mixed) (G1 Preventive Collection)
[2024-07-18T16:19:10.938+0800][info][gc,task        ] GC(292) Using 12 workers of 13 for evacuation
[2024-07-18T16:19:10.938+0800][info][gc,phases      ] GC(292)   Pre Evacuate Collection Set: 0.0ms
[2024-07-18T16:19:10.938+0800][info][gc,phases      ] GC(292)   Merge Heap Roots: 0.0ms
[2024-07-18T16:19:10.938+0800][info][gc,phases      ] GC(292)   Evacuate Collection Set: 0.1ms
[2024-07-18T16:19:10.938+0800][info][gc,phases      ] GC(292)   Post Evacuate Collection Set: 0.1ms
[2024-07-18T16:19:10.938+0800][info][gc,phases      ] GC(292)   Other: 0.0ms
[2024-07-18T16:19:10.938+0800][info][gc,heap        ] GC(292) Eden regions: 1->0(23)
[2024-07-18T16:19:10.938+0800][info][gc,heap        ] GC(292) Survivor regions: 2->2(2)
[2024-07-18T16:19:10.938+0800][info][gc,heap        ] GC(292) Old regions: 324->324
[2024-07-18T16:19:10.938+0800][info][gc,heap        ] GC(292) Archive regions: 0->0
[2024-07-18T16:19:10.938+0800][info][gc,heap        ] GC(292) Humongous regions: 183->183
[2024-07-18T16:19:10.938+0800][info][gc,metaspace   ] GC(292) Metaspace: 194K(384K)->194K(384K) NonClass: 186K(256K)->186K(256K) Class: 7K(128K)->7K(128K)
[2024-07-18T16:19:10.938+0800][info][gc             ] GC(292) Pause Young (Prepare Mixed) (G1 Preventive Collection) 502M->501M(512M) 0.290ms
[2024-07-18T16:19:10.938+0800][info][gc,cpu         ] GC(292) User=0.00s Sys=0.00s Real=0.00s
[2024-07-18T16:19:10.938+0800][info][gc,start       ] GC(293) Pause Young (Mixed) (G1 Preventive Collection)
[2024-07-18T16:19:10.938+0800][info][gc,task        ] GC(293) Using 12 workers of 13 for evacuation
[2024-07-18T16:19:10.938+0800][info][gc             ] GC(293) To-space exhausted
[2024-07-18T16:19:10.938+0800][info][gc,phases      ] GC(293)   Pre Evacuate Collection Set: 0.0ms
[2024-07-18T16:19:10.938+0800][info][gc,phases      ] GC(293)   Merge Heap Roots: 0.0ms
[2024-07-18T16:19:10.938+0800][info][gc,phases      ] GC(293)   Evacuate Collection Set: 0.1ms
[2024-07-18T16:19:10.938+0800][info][gc,phases      ] GC(293)   Post Evacuate Collection Set: 0.1ms
[2024-07-18T16:19:10.938+0800][info][gc,phases      ] GC(293)   Other: 0.1ms
[2024-07-18T16:19:10.938+0800][info][gc,heap        ] GC(293) Eden regions: 1->0(24)
[2024-07-18T16:19:10.938+0800][info][gc,heap        ] GC(293) Survivor regions: 2->1(2)
[2024-07-18T16:19:10.938+0800][info][gc,heap        ] GC(293) Old regions: 324->322
[2024-07-18T16:19:10.938+0800][info][gc,heap        ] GC(293) Archive regions: 0->0
[2024-07-18T16:19:10.938+0800][info][gc,heap        ] GC(293) Humongous regions: 183->183
[2024-07-18T16:19:10.938+0800][info][gc,metaspace   ] GC(293) Metaspace: 194K(384K)->194K(384K) NonClass: 186K(256K)->186K(256K) Class: 7K(128K)->7K(128K)
[2024-07-18T16:19:10.938+0800][info][gc             ] GC(293) Pause Young (Mixed) (G1 Preventive Collection) 502M->498M(512M) 0.343ms
[2024-07-18T16:19:10.938+0800][info][gc,cpu         ] GC(293) User=0.00s Sys=0.00s Real=0.00s
[2024-07-18T16:19:10.938+0800][info][gc,marking     ] GC(277) Concurrent Cleanup for Next Mark 1.031ms
[2024-07-18T16:19:10.938+0800][info][gc             ] GC(277) Concurrent Mark Cycle 7.716ms
[2024-07-18T16:19:10.938+0800][info][gc,start       ] GC(294) Pause Young (Mixed) (G1 Preventive Collection)
[2024-07-18T16:19:10.938+0800][info][gc,task        ] GC(294) Using 12 workers of 13 for evacuation
[2024-07-18T16:19:10.938+0800][info][gc             ] GC(294) To-space exhausted
[2024-07-18T16:19:10.938+0800][info][gc,phases      ] GC(294)   Pre Evacuate Collection Set: 0.0ms
[2024-07-18T16:19:10.938+0800][info][gc,phases      ] GC(294)   Merge Heap Roots: 0.0ms
[2024-07-18T16:19:10.938+0800][info][gc,phases      ] GC(294)   Evacuate Collection Set: 0.3ms
[2024-07-18T16:19:10.938+0800][info][gc,phases      ] GC(294)   Post Evacuate Collection Set: 0.1ms
[2024-07-18T16:19:10.938+0800][info][gc,phases      ] GC(294)   Other: 0.1ms
[2024-07-18T16:19:10.938+0800][info][gc,heap        ] GC(294) Eden regions: 1->0(23)
[2024-07-18T16:19:10.938+0800][info][gc,heap        ] GC(294) Survivor regions: 1->2(4)
[2024-07-18T16:19:10.938+0800][info][gc,heap        ] GC(294) Old regions: 322->323
[2024-07-18T16:19:10.938+0800][info][gc,heap        ] GC(294) Archive regions: 0->0
[2024-07-18T16:19:10.938+0800][info][gc,heap        ] GC(294) Humongous regions: 183->183
[2024-07-18T16:19:10.938+0800][info][gc,metaspace   ] GC(294) Metaspace: 194K(384K)->194K(384K) NonClass: 186K(256K)->186K(256K) Class: 7K(128K)->7K(128K)
[2024-07-18T16:19:10.938+0800][info][gc             ] GC(294) Pause Young (Mixed) (G1 Preventive Collection) 499M->500M(512M) 0.561ms
[2024-07-18T16:19:10.938+0800][info][gc,cpu         ] GC(294) User=0.00s Sys=0.00s Real=0.00s
[2024-07-18T16:19:10.938+0800][info][gc,start       ] GC(295) Pause Young (Mixed) (G1 Preventive Collection)
[2024-07-18T16:19:10.938+0800][info][gc,task        ] GC(295) Using 12 workers of 13 for evacuation
[2024-07-18T16:19:10.942+0800][info][gc,phases      ] GC(295)   Pre Evacuate Collection Set: 0.0ms
[2024-07-18T16:19:10.942+0800][info][gc,phases      ] GC(295)   Merge Heap Roots: 0.0ms
[2024-07-18T16:19:10.942+0800][info][gc,phases      ] GC(295)   Evacuate Collection Set: 0.1ms
[2024-07-18T16:19:10.942+0800][info][gc,phases      ] GC(295)   Post Evacuate Collection Set: 0.1ms
[2024-07-18T16:19:10.942+0800][info][gc,phases      ] GC(295)   Other: 0.0ms
[2024-07-18T16:19:10.942+0800][info][gc,heap        ] GC(295) Eden regions: 1->0(23)
[2024-07-18T16:19:10.942+0800][info][gc,heap        ] GC(295) Survivor regions: 2->2(3)
[2024-07-18T16:19:10.942+0800][info][gc,heap        ] GC(295) Old regions: 323->323
[2024-07-18T16:19:10.942+0800][info][gc,heap        ] GC(295) Archive regions: 0->0
[2024-07-18T16:19:10.942+0800][info][gc,heap        ] GC(295) Humongous regions: 183->182
[2024-07-18T16:19:10.942+0800][info][gc,metaspace   ] GC(295) Metaspace: 194K(384K)->194K(384K) NonClass: 186K(256K)->186K(256K) Class: 7K(128K)->7K(128K)
[2024-07-18T16:19:10.942+0800][info][gc             ] GC(295) Pause Young (Mixed) (G1 Preventive Collection) 501M->499M(512M) 0.343ms
[2024-07-18T16:19:10.942+0800][info][gc,cpu         ] GC(295) User=0.00s Sys=0.00s Real=0.00s
[2024-07-18T16:19:10.942+0800][info][gc,start       ] GC(296) Pause Young (Concurrent Start) (G1 Humongous Allocation)
[2024-07-18T16:19:10.942+0800][info][gc,task        ] GC(296) Using 12 workers of 13 for evacuation
[2024-07-18T16:19:10.942+0800][info][gc,phases      ] GC(296)   Pre Evacuate Collection Set: 0.0ms
[2024-07-18T16:19:10.942+0800][info][gc,phases      ] GC(296)   Merge Heap Roots: 0.0ms
[2024-07-18T16:19:10.942+0800][info][gc,phases      ] GC(296)   Evacuate Collection Set: 0.1ms
[2024-07-18T16:19:10.942+0800][info][gc,phases      ] GC(296)   Post Evacuate Collection Set: 0.1ms
[2024-07-18T16:19:10.942+0800][info][gc,phases      ] GC(296)   Other: 0.0ms
[2024-07-18T16:19:10.942+0800][info][gc,heap        ] GC(296) Eden regions: 2->0(23)
[2024-07-18T16:19:10.942+0800][info][gc,heap        ] GC(296) Survivor regions: 2->2(3)
[2024-07-18T16:19:10.942+0800][info][gc,heap        ] GC(296) Old regions: 323->323
[2024-07-18T16:19:10.942+0800][info][gc,heap        ] GC(296) Archive regions: 0->0
[2024-07-18T16:19:10.942+0800][info][gc,heap        ] GC(296) Humongous regions: 182->182
[2024-07-18T16:19:10.942+0800][info][gc,metaspace   ] GC(296) Metaspace: 194K(384K)->194K(384K) NonClass: 186K(256K)->186K(256K) Class: 7K(128K)->7K(128K)
[2024-07-18T16:19:10.942+0800][info][gc             ] GC(296) Pause Young (Concurrent Start) (G1 Humongous Allocation) 500M->499M(512M) 0.321ms
[2024-07-18T16:19:10.942+0800][info][gc,cpu         ] GC(296) User=0.00s Sys=0.00s Real=0.00s
[2024-07-18T16:19:10.942+0800][info][gc             ] GC(297) Concurrent Mark Cycle
[2024-07-18T16:19:10.942+0800][info][gc,marking     ] GC(297) Concurrent Clear Claimed Marks
[2024-07-18T16:19:10.942+0800][info][gc,marking     ] GC(297) Concurrent Clear Claimed Marks 0.008ms
[2024-07-18T16:19:10.942+0800][info][gc,marking     ] GC(297) Concurrent Scan Root Regions
[2024-07-18T16:19:10.942+0800][info][gc,marking     ] GC(297) Concurrent Scan Root Regions 0.019ms
[2024-07-18T16:19:10.942+0800][info][gc,marking     ] GC(297) Concurrent Mark
[2024-07-18T16:19:10.942+0800][info][gc,start       ] GC(298) Pause Young (Normal) (G1 Preventive Collection)
[2024-07-18T16:19:10.942+0800][info][gc,marking     ] GC(297) Concurrent Mark From Roots
[2024-07-18T16:19:10.942+0800][info][gc,task        ] GC(298) Using 12 workers of 13 for evacuation
[2024-07-18T16:19:10.942+0800][info][gc,task        ] GC(297) Using 3 workers of 3 for marking
[2024-07-18T16:19:10.942+0800][info][gc,phases      ] GC(298)   Pre Evacuate Collection Set: 0.0ms
[2024-07-18T16:19:10.942+0800][info][gc,phases      ] GC(298)   Merge Heap Roots: 0.0ms
[2024-07-18T16:19:10.942+0800][info][gc,phases      ] GC(298)   Evacuate Collection Set: 0.1ms
[2024-07-18T16:19:10.942+0800][info][gc,phases      ] GC(298)   Post Evacuate Collection Set: 0.1ms
[2024-07-18T16:19:10.942+0800][info][gc,phases      ] GC(298)   Other: 0.1ms
[2024-07-18T16:19:10.942+0800][info][gc,heap        ] GC(298) Eden regions: 1->0(22)
[2024-07-18T16:19:10.942+0800][info][gc,heap        ] GC(298) Survivor regions: 2->3(3)
[2024-07-18T16:19:10.942+0800][info][gc,heap        ] GC(298) Old regions: 323->323
[2024-07-18T16:19:10.942+0800][info][gc,heap        ] GC(298) Archive regions: 0->0
[2024-07-18T16:19:10.942+0800][info][gc,heap        ] GC(298) Humongous regions: 183->182
[2024-07-18T16:19:10.942+0800][info][gc,metaspace   ] GC(298) Metaspace: 194K(384K)->194K(384K) NonClass: 186K(256K)->186K(256K) Class: 7K(128K)->7K(128K)
[2024-07-18T16:19:10.942+0800][info][gc             ] GC(298) Pause Young (Normal) (G1 Preventive Collection) 501M->500M(512M) 0.315ms
[2024-07-18T16:19:10.942+0800][info][gc,cpu         ] GC(298) User=0.00s Sys=0.00s Real=0.00s
[2024-07-18T16:19:10.942+0800][info][gc,start       ] GC(299) Pause Young (Normal) (G1 Preventive Collection)
[2024-07-18T16:19:10.942+0800][info][gc,task        ] GC(299) Using 12 workers of 13 for evacuation
[2024-07-18T16:19:10.942+0800][info][gc,phases      ] GC(299)   Pre Evacuate Collection Set: 0.0ms
[2024-07-18T16:19:10.942+0800][info][gc,phases      ] GC(299)   Merge Heap Roots: 0.0ms
[2024-07-18T16:19:10.942+0800][info][gc,phases      ] GC(299)   Evacuate Collection Set: 0.1ms
[2024-07-18T16:19:10.942+0800][info][gc,phases      ] GC(299)   Post Evacuate Collection Set: 0.1ms
[2024-07-18T16:19:10.942+0800][info][gc,phases      ] GC(299)   Other: 0.0ms
[2024-07-18T16:19:10.942+0800][info][gc,heap        ] GC(299) Eden regions: 1->0(23)
[2024-07-18T16:19:10.942+0800][info][gc,heap        ] GC(299) Survivor regions: 3->2(3)
[2024-07-18T16:19:10.942+0800][info][gc,heap        ] GC(299) Old regions: 323->324
[2024-07-18T16:19:10.942+0800][info][gc,heap        ] GC(299) Archive regions: 0->0
[2024-07-18T16:19:10.942+0800][info][gc,heap        ] GC(299) Humongous regions: 182->182
[2024-07-18T16:19:10.942+0800][info][gc,metaspace   ] GC(299) Metaspace: 194K(384K)->194K(384K) NonClass: 186K(256K)->186K(256K) Class: 7K(128K)->7K(128K)
[2024-07-18T16:19:10.942+0800][info][gc             ] GC(299) Pause Young (Normal) (G1 Preventive Collection) 500M->500M(512M) 0.286ms
[2024-07-18T16:19:10.942+0800][info][gc,cpu         ] GC(299) User=0.00s Sys=0.00s Real=0.00s
[2024-07-18T16:19:10.942+0800][info][gc,start       ] GC(300) Pause Young (Normal) (G1 Preventive Collection)
[2024-07-18T16:19:10.942+0800][info][gc,task        ] GC(300) Using 12 workers of 13 for evacuation
[2024-07-18T16:19:10.942+0800][info][gc,phases      ] GC(300)   Pre Evacuate Collection Set: 0.0ms
[2024-07-18T16:19:10.942+0800][info][gc,phases      ] GC(300)   Merge Heap Roots: 0.0ms
[2024-07-18T16:19:10.942+0800][info][gc,phases      ] GC(300)   Evacuate Collection Set: 0.1ms
[2024-07-18T16:19:10.942+0800][info][gc,phases      ] GC(300)   Post Evacuate Collection Set: 0.1ms
[2024-07-18T16:19:10.942+0800][info][gc,phases      ] GC(300)   Other: 0.0ms
[2024-07-18T16:19:10.942+0800][info][gc,heap        ] GC(300) Eden regions: 0->0(23)
[2024-07-18T16:19:10.942+0800][info][gc,heap        ] GC(300) Survivor regions: 2->2(3)
[2024-07-18T16:19:10.942+0800][info][gc,heap        ] GC(300) Old regions: 324->324
[2024-07-18T16:19:10.942+0800][info][gc,heap        ] GC(300) Archive regions: 0->0
[2024-07-18T16:19:10.942+0800][info][gc,heap        ] GC(300) Humongous regions: 183->183
[2024-07-18T16:19:10.942+0800][info][gc,metaspace   ] GC(300) Metaspace: 194K(384K)->194K(384K) NonClass: 186K(256K)->186K(256K) Class: 7K(128K)->7K(128K)
[2024-07-18T16:19:10.942+0800][info][gc             ] GC(300) Pause Young (Normal) (G1 Preventive Collection) 501M->501M(512M) 0.291ms
[2024-07-18T16:19:10.942+0800][info][gc,cpu         ] GC(300) User=0.00s Sys=0.00s Real=0.00s
[2024-07-18T16:19:10.942+0800][info][gc,start       ] GC(301) Pause Young (Normal) (G1 Preventive Collection)
[2024-07-18T16:19:10.942+0800][info][gc,task        ] GC(301) Using 12 workers of 13 for evacuation
[2024-07-18T16:19:10.942+0800][info][gc,phases      ] GC(301)   Pre Evacuate Collection Set: 0.0ms
[2024-07-18T16:19:10.942+0800][info][gc,phases      ] GC(301)   Merge Heap Roots: 0.0ms
[2024-07-18T16:19:10.942+0800][info][gc,phases      ] GC(301)   Evacuate Collection Set: 0.1ms
[2024-07-18T16:19:10.942+0800][info][gc,phases      ] GC(301)   Post Evacuate Collection Set: 0.1ms
[2024-07-18T16:19:10.942+0800][info][gc,phases      ] GC(301)   Other: 0.0ms
[2024-07-18T16:19:10.942+0800][info][gc,heap        ] GC(301) Eden regions: 1->0(23)
[2024-07-18T16:19:10.942+0800][info][gc,heap        ] GC(301) Survivor regions: 2->2(2)
[2024-07-18T16:19:10.942+0800][info][gc,heap        ] GC(301) Old regions: 324->324
[2024-07-18T16:19:10.942+0800][info][gc,heap        ] GC(301) Archive regions: 0->0
[2024-07-18T16:19:10.942+0800][info][gc,heap        ] GC(301) Humongous regions: 183->183
[2024-07-18T16:19:10.942+0800][info][gc,metaspace   ] GC(301) Metaspace: 194K(384K)->194K(384K) NonClass: 186K(256K)->186K(256K) Class: 7K(128K)->7K(128K)
[2024-07-18T16:19:10.942+0800][info][gc             ] GC(301) Pause Young (Normal) (G1 Preventive Collection) 502M->501M(512M) 0.271ms
[2024-07-18T16:19:10.942+0800][info][gc,cpu         ] GC(301) User=0.00s Sys=0.00s Real=0.00s
[2024-07-18T16:19:10.942+0800][info][gc,start       ] GC(302) Pause Young (Normal) (G1 Preventive Collection)
[2024-07-18T16:19:10.942+0800][info][gc,task        ] GC(302) Using 12 workers of 13 for evacuation
[2024-07-18T16:19:10.942+0800][info][gc,phases      ] GC(302)   Pre Evacuate Collection Set: 0.0ms
[2024-07-18T16:19:10.942+0800][info][gc,phases      ] GC(302)   Merge Heap Roots: 0.0ms
[2024-07-18T16:19:10.942+0800][info][gc,phases      ] GC(302)   Evacuate Collection Set: 0.1ms
[2024-07-18T16:19:10.942+0800][info][gc,phases      ] GC(302)   Post Evacuate Collection Set: 0.1ms
[2024-07-18T16:19:10.942+0800][info][gc,phases      ] GC(302)   Other: 0.0ms
[2024-07-18T16:19:10.942+0800][info][gc,heap        ] GC(302) Eden regions: 0->0(23)
[2024-07-18T16:19:10.942+0800][info][gc,heap        ] GC(302) Survivor regions: 2->2(2)
[2024-07-18T16:19:10.942+0800][info][gc,heap        ] GC(302) Old regions: 324->324
[2024-07-18T16:19:10.942+0800][info][gc,heap        ] GC(302) Archive regions: 0->0
[2024-07-18T16:19:10.942+0800][info][gc,heap        ] GC(302) Humongous regions: 184->183
[2024-07-18T16:19:10.942+0800][info][gc,metaspace   ] GC(302) Metaspace: 194K(384K)->194K(384K) NonClass: 186K(256K)->186K(256K) Class: 7K(128K)->7K(128K)
[2024-07-18T16:19:10.942+0800][info][gc             ] GC(302) Pause Young (Normal) (G1 Preventive Collection) 502M->501M(512M) 0.266ms
[2024-07-18T16:19:10.942+0800][info][gc,cpu         ] GC(302) User=0.00s Sys=0.00s Real=0.00s
[2024-07-18T16:19:10.942+0800][info][gc,start       ] GC(303) Pause Young (Normal) (G1 Preventive Collection)
[2024-07-18T16:19:10.942+0800][info][gc,task        ] GC(303) Using 12 workers of 13 for evacuation
[2024-07-18T16:19:10.942+0800][info][gc,phases      ] GC(303)   Pre Evacuate Collection Set: 0.0ms
[2024-07-18T16:19:10.942+0800][info][gc,phases      ] GC(303)   Merge Heap Roots: 0.0ms
[2024-07-18T16:19:10.942+0800][info][gc,phases      ] GC(303)   Evacuate Collection Set: 0.1ms
[2024-07-18T16:19:10.942+0800][info][gc,phases      ] GC(303)   Post Evacuate Collection Set: 0.1ms
[2024-07-18T16:19:10.942+0800][info][gc,phases      ] GC(303)   Other: 0.0ms
[2024-07-18T16:19:10.942+0800][info][gc,heap        ] GC(303) Eden regions: 1->0(23)
[2024-07-18T16:19:10.942+0800][info][gc,heap        ] GC(303) Survivor regions: 2->2(2)
[2024-07-18T16:19:10.942+0800][info][gc,heap        ] GC(303) Old regions: 324->324
[2024-07-18T16:19:10.942+0800][info][gc,heap        ] GC(303) Archive regions: 0->0
[2024-07-18T16:19:10.942+0800][info][gc,heap        ] GC(303) Humongous regions: 183->183
[2024-07-18T16:19:10.942+0800][info][gc,metaspace   ] GC(303) Metaspace: 194K(384K)->194K(384K) NonClass: 186K(256K)->186K(256K) Class: 7K(128K)->7K(128K)
[2024-07-18T16:19:10.942+0800][info][gc             ] GC(303) Pause Young (Normal) (G1 Preventive Collection) 502M->501M(512M) 0.271ms
[2024-07-18T16:19:10.942+0800][info][gc,cpu         ] GC(303) User=0.00s Sys=0.00s Real=0.00s
[2024-07-18T16:19:10.942+0800][info][gc,start       ] GC(304) Pause Young (Normal) (G1 Preventive Collection)
[2024-07-18T16:19:10.942+0800][info][gc,task        ] GC(304) Using 12 workers of 13 for evacuation
[2024-07-18T16:19:10.942+0800][info][gc,phases      ] GC(304)   Pre Evacuate Collection Set: 0.0ms
[2024-07-18T16:19:10.942+0800][info][gc,phases      ] GC(304)   Merge Heap Roots: 0.0ms
[2024-07-18T16:19:10.942+0800][info][gc,phases      ] GC(304)   Evacuate Collection Set: 0.1ms
[2024-07-18T16:19:10.942+0800][info][gc,phases      ] GC(304)   Post Evacuate Collection Set: 0.1ms
[2024-07-18T16:19:10.942+0800][info][gc,phases      ] GC(304)   Other: 0.0ms
[2024-07-18T16:19:10.942+0800][info][gc,heap        ] GC(304) Eden regions: 0->0(23)
[2024-07-18T16:19:10.942+0800][info][gc,heap        ] GC(304) Survivor regions: 2->2(2)
[2024-07-18T16:19:10.942+0800][info][gc,heap        ] GC(304) Old regions: 324->324
[2024-07-18T16:19:10.942+0800][info][gc,heap        ] GC(304) Archive regions: 0->0
[2024-07-18T16:19:10.942+0800][info][gc,heap        ] GC(304) Humongous regions: 184->183
[2024-07-18T16:19:10.942+0800][info][gc,metaspace   ] GC(304) Metaspace: 194K(384K)->194K(384K) NonClass: 186K(256K)->186K(256K) Class: 7K(128K)->7K(128K)
[2024-07-18T16:19:10.942+0800][info][gc             ] GC(304) Pause Young (Normal) (G1 Preventive Collection) 502M->501M(512M) 0.266ms
[2024-07-18T16:19:10.942+0800][info][gc,cpu         ] GC(304) User=0.00s Sys=0.00s Real=0.00s
[2024-07-18T16:19:10.942+0800][info][gc,start       ] GC(305) Pause Young (Normal) (G1 Preventive Collection)
[2024-07-18T16:19:10.942+0800][info][gc,task        ] GC(305) Using 12 workers of 13 for evacuation
[2024-07-18T16:19:10.942+0800][info][gc             ] GC(305) To-space exhausted
[2024-07-18T16:19:10.942+0800][info][gc,phases      ] GC(305)   Pre Evacuate Collection Set: 0.0ms
[2024-07-18T16:19:10.942+0800][info][gc,phases      ] GC(305)   Merge Heap Roots: 0.0ms
[2024-07-18T16:19:10.942+0800][info][gc,phases      ] GC(305)   Evacuate Collection Set: 0.1ms
[2024-07-18T16:19:10.942+0800][info][gc,phases      ] GC(305)   Post Evacuate Collection Set: 0.1ms
[2024-07-18T16:19:10.942+0800][info][gc,phases      ] GC(305)   Other: 0.0ms
[2024-07-18T16:19:10.942+0800][info][gc,heap        ] GC(305) Eden regions: 1->0(23)
[2024-07-18T16:19:10.942+0800][info][gc,heap        ] GC(305) Survivor regions: 2->2(2)
[2024-07-18T16:19:10.942+0800][info][gc,heap        ] GC(305) Old regions: 324->326
[2024-07-18T16:19:10.942+0800][info][gc,heap        ] GC(305) Archive regions: 0->0
[2024-07-18T16:19:10.942+0800][info][gc,heap        ] GC(305) Humongous regions: 183->181
[2024-07-18T16:19:10.942+0800][info][gc,metaspace   ] GC(305) Metaspace: 194K(384K)->194K(384K) NonClass: 186K(256K)->186K(256K) Class: 7K(128K)->7K(128K)
[2024-07-18T16:19:10.942+0800][info][gc             ] GC(305) Pause Young (Normal) (G1 Preventive Collection) 502M->501M(512M) 0.342ms
[2024-07-18T16:19:10.942+0800][info][gc,cpu         ] GC(305) User=0.00s Sys=0.00s Real=0.00s
[2024-07-18T16:19:10.942+0800][info][gc,start       ] GC(306) Pause Young (Normal) (G1 Preventive Collection)
[2024-07-18T16:19:10.942+0800][info][gc,task        ] GC(306) Using 12 workers of 13 for evacuation
[2024-07-18T16:19:10.942+0800][info][gc             ] GC(306) To-space exhausted
[2024-07-18T16:19:10.942+0800][info][gc,phases      ] GC(306)   Pre Evacuate Collection Set: 0.0ms
[2024-07-18T16:19:10.942+0800][info][gc,phases      ] GC(306)   Merge Heap Roots: 0.0ms
[2024-07-18T16:19:10.942+0800][info][gc,phases      ] GC(306)   Evacuate Collection Set: 0.1ms
[2024-07-18T16:19:10.942+0800][info][gc,phases      ] GC(306)   Post Evacuate Collection Set: 0.1ms
[2024-07-18T16:19:10.942+0800][info][gc,phases      ] GC(306)   Other: 0.0ms
[2024-07-18T16:19:10.942+0800][info][gc,heap        ] GC(306) Eden regions: 1->0(23)
[2024-07-18T16:19:10.942+0800][info][gc,heap        ] GC(306) Survivor regions: 2->2(2)
[2024-07-18T16:19:10.942+0800][info][gc,heap        ] GC(306) Old regions: 326->327
[2024-07-18T16:19:10.942+0800][info][gc,heap        ] GC(306) Archive regions: 0->0
[2024-07-18T16:19:10.942+0800][info][gc,heap        ] GC(306) Humongous regions: 181->181
[2024-07-18T16:19:10.942+0800][info][gc,metaspace   ] GC(306) Metaspace: 194K(384K)->194K(384K) NonClass: 186K(256K)->186K(256K) Class: 7K(128K)->7K(128K)
[2024-07-18T16:19:10.942+0800][info][gc             ] GC(306) Pause Young (Normal) (G1 Preventive Collection) 501M->501M(512M) 0.315ms
[2024-07-18T16:19:10.942+0800][info][gc,cpu         ] GC(306) User=0.00s Sys=0.00s Real=0.00s
[2024-07-18T16:19:10.942+0800][info][gc,start       ] GC(307) Pause Young (Normal) (G1 Preventive Collection)
[2024-07-18T16:19:10.942+0800][info][gc,task        ] GC(307) Using 12 workers of 13 for evacuation
[2024-07-18T16:19:10.942+0800][info][gc             ] GC(307) To-space exhausted
[2024-07-18T16:19:10.942+0800][info][gc,phases      ] GC(307)   Pre Evacuate Collection Set: 0.0ms
[2024-07-18T16:19:10.942+0800][info][gc,phases      ] GC(307)   Merge Heap Roots: 0.0ms
[2024-07-18T16:19:10.942+0800][info][gc,phases      ] GC(307)   Evacuate Collection Set: 0.1ms
[2024-07-18T16:19:10.942+0800][info][gc,phases      ] GC(307)   Post Evacuate Collection Set: 0.1ms
[2024-07-18T16:19:10.942+0800][info][gc,phases      ] GC(307)   Other: 0.0ms
[2024-07-18T16:19:10.942+0800][info][gc,heap        ] GC(307) Eden regions: 0->0(24)
[2024-07-18T16:19:10.942+0800][info][gc,heap        ] GC(307) Survivor regions: 2->1(1)
[2024-07-18T16:19:10.942+0800][info][gc,heap        ] GC(307) Old regions: 327->328
[2024-07-18T16:19:10.942+0800][info][gc,heap        ] GC(307) Archive regions: 0->0
[2024-07-18T16:19:10.942+0800][info][gc,heap        ] GC(307) Humongous regions: 182->181
[2024-07-18T16:19:10.942+0800][info][gc,metaspace   ] GC(307) Metaspace: 194K(384K)->194K(384K) NonClass: 186K(256K)->186K(256K) Class: 7K(128K)->7K(128K)
[2024-07-18T16:19:10.942+0800][info][gc             ] GC(307) Pause Young (Normal) (G1 Preventive Collection) 502M->501M(512M) 0.267ms
[2024-07-18T16:19:10.942+0800][info][gc,cpu         ] GC(307) User=0.00s Sys=0.00s Real=0.00s
[2024-07-18T16:19:10.942+0800][info][gc,start       ] GC(308) Pause Young (Normal) (G1 Preventive Collection)
[2024-07-18T16:19:10.942+0800][info][gc,task        ] GC(308) Using 12 workers of 13 for evacuation
[2024-07-18T16:19:10.942+0800][info][gc             ] GC(308) To-space exhausted
[2024-07-18T16:19:10.942+0800][info][gc,phases      ] GC(308)   Pre Evacuate Collection Set: 0.0ms
[2024-07-18T16:19:10.942+0800][info][gc,phases      ] GC(308)   Merge Heap Roots: 0.0ms
[2024-07-18T16:19:10.942+0800][info][gc,phases      ] GC(308)   Evacuate Collection Set: 0.0ms
[2024-07-18T16:19:10.942+0800][info][gc,phases      ] GC(308)   Post Evacuate Collection Set: 0.1ms
[2024-07-18T16:19:10.942+0800][info][gc,phases      ] GC(308)   Other: 0.0ms
[2024-07-18T16:19:10.942+0800][info][gc,heap        ] GC(308) Eden regions: 1->0(24)
[2024-07-18T16:19:10.942+0800][info][gc,heap        ] GC(308) Survivor regions: 1->1(1)
[2024-07-18T16:19:10.942+0800][info][gc,heap        ] GC(308) Old regions: 328->329
[2024-07-18T16:19:10.942+0800][info][gc,heap        ] GC(308) Archive regions: 0->0
[2024-07-18T16:19:10.942+0800][info][gc,heap        ] GC(308) Humongous regions: 181->181
[2024-07-18T16:19:10.942+0800][info][gc,metaspace   ] GC(308) Metaspace: 194K(384K)->194K(384K) NonClass: 186K(256K)->186K(256K) Class: 7K(128K)->7K(128K)
[2024-07-18T16:19:10.942+0800][info][gc             ] GC(308) Pause Young (Normal) (G1 Preventive Collection) 502M->502M(512M) 0.267ms
[2024-07-18T16:19:10.942+0800][info][gc,cpu         ] GC(308) User=0.00s Sys=0.00s Real=0.00s
[2024-07-18T16:19:10.942+0800][info][gc,marking     ] GC(297) Concurrent Mark From Roots 4.203ms
[2024-07-18T16:19:10.942+0800][info][gc,start       ] GC(309) Pause Young (Normal) (G1 Evacuation Pause)
[2024-07-18T16:19:10.942+0800][info][gc,marking     ] GC(297) Concurrent Preclean
[2024-07-18T16:19:10.942+0800][info][gc,task        ] GC(309) Using 12 workers of 13 for evacuation
[2024-07-18T16:19:10.942+0800][info][gc             ] GC(309) To-space exhausted
[2024-07-18T16:19:10.942+0800][info][gc,phases      ] GC(309)   Pre Evacuate Collection Set: 0.0ms
[2024-07-18T16:19:10.942+0800][info][gc,phases      ] GC(309)   Merge Heap Roots: 0.0ms
[2024-07-18T16:19:10.942+0800][info][gc,phases      ] GC(309)   Evacuate Collection Set: 0.0ms
[2024-07-18T16:19:10.942+0800][info][gc,phases      ] GC(309)   Post Evacuate Collection Set: 0.1ms
[2024-07-18T16:19:10.942+0800][info][gc,phases      ] GC(309)   Other: 0.1ms
[2024-07-18T16:19:10.942+0800][info][gc,heap        ] GC(309) Eden regions: 0->0(25)
[2024-07-18T16:19:10.942+0800][info][gc,heap        ] GC(309) Survivor regions: 1->0(0)
[2024-07-18T16:19:10.942+0800][info][gc,heap        ] GC(309) Old regions: 329->330
[2024-07-18T16:19:10.942+0800][info][gc,heap        ] GC(309) Archive regions: 0->0
[2024-07-18T16:19:10.942+0800][info][gc,heap        ] GC(309) Humongous regions: 182->181
[2024-07-18T16:19:10.942+0800][info][gc,metaspace   ] GC(309) Metaspace: 194K(384K)->194K(384K) NonClass: 186K(256K)->186K(256K) Class: 7K(128K)->7K(128K)
[2024-07-18T16:19:10.942+0800][info][gc             ] GC(309) Pause Young (Normal) (G1 Evacuation Pause) 503M->502M(512M) 0.284ms
[2024-07-18T16:19:10.942+0800][info][gc,cpu         ] GC(309) User=0.00s Sys=0.00s Real=0.00s
[2024-07-18T16:19:10.942+0800][info][gc,marking     ] GC(297) Concurrent Preclean 0.347ms
[2024-07-18T16:19:10.942+0800][info][gc,start       ] GC(310) Pause Young (Normal) (G1 Humongous Allocation)
[2024-07-18T16:19:10.942+0800][info][gc,task        ] GC(310) Using 12 workers of 13 for evacuation
[2024-07-18T16:19:10.942+0800][info][gc,phases      ] GC(310)   Pre Evacuate Collection Set: 0.0ms
[2024-07-18T16:19:10.942+0800][info][gc,phases      ] GC(310)   Merge Heap Roots: 0.0ms
[2024-07-18T16:19:10.942+0800][info][gc,phases      ] GC(310)   Evacuate Collection Set: 0.0ms
[2024-07-18T16:19:10.942+0800][info][gc,phases      ] GC(310)   Post Evacuate Collection Set: 0.1ms
[2024-07-18T16:19:10.942+0800][info][gc,phases      ] GC(310)   Other: 0.0ms
[2024-07-18T16:19:10.942+0800][info][gc,heap        ] GC(310) Eden regions: 1->0(25)
[2024-07-18T16:19:10.942+0800][info][gc,heap        ] GC(310) Survivor regions: 0->0(0)
[2024-07-18T16:19:10.942+0800][info][gc,heap        ] GC(310) Old regions: 330->330
[2024-07-18T16:19:10.942+0800][info][gc,heap        ] GC(310) Archive regions: 0->0
[2024-07-18T16:19:10.942+0800][info][gc,heap        ] GC(310) Humongous regions: 181->181
[2024-07-18T16:19:10.942+0800][info][gc,metaspace   ] GC(310) Metaspace: 194K(384K)->194K(384K) NonClass: 186K(256K)->186K(256K) Class: 7K(128K)->7K(128K)
[2024-07-18T16:19:10.942+0800][info][gc             ] GC(310) Pause Young (Normal) (G1 Humongous Allocation) 503M->502M(512M) 0.248ms
[2024-07-18T16:19:10.942+0800][info][gc,cpu         ] GC(310) User=0.00s Sys=0.00s Real=0.00s
[2024-07-18T16:19:10.942+0800][info][gc,start       ] GC(297) Pause Remark
[2024-07-18T16:19:10.942+0800][info][gc             ] GC(297) Pause Remark 503M->503M(512M) 0.149ms
[2024-07-18T16:19:10.942+0800][info][gc,cpu         ] GC(297) User=0.00s Sys=0.00s Real=0.00s
[2024-07-18T16:19:10.942+0800][info][gc,marking     ] GC(297) Concurrent Mark 5.055ms
[2024-07-18T16:19:10.942+0800][info][gc,start       ] GC(311) Pause Young (Normal) (G1 Evacuation Pause)
[2024-07-18T16:19:10.942+0800][info][gc,marking     ] GC(297) Concurrent Rebuild Remembered Sets
[2024-07-18T16:19:10.942+0800][info][gc,task        ] GC(311) Using 12 workers of 13 for evacuation
[2024-07-18T16:19:10.942+0800][info][gc,phases      ] GC(311)   Pre Evacuate Collection Set: 0.0ms
[2024-07-18T16:19:10.942+0800][info][gc,phases      ] GC(311)   Merge Heap Roots: 0.0ms
[2024-07-18T16:19:10.942+0800][info][gc,phases      ] GC(311)   Evacuate Collection Set: 0.1ms
[2024-07-18T16:19:10.942+0800][info][gc,phases      ] GC(311)   Post Evacuate Collection Set: 0.1ms
[2024-07-18T16:19:10.942+0800][info][gc,phases      ] GC(311)   Other: 0.1ms
[2024-07-18T16:19:10.942+0800][info][gc,heap        ] GC(311) Eden regions: 0->0(25)
[2024-07-18T16:19:10.942+0800][info][gc,heap        ] GC(311) Survivor regions: 0->0(0)
[2024-07-18T16:19:10.942+0800][info][gc,heap        ] GC(311) Old regions: 330->330
[2024-07-18T16:19:10.942+0800][info][gc,heap        ] GC(311) Archive regions: 0->0
[2024-07-18T16:19:10.942+0800][info][gc,heap        ] GC(311) Humongous regions: 182->181
[2024-07-18T16:19:10.942+0800][info][gc,metaspace   ] GC(311) Metaspace: 194K(384K)->194K(384K) NonClass: 186K(256K)->186K(256K) Class: 7K(128K)->7K(128K)
[2024-07-18T16:19:10.942+0800][info][gc             ] GC(311) Pause Young (Normal) (G1 Evacuation Pause) 503M->502M(512M) 0.284ms
[2024-07-18T16:19:10.942+0800][info][gc,cpu         ] GC(311) User=0.00s Sys=0.00s Real=0.00s
[2024-07-18T16:19:10.942+0800][info][gc,start       ] GC(312) Pause Young (Normal) (G1 Evacuation Pause)
[2024-07-18T16:19:10.942+0800][info][gc,task        ] GC(312) Using 12 workers of 13 for evacuation
[2024-07-18T16:19:10.942+0800][info][gc             ] GC(312) To-space exhausted
[2024-07-18T16:19:10.942+0800][info][gc,phases      ] GC(312)   Pre Evacuate Collection Set: 0.0ms
[2024-07-18T16:19:10.942+0800][info][gc,phases      ] GC(312)   Merge Heap Roots: 0.0ms
[2024-07-18T16:19:10.942+0800][info][gc,phases      ] GC(312)   Evacuate Collection Set: 0.0ms
[2024-07-18T16:19:10.942+0800][info][gc,phases      ] GC(312)   Post Evacuate Collection Set: 0.1ms
[2024-07-18T16:19:10.942+0800][info][gc,phases      ] GC(312)   Other: 0.0ms
[2024-07-18T16:19:10.942+0800][info][gc,heap        ] GC(312) Eden regions: 1->0(25)
[2024-07-18T16:19:10.942+0800][info][gc,heap        ] GC(312) Survivor regions: 0->0(0)
[2024-07-18T16:19:10.942+0800][info][gc,heap        ] GC(312) Old regions: 330->331
[2024-07-18T16:19:10.942+0800][info][gc,heap        ] GC(312) Archive regions: 0->0
[2024-07-18T16:19:10.942+0800][info][gc,heap        ] GC(312) Humongous regions: 181->180
[2024-07-18T16:19:10.942+0800][info][gc,metaspace   ] GC(312) Metaspace: 194K(384K)->194K(384K) NonClass: 186K(256K)->186K(256K) Class: 7K(128K)->7K(128K)
[2024-07-18T16:19:10.942+0800][info][gc             ] GC(312) Pause Young (Normal) (G1 Evacuation Pause) 503M->502M(512M) 0.262ms
[2024-07-18T16:19:10.942+0800][info][gc,cpu         ] GC(312) User=0.00s Sys=0.00s Real=0.00s
[2024-07-18T16:19:10.942+0800][info][gc,start       ] GC(313) Pause Young (Normal) (G1 Evacuation Pause)
[2024-07-18T16:19:10.942+0800][info][gc,task        ] GC(313) Using 12 workers of 13 for evacuation
[2024-07-18T16:19:10.942+0800][info][gc             ] GC(313) To-space exhausted
[2024-07-18T16:19:10.942+0800][info][gc,phases      ] GC(313)   Pre Evacuate Collection Set: 0.0ms
[2024-07-18T16:19:10.942+0800][info][gc,phases      ] GC(313)   Merge Heap Roots: 0.1ms
[2024-07-18T16:19:10.942+0800][info][gc,phases      ] GC(313)   Evacuate Collection Set: 0.1ms
[2024-07-18T16:19:10.942+0800][info][gc,phases      ] GC(313)   Post Evacuate Collection Set: 0.1ms
[2024-07-18T16:19:10.942+0800][info][gc,phases      ] GC(313)   Other: 0.0ms
[2024-07-18T16:19:10.942+0800][info][gc,heap        ] GC(313) Eden regions: 1->0(25)
[2024-07-18T16:19:10.942+0800][info][gc,heap        ] GC(313) Survivor regions: 0->0(0)
[2024-07-18T16:19:10.942+0800][info][gc,heap        ] GC(313) Old regions: 331->332
[2024-07-18T16:19:10.942+0800][info][gc,heap        ] GC(313) Archive regions: 0->0
[2024-07-18T16:19:10.942+0800][info][gc,heap        ] GC(313) Humongous regions: 180->180
[2024-07-18T16:19:10.942+0800][info][gc,metaspace   ] GC(313) Metaspace: 194K(384K)->194K(384K) NonClass: 186K(256K)->186K(256K) Class: 7K(128K)->7K(128K)
[2024-07-18T16:19:10.942+0800][info][gc             ] GC(313) Pause Young (Normal) (G1 Evacuation Pause) 503M->503M(512M) 0.309ms
[2024-07-18T16:19:10.942+0800][info][gc,cpu         ] GC(313) User=0.00s Sys=0.00s Real=0.00s
[2024-07-18T16:19:10.942+0800][info][gc,ergo        ] Attempting full compaction
[2024-07-18T16:19:10.942+0800][info][gc,task        ] GC(314) Using 12 workers of 13 for full compaction
[2024-07-18T16:19:10.942+0800][info][gc,start       ] GC(314) Pause Full (G1 Compaction Pause)
[2024-07-18T16:19:10.942+0800][info][gc,phases,start] GC(314) Phase 1: Mark live objects
[2024-07-18T16:19:10.942+0800][info][gc,phases      ] GC(314) Phase 1: Mark live objects 0.407ms
[2024-07-18T16:19:10.942+0800][info][gc,phases,start] GC(314) Phase 2: Prepare for compaction
[2024-07-18T16:19:10.942+0800][info][gc,phases      ] GC(314) Phase 2: Prepare for compaction 0.160ms
[2024-07-18T16:19:10.942+0800][info][gc,phases,start] GC(314) Phase 3: Adjust pointers
[2024-07-18T16:19:10.942+0800][info][gc,phases      ] GC(314) Phase 3: Adjust pointers 0.167ms
[2024-07-18T16:19:10.942+0800][info][gc,phases,start] GC(314) Phase 4: Compact heap
[2024-07-18T16:19:10.954+0800][info][gc,phases      ] GC(314) Phase 4: Compact heap 14.008ms
[2024-07-18T16:19:10.954+0800][info][gc,heap        ] GC(314) Eden regions: 0->0(25)
[2024-07-18T16:19:10.954+0800][info][gc,heap        ] GC(314) Survivor regions: 0->0(0)
[2024-07-18T16:19:10.954+0800][info][gc,heap        ] GC(314) Old regions: 332->249
[2024-07-18T16:19:10.954+0800][info][gc,heap        ] GC(314) Archive regions: 0->0
[2024-07-18T16:19:10.954+0800][info][gc,heap        ] GC(314) Humongous regions: 180->180
[2024-07-18T16:19:10.954+0800][info][gc,metaspace   ] GC(314) Metaspace: 194K(384K)->194K(384K) NonClass: 186K(256K)->186K(256K) Class: 7K(128K)->7K(128K)
[2024-07-18T16:19:10.954+0800][info][gc             ] GC(314) Pause Full (G1 Compaction Pause) 503M->401M(512M) 15.762ms
[2024-07-18T16:19:10.954+0800][info][gc,cpu         ] GC(314) User=0.12s Sys=0.00s Real=0.01s
[2024-07-18T16:19:10.954+0800][info][gc,marking     ] GC(297) Concurrent Rebuild Remembered Sets 17.546ms
[2024-07-18T16:19:10.954+0800][info][gc,marking     ] GC(297) Concurrent Mark Abort
[2024-07-18T16:19:10.954+0800][info][gc             ] GC(297) Concurrent Mark Cycle 22.709ms
[2024-07-18T16:19:10.954+0800][info][gc,start       ] GC(315) Pause Young (Concurrent Start) (G1 Humongous Allocation)
[2024-07-18T16:19:10.954+0800][info][gc,task        ] GC(315) Using 12 workers of 13 for evacuation
[2024-07-18T16:19:10.954+0800][info][gc,phases      ] GC(315)   Pre Evacuate Collection Set: 0.0ms
[2024-07-18T16:19:10.954+0800][info][gc,phases      ] GC(315)   Merge Heap Roots: 0.0ms
[2024-07-18T16:19:10.954+0800][info][gc,phases      ] GC(315)   Evacuate Collection Set: 0.1ms
[2024-07-18T16:19:10.954+0800][info][gc,phases      ] GC(315)   Post Evacuate Collection Set: 0.1ms
[2024-07-18T16:19:10.954+0800][info][gc,phases      ] GC(315)   Other: 0.1ms
[2024-07-18T16:19:10.954+0800][info][gc,heap        ] GC(315) Eden regions: 2->0(24)
[2024-07-18T16:19:10.954+0800][info][gc,heap        ] GC(315) Survivor regions: 0->1(4)
[2024-07-18T16:19:10.954+0800][info][gc,heap        ] GC(315) Old regions: 249->249
[2024-07-18T16:19:10.954+0800][info][gc,heap        ] GC(315) Archive regions: 0->0
[2024-07-18T16:19:10.954+0800][info][gc,heap        ] GC(315) Humongous regions: 180->180
[2024-07-18T16:19:10.954+0800][info][gc,metaspace   ] GC(315) Metaspace: 194K(384K)->194K(384K) NonClass: 186K(256K)->186K(256K) Class: 7K(128K)->7K(128K)
[2024-07-18T16:19:10.954+0800][info][gc             ] GC(315) Pause Young (Concurrent Start) (G1 Humongous Allocation) 402M->401M(512M) 0.483ms
[2024-07-18T16:19:10.954+0800][info][gc,cpu         ] GC(315) User=0.00s Sys=0.00s Real=0.00s
[2024-07-18T16:19:10.954+0800][info][gc             ] GC(316) Concurrent Mark Cycle
[2024-07-18T16:19:10.954+0800][info][gc,marking     ] GC(316) Concurrent Clear Claimed Marks
[2024-07-18T16:19:10.954+0800][info][gc,marking     ] GC(316) Concurrent Clear Claimed Marks 0.006ms
[2024-07-18T16:19:10.954+0800][info][gc,marking     ] GC(316) Concurrent Scan Root Regions
[2024-07-18T16:19:10.954+0800][info][gc,marking     ] GC(316) Concurrent Scan Root Regions 0.024ms
[2024-07-18T16:19:10.954+0800][info][gc,marking     ] GC(316) Concurrent Mark
[2024-07-18T16:19:10.954+0800][info][gc,marking     ] GC(316) Concurrent Mark From Roots
[2024-07-18T16:19:10.954+0800][info][gc,task        ] GC(316) Using 3 workers of 3 for marking
[2024-07-18T16:19:10.966+0800][info][gc,marking     ] GC(316) Concurrent Mark From Roots 0.789ms
[2024-07-18T16:19:10.966+0800][info][gc,marking     ] GC(316) Concurrent Preclean
[2024-07-18T16:19:10.966+0800][info][gc,marking     ] GC(316) Concurrent Preclean 0.056ms
[2024-07-18T16:19:10.966+0800][info][gc,start       ] GC(316) Pause Remark
[2024-07-18T16:19:10.966+0800][info][gc             ] GC(316) Pause Remark 416M->416M(512M) 0.229ms
[2024-07-18T16:19:10.966+0800][info][gc,cpu         ] GC(316) User=0.00s Sys=0.00s Real=0.00s
[2024-07-18T16:19:10.966+0800][info][gc,marking     ] GC(316) Concurrent Mark 1.185ms
[2024-07-18T16:19:10.966+0800][info][gc,marking     ] GC(316) Concurrent Rebuild Remembered Sets
[2024-07-18T16:19:10.966+0800][info][gc,marking     ] GC(316) Concurrent Rebuild Remembered Sets 0.431ms
[2024-07-18T16:19:10.966+0800][info][gc,start       ] GC(316) Pause Cleanup
[2024-07-18T16:19:10.966+0800][info][gc             ] GC(316) Pause Cleanup 425M->425M(512M) 0.086ms
[2024-07-18T16:19:10.966+0800][info][gc,cpu         ] GC(316) User=0.00s Sys=0.00s Real=0.00s
[2024-07-18T16:19:10.966+0800][info][gc,marking     ] GC(316) Concurrent Cleanup for Next Mark
[2024-07-18T16:19:10.966+0800][info][gc,marking     ] GC(316) Concurrent Cleanup for Next Mark 0.493ms
[2024-07-18T16:19:10.966+0800][info][gc             ] GC(316) Concurrent Mark Cycle 2.377ms
[2024-07-18T16:19:10.966+0800][info][gc,start       ] GC(317) Pause Young (Prepare Mixed) (G1 Evacuation Pause)
[2024-07-18T16:19:10.966+0800][info][gc,task        ] GC(317) Using 12 workers of 13 for evacuation
[2024-07-18T16:19:10.970+0800][info][gc,phases      ] GC(317)   Pre Evacuate Collection Set: 0.0ms
[2024-07-18T16:19:10.970+0800][info][gc,phases      ] GC(317)   Merge Heap Roots: 0.1ms
[2024-07-18T16:19:10.970+0800][info][gc,phases      ] GC(317)   Evacuate Collection Set: 0.8ms
[2024-07-18T16:19:10.970+0800][info][gc,phases      ] GC(317)   Post Evacuate Collection Set: 0.1ms
[2024-07-18T16:19:10.970+0800][info][gc,phases      ] GC(317)   Other: 0.1ms
[2024-07-18T16:19:10.970+0800][info][gc,heap        ] GC(317) Eden regions: 24->0(21)
[2024-07-18T16:19:10.970+0800][info][gc,heap        ] GC(317) Survivor regions: 1->4(4)
[2024-07-18T16:19:10.970+0800][info][gc,heap        ] GC(317) Old regions: 249->255
[2024-07-18T16:19:10.970+0800][info][gc,heap        ] GC(317) Archive regions: 0->0
[2024-07-18T16:19:10.970+0800][info][gc,heap        ] GC(317) Humongous regions: 194->173
[2024-07-18T16:19:10.970+0800][info][gc,metaspace   ] GC(317) Metaspace: 194K(384K)->194K(384K) NonClass: 186K(256K)->186K(256K) Class: 7K(128K)->7K(128K)
[2024-07-18T16:19:10.970+0800][info][gc             ] GC(317) Pause Young (Prepare Mixed) (G1 Evacuation Pause) 439M->403M(512M) 1.225ms
[2024-07-18T16:19:10.970+0800][info][gc,cpu         ] GC(317) User=0.00s Sys=0.00s Real=0.00s
[2024-07-18T16:19:10.970+0800][info][gc,start       ] GC(318) Pause Young (Mixed) (G1 Evacuation Pause)
[2024-07-18T16:19:10.970+0800][info][gc,task        ] GC(318) Using 12 workers of 13 for evacuation
[2024-07-18T16:19:10.970+0800][info][gc,phases      ] GC(318)   Pre Evacuate Collection Set: 0.0ms
[2024-07-18T16:19:10.970+0800][info][gc,phases      ] GC(318)   Merge Heap Roots: 0.0ms
[2024-07-18T16:19:10.970+0800][info][gc,phases      ] GC(318)   Evacuate Collection Set: 1.1ms
[2024-07-18T16:19:10.970+0800][info][gc,phases      ] GC(318)   Post Evacuate Collection Set: 0.1ms
[2024-07-18T16:19:10.970+0800][info][gc,phases      ] GC(318)   Other: 0.1ms
[2024-07-18T16:19:10.970+0800][info][gc,heap        ] GC(318) Eden regions: 21->0(21)
[2024-07-18T16:19:10.970+0800][info][gc,heap        ] GC(318) Survivor regions: 4->4(4)
[2024-07-18T16:19:10.970+0800][info][gc,heap        ] GC(318) Old regions: 255->257
[2024-07-18T16:19:10.970+0800][info][gc,heap        ] GC(318) Archive regions: 0->0
[2024-07-18T16:19:10.970+0800][info][gc,heap        ] GC(318) Humongous regions: 183->178
[2024-07-18T16:19:10.970+0800][info][gc,metaspace   ] GC(318) Metaspace: 194K(384K)->194K(384K) NonClass: 186K(256K)->186K(256K) Class: 7K(128K)->7K(128K)
[2024-07-18T16:19:10.970+0800][info][gc             ] GC(318) Pause Young (Mixed) (G1 Evacuation Pause) 434M->416M(512M) 1.430ms
[2024-07-18T16:19:10.970+0800][info][gc,cpu         ] GC(318) User=0.00s Sys=0.00s Real=0.00s
[2024-07-18T16:19:10.970+0800][info][gc,start       ] GC(319) Pause Young (Concurrent Start) (G1 Humongous Allocation)
[2024-07-18T16:19:10.970+0800][info][gc,task        ] GC(319) Using 12 workers of 13 for evacuation
[2024-07-18T16:19:10.970+0800][info][gc,phases      ] GC(319)   Pre Evacuate Collection Set: 0.0ms
[2024-07-18T16:19:10.970+0800][info][gc,phases      ] GC(319)   Merge Heap Roots: 0.0ms
[2024-07-18T16:19:10.970+0800][info][gc,phases      ] GC(319)   Evacuate Collection Set: 0.4ms
[2024-07-18T16:19:10.970+0800][info][gc,phases      ] GC(319)   Post Evacuate Collection Set: 0.1ms
[2024-07-18T16:19:10.970+0800][info][gc,phases      ] GC(319)   Other: 0.1ms
[2024-07-18T16:19:10.970+0800][info][gc,heap        ] GC(319) Eden regions: 4->0(23)
[2024-07-18T16:19:10.970+0800][info][gc,heap        ] GC(319) Survivor regions: 4->2(4)
[2024-07-18T16:19:10.970+0800][info][gc,heap        ] GC(319) Old regions: 257->261
[2024-07-18T16:19:10.970+0800][info][gc,heap        ] GC(319) Archive regions: 0->0
[2024-07-18T16:19:10.970+0800][info][gc,heap        ] GC(319) Humongous regions: 178->178
[2024-07-18T16:19:10.970+0800][info][gc,metaspace   ] GC(319) Metaspace: 194K(384K)->194K(384K) NonClass: 186K(256K)->186K(256K) Class: 7K(128K)->7K(128K)
[2024-07-18T16:19:10.970+0800][info][gc             ] GC(319) Pause Young (Concurrent Start) (G1 Humongous Allocation) 419M->417M(512M) 0.626ms
[2024-07-18T16:19:10.970+0800][info][gc,cpu         ] GC(319) User=0.00s Sys=0.00s Real=0.00s
[2024-07-18T16:19:10.970+0800][info][gc             ] GC(320) Concurrent Mark Cycle
[2024-07-18T16:19:10.970+0800][info][gc,marking     ] GC(320) Concurrent Clear Claimed Marks
[2024-07-18T16:19:10.970+0800][info][gc,marking     ] GC(320) Concurrent Clear Claimed Marks 0.008ms
[2024-07-18T16:19:10.970+0800][info][gc,marking     ] GC(320) Concurrent Scan Root Regions
[2024-07-18T16:19:10.970+0800][info][gc,marking     ] GC(320) Concurrent Scan Root Regions 0.026ms
[2024-07-18T16:19:10.970+0800][info][gc,marking     ] GC(320) Concurrent Mark
[2024-07-18T16:19:10.970+0800][info][gc,marking     ] GC(320) Concurrent Mark From Roots
[2024-07-18T16:19:10.970+0800][info][gc,task        ] GC(320) Using 3 workers of 3 for marking
[2024-07-18T16:19:10.976+0800][info][gc,marking     ] GC(320) Concurrent Mark From Roots 0.636ms
[2024-07-18T16:19:10.976+0800][info][gc,marking     ] GC(320) Concurrent Preclean
[2024-07-18T16:19:10.976+0800][info][gc,marking     ] GC(320) Concurrent Preclean 0.056ms
[2024-07-18T16:19:10.976+0800][info][gc,start       ] GC(320) Pause Remark
[2024-07-18T16:19:10.976+0800][info][gc             ] GC(320) Pause Remark 428M->428M(512M) 0.243ms
[2024-07-18T16:19:10.976+0800][info][gc,cpu         ] GC(320) User=0.00s Sys=0.00s Real=0.00s
[2024-07-18T16:19:10.976+0800][info][gc,marking     ] GC(320) Concurrent Mark 1.060ms
[2024-07-18T16:19:10.976+0800][info][gc,marking     ] GC(320) Concurrent Rebuild Remembered Sets
[2024-07-18T16:19:10.976+0800][info][gc,marking     ] GC(320) Concurrent Rebuild Remembered Sets 0.432ms
[2024-07-18T16:19:10.976+0800][info][gc,start       ] GC(320) Pause Cleanup
[2024-07-18T16:19:10.976+0800][info][gc             ] GC(320) Pause Cleanup 434M->434M(512M) 0.103ms
[2024-07-18T16:19:10.976+0800][info][gc,cpu         ] GC(320) User=0.00s Sys=0.00s Real=0.00s
[2024-07-18T16:19:10.976+0800][info][gc,marking     ] GC(320) Concurrent Cleanup for Next Mark
[2024-07-18T16:19:10.976+0800][info][gc,marking     ] GC(320) Concurrent Cleanup for Next Mark 0.521ms
[2024-07-18T16:19:10.976+0800][info][gc             ] GC(320) Concurrent Mark Cycle 2.312ms
[2024-07-18T16:19:10.976+0800][info][gc,start       ] GC(321) Pause Young (Prepare Mixed) (G1 Evacuation Pause)
[2024-07-18T16:19:10.976+0800][info][gc,task        ] GC(321) Using 12 workers of 13 for evacuation
[2024-07-18T16:19:10.976+0800][info][gc,phases      ] GC(321)   Pre Evacuate Collection Set: 0.0ms
[2024-07-18T16:19:10.976+0800][info][gc,phases      ] GC(321)   Merge Heap Roots: 0.1ms
[2024-07-18T16:19:10.976+0800][info][gc,phases      ] GC(321)   Evacuate Collection Set: 0.9ms
[2024-07-18T16:19:10.976+0800][info][gc,phases      ] GC(321)   Post Evacuate Collection Set: 0.1ms
[2024-07-18T16:19:10.976+0800][info][gc,phases      ] GC(321)   Other: 0.1ms
[2024-07-18T16:19:10.976+0800][info][gc,heap        ] GC(321) Eden regions: 23->0(21)
[2024-07-18T16:19:10.976+0800][info][gc,heap        ] GC(321) Survivor regions: 2->4(4)
[2024-07-18T16:19:10.976+0800][info][gc,heap        ] GC(321) Old regions: 261->269
[2024-07-18T16:19:10.976+0800][info][gc,heap        ] GC(321) Archive regions: 0->0
[2024-07-18T16:19:10.976+0800][info][gc,heap        ] GC(321) Humongous regions: 193->177
[2024-07-18T16:19:10.976+0800][info][gc,metaspace   ] GC(321) Metaspace: 194K(384K)->194K(384K) NonClass: 186K(256K)->186K(256K) Class: 7K(128K)->7K(128K)
[2024-07-18T16:19:10.976+0800][info][gc             ] GC(321) Pause Young (Prepare Mixed) (G1 Evacuation Pause) 455M->427M(512M) 1.281ms
[2024-07-18T16:19:10.976+0800][info][gc,cpu         ] GC(321) User=0.00s Sys=0.00s Real=0.00s
[2024-07-18T16:19:10.981+0800][info][gc,start       ] GC(322) Pause Young (Mixed) (G1 Evacuation Pause)
[2024-07-18T16:19:10.981+0800][info][gc,task        ] GC(322) Using 12 workers of 13 for evacuation
[2024-07-18T16:19:10.981+0800][info][gc,phases      ] GC(322)   Pre Evacuate Collection Set: 0.0ms
[2024-07-18T16:19:10.981+0800][info][gc,phases      ] GC(322)   Merge Heap Roots: 0.0ms
[2024-07-18T16:19:10.981+0800][info][gc,phases      ] GC(322)   Evacuate Collection Set: 1.6ms
[2024-07-18T16:19:10.981+0800][info][gc,phases      ] GC(322)   Post Evacuate Collection Set: 0.1ms
[2024-07-18T16:19:10.981+0800][info][gc,phases      ] GC(322)   Other: 0.1ms
[2024-07-18T16:19:10.981+0800][info][gc,heap        ] GC(322) Eden regions: 21->0(21)
[2024-07-18T16:19:10.981+0800][info][gc,heap        ] GC(322) Survivor regions: 4->4(4)
[2024-07-18T16:19:10.981+0800][info][gc,heap        ] GC(322) Old regions: 269->273
[2024-07-18T16:19:10.981+0800][info][gc,heap        ] GC(322) Archive regions: 0->0
[2024-07-18T16:19:10.981+0800][info][gc,heap        ] GC(322) Humongous regions: 187->177
[2024-07-18T16:19:10.981+0800][info][gc,metaspace   ] GC(322) Metaspace: 194K(384K)->194K(384K) NonClass: 186K(256K)->186K(256K) Class: 7K(128K)->7K(128K)
[2024-07-18T16:19:10.981+0800][info][gc             ] GC(322) Pause Young (Mixed) (G1 Evacuation Pause) 458M->433M(512M) 1.928ms
[2024-07-18T16:19:10.981+0800][info][gc,cpu         ] GC(322) User=0.00s Sys=0.00s Real=0.00s
[2024-07-18T16:19:10.981+0800][info][gc,start       ] GC(323) Pause Young (Concurrent Start) (G1 Humongous Allocation)
[2024-07-18T16:19:10.981+0800][info][gc,task        ] GC(323) Using 12 workers of 13 for evacuation
[2024-07-18T16:19:10.981+0800][info][gc,phases      ] GC(323)   Pre Evacuate Collection Set: 0.0ms
[2024-07-18T16:19:10.981+0800][info][gc,phases      ] GC(323)   Merge Heap Roots: 0.0ms
[2024-07-18T16:19:10.981+0800][info][gc,phases      ] GC(323)   Evacuate Collection Set: 0.3ms
[2024-07-18T16:19:10.981+0800][info][gc,phases      ] GC(323)   Post Evacuate Collection Set: 0.1ms
[2024-07-18T16:19:10.981+0800][info][gc,phases      ] GC(323)   Other: 0.1ms
[2024-07-18T16:19:10.981+0800][info][gc,heap        ] GC(323) Eden regions: 2->0(24)
[2024-07-18T16:19:10.981+0800][info][gc,heap        ] GC(323) Survivor regions: 4->1(4)
[2024-07-18T16:19:10.981+0800][info][gc,heap        ] GC(323) Old regions: 273->277
[2024-07-18T16:19:10.981+0800][info][gc,heap        ] GC(323) Archive regions: 0->0
[2024-07-18T16:19:10.981+0800][info][gc,heap        ] GC(323) Humongous regions: 177->177
[2024-07-18T16:19:10.981+0800][info][gc,metaspace   ] GC(323) Metaspace: 194K(384K)->194K(384K) NonClass: 186K(256K)->186K(256K) Class: 7K(128K)->7K(128K)
[2024-07-18T16:19:10.981+0800][info][gc             ] GC(323) Pause Young (Concurrent Start) (G1 Humongous Allocation) 434M->433M(512M) 0.590ms
[2024-07-18T16:19:10.981+0800][info][gc,cpu         ] GC(323) User=0.00s Sys=0.00s Real=0.00s
[2024-07-18T16:19:10.981+0800][info][gc             ] GC(324) Concurrent Mark Cycle
[2024-07-18T16:19:10.981+0800][info][gc,marking     ] GC(324) Concurrent Clear Claimed Marks
[2024-07-18T16:19:10.981+0800][info][gc,marking     ] GC(324) Concurrent Clear Claimed Marks 0.008ms
[2024-07-18T16:19:10.981+0800][info][gc,marking     ] GC(324) Concurrent Scan Root Regions
[2024-07-18T16:19:10.981+0800][info][gc,marking     ] GC(324) Concurrent Scan Root Regions 0.025ms
[2024-07-18T16:19:10.981+0800][info][gc,marking     ] GC(324) Concurrent Mark
[2024-07-18T16:19:10.981+0800][info][gc,marking     ] GC(324) Concurrent Mark From Roots
[2024-07-18T16:19:10.981+0800][info][gc,task        ] GC(324) Using 3 workers of 3 for marking
[2024-07-18T16:19:10.986+0800][info][gc,marking     ] GC(324) Concurrent Mark From Roots 0.677ms
[2024-07-18T16:19:10.986+0800][info][gc,marking     ] GC(324) Concurrent Preclean
[2024-07-18T16:19:10.986+0800][info][gc,marking     ] GC(324) Concurrent Preclean 0.064ms
[2024-07-18T16:19:10.986+0800][info][gc,start       ] GC(324) Pause Remark
[2024-07-18T16:19:10.986+0800][info][gc             ] GC(324) Pause Remark 441M->441M(512M) 0.216ms
[2024-07-18T16:19:10.986+0800][info][gc,cpu         ] GC(324) User=0.00s Sys=0.00s Real=0.00s
[2024-07-18T16:19:10.986+0800][info][gc,marking     ] GC(324) Concurrent Mark 1.073ms
[2024-07-18T16:19:10.986+0800][info][gc,marking     ] GC(324) Concurrent Rebuild Remembered Sets
[2024-07-18T16:19:10.987+0800][info][gc,marking     ] GC(324) Concurrent Rebuild Remembered Sets 0.568ms
[2024-07-18T16:19:10.987+0800][info][gc,start       ] GC(324) Pause Cleanup
[2024-07-18T16:19:10.987+0800][info][gc             ] GC(324) Pause Cleanup 449M->449M(512M) 0.102ms
[2024-07-18T16:19:10.987+0800][info][gc,cpu         ] GC(324) User=0.00s Sys=0.00s Real=0.00s
[2024-07-18T16:19:10.987+0800][info][gc,marking     ] GC(324) Concurrent Cleanup for Next Mark
[2024-07-18T16:19:10.987+0800][info][gc,marking     ] GC(324) Concurrent Cleanup for Next Mark 0.462ms
[2024-07-18T16:19:10.987+0800][info][gc             ] GC(324) Concurrent Mark Cycle 2.418ms
[2024-07-18T16:19:10.987+0800][info][gc,start       ] GC(325) Pause Young (Prepare Mixed) (G1 Evacuation Pause)
[2024-07-18T16:19:10.987+0800][info][gc,task        ] GC(325) Using 12 workers of 13 for evacuation
[2024-07-18T16:19:10.987+0800][info][gc,phases      ] GC(325)   Pre Evacuate Collection Set: 0.0ms
[2024-07-18T16:19:10.987+0800][info][gc,phases      ] GC(325)   Merge Heap Roots: 0.1ms
[2024-07-18T16:19:10.987+0800][info][gc,phases      ] GC(325)   Evacuate Collection Set: 0.9ms
[2024-07-18T16:19:10.987+0800][info][gc,phases      ] GC(325)   Post Evacuate Collection Set: 0.1ms
[2024-07-18T16:19:10.987+0800][info][gc,phases      ] GC(325)   Other: 0.1ms
[2024-07-18T16:19:10.987+0800][info][gc,heap        ] GC(325) Eden regions: 24->0(21)
[2024-07-18T16:19:10.987+0800][info][gc,heap        ] GC(325) Survivor regions: 1->4(4)
[2024-07-18T16:19:10.987+0800][info][gc,heap        ] GC(325) Old regions: 277->284
[2024-07-18T16:19:10.987+0800][info][gc,heap        ] GC(325) Archive regions: 0->0
[2024-07-18T16:19:10.987+0800][info][gc,heap        ] GC(325) Humongous regions: 194->179
[2024-07-18T16:19:10.987+0800][info][gc,metaspace   ] GC(325) Metaspace: 194K(384K)->194K(384K) NonClass: 186K(256K)->186K(256K) Class: 7K(128K)->7K(128K)
[2024-07-18T16:19:10.987+0800][info][gc             ] GC(325) Pause Young (Prepare Mixed) (G1 Evacuation Pause) 473M->446M(512M) 1.248ms
[2024-07-18T16:19:10.987+0800][info][gc,cpu         ] GC(325) User=0.00s Sys=0.00s Real=0.00s
[2024-07-18T16:19:10.991+0800][info][gc,start       ] GC(326) Pause Young (Mixed) (G1 Preventive Collection)
[2024-07-18T16:19:10.991+0800][info][gc,task        ] GC(326) Using 12 workers of 13 for evacuation
[2024-07-18T16:19:10.993+0800][info][gc             ] GC(326) To-space exhausted
[2024-07-18T16:19:10.993+0800][info][gc,phases      ] GC(326)   Pre Evacuate Collection Set: 0.0ms
[2024-07-18T16:19:10.993+0800][info][gc,phases      ] GC(326)   Merge Heap Roots: 0.0ms
[2024-07-18T16:19:10.993+0800][info][gc,phases      ] GC(326)   Evacuate Collection Set: 1.1ms
[2024-07-18T16:19:10.993+0800][info][gc,phases      ] GC(326)   Post Evacuate Collection Set: 0.2ms
[2024-07-18T16:19:10.993+0800][info][gc,phases      ] GC(326)   Other: 0.1ms
[2024-07-18T16:19:10.993+0800][info][gc,heap        ] GC(326) Eden regions: 17->0(22)
[2024-07-18T16:19:10.993+0800][info][gc,heap        ] GC(326) Survivor regions: 4->3(4)
[2024-07-18T16:19:10.993+0800][info][gc,heap        ] GC(326) Old regions: 284->303
[2024-07-18T16:19:10.993+0800][info][gc,heap        ] GC(326) Archive regions: 0->0
[2024-07-18T16:19:10.993+0800][info][gc,heap        ] GC(326) Humongous regions: 193->181
[2024-07-18T16:19:10.993+0800][info][gc,metaspace   ] GC(326) Metaspace: 194K(384K)->194K(384K) NonClass: 186K(256K)->186K(256K) Class: 7K(128K)->7K(128K)
[2024-07-18T16:19:10.993+0800][info][gc             ] GC(326) Pause Young (Mixed) (G1 Preventive Collection) 477M->467M(512M) 1.470ms
[2024-07-18T16:19:10.993+0800][info][gc,cpu         ] GC(326) User=0.00s Sys=0.00s Real=0.00s
[2024-07-18T16:19:10.994+0800][info][gc,start       ] GC(327) Pause Young (Concurrent Start) (G1 Humongous Allocation)
[2024-07-18T16:19:10.994+0800][info][gc,task        ] GC(327) Using 12 workers of 13 for evacuation
[2024-07-18T16:19:10.994+0800][info][gc,phases      ] GC(327)   Pre Evacuate Collection Set: 0.0ms
[2024-07-18T16:19:10.994+0800][info][gc,phases      ] GC(327)   Merge Heap Roots: 0.0ms
[2024-07-18T16:19:10.994+0800][info][gc,phases      ] GC(327)   Evacuate Collection Set: 0.5ms
[2024-07-18T16:19:10.994+0800][info][gc,phases      ] GC(327)   Post Evacuate Collection Set: 0.1ms
[2024-07-18T16:19:10.994+0800][info][gc,phases      ] GC(327)   Other: 0.1ms
[2024-07-18T16:19:10.994+0800][info][gc,heap        ] GC(327) Eden regions: 10->0(21)
[2024-07-18T16:19:10.994+0800][info][gc,heap        ] GC(327) Survivor regions: 3->4(4)
[2024-07-18T16:19:10.994+0800][info][gc,heap        ] GC(327) Old regions: 303->306
[2024-07-18T16:19:10.994+0800][info][gc,heap        ] GC(327) Archive regions: 0->0
[2024-07-18T16:19:10.994+0800][info][gc,heap        ] GC(327) Humongous regions: 181->177
[2024-07-18T16:19:10.994+0800][info][gc,metaspace   ] GC(327) Metaspace: 194K(384K)->194K(384K) NonClass: 186K(256K)->186K(256K) Class: 7K(128K)->7K(128K)
[2024-07-18T16:19:10.994+0800][info][gc             ] GC(327) Pause Young (Concurrent Start) (G1 Humongous Allocation) 477M->467M(512M) 0.839ms
[2024-07-18T16:19:10.994+0800][info][gc,cpu         ] GC(327) User=0.00s Sys=0.00s Real=0.00s
[2024-07-18T16:19:10.994+0800][info][gc             ] GC(328) Concurrent Mark Cycle
[2024-07-18T16:19:10.994+0800][info][gc,marking     ] GC(328) Concurrent Clear Claimed Marks
[2024-07-18T16:19:10.994+0800][info][gc,marking     ] GC(328) Concurrent Clear Claimed Marks 0.008ms
[2024-07-18T16:19:10.994+0800][info][gc,marking     ] GC(328) Concurrent Scan Root Regions
[2024-07-18T16:19:10.994+0800][info][gc,marking     ] GC(328) Concurrent Scan Root Regions 0.036ms
[2024-07-18T16:19:10.994+0800][info][gc,marking     ] GC(328) Concurrent Mark
[2024-07-18T16:19:10.994+0800][info][gc,marking     ] GC(328) Concurrent Mark From Roots
[2024-07-18T16:19:10.994+0800][info][gc,task        ] GC(328) Using 3 workers of 3 for marking
[2024-07-18T16:19:10.996+0800][info][gc,start       ] GC(329) Pause Young (Normal) (G1 Preventive Collection)
[2024-07-18T16:19:10.996+0800][info][gc,task        ] GC(329) Using 12 workers of 13 for evacuation
[2024-07-18T16:19:10.996+0800][info][gc,phases      ] GC(329)   Pre Evacuate Collection Set: 0.0ms
[2024-07-18T16:19:10.996+0800][info][gc,phases      ] GC(329)   Merge Heap Roots: 0.0ms
[2024-07-18T16:19:10.996+0800][info][gc,phases      ] GC(329)   Evacuate Collection Set: 0.3ms
[2024-07-18T16:19:10.996+0800][info][gc,phases      ] GC(329)   Post Evacuate Collection Set: 0.1ms
[2024-07-18T16:19:10.996+0800][info][gc,phases      ] GC(329)   Other: 0.1ms
[2024-07-18T16:19:10.996+0800][info][gc,heap        ] GC(329) Eden regions: 8->0(22)
[2024-07-18T16:19:10.996+0800][info][gc,heap        ] GC(329) Survivor regions: 4->3(4)
[2024-07-18T16:19:10.996+0800][info][gc,heap        ] GC(329) Old regions: 306->310
[2024-07-18T16:19:10.996+0800][info][gc,heap        ] GC(329) Archive regions: 0->0
[2024-07-18T16:19:10.996+0800][info][gc,heap        ] GC(329) Humongous regions: 186->179
[2024-07-18T16:19:10.996+0800][info][gc,metaspace   ] GC(329) Metaspace: 194K(384K)->194K(384K) NonClass: 186K(256K)->186K(256K) Class: 7K(128K)->7K(128K)
[2024-07-18T16:19:10.996+0800][info][gc             ] GC(329) Pause Young (Normal) (G1 Preventive Collection) 484M->471M(512M) 0.568ms
[2024-07-18T16:19:10.996+0800][info][gc,cpu         ] GC(329) User=0.00s Sys=0.00s Real=0.00s
[2024-07-18T16:19:10.996+0800][info][gc,marking     ] GC(328) Concurrent Mark From Roots 1.591ms
[2024-07-18T16:19:10.996+0800][info][gc,marking     ] GC(328) Concurrent Preclean
[2024-07-18T16:19:10.996+0800][info][gc,marking     ] GC(328) Concurrent Preclean 0.060ms
[2024-07-18T16:19:10.996+0800][info][gc,start       ] GC(328) Pause Remark
[2024-07-18T16:19:10.997+0800][info][gc             ] GC(328) Pause Remark 473M->473M(512M) 0.207ms
[2024-07-18T16:19:10.997+0800][info][gc,cpu         ] GC(328) User=0.00s Sys=0.00s Real=0.00s
[2024-07-18T16:19:10.997+0800][info][gc,marking     ] GC(328) Concurrent Mark 1.951ms
[2024-07-18T16:19:10.997+0800][info][gc,marking     ] GC(328) Concurrent Rebuild Remembered Sets
[2024-07-18T16:19:10.997+0800][info][gc,start       ] GC(330) Pause Young (Normal) (G1 Preventive Collection)
[2024-07-18T16:19:10.997+0800][info][gc,task        ] GC(330) Using 12 workers of 13 for evacuation
[2024-07-18T16:19:10.997+0800][info][gc,phases      ] GC(330)   Pre Evacuate Collection Set: 0.0ms
[2024-07-18T16:19:10.997+0800][info][gc,phases      ] GC(330)   Merge Heap Roots: 0.1ms
[2024-07-18T16:19:10.997+0800][info][gc,phases      ] GC(330)   Evacuate Collection Set: 0.3ms
[2024-07-18T16:19:10.997+0800][info][gc,phases      ] GC(330)   Post Evacuate Collection Set: 0.1ms
[2024-07-18T16:19:10.997+0800][info][gc,phases      ] GC(330)   Other: 0.0ms
[2024-07-18T16:19:10.997+0800][info][gc,heap        ] GC(330) Eden regions: 8->0(21)
[2024-07-18T16:19:10.997+0800][info][gc,heap        ] GC(330) Survivor regions: 3->4(4)
[2024-07-18T16:19:10.997+0800][info][gc,heap        ] GC(330) Old regions: 310->313
[2024-07-18T16:19:10.997+0800][info][gc,heap        ] GC(330) Archive regions: 0->0
[2024-07-18T16:19:10.997+0800][info][gc,heap        ] GC(330) Humongous regions: 184->179
[2024-07-18T16:19:10.997+0800][info][gc,metaspace   ] GC(330) Metaspace: 194K(384K)->194K(384K) NonClass: 186K(256K)->186K(256K) Class: 7K(128K)->7K(128K)
[2024-07-18T16:19:10.997+0800][info][gc             ] GC(330) Pause Young (Normal) (G1 Preventive Collection) 484M->475M(512M) 0.632ms
[2024-07-18T16:19:10.997+0800][info][gc,cpu         ] GC(330) User=0.00s Sys=0.00s Real=0.00s
[2024-07-18T16:19:10.997+0800][info][gc,marking     ] GC(328) Concurrent Rebuild Remembered Sets 1.372ms
[2024-07-18T16:19:10.997+0800][info][gc,start       ] GC(328) Pause Cleanup
[2024-07-18T16:19:10.997+0800][info][gc             ] GC(328) Pause Cleanup 477M->477M(512M) 0.106ms
[2024-07-18T16:19:10.997+0800][info][gc,cpu         ] GC(328) User=0.00s Sys=0.00s Real=0.00s
[2024-07-18T16:19:10.997+0800][info][gc,marking     ] GC(328) Concurrent Cleanup for Next Mark
[2024-07-18T16:19:10.997+0800][info][gc,marking     ] GC(328) Concurrent Cleanup for Next Mark 0.502ms
[2024-07-18T16:19:10.997+0800][info][gc             ] GC(328) Concurrent Mark Cycle 4.119ms
[2024-07-18T16:19:10.997+0800][info][gc,start       ] GC(331) Pause Young (Prepare Mixed) (G1 Preventive Collection)
[2024-07-18T16:19:10.997+0800][info][gc,task        ] GC(331) Using 12 workers of 13 for evacuation
[2024-07-18T16:19:10.997+0800][info][gc,phases      ] GC(331)   Pre Evacuate Collection Set: 0.0ms
[2024-07-18T16:19:10.997+0800][info][gc,phases      ] GC(331)   Merge Heap Roots: 0.0ms
[2024-07-18T16:19:10.997+0800][info][gc,phases      ] GC(331)   Evacuate Collection Set: 0.4ms
[2024-07-18T16:19:10.997+0800][info][gc,phases      ] GC(331)   Post Evacuate Collection Set: 0.1ms
[2024-07-18T16:19:10.997+0800][info][gc,phases      ] GC(331)   Other: 0.0ms
[2024-07-18T16:19:10.997+0800][info][gc,heap        ] GC(331) Eden regions: 4->0(23)
[2024-07-18T16:19:10.997+0800][info][gc,heap        ] GC(331) Survivor regions: 4->2(4)
[2024-07-18T16:19:10.997+0800][info][gc,heap        ] GC(331) Old regions: 313->317
[2024-07-18T16:19:10.997+0800][info][gc,heap        ] GC(331) Archive regions: 0->0
[2024-07-18T16:19:10.997+0800][info][gc,heap        ] GC(331) Humongous regions: 184->179
[2024-07-18T16:19:10.997+0800][info][gc,metaspace   ] GC(331) Metaspace: 194K(384K)->194K(384K) NonClass: 186K(256K)->186K(256K) Class: 7K(128K)->7K(128K)
[2024-07-18T16:19:10.997+0800][info][gc             ] GC(331) Pause Young (Prepare Mixed) (G1 Preventive Collection) 484M->478M(512M) 0.630ms
[2024-07-18T16:19:10.997+0800][info][gc,cpu         ] GC(331) User=0.00s Sys=0.00s Real=0.00s
[2024-07-18T16:19:11.001+0800][info][gc,start       ] GC(332) Pause Young (Mixed) (G1 Preventive Collection)
[2024-07-18T16:19:11.001+0800][info][gc,task        ] GC(332) Using 12 workers of 13 for evacuation
[2024-07-18T16:19:11.001+0800][info][gc             ] GC(332) To-space exhausted
[2024-07-18T16:19:11.001+0800][info][gc,phases      ] GC(332)   Pre Evacuate Collection Set: 0.0ms
[2024-07-18T16:19:11.001+0800][info][gc,phases      ] GC(332)   Merge Heap Roots: 0.0ms
[2024-07-18T16:19:11.001+0800][info][gc,phases      ] GC(332)   Evacuate Collection Set: 0.5ms
[2024-07-18T16:19:11.001+0800][info][gc,phases      ] GC(332)   Post Evacuate Collection Set: 0.5ms
[2024-07-18T16:19:11.001+0800][info][gc,phases      ] GC(332)   Other: 0.1ms
[2024-07-18T16:19:11.001+0800][info][gc,heap        ] GC(332) Eden regions: 5->0(24)
[2024-07-18T16:19:11.001+0800][info][gc,heap        ] GC(332) Survivor regions: 2->1(4)
[2024-07-18T16:19:11.001+0800][info][gc,heap        ] GC(332) Old regions: 317->321
[2024-07-18T16:19:11.001+0800][info][gc,heap        ] GC(332) Archive regions: 0->0
[2024-07-18T16:19:11.001+0800][info][gc,heap        ] GC(332) Humongous regions: 182->179
[2024-07-18T16:19:11.001+0800][info][gc,metaspace   ] GC(332) Metaspace: 194K(384K)->194K(384K) NonClass: 186K(256K)->186K(256K) Class: 7K(128K)->7K(128K)
[2024-07-18T16:19:11.001+0800][info][gc             ] GC(332) Pause Young (Mixed) (G1 Preventive Collection) 485M->481M(512M) 1.286ms
[2024-07-18T16:19:11.001+0800][info][gc,cpu         ] GC(332) User=0.00s Sys=0.00s Real=0.00s
[2024-07-18T16:19:11.001+0800][info][gc,start       ] GC(333) Pause Young (Mixed) (G1 Preventive Collection)
[2024-07-18T16:19:11.001+0800][info][gc,task        ] GC(333) Using 12 workers of 13 for evacuation
[2024-07-18T16:19:11.001+0800][info][gc             ] GC(333) To-space exhausted
[2024-07-18T16:19:11.001+0800][info][gc,phases      ] GC(333)   Pre Evacuate Collection Set: 0.0ms
[2024-07-18T16:19:11.001+0800][info][gc,phases      ] GC(333)   Merge Heap Roots: 0.0ms
[2024-07-18T16:19:11.001+0800][info][gc,phases      ] GC(333)   Evacuate Collection Set: 0.7ms
[2024-07-18T16:19:11.001+0800][info][gc,phases      ] GC(333)   Post Evacuate Collection Set: 0.1ms
[2024-07-18T16:19:11.001+0800][info][gc,phases      ] GC(333)   Other: 0.1ms
[2024-07-18T16:19:11.001+0800][info][gc,heap        ] GC(333) Eden regions: 2->0(23)
[2024-07-18T16:19:11.001+0800][info][gc,heap        ] GC(333) Survivor regions: 1->2(4)
[2024-07-18T16:19:11.001+0800][info][gc,heap        ] GC(333) Old regions: 321->324
[2024-07-18T16:19:11.001+0800][info][gc,heap        ] GC(333) Archive regions: 0->0
[2024-07-18T16:19:11.001+0800][info][gc,heap        ] GC(333) Humongous regions: 179->179
[2024-07-18T16:19:11.001+0800][info][gc,metaspace   ] GC(333) Metaspace: 194K(384K)->194K(384K) NonClass: 186K(256K)->186K(256K) Class: 7K(128K)->7K(128K)
[2024-07-18T16:19:11.001+0800][info][gc             ] GC(333) Pause Young (Mixed) (G1 Preventive Collection) 483M->485M(512M) 0.941ms
[2024-07-18T16:19:11.001+0800][info][gc,cpu         ] GC(333) User=0.00s Sys=0.00s Real=0.00s
[2024-07-18T16:19:11.001+0800][info][gc,start       ] GC(334) Pause Young (Concurrent Start) (G1 Humongous Allocation)
[2024-07-18T16:19:11.001+0800][info][gc,task        ] GC(334) Using 12 workers of 13 for evacuation
[2024-07-18T16:19:11.004+0800][info][gc,phases      ] GC(334)   Pre Evacuate Collection Set: 0.0ms
[2024-07-18T16:19:11.004+0800][info][gc,phases      ] GC(334)   Merge Heap Roots: 0.0ms
[2024-07-18T16:19:11.004+0800][info][gc,phases      ] GC(334)   Evacuate Collection Set: 0.1ms
[2024-07-18T16:19:11.004+0800][info][gc,phases      ] GC(334)   Post Evacuate Collection Set: 0.1ms
[2024-07-18T16:19:11.004+0800][info][gc,phases      ] GC(334)   Other: 0.1ms
[2024-07-18T16:19:11.004+0800][info][gc,heap        ] GC(334) Eden regions: 2->0(22)
[2024-07-18T16:19:11.004+0800][info][gc,heap        ] GC(334) Survivor regions: 2->3(4)
[2024-07-18T16:19:11.004+0800][info][gc,heap        ] GC(334) Old regions: 324->324
[2024-07-18T16:19:11.004+0800][info][gc,heap        ] GC(334) Archive regions: 0->0
[2024-07-18T16:19:11.004+0800][info][gc,heap        ] GC(334) Humongous regions: 179->179
[2024-07-18T16:19:11.004+0800][info][gc,metaspace   ] GC(334) Metaspace: 194K(384K)->194K(384K) NonClass: 186K(256K)->186K(256K) Class: 7K(128K)->7K(128K)
[2024-07-18T16:19:11.004+0800][info][gc             ] GC(334) Pause Young (Concurrent Start) (G1 Humongous Allocation) 487M->486M(512M) 0.391ms
[2024-07-18T16:19:11.004+0800][info][gc,cpu         ] GC(334) User=0.00s Sys=0.00s Real=0.00s
[2024-07-18T16:19:11.004+0800][info][gc             ] GC(335) Concurrent Mark Cycle
[2024-07-18T16:19:11.004+0800][info][gc,marking     ] GC(335) Concurrent Clear Claimed Marks
[2024-07-18T16:19:11.004+0800][info][gc,marking     ] GC(335) Concurrent Clear Claimed Marks 0.008ms
[2024-07-18T16:19:11.004+0800][info][gc,marking     ] GC(335) Concurrent Scan Root Regions
[2024-07-18T16:19:11.004+0800][info][gc,marking     ] GC(335) Concurrent Scan Root Regions 0.062ms
[2024-07-18T16:19:11.004+0800][info][gc,marking     ] GC(335) Concurrent Mark
[2024-07-18T16:19:11.004+0800][info][gc,marking     ] GC(335) Concurrent Mark From Roots
[2024-07-18T16:19:11.004+0800][info][gc,task        ] GC(335) Using 3 workers of 3 for marking
[2024-07-18T16:19:11.004+0800][info][gc,start       ] GC(336) Pause Young (Normal) (G1 Preventive Collection)
[2024-07-18T16:19:11.004+0800][info][gc,task        ] GC(336) Using 12 workers of 13 for evacuation
[2024-07-18T16:19:11.004+0800][info][gc,phases      ] GC(336)   Pre Evacuate Collection Set: 0.0ms
[2024-07-18T16:19:11.004+0800][info][gc,phases      ] GC(336)   Merge Heap Roots: 0.0ms
[2024-07-18T16:19:11.004+0800][info][gc,phases      ] GC(336)   Evacuate Collection Set: 0.1ms
[2024-07-18T16:19:11.004+0800][info][gc,phases      ] GC(336)   Post Evacuate Collection Set: 0.1ms
[2024-07-18T16:19:11.004+0800][info][gc,phases      ] GC(336)   Other: 0.0ms
[2024-07-18T16:19:11.004+0800][info][gc,heap        ] GC(336) Eden regions: 1->0(23)
[2024-07-18T16:19:11.004+0800][info][gc,heap        ] GC(336) Survivor regions: 3->2(4)
[2024-07-18T16:19:11.004+0800][info][gc,heap        ] GC(336) Old regions: 324->325
[2024-07-18T16:19:11.004+0800][info][gc,heap        ] GC(336) Archive regions: 0->0
[2024-07-18T16:19:11.004+0800][info][gc,heap        ] GC(336) Humongous regions: 180->179
[2024-07-18T16:19:11.004+0800][info][gc,metaspace   ] GC(336) Metaspace: 194K(384K)->194K(384K) NonClass: 186K(256K)->186K(256K) Class: 7K(128K)->7K(128K)
[2024-07-18T16:19:11.004+0800][info][gc             ] GC(336) Pause Young (Normal) (G1 Preventive Collection) 487M->486M(512M) 0.390ms
[2024-07-18T16:19:11.004+0800][info][gc,cpu         ] GC(336) User=0.00s Sys=0.00s Real=0.00s
[2024-07-18T16:19:11.004+0800][info][gc,start       ] GC(337) Pause Young (Normal) (G1 Preventive Collection)
[2024-07-18T16:19:11.004+0800][info][gc,task        ] GC(337) Using 12 workers of 13 for evacuation
[2024-07-18T16:19:11.004+0800][info][gc,phases      ] GC(337)   Pre Evacuate Collection Set: 0.0ms
[2024-07-18T16:19:11.004+0800][info][gc,phases      ] GC(337)   Merge Heap Roots: 0.0ms
[2024-07-18T16:19:11.004+0800][info][gc,phases      ] GC(337)   Evacuate Collection Set: 0.1ms
[2024-07-18T16:19:11.004+0800][info][gc,phases      ] GC(337)   Post Evacuate Collection Set: 0.1ms
[2024-07-18T16:19:11.004+0800][info][gc,phases      ] GC(337)   Other: 0.0ms
[2024-07-18T16:19:11.004+0800][info][gc,heap        ] GC(337) Eden regions: 1->0(22)
[2024-07-18T16:19:11.004+0800][info][gc,heap        ] GC(337) Survivor regions: 2->3(3)
[2024-07-18T16:19:11.004+0800][info][gc,heap        ] GC(337) Old regions: 325->325
[2024-07-18T16:19:11.004+0800][info][gc,heap        ] GC(337) Archive regions: 0->0
[2024-07-18T16:19:11.004+0800][info][gc,heap        ] GC(337) Humongous regions: 181->180
[2024-07-18T16:19:11.004+0800][info][gc,metaspace   ] GC(337) Metaspace: 194K(384K)->194K(384K) NonClass: 186K(256K)->186K(256K) Class: 7K(128K)->7K(128K)
[2024-07-18T16:19:11.004+0800][info][gc             ] GC(337) Pause Young (Normal) (G1 Preventive Collection) 489M->488M(512M) 0.317ms
[2024-07-18T16:19:11.004+0800][info][gc,cpu         ] GC(337) User=0.00s Sys=0.00s Real=0.00s
[2024-07-18T16:19:11.004+0800][info][gc,start       ] GC(338) Pause Young (Normal) (G1 Preventive Collection)
[2024-07-18T16:19:11.004+0800][info][gc,task        ] GC(338) Using 12 workers of 13 for evacuation
[2024-07-18T16:19:11.005+0800][info][gc             ] GC(338) To-space exhausted
[2024-07-18T16:19:11.005+0800][info][gc,phases      ] GC(338)   Pre Evacuate Collection Set: 0.0ms
[2024-07-18T16:19:11.005+0800][info][gc,phases      ] GC(338)   Merge Heap Roots: 0.0ms
[2024-07-18T16:19:11.005+0800][info][gc,phases      ] GC(338)   Evacuate Collection Set: 0.1ms
[2024-07-18T16:19:11.005+0800][info][gc,phases      ] GC(338)   Post Evacuate Collection Set: 0.1ms
[2024-07-18T16:19:11.005+0800][info][gc,phases      ] GC(338)   Other: 0.1ms
[2024-07-18T16:19:11.005+0800][info][gc,heap        ] GC(338) Eden regions: 1->0(23)
[2024-07-18T16:19:11.005+0800][info][gc,heap        ] GC(338) Survivor regions: 3->2(3)
[2024-07-18T16:19:11.005+0800][info][gc,heap        ] GC(338) Old regions: 325->327
[2024-07-18T16:19:11.005+0800][info][gc,heap        ] GC(338) Archive regions: 0->0
[2024-07-18T16:19:11.005+0800][info][gc,heap        ] GC(338) Humongous regions: 180->179
[2024-07-18T16:19:11.005+0800][info][gc,metaspace   ] GC(338) Metaspace: 194K(384K)->194K(384K) NonClass: 186K(256K)->186K(256K) Class: 7K(128K)->7K(128K)
[2024-07-18T16:19:11.005+0800][info][gc             ] GC(338) Pause Young (Normal) (G1 Preventive Collection) 489M->488M(512M) 0.365ms
[2024-07-18T16:19:11.005+0800][info][gc,cpu         ] GC(338) User=0.00s Sys=0.00s Real=0.00s
[2024-07-18T16:19:11.005+0800][info][gc,start       ] GC(339) Pause Young (Normal) (G1 Preventive Collection)
[2024-07-18T16:19:11.005+0800][info][gc,task        ] GC(339) Using 12 workers of 13 for evacuation
[2024-07-18T16:19:11.005+0800][info][gc,phases      ] GC(339)   Pre Evacuate Collection Set: 0.0ms
[2024-07-18T16:19:11.005+0800][info][gc,phases      ] GC(339)   Merge Heap Roots: 0.0ms
[2024-07-18T16:19:11.005+0800][info][gc,phases      ] GC(339)   Evacuate Collection Set: 0.1ms
[2024-07-18T16:19:11.005+0800][info][gc,phases      ] GC(339)   Post Evacuate Collection Set: 0.1ms
[2024-07-18T16:19:11.005+0800][info][gc,phases      ] GC(339)   Other: 0.0ms
[2024-07-18T16:19:11.005+0800][info][gc,heap        ] GC(339) Eden regions: 1->0(22)
[2024-07-18T16:19:11.005+0800][info][gc,heap        ] GC(339) Survivor regions: 2->3(3)
[2024-07-18T16:19:11.005+0800][info][gc,heap        ] GC(339) Old regions: 327->327
[2024-07-18T16:19:11.005+0800][info][gc,heap        ] GC(339) Archive regions: 0->0
[2024-07-18T16:19:11.005+0800][info][gc,heap        ] GC(339) Humongous regions: 179->179
[2024-07-18T16:19:11.005+0800][info][gc,metaspace   ] GC(339) Metaspace: 194K(384K)->194K(384K) NonClass: 186K(256K)->186K(256K) Class: 7K(128K)->7K(128K)
[2024-07-18T16:19:11.005+0800][info][gc             ] GC(339) Pause Young (Normal) (G1 Preventive Collection) 489M->489M(512M) 0.298ms
[2024-07-18T16:19:11.005+0800][info][gc,cpu         ] GC(339) User=0.00s Sys=0.00s Real=0.00s
[2024-07-18T16:19:11.005+0800][info][gc,start       ] GC(340) Pause Young (Normal) (G1 Preventive Collection)
[2024-07-18T16:19:11.005+0800][info][gc,task        ] GC(340) Using 12 workers of 13 for evacuation
[2024-07-18T16:19:11.005+0800][info][gc             ] GC(340) To-space exhausted
[2024-07-18T16:19:11.005+0800][info][gc,phases      ] GC(340)   Pre Evacuate Collection Set: 0.0ms
[2024-07-18T16:19:11.005+0800][info][gc,phases      ] GC(340)   Merge Heap Roots: 0.0ms
[2024-07-18T16:19:11.005+0800][info][gc,phases      ] GC(340)   Evacuate Collection Set: 0.1ms
[2024-07-18T16:19:11.005+0800][info][gc,phases      ] GC(340)   Post Evacuate Collection Set: 0.1ms
[2024-07-18T16:19:11.005+0800][info][gc,phases      ] GC(340)   Other: 0.0ms
[2024-07-18T16:19:11.005+0800][info][gc,heap        ] GC(340) Eden regions: 1->0(23)
[2024-07-18T16:19:11.005+0800][info][gc,heap        ] GC(340) Survivor regions: 3->2(2)
[2024-07-18T16:19:11.005+0800][info][gc,heap        ] GC(340) Old regions: 327->331
[2024-07-18T16:19:11.005+0800][info][gc,heap        ] GC(340) Archive regions: 0->0
[2024-07-18T16:19:11.005+0800][info][gc,heap        ] GC(340) Humongous regions: 179->179
[2024-07-18T16:19:11.005+0800][info][gc,metaspace   ] GC(340) Metaspace: 194K(384K)->194K(384K) NonClass: 186K(256K)->186K(256K) Class: 7K(128K)->7K(128K)
[2024-07-18T16:19:11.005+0800][info][gc             ] GC(340) Pause Young (Normal) (G1 Preventive Collection) 490M->492M(512M) 0.287ms
[2024-07-18T16:19:11.005+0800][info][gc,cpu         ] GC(340) User=0.00s Sys=0.00s Real=0.00s
[2024-07-18T16:19:11.005+0800][info][gc,ergo        ] Attempting full compaction
[2024-07-18T16:19:11.005+0800][info][gc,task        ] GC(341) Using 12 workers of 13 for full compaction
[2024-07-18T16:19:11.005+0800][info][gc,start       ] GC(341) Pause Full (G1 Compaction Pause)
[2024-07-18T16:19:11.007+0800][info][gc,phases,start] GC(341) Phase 1: Mark live objects
[2024-07-18T16:19:11.007+0800][info][gc,phases      ] GC(341) Phase 1: Mark live objects 0.515ms
[2024-07-18T16:19:11.007+0800][info][gc,phases,start] GC(341) Phase 2: Prepare for compaction
[2024-07-18T16:19:11.007+0800][info][gc,phases      ] GC(341) Phase 2: Prepare for compaction 0.162ms
[2024-07-18T16:19:11.007+0800][info][gc,phases,start] GC(341) Phase 3: Adjust pointers
[2024-07-18T16:19:11.008+0800][info][gc,phases      ] GC(341) Phase 3: Adjust pointers 0.226ms
[2024-07-18T16:19:11.008+0800][info][gc,phases,start] GC(341) Phase 4: Compact heap
[2024-07-18T16:19:11.017+0800][info][gc,phases      ] GC(341) Phase 4: Compact heap 14.257ms
[2024-07-18T16:19:11.017+0800][info][gc,heap        ] GC(341) Eden regions: 0->0(25)
[2024-07-18T16:19:11.017+0800][info][gc,heap        ] GC(341) Survivor regions: 2->0(2)
[2024-07-18T16:19:11.017+0800][info][gc,heap        ] GC(341) Old regions: 331->257
[2024-07-18T16:19:11.017+0800][info][gc,heap        ] GC(341) Archive regions: 0->0
[2024-07-18T16:19:11.017+0800][info][gc,heap        ] GC(341) Humongous regions: 179->179
[2024-07-18T16:19:11.017+0800][info][gc,metaspace   ] GC(341) Metaspace: 194K(384K)->194K(384K) NonClass: 186K(256K)->186K(256K) Class: 7K(128K)->7K(128K)
[2024-07-18T16:19:11.017+0800][info][gc             ] GC(341) Pause Full (G1 Compaction Pause) 492M->407M(512M) 16.138ms
[2024-07-18T16:19:11.017+0800][info][gc,cpu         ] GC(341) User=0.00s Sys=0.00s Real=0.01s
[2024-07-18T16:19:11.017+0800][info][gc,marking     ] GC(335) Concurrent Mark From Roots 18.983ms
[2024-07-18T16:19:11.017+0800][info][gc,marking     ] GC(335) Concurrent Mark Abort
[2024-07-18T16:19:11.017+0800][info][gc             ] GC(335) Concurrent Mark Cycle 19.133ms
[2024-07-18T16:19:11.017+0800][info][gc,start       ] GC(342) Pause Young (Concurrent Start) (G1 Humongous Allocation)
[2024-07-18T16:19:11.017+0800][info][gc,task        ] GC(342) Using 12 workers of 13 for evacuation
[2024-07-18T16:19:11.017+0800][info][gc,phases      ] GC(342)   Pre Evacuate Collection Set: 0.1ms
[2024-07-18T16:19:11.017+0800][info][gc,phases      ] GC(342)   Merge Heap Roots: 0.0ms
[2024-07-18T16:19:11.017+0800][info][gc,phases      ] GC(342)   Evacuate Collection Set: 0.2ms
[2024-07-18T16:19:11.017+0800][info][gc,phases      ] GC(342)   Post Evacuate Collection Set: 0.2ms
[2024-07-18T16:19:11.017+0800][info][gc,phases      ] GC(342)   Other: 0.1ms
[2024-07-18T16:19:11.017+0800][info][gc,heap        ] GC(342) Eden regions: 8->0(21)
[2024-07-18T16:19:11.017+0800][info][gc,heap        ] GC(342) Survivor regions: 0->4(4)
[2024-07-18T16:19:11.017+0800][info][gc,heap        ] GC(342) Old regions: 257->257
[2024-07-18T16:19:11.017+0800][info][gc,heap        ] GC(342) Archive regions: 0->0
[2024-07-18T16:19:11.017+0800][info][gc,heap        ] GC(342) Humongous regions: 179->179
[2024-07-18T16:19:11.017+0800][info][gc,metaspace   ] GC(342) Metaspace: 194K(384K)->194K(384K) NonClass: 186K(256K)->186K(256K) Class: 7K(128K)->7K(128K)
[2024-07-18T16:19:11.017+0800][info][gc             ] GC(342) Pause Young (Concurrent Start) (G1 Humongous Allocation) 414M->410M(512M) 0.737ms
[2024-07-18T16:19:11.017+0800][info][gc,cpu         ] GC(342) User=0.00s Sys=0.00s Real=0.00s
[2024-07-18T16:19:11.017+0800][info][gc             ] GC(343) Concurrent Mark Cycle
[2024-07-18T16:19:11.017+0800][info][gc,marking     ] GC(343) Concurrent Clear Claimed Marks
[2024-07-18T16:19:11.017+0800][info][gc,marking     ] GC(343) Concurrent Clear Claimed Marks 0.007ms
[2024-07-18T16:19:11.017+0800][info][gc,marking     ] GC(343) Concurrent Scan Root Regions
[2024-07-18T16:19:11.017+0800][info][gc,marking     ] GC(343) Concurrent Scan Root Regions 0.031ms
[2024-07-18T16:19:11.017+0800][info][gc,marking     ] GC(343) Concurrent Mark
[2024-07-18T16:19:11.017+0800][info][gc,marking     ] GC(343) Concurrent Mark From Roots
[2024-07-18T16:19:11.017+0800][info][gc,task        ] GC(343) Using 3 workers of 3 for marking
[2024-07-18T16:19:11.017+0800][info][gc,marking     ] GC(343) Concurrent Mark From Roots 0.634ms
[2024-07-18T16:19:11.017+0800][info][gc,marking     ] GC(343) Concurrent Preclean
[2024-07-18T16:19:11.017+0800][info][gc,marking     ] GC(343) Concurrent Preclean 0.057ms
[2024-07-18T16:19:11.017+0800][info][gc,start       ] GC(343) Pause Remark
[2024-07-18T16:19:11.017+0800][info][gc             ] GC(343) Pause Remark 424M->423M(512M) 0.279ms
[2024-07-18T16:19:11.017+0800][info][gc,cpu         ] GC(343) User=0.00s Sys=0.00s Real=0.00s
[2024-07-18T16:19:11.017+0800][info][gc,marking     ] GC(343) Concurrent Mark 1.071ms
[2024-07-18T16:19:11.017+0800][info][gc,marking     ] GC(343) Concurrent Rebuild Remembered Sets
[2024-07-18T16:19:11.017+0800][info][gc,marking     ] GC(343) Concurrent Rebuild Remembered Sets 0.335ms
[2024-07-18T16:19:11.017+0800][info][gc,start       ] GC(343) Pause Cleanup
[2024-07-18T16:19:11.026+0800][info][gc             ] GC(343) Pause Cleanup 430M->430M(512M) 0.109ms
[2024-07-18T16:19:11.026+0800][info][gc,cpu         ] GC(343) User=0.00s Sys=0.00s Real=0.01s
[2024-07-18T16:19:11.026+0800][info][gc,marking     ] GC(343) Concurrent Cleanup for Next Mark
[2024-07-18T16:19:11.026+0800][info][gc,marking     ] GC(343) Concurrent Cleanup for Next Mark 0.452ms
[2024-07-18T16:19:11.026+0800][info][gc             ] GC(343) Concurrent Mark Cycle 2.156ms
[2024-07-18T16:19:11.026+0800][info][gc,start       ] GC(344) Pause Young (Prepare Mixed) (G1 Evacuation Pause)
[2024-07-18T16:19:11.026+0800][info][gc,task        ] GC(344) Using 12 workers of 13 for evacuation
[2024-07-18T16:19:11.028+0800][info][gc,phases      ] GC(344)   Pre Evacuate Collection Set: 0.0ms
[2024-07-18T16:19:11.028+0800][info][gc,phases      ] GC(344)   Merge Heap Roots: 0.1ms
[2024-07-18T16:19:11.028+0800][info][gc,phases      ] GC(344)   Evacuate Collection Set: 0.8ms
[2024-07-18T16:19:11.028+0800][info][gc,phases      ] GC(344)   Post Evacuate Collection Set: 0.1ms
[2024-07-18T16:19:11.028+0800][info][gc,phases      ] GC(344)   Other: 0.1ms
[2024-07-18T16:19:11.028+0800][info][gc,heap        ] GC(344) Eden regions: 21->0(21)
[2024-07-18T16:19:11.028+0800][info][gc,heap        ] GC(344) Survivor regions: 4->4(4)
[2024-07-18T16:19:11.028+0800][info][gc,heap        ] GC(344) Old regions: 256->264
[2024-07-18T16:19:11.028+0800][info][gc,heap        ] GC(344) Archive regions: 0->0
[2024-07-18T16:19:11.028+0800][info][gc,heap        ] GC(344) Humongous regions: 199->181
[2024-07-18T16:19:11.028+0800][info][gc,metaspace   ] GC(344) Metaspace: 194K(384K)->194K(384K) NonClass: 186K(256K)->186K(256K) Class: 7K(128K)->7K(128K)
[2024-07-18T16:19:11.028+0800][info][gc             ] GC(344) Pause Young (Prepare Mixed) (G1 Evacuation Pause) 451M->420M(512M) 1.273ms
[2024-07-18T16:19:11.028+0800][info][gc,cpu         ] GC(344) User=0.00s Sys=0.00s Real=0.00s
[2024-07-18T16:19:11.030+0800][info][gc,start       ] GC(345) Pause Young (Mixed) (G1 Evacuation Pause)
[2024-07-18T16:19:11.030+0800][info][gc,task        ] GC(345) Using 12 workers of 13 for evacuation
[2024-07-18T16:19:11.030+0800][info][gc,phases      ] GC(345)   Pre Evacuate Collection Set: 0.0ms
[2024-07-18T16:19:11.030+0800][info][gc,phases      ] GC(345)   Merge Heap Roots: 0.0ms
[2024-07-18T16:19:11.030+0800][info][gc,phases      ] GC(345)   Evacuate Collection Set: 1.2ms
[2024-07-18T16:19:11.030+0800][info][gc,phases      ] GC(345)   Post Evacuate Collection Set: 0.1ms
[2024-07-18T16:19:11.030+0800][info][gc,phases      ] GC(345)   Other: 0.1ms
[2024-07-18T16:19:11.030+0800][info][gc,heap        ] GC(345) Eden regions: 21->0(21)
[2024-07-18T16:19:11.030+0800][info][gc,heap        ] GC(345) Survivor regions: 4->4(4)
[2024-07-18T16:19:11.030+0800][info][gc,heap        ] GC(345) Old regions: 264->267
[2024-07-18T16:19:11.030+0800][info][gc,heap        ] GC(345) Archive regions: 0->0
[2024-07-18T16:19:11.030+0800][info][gc,heap        ] GC(345) Humongous regions: 188->180
[2024-07-18T16:19:11.030+0800][info][gc,metaspace   ] GC(345) Metaspace: 194K(384K)->194K(384K) NonClass: 186K(256K)->186K(256K) Class: 7K(128K)->7K(128K)
[2024-07-18T16:19:11.030+0800][info][gc             ] GC(345) Pause Young (Mixed) (G1 Evacuation Pause) 447M->426M(512M) 1.502ms
[2024-07-18T16:19:11.030+0800][info][gc,cpu         ] GC(345) User=0.00s Sys=0.00s Real=0.00s
[2024-07-18T16:19:11.030+0800][info][gc,start       ] GC(346) Pause Young (Concurrent Start) (G1 Humongous Allocation)
[2024-07-18T16:19:11.030+0800][info][gc,task        ] GC(346) Using 12 workers of 13 for evacuation
[2024-07-18T16:19:11.033+0800][info][gc,phases      ] GC(346)   Pre Evacuate Collection Set: 0.0ms
[2024-07-18T16:19:11.033+0800][info][gc,phases      ] GC(346)   Merge Heap Roots: 0.0ms
[2024-07-18T16:19:11.033+0800][info][gc,phases      ] GC(346)   Evacuate Collection Set: 0.3ms
[2024-07-18T16:19:11.033+0800][info][gc,phases      ] GC(346)   Post Evacuate Collection Set: 0.1ms
[2024-07-18T16:19:11.033+0800][info][gc,phases      ] GC(346)   Other: 0.1ms
[2024-07-18T16:19:11.033+0800][info][gc,heap        ] GC(346) Eden regions: 1->0(24)
[2024-07-18T16:19:11.033+0800][info][gc,heap        ] GC(346) Survivor regions: 4->1(4)
[2024-07-18T16:19:11.033+0800][info][gc,heap        ] GC(346) Old regions: 267->271
[2024-07-18T16:19:11.033+0800][info][gc,heap        ] GC(346) Archive regions: 0->0
[2024-07-18T16:19:11.033+0800][info][gc,heap        ] GC(346) Humongous regions: 180->180
[2024-07-18T16:19:11.033+0800][info][gc,metaspace   ] GC(346) Metaspace: 194K(384K)->194K(384K) NonClass: 186K(256K)->186K(256K) Class: 7K(128K)->7K(128K)
[2024-07-18T16:19:11.033+0800][info][gc             ] GC(346) Pause Young (Concurrent Start) (G1 Humongous Allocation) 427M->427M(512M) 0.561ms
[2024-07-18T16:19:11.033+0800][info][gc,cpu         ] GC(346) User=0.00s Sys=0.00s Real=0.00s
[2024-07-18T16:19:11.033+0800][info][gc             ] GC(347) Concurrent Mark Cycle
[2024-07-18T16:19:11.033+0800][info][gc,marking     ] GC(347) Concurrent Clear Claimed Marks
[2024-07-18T16:19:11.033+0800][info][gc,marking     ] GC(347) Concurrent Clear Claimed Marks 0.009ms
[2024-07-18T16:19:11.033+0800][info][gc,marking     ] GC(347) Concurrent Scan Root Regions
[2024-07-18T16:19:11.033+0800][info][gc,marking     ] GC(347) Concurrent Scan Root Regions 0.023ms
[2024-07-18T16:19:11.033+0800][info][gc,marking     ] GC(347) Concurrent Mark
[2024-07-18T16:19:11.033+0800][info][gc,marking     ] GC(347) Concurrent Mark From Roots
[2024-07-18T16:19:11.033+0800][info][gc,task        ] GC(347) Using 3 workers of 3 for marking
[2024-07-18T16:19:11.034+0800][info][gc,marking     ] GC(347) Concurrent Mark From Roots 0.680ms
[2024-07-18T16:19:11.034+0800][info][gc,marking     ] GC(347) Concurrent Preclean
[2024-07-18T16:19:11.034+0800][info][gc,marking     ] GC(347) Concurrent Preclean 0.056ms
[2024-07-18T16:19:11.034+0800][info][gc,start       ] GC(347) Pause Remark
[2024-07-18T16:19:11.034+0800][info][gc             ] GC(347) Pause Remark 437M->437M(512M) 0.223ms
[2024-07-18T16:19:11.034+0800][info][gc,cpu         ] GC(347) User=0.00s Sys=0.00s Real=0.00s
[2024-07-18T16:19:11.034+0800][info][gc,marking     ] GC(347) Concurrent Mark 1.056ms
[2024-07-18T16:19:11.034+0800][info][gc,marking     ] GC(347) Concurrent Rebuild Remembered Sets
[2024-07-18T16:19:11.035+0800][info][gc,marking     ] GC(347) Concurrent Rebuild Remembered Sets 0.429ms
[2024-07-18T16:19:11.035+0800][info][gc,start       ] GC(347) Pause Cleanup
[2024-07-18T16:19:11.035+0800][info][gc             ] GC(347) Pause Cleanup 445M->445M(512M) 0.084ms
[2024-07-18T16:19:11.035+0800][info][gc,cpu         ] GC(347) User=0.00s Sys=0.00s Real=0.00s
[2024-07-18T16:19:11.035+0800][info][gc,marking     ] GC(347) Concurrent Cleanup for Next Mark
[2024-07-18T16:19:11.035+0800][info][gc,marking     ] GC(347) Concurrent Cleanup for Next Mark 0.479ms
[2024-07-18T16:19:11.035+0800][info][gc             ] GC(347) Concurrent Mark Cycle 2.221ms
[2024-07-18T16:19:11.035+0800][info][gc,start       ] GC(348) Pause Young (Prepare Mixed) (G1 Evacuation Pause)
[2024-07-18T16:19:11.035+0800][info][gc,task        ] GC(348) Using 12 workers of 13 for evacuation
[2024-07-18T16:19:11.037+0800][info][gc,phases      ] GC(348)   Pre Evacuate Collection Set: 0.0ms
[2024-07-18T16:19:11.037+0800][info][gc,phases      ] GC(348)   Merge Heap Roots: 0.1ms
[2024-07-18T16:19:11.037+0800][info][gc,phases      ] GC(348)   Evacuate Collection Set: 0.6ms
[2024-07-18T16:19:11.037+0800][info][gc,phases      ] GC(348)   Post Evacuate Collection Set: 0.1ms
[2024-07-18T16:19:11.037+0800][info][gc,phases      ] GC(348)   Other: 0.1ms
[2024-07-18T16:19:11.037+0800][info][gc,heap        ] GC(348) Eden regions: 24->0(21)
[2024-07-18T16:19:11.037+0800][info][gc,heap        ] GC(348) Survivor regions: 1->4(4)
[2024-07-18T16:19:11.037+0800][info][gc,heap        ] GC(348) Old regions: 271->274
[2024-07-18T16:19:11.037+0800][info][gc,heap        ] GC(348) Archive regions: 0->0
[2024-07-18T16:19:11.037+0800][info][gc,heap        ] GC(348) Humongous regions: 196->182
[2024-07-18T16:19:11.037+0800][info][gc,metaspace   ] GC(348) Metaspace: 194K(384K)->194K(384K) NonClass: 186K(256K)->186K(256K) Class: 7K(128K)->7K(128K)
[2024-07-18T16:19:11.037+0800][info][gc             ] GC(348) Pause Young (Prepare Mixed) (G1 Evacuation Pause) 466M->436M(512M) 1.017ms
[2024-07-18T16:19:11.037+0800][info][gc,cpu         ] GC(348) User=0.00s Sys=0.00s Real=0.00s
[2024-07-18T16:19:11.038+0800][info][gc,start       ] GC(349) Pause Young (Mixed) (G1 Evacuation Pause)
[2024-07-18T16:19:11.038+0800][info][gc,task        ] GC(349) Using 12 workers of 13 for evacuation
[2024-07-18T16:19:11.040+0800][info][gc,phases      ] GC(349)   Pre Evacuate Collection Set: 0.0ms
[2024-07-18T16:19:11.040+0800][info][gc,phases      ] GC(349)   Merge Heap Roots: 0.0ms
[2024-07-18T16:19:11.040+0800][info][gc,phases      ] GC(349)   Evacuate Collection Set: 1.4ms
[2024-07-18T16:19:11.040+0800][info][gc,phases      ] GC(349)   Post Evacuate Collection Set: 0.1ms
[2024-07-18T16:19:11.040+0800][info][gc,phases      ] GC(349)   Other: 0.1ms
[2024-07-18T16:19:11.040+0800][info][gc,heap        ] GC(349) Eden regions: 21->0(21)
[2024-07-18T16:19:11.040+0800][info][gc,heap        ] GC(349) Survivor regions: 4->4(4)
[2024-07-18T16:19:11.040+0800][info][gc,heap        ] GC(349) Old regions: 274->276
[2024-07-18T16:19:11.040+0800][info][gc,heap        ] GC(349) Archive regions: 0->0
[2024-07-18T16:19:11.040+0800][info][gc,heap        ] GC(349) Humongous regions: 193->184
[2024-07-18T16:19:11.040+0800][info][gc,metaspace   ] GC(349) Metaspace: 194K(384K)->194K(384K) NonClass: 186K(256K)->186K(256K) Class: 7K(128K)->7K(128K)
[2024-07-18T16:19:11.040+0800][info][gc             ] GC(349) Pause Young (Mixed) (G1 Evacuation Pause) 468M->442M(512M) 1.686ms
[2024-07-18T16:19:11.040+0800][info][gc,cpu         ] GC(349) User=0.00s Sys=0.00s Real=0.00s
[2024-07-18T16:19:11.040+0800][info][gc,start       ] GC(350) Pause Young (Concurrent Start) (G1 Humongous Allocation)
[2024-07-18T16:19:11.040+0800][info][gc,task        ] GC(350) Using 12 workers of 13 for evacuation
[2024-07-18T16:19:11.042+0800][info][gc,phases      ] GC(350)   Pre Evacuate Collection Set: 0.0ms
[2024-07-18T16:19:11.042+0800][info][gc,phases      ] GC(350)   Merge Heap Roots: 0.0ms
[2024-07-18T16:19:11.042+0800][info][gc,phases      ] GC(350)   Evacuate Collection Set: 0.3ms
[2024-07-18T16:19:11.042+0800][info][gc,phases      ] GC(350)   Post Evacuate Collection Set: 0.1ms
[2024-07-18T16:19:11.042+0800][info][gc,phases      ] GC(350)   Other: 0.1ms
[2024-07-18T16:19:11.042+0800][info][gc,heap        ] GC(350) Eden regions: 3->0(24)
[2024-07-18T16:19:11.042+0800][info][gc,heap        ] GC(350) Survivor regions: 4->1(4)
[2024-07-18T16:19:11.042+0800][info][gc,heap        ] GC(350) Old regions: 276->280
[2024-07-18T16:19:11.042+0800][info][gc,heap        ] GC(350) Archive regions: 0->0
[2024-07-18T16:19:11.042+0800][info][gc,heap        ] GC(350) Humongous regions: 184->184
[2024-07-18T16:19:11.042+0800][info][gc,metaspace   ] GC(350) Metaspace: 194K(384K)->194K(384K) NonClass: 186K(256K)->186K(256K) Class: 7K(128K)->7K(128K)
[2024-07-18T16:19:11.042+0800][info][gc             ] GC(350) Pause Young (Concurrent Start) (G1 Humongous Allocation) 444M->443M(512M) 0.546ms
[2024-07-18T16:19:11.042+0800][info][gc,cpu         ] GC(350) User=0.00s Sys=0.00s Real=0.00s
[2024-07-18T16:19:11.042+0800][info][gc             ] GC(351) Concurrent Mark Cycle
[2024-07-18T16:19:11.042+0800][info][gc,marking     ] GC(351) Concurrent Clear Claimed Marks
[2024-07-18T16:19:11.042+0800][info][gc,marking     ] GC(351) Concurrent Clear Claimed Marks 0.007ms
[2024-07-18T16:19:11.042+0800][info][gc,marking     ] GC(351) Concurrent Scan Root Regions
[2024-07-18T16:19:11.042+0800][info][gc,marking     ] GC(351) Concurrent Scan Root Regions 0.023ms
[2024-07-18T16:19:11.042+0800][info][gc,marking     ] GC(351) Concurrent Mark
[2024-07-18T16:19:11.042+0800][info][gc,marking     ] GC(351) Concurrent Mark From Roots
[2024-07-18T16:19:11.042+0800][info][gc,task        ] GC(351) Using 3 workers of 3 for marking
[2024-07-18T16:19:11.042+0800][info][gc,marking     ] GC(351) Concurrent Mark From Roots 0.727ms
[2024-07-18T16:19:11.042+0800][info][gc,marking     ] GC(351) Concurrent Preclean
[2024-07-18T16:19:11.042+0800][info][gc,marking     ] GC(351) Concurrent Preclean 0.057ms
[2024-07-18T16:19:11.042+0800][info][gc,start       ] GC(351) Pause Remark
[2024-07-18T16:19:11.042+0800][info][gc             ] GC(351) Pause Remark 456M->456M(512M) 0.231ms
[2024-07-18T16:19:11.042+0800][info][gc,cpu         ] GC(351) User=0.00s Sys=0.00s Real=0.00s
[2024-07-18T16:19:11.042+0800][info][gc,marking     ] GC(351) Concurrent Mark 1.112ms
[2024-07-18T16:19:11.042+0800][info][gc,marking     ] GC(351) Concurrent Rebuild Remembered Sets
[2024-07-18T16:19:11.042+0800][info][gc,marking     ] GC(351) Concurrent Rebuild Remembered Sets 0.475ms
[2024-07-18T16:19:11.042+0800][info][gc,start       ] GC(351) Pause Cleanup
[2024-07-18T16:19:11.042+0800][info][gc             ] GC(351) Pause Cleanup 463M->463M(512M) 0.094ms
[2024-07-18T16:19:11.042+0800][info][gc,cpu         ] GC(351) User=0.00s Sys=0.00s Real=0.00s
[2024-07-18T16:19:11.042+0800][info][gc,marking     ] GC(351) Concurrent Cleanup for Next Mark
[2024-07-18T16:19:11.042+0800][info][gc,marking     ] GC(351) Concurrent Cleanup for Next Mark 0.493ms
[2024-07-18T16:19:11.042+0800][info][gc             ] GC(351) Concurrent Mark Cycle 2.359ms
[2024-07-18T16:19:11.042+0800][info][gc,start       ] GC(352) Pause Young (Prepare Mixed) (G1 Preventive Collection)
[2024-07-18T16:19:11.042+0800][info][gc,task        ] GC(352) Using 12 workers of 13 for evacuation
[2024-07-18T16:19:11.042+0800][info][gc,phases      ] GC(352)   Pre Evacuate Collection Set: 0.0ms
[2024-07-18T16:19:11.042+0800][info][gc,phases      ] GC(352)   Merge Heap Roots: 0.1ms
[2024-07-18T16:19:11.042+0800][info][gc,phases      ] GC(352)   Evacuate Collection Set: 0.6ms
[2024-07-18T16:19:11.042+0800][info][gc,phases      ] GC(352)   Post Evacuate Collection Set: 0.1ms
[2024-07-18T16:19:11.042+0800][info][gc,phases      ] GC(352)   Other: 0.1ms
[2024-07-18T16:19:11.042+0800][info][gc,heap        ] GC(352) Eden regions: 23->0(21)
[2024-07-18T16:19:11.042+0800][info][gc,heap        ] GC(352) Survivor regions: 1->4(4)
[2024-07-18T16:19:11.042+0800][info][gc,heap        ] GC(352) Old regions: 280->285
[2024-07-18T16:19:11.042+0800][info][gc,heap        ] GC(352) Archive regions: 0->0
[2024-07-18T16:19:11.042+0800][info][gc,heap        ] GC(352) Humongous regions: 197->185
[2024-07-18T16:19:11.042+0800][info][gc,metaspace   ] GC(352) Metaspace: 194K(384K)->194K(384K) NonClass: 186K(256K)->186K(256K) Class: 7K(128K)->7K(128K)
[2024-07-18T16:19:11.042+0800][info][gc             ] GC(352) Pause Young (Prepare Mixed) (G1 Preventive Collection) 479M->452M(512M) 0.943ms
[2024-07-18T16:19:11.042+0800][info][gc,cpu         ] GC(352) User=0.00s Sys=0.00s Real=0.00s
[2024-07-18T16:19:11.042+0800][info][gc,start       ] GC(353) Pause Young (Mixed) (G1 Preventive Collection)
[2024-07-18T16:19:11.042+0800][info][gc,task        ] GC(353) Using 12 workers of 13 for evacuation
[2024-07-18T16:19:11.049+0800][info][gc             ] GC(353) To-space exhausted
[2024-07-18T16:19:11.049+0800][info][gc,phases      ] GC(353)   Pre Evacuate Collection Set: 0.0ms
[2024-07-18T16:19:11.049+0800][info][gc,phases      ] GC(353)   Merge Heap Roots: 0.0ms
[2024-07-18T16:19:11.049+0800][info][gc,phases      ] GC(353)   Evacuate Collection Set: 1.0ms
[2024-07-18T16:19:11.049+0800][info][gc,phases      ] GC(353)   Post Evacuate Collection Set: 0.2ms
[2024-07-18T16:19:11.049+0800][info][gc,phases      ] GC(353)   Other: 0.1ms
[2024-07-18T16:19:11.049+0800][info][gc,heap        ] GC(353) Eden regions: 16->0(23)
[2024-07-18T16:19:11.049+0800][info][gc,heap        ] GC(353) Survivor regions: 4->2(4)
[2024-07-18T16:19:11.049+0800][info][gc,heap        ] GC(353) Old regions: 285->304
[2024-07-18T16:19:11.049+0800][info][gc,heap        ] GC(353) Archive regions: 0->0
[2024-07-18T16:19:11.049+0800][info][gc,heap        ] GC(353) Humongous regions: 194->181
[2024-07-18T16:19:11.049+0800][info][gc,metaspace   ] GC(353) Metaspace: 194K(384K)->194K(384K) NonClass: 186K(256K)->186K(256K) Class: 7K(128K)->7K(128K)
[2024-07-18T16:19:11.049+0800][info][gc             ] GC(353) Pause Young (Mixed) (G1 Preventive Collection) 476M->466M(512M) 1.387ms
[2024-07-18T16:19:11.049+0800][info][gc,cpu         ] GC(353) User=0.00s Sys=0.00s Real=0.01s
[2024-07-18T16:19:11.049+0800][info][gc,start       ] GC(354) Pause Young (Concurrent Start) (G1 Humongous Allocation)
[2024-07-18T16:19:11.049+0800][info][gc,task        ] GC(354) Using 12 workers of 13 for evacuation
[2024-07-18T16:19:11.050+0800][info][gc,phases      ] GC(354)   Pre Evacuate Collection Set: 0.0ms
[2024-07-18T16:19:11.050+0800][info][gc,phases      ] GC(354)   Merge Heap Roots: 0.0ms
[2024-07-18T16:19:11.050+0800][info][gc,phases      ] GC(354)   Evacuate Collection Set: 0.1ms
[2024-07-18T16:19:11.050+0800][info][gc,phases      ] GC(354)   Post Evacuate Collection Set: 0.1ms
[2024-07-18T16:19:11.050+0800][info][gc,phases      ] GC(354)   Other: 0.1ms
[2024-07-18T16:19:11.050+0800][info][gc,heap        ] GC(354) Eden regions: 2->0(22)
[2024-07-18T16:19:11.050+0800][info][gc,heap        ] GC(354) Survivor regions: 2->3(4)
[2024-07-18T16:19:11.050+0800][info][gc,heap        ] GC(354) Old regions: 304->304
[2024-07-18T16:19:11.050+0800][info][gc,heap        ] GC(354) Archive regions: 0->0
[2024-07-18T16:19:11.050+0800][info][gc,heap        ] GC(354) Humongous regions: 182->180
[2024-07-18T16:19:11.050+0800][info][gc,metaspace   ] GC(354) Metaspace: 194K(384K)->194K(384K) NonClass: 186K(256K)->186K(256K) Class: 7K(128K)->7K(128K)
[2024-07-18T16:19:11.050+0800][info][gc             ] GC(354) Pause Young (Concurrent Start) (G1 Humongous Allocation) 468M->465M(512M) 0.418ms
[2024-07-18T16:19:11.050+0800][info][gc,cpu         ] GC(354) User=0.00s Sys=0.00s Real=0.00s
[2024-07-18T16:19:11.050+0800][info][gc             ] GC(355) Concurrent Mark Cycle
[2024-07-18T16:19:11.050+0800][info][gc,marking     ] GC(355) Concurrent Clear Claimed Marks
[2024-07-18T16:19:11.050+0800][info][gc,marking     ] GC(355) Concurrent Clear Claimed Marks 0.007ms
[2024-07-18T16:19:11.050+0800][info][gc,marking     ] GC(355) Concurrent Scan Root Regions
[2024-07-18T16:19:11.050+0800][info][gc,marking     ] GC(355) Concurrent Scan Root Regions 0.024ms
[2024-07-18T16:19:11.050+0800][info][gc,marking     ] GC(355) Concurrent Mark
[2024-07-18T16:19:11.050+0800][info][gc,marking     ] GC(355) Concurrent Mark From Roots
[2024-07-18T16:19:11.050+0800][info][gc,task        ] GC(355) Using 3 workers of 3 for marking
[2024-07-18T16:19:11.050+0800][info][gc,marking     ] GC(355) Concurrent Mark From Roots 0.726ms
[2024-07-18T16:19:11.050+0800][info][gc,marking     ] GC(355) Concurrent Preclean
[2024-07-18T16:19:11.050+0800][info][gc,marking     ] GC(355) Concurrent Preclean 0.060ms
[2024-07-18T16:19:11.050+0800][info][gc,start       ] GC(355) Pause Remark
[2024-07-18T16:19:11.050+0800][info][gc             ] GC(355) Pause Remark 480M->480M(512M) 0.221ms
[2024-07-18T16:19:11.050+0800][info][gc,cpu         ] GC(355) User=0.00s Sys=0.00s Real=0.00s
[2024-07-18T16:19:11.050+0800][info][gc,marking     ] GC(355) Concurrent Mark 1.103ms
[2024-07-18T16:19:11.050+0800][info][gc,marking     ] GC(355) Concurrent Rebuild Remembered Sets
[2024-07-18T16:19:11.050+0800][info][gc,start       ] GC(356) Pause Young (Normal) (G1 Preventive Collection)
[2024-07-18T16:19:11.050+0800][info][gc,task        ] GC(356) Using 12 workers of 13 for evacuation
[2024-07-18T16:19:11.050+0800][info][gc             ] GC(356) To-space exhausted
[2024-07-18T16:19:11.050+0800][info][gc,phases      ] GC(356)   Pre Evacuate Collection Set: 0.0ms
[2024-07-18T16:19:11.050+0800][info][gc,phases      ] GC(356)   Merge Heap Roots: 0.0ms
[2024-07-18T16:19:11.050+0800][info][gc,phases      ] GC(356)   Evacuate Collection Set: 0.3ms
[2024-07-18T16:19:11.050+0800][info][gc,phases      ] GC(356)   Post Evacuate Collection Set: 0.1ms
[2024-07-18T16:19:11.050+0800][info][gc,phases      ] GC(356)   Other: 0.1ms
[2024-07-18T16:19:11.050+0800][info][gc,heap        ] GC(356) Eden regions: 10->0(21)
[2024-07-18T16:19:11.050+0800][info][gc,heap        ] GC(356) Survivor regions: 3->4(4)
[2024-07-18T16:19:11.050+0800][info][gc,heap        ] GC(356) Old regions: 304->313
[2024-07-18T16:19:11.050+0800][info][gc,heap        ] GC(356) Archive regions: 0->0
[2024-07-18T16:19:11.050+0800][info][gc,heap        ] GC(356) Humongous regions: 189->180
[2024-07-18T16:19:11.050+0800][info][gc,metaspace   ] GC(356) Metaspace: 194K(384K)->194K(384K) NonClass: 186K(256K)->186K(256K) Class: 7K(128K)->7K(128K)
[2024-07-18T16:19:11.050+0800][info][gc             ] GC(356) Pause Young (Normal) (G1 Preventive Collection) 484M->476M(512M) 0.641ms
[2024-07-18T16:19:11.050+0800][info][gc,cpu         ] GC(356) User=0.00s Sys=0.00s Real=0.00s
[2024-07-18T16:19:11.050+0800][info][gc,marking     ] GC(355) Concurrent Rebuild Remembered Sets 1.186ms
[2024-07-18T16:19:11.050+0800][info][gc,start       ] GC(355) Pause Cleanup
[2024-07-18T16:19:11.053+0800][info][gc             ] GC(355) Pause Cleanup 478M->478M(512M) 0.095ms
[2024-07-18T16:19:11.053+0800][info][gc,cpu         ] GC(355) User=0.00s Sys=0.00s Real=0.00s
[2024-07-18T16:19:11.053+0800][info][gc,marking     ] GC(355) Concurrent Cleanup for Next Mark
[2024-07-18T16:19:11.053+0800][info][gc,marking     ] GC(355) Concurrent Cleanup for Next Mark 0.421ms
[2024-07-18T16:19:11.053+0800][info][gc             ] GC(355) Concurrent Mark Cycle 2.989ms
[2024-07-18T16:19:11.053+0800][info][gc,start       ] GC(357) Pause Young (Prepare Mixed) (G1 Preventive Collection)
[2024-07-18T16:19:11.053+0800][info][gc,task        ] GC(357) Using 12 workers of 13 for evacuation
[2024-07-18T16:19:11.053+0800][info][gc,phases      ] GC(357)   Pre Evacuate Collection Set: 0.0ms
[2024-07-18T16:19:11.053+0800][info][gc,phases      ] GC(357)   Merge Heap Roots: 0.0ms
[2024-07-18T16:19:11.053+0800][info][gc,phases      ] GC(357)   Evacuate Collection Set: 0.5ms
[2024-07-18T16:19:11.053+0800][info][gc,phases      ] GC(357)   Post Evacuate Collection Set: 0.1ms
[2024-07-18T16:19:11.053+0800][info][gc,phases      ] GC(357)   Other: 0.0ms
[2024-07-18T16:19:11.053+0800][info][gc,heap        ] GC(357) Eden regions: 8->0(22)
[2024-07-18T16:19:11.053+0800][info][gc,heap        ] GC(357) Survivor regions: 4->3(4)
[2024-07-18T16:19:11.053+0800][info][gc,heap        ] GC(357) Old regions: 313->317
[2024-07-18T16:19:11.053+0800][info][gc,heap        ] GC(357) Archive regions: 0->0
[2024-07-18T16:19:11.053+0800][info][gc,heap        ] GC(357) Humongous regions: 180->178
[2024-07-18T16:19:11.053+0800][info][gc,metaspace   ] GC(357) Metaspace: 194K(384K)->194K(384K) NonClass: 186K(256K)->186K(256K) Class: 7K(128K)->7K(128K)
[2024-07-18T16:19:11.053+0800][info][gc             ] GC(357) Pause Young (Prepare Mixed) (G1 Preventive Collection) 484M->477M(512M) 0.745ms
[2024-07-18T16:19:11.053+0800][info][gc,cpu         ] GC(357) User=0.00s Sys=0.00s Real=0.00s
[2024-07-18T16:19:11.053+0800][info][gc,start       ] GC(358) Pause Young (Mixed) (G1 Preventive Collection)
[2024-07-18T16:19:11.053+0800][info][gc,task        ] GC(358) Using 12 workers of 13 for evacuation
[2024-07-18T16:19:11.053+0800][info][gc             ] GC(358) To-space exhausted
[2024-07-18T16:19:11.053+0800][info][gc,phases      ] GC(358)   Pre Evacuate Collection Set: 0.0ms
[2024-07-18T16:19:11.053+0800][info][gc,phases      ] GC(358)   Merge Heap Roots: 0.0ms
[2024-07-18T16:19:11.053+0800][info][gc,phases      ] GC(358)   Evacuate Collection Set: 0.4ms
[2024-07-18T16:19:11.053+0800][info][gc,phases      ] GC(358)   Post Evacuate Collection Set: 0.1ms
[2024-07-18T16:19:11.053+0800][info][gc,phases      ] GC(358)   Other: 0.1ms
[2024-07-18T16:19:11.053+0800][info][gc,heap        ] GC(358) Eden regions: 3->0(24)
[2024-07-18T16:19:11.053+0800][info][gc,heap        ] GC(358) Survivor regions: 3->1(4)
[2024-07-18T16:19:11.053+0800][info][gc,heap        ] GC(358) Old regions: 317->322
[2024-07-18T16:19:11.053+0800][info][gc,heap        ] GC(358) Archive regions: 0->0
[2024-07-18T16:19:11.053+0800][info][gc,heap        ] GC(358) Humongous regions: 182->177
[2024-07-18T16:19:11.053+0800][info][gc,metaspace   ] GC(358) Metaspace: 194K(384K)->194K(384K) NonClass: 186K(256K)->186K(256K) Class: 7K(128K)->7K(128K)
[2024-07-18T16:19:11.053+0800][info][gc             ] GC(358) Pause Young (Mixed) (G1 Preventive Collection) 483M->478M(512M) 0.743ms
[2024-07-18T16:19:11.053+0800][info][gc,cpu         ] GC(358) User=0.00s Sys=0.00s Real=0.00s
[2024-07-18T16:19:11.053+0800][info][gc,start       ] GC(359) Pause Young (Mixed) (G1 Preventive Collection)
[2024-07-18T16:19:11.053+0800][info][gc,task        ] GC(359) Using 12 workers of 13 for evacuation
[2024-07-18T16:19:11.053+0800][info][gc             ] GC(359) To-space exhausted
[2024-07-18T16:19:11.053+0800][info][gc,phases      ] GC(359)   Pre Evacuate Collection Set: 0.0ms
[2024-07-18T16:19:11.053+0800][info][gc,phases      ] GC(359)   Merge Heap Roots: 0.0ms
[2024-07-18T16:19:11.053+0800][info][gc,phases      ] GC(359)   Evacuate Collection Set: 0.6ms
[2024-07-18T16:19:11.053+0800][info][gc,phases      ] GC(359)   Post Evacuate Collection Set: 0.1ms
[2024-07-18T16:19:11.053+0800][info][gc,phases      ] GC(359)   Other: 0.1ms
[2024-07-18T16:19:11.053+0800][info][gc,heap        ] GC(359) Eden regions: 1->0(24)
[2024-07-18T16:19:11.053+0800][info][gc,heap        ] GC(359) Survivor regions: 1->1(4)
[2024-07-18T16:19:11.053+0800][info][gc,heap        ] GC(359) Old regions: 322->327
[2024-07-18T16:19:11.053+0800][info][gc,heap        ] GC(359) Archive regions: 0->0
[2024-07-18T16:19:11.053+0800][info][gc,heap        ] GC(359) Humongous regions: 179->179
[2024-07-18T16:19:11.053+0800][info][gc,metaspace   ] GC(359) Metaspace: 194K(384K)->194K(384K) NonClass: 186K(256K)->186K(256K) Class: 7K(128K)->7K(128K)
[2024-07-18T16:19:11.053+0800][info][gc             ] GC(359) Pause Young (Mixed) (G1 Preventive Collection) 481M->485M(512M) 0.885ms
[2024-07-18T16:19:11.053+0800][info][gc,cpu         ] GC(359) User=0.00s Sys=0.00s Real=0.00s
[2024-07-18T16:19:11.053+0800][info][gc,start       ] GC(360) Pause Young (Concurrent Start) (G1 Humongous Allocation)
[2024-07-18T16:19:11.053+0800][info][gc,task        ] GC(360) Using 12 workers of 13 for evacuation
[2024-07-18T16:19:11.053+0800][info][gc,phases      ] GC(360)   Pre Evacuate Collection Set: 0.0ms
[2024-07-18T16:19:11.053+0800][info][gc,phases      ] GC(360)   Merge Heap Roots: 0.0ms
[2024-07-18T16:19:11.053+0800][info][gc,phases      ] GC(360)   Evacuate Collection Set: 0.1ms
[2024-07-18T16:19:11.053+0800][info][gc,phases      ] GC(360)   Post Evacuate Collection Set: 0.1ms
[2024-07-18T16:19:11.053+0800][info][gc,phases      ] GC(360)   Other: 0.1ms
[2024-07-18T16:19:11.053+0800][info][gc,heap        ] GC(360) Eden regions: 2->0(24)
[2024-07-18T16:19:11.053+0800][info][gc,heap        ] GC(360) Survivor regions: 1->1(2)
[2024-07-18T16:19:11.053+0800][info][gc,heap        ] GC(360) Old regions: 327->327
[2024-07-18T16:19:11.053+0800][info][gc,heap        ] GC(360) Archive regions: 0->0
[2024-07-18T16:19:11.053+0800][info][gc,heap        ] GC(360) Humongous regions: 180->178
[2024-07-18T16:19:11.053+0800][info][gc,metaspace   ] GC(360) Metaspace: 194K(384K)->194K(384K) NonClass: 186K(256K)->186K(256K) Class: 7K(128K)->7K(128K)
[2024-07-18T16:19:11.053+0800][info][gc             ] GC(360) Pause Young (Concurrent Start) (G1 Humongous Allocation) 488M->485M(512M) 0.404ms
[2024-07-18T16:19:11.053+0800][info][gc,cpu         ] GC(360) User=0.00s Sys=0.00s Real=0.00s
[2024-07-18T16:19:11.053+0800][info][gc             ] GC(361) Concurrent Mark Cycle
[2024-07-18T16:19:11.053+0800][info][gc,marking     ] GC(361) Concurrent Clear Claimed Marks
[2024-07-18T16:19:11.053+0800][info][gc,marking     ] GC(361) Concurrent Clear Claimed Marks 0.007ms
[2024-07-18T16:19:11.053+0800][info][gc,marking     ] GC(361) Concurrent Scan Root Regions
[2024-07-18T16:19:11.053+0800][info][gc,marking     ] GC(361) Concurrent Scan Root Regions 0.029ms
[2024-07-18T16:19:11.053+0800][info][gc,marking     ] GC(361) Concurrent Mark
[2024-07-18T16:19:11.053+0800][info][gc,marking     ] GC(361) Concurrent Mark From Roots
[2024-07-18T16:19:11.053+0800][info][gc,task        ] GC(361) Using 3 workers of 3 for marking
[2024-07-18T16:19:11.057+0800][info][gc,start       ] GC(362) Pause Young (Normal) (G1 Preventive Collection)
[2024-07-18T16:19:11.057+0800][info][gc,task        ] GC(362) Using 12 workers of 13 for evacuation
[2024-07-18T16:19:11.057+0800][info][gc             ] GC(362) To-space exhausted
[2024-07-18T16:19:11.057+0800][info][gc,phases      ] GC(362)   Pre Evacuate Collection Set: 0.0ms
[2024-07-18T16:19:11.057+0800][info][gc,phases      ] GC(362)   Merge Heap Roots: 0.0ms
[2024-07-18T16:19:11.057+0800][info][gc,phases      ] GC(362)   Evacuate Collection Set: 0.1ms
[2024-07-18T16:19:11.057+0800][info][gc,phases      ] GC(362)   Post Evacuate Collection Set: 0.1ms
[2024-07-18T16:19:11.057+0800][info][gc,phases      ] GC(362)   Other: 0.1ms
[2024-07-18T16:19:11.057+0800][info][gc,heap        ] GC(362) Eden regions: 3->0(23)
[2024-07-18T16:19:11.057+0800][info][gc,heap        ] GC(362) Survivor regions: 1->2(2)
[2024-07-18T16:19:11.057+0800][info][gc,heap        ] GC(362) Old regions: 327->328
[2024-07-18T16:19:11.057+0800][info][gc,heap        ] GC(362) Archive regions: 0->0
[2024-07-18T16:19:11.057+0800][info][gc,heap        ] GC(362) Humongous regions: 179->178
[2024-07-18T16:19:11.057+0800][info][gc,metaspace   ] GC(362) Metaspace: 194K(384K)->194K(384K) NonClass: 186K(256K)->186K(256K) Class: 7K(128K)->7K(128K)
[2024-07-18T16:19:11.057+0800][info][gc             ] GC(362) Pause Young (Normal) (G1 Preventive Collection) 489M->487M(512M) 0.395ms
[2024-07-18T16:19:11.057+0800][info][gc,cpu         ] GC(362) User=0.00s Sys=0.00s Real=0.00s
[2024-07-18T16:19:11.057+0800][info][gc,start       ] GC(363) Pause Young (Normal) (G1 Preventive Collection)
[2024-07-18T16:19:11.057+0800][info][gc,task        ] GC(363) Using 12 workers of 13 for evacuation
[2024-07-18T16:19:11.057+0800][info][gc,phases      ] GC(363)   Pre Evacuate Collection Set: 0.0ms
[2024-07-18T16:19:11.057+0800][info][gc,phases      ] GC(363)   Merge Heap Roots: 0.0ms
[2024-07-18T16:19:11.057+0800][info][gc,phases      ] GC(363)   Evacuate Collection Set: 0.1ms
[2024-07-18T16:19:11.057+0800][info][gc,phases      ] GC(363)   Post Evacuate Collection Set: 0.1ms
[2024-07-18T16:19:11.057+0800][info][gc,phases      ] GC(363)   Other: 0.0ms
[2024-07-18T16:19:11.057+0800][info][gc,heap        ] GC(363) Eden regions: 1->0(23)
[2024-07-18T16:19:11.057+0800][info][gc,heap        ] GC(363) Survivor regions: 2->2(3)
[2024-07-18T16:19:11.057+0800][info][gc,heap        ] GC(363) Old regions: 328->328
[2024-07-18T16:19:11.057+0800][info][gc,heap        ] GC(363) Archive regions: 0->0
[2024-07-18T16:19:11.057+0800][info][gc,heap        ] GC(363) Humongous regions: 178->178
[2024-07-18T16:19:11.057+0800][info][gc,metaspace   ] GC(363) Metaspace: 194K(384K)->194K(384K) NonClass: 186K(256K)->186K(256K) Class: 7K(128K)->7K(128K)
[2024-07-18T16:19:11.057+0800][info][gc             ] GC(363) Pause Young (Normal) (G1 Preventive Collection) 488M->487M(512M) 0.343ms
[2024-07-18T16:19:11.057+0800][info][gc,cpu         ] GC(363) User=0.00s Sys=0.00s Real=0.00s
[2024-07-18T16:19:11.057+0800][info][gc,start       ] GC(364) Pause Young (Normal) (G1 Preventive Collection)
[2024-07-18T16:19:11.057+0800][info][gc,task        ] GC(364) Using 12 workers of 13 for evacuation
[2024-07-18T16:19:11.057+0800][info][gc             ] GC(364) To-space exhausted
[2024-07-18T16:19:11.057+0800][info][gc,phases      ] GC(364)   Pre Evacuate Collection Set: 0.0ms
[2024-07-18T16:19:11.057+0800][info][gc,phases      ] GC(364)   Merge Heap Roots: 0.0ms
[2024-07-18T16:19:11.057+0800][info][gc,phases      ] GC(364)   Evacuate Collection Set: 0.1ms
[2024-07-18T16:19:11.057+0800][info][gc,phases      ] GC(364)   Post Evacuate Collection Set: 0.1ms
[2024-07-18T16:19:11.057+0800][info][gc,phases      ] GC(364)   Other: 0.0ms
[2024-07-18T16:19:11.057+0800][info][gc,heap        ] GC(364) Eden regions: 1->0(23)
[2024-07-18T16:19:11.057+0800][info][gc,heap        ] GC(364) Survivor regions: 2->2(2)
[2024-07-18T16:19:11.057+0800][info][gc,heap        ] GC(364) Old regions: 328->329
[2024-07-18T16:19:11.057+0800][info][gc,heap        ] GC(364) Archive regions: 0->0
[2024-07-18T16:19:11.057+0800][info][gc,heap        ] GC(364) Humongous regions: 179->178
[2024-07-18T16:19:11.057+0800][info][gc,metaspace   ] GC(364) Metaspace: 194K(384K)->194K(384K) NonClass: 186K(256K)->186K(256K) Class: 7K(128K)->7K(128K)
[2024-07-18T16:19:11.057+0800][info][gc             ] GC(364) Pause Young (Normal) (G1 Preventive Collection) 489M->488M(512M) 0.337ms
[2024-07-18T16:19:11.057+0800][info][gc,cpu         ] GC(364) User=0.00s Sys=0.00s Real=0.00s
[2024-07-18T16:19:11.057+0800][info][gc,start       ] GC(365) Pause Young (Normal) (G1 Preventive Collection)
[2024-07-18T16:19:11.057+0800][info][gc,task        ] GC(365) Using 12 workers of 13 for evacuation
[2024-07-18T16:19:11.057+0800][info][gc             ] GC(365) To-space exhausted
[2024-07-18T16:19:11.057+0800][info][gc,phases      ] GC(365)   Pre Evacuate Collection Set: 0.0ms
[2024-07-18T16:19:11.057+0800][info][gc,phases      ] GC(365)   Merge Heap Roots: 0.0ms
[2024-07-18T16:19:11.057+0800][info][gc,phases      ] GC(365)   Evacuate Collection Set: 0.1ms
[2024-07-18T16:19:11.057+0800][info][gc,phases      ] GC(365)   Post Evacuate Collection Set: 0.1ms
[2024-07-18T16:19:11.057+0800][info][gc,phases      ] GC(365)   Other: 0.0ms
[2024-07-18T16:19:11.057+0800][info][gc,heap        ] GC(365) Eden regions: 1->0(23)
[2024-07-18T16:19:11.057+0800][info][gc,heap        ] GC(365) Survivor regions: 2->2(2)
[2024-07-18T16:19:11.057+0800][info][gc,heap        ] GC(365) Old regions: 329->330
[2024-07-18T16:19:11.057+0800][info][gc,heap        ] GC(365) Archive regions: 0->0
[2024-07-18T16:19:11.057+0800][info][gc,heap        ] GC(365) Humongous regions: 178->178
[2024-07-18T16:19:11.057+0800][info][gc,metaspace   ] GC(365) Metaspace: 194K(384K)->194K(384K) NonClass: 186K(256K)->186K(256K) Class: 7K(128K)->7K(128K)
[2024-07-18T16:19:11.057+0800][info][gc             ] GC(365) Pause Young (Normal) (G1 Preventive Collection) 489M->489M(512M) 0.321ms
[2024-07-18T16:19:11.057+0800][info][gc,cpu         ] GC(365) User=0.00s Sys=0.00s Real=0.00s
[2024-07-18T16:19:11.057+0800][info][gc,start       ] GC(366) Pause Young (Normal) (G1 Preventive Collection)
[2024-07-18T16:19:11.057+0800][info][gc,task        ] GC(366) Using 12 workers of 13 for evacuation
[2024-07-18T16:19:11.057+0800][info][gc             ] GC(366) To-space exhausted
[2024-07-18T16:19:11.057+0800][info][gc,phases      ] GC(366)   Pre Evacuate Collection Set: 0.0ms
[2024-07-18T16:19:11.057+0800][info][gc,phases      ] GC(366)   Merge Heap Roots: 0.0ms
[2024-07-18T16:19:11.057+0800][info][gc,phases      ] GC(366)   Evacuate Collection Set: 0.1ms
[2024-07-18T16:19:11.057+0800][info][gc,phases      ] GC(366)   Post Evacuate Collection Set: 0.1ms
[2024-07-18T16:19:11.057+0800][info][gc,phases      ] GC(366)   Other: 0.0ms
[2024-07-18T16:19:11.057+0800][info][gc,heap        ] GC(366) Eden regions: 1->0(24)
[2024-07-18T16:19:11.057+0800][info][gc,heap        ] GC(366) Survivor regions: 2->1(1)
[2024-07-18T16:19:11.057+0800][info][gc,heap        ] GC(366) Old regions: 330->331
[2024-07-18T16:19:11.057+0800][info][gc,heap        ] GC(366) Archive regions: 0->0
[2024-07-18T16:19:11.057+0800][info][gc,heap        ] GC(366) Humongous regions: 178->177
[2024-07-18T16:19:11.057+0800][info][gc,metaspace   ] GC(366) Metaspace: 194K(384K)->194K(384K) NonClass: 186K(256K)->186K(256K) Class: 7K(128K)->7K(128K)
[2024-07-18T16:19:11.057+0800][info][gc             ] GC(366) Pause Young (Normal) (G1 Preventive Collection) 490M->488M(512M) 0.289ms
[2024-07-18T16:19:11.057+0800][info][gc,cpu         ] GC(366) User=0.00s Sys=0.00s Real=0.00s
[2024-07-18T16:19:11.057+0800][info][gc,start       ] GC(367) Pause Young (Normal) (G1 Preventive Collection)
[2024-07-18T16:19:11.057+0800][info][gc,task        ] GC(367) Using 12 workers of 13 for evacuation
[2024-07-18T16:19:11.057+0800][info][gc,phases      ] GC(367)   Pre Evacuate Collection Set: 0.0ms
[2024-07-18T16:19:11.057+0800][info][gc,phases      ] GC(367)   Merge Heap Roots: 0.0ms
[2024-07-18T16:19:11.057+0800][info][gc,phases      ] GC(367)   Evacuate Collection Set: 0.1ms
[2024-07-18T16:19:11.057+0800][info][gc,phases      ] GC(367)   Post Evacuate Collection Set: 0.1ms
[2024-07-18T16:19:11.057+0800][info][gc,phases      ] GC(367)   Other: 0.0ms
[2024-07-18T16:19:11.057+0800][info][gc,heap        ] GC(367) Eden regions: 1->0(23)
[2024-07-18T16:19:11.057+0800][info][gc,heap        ] GC(367) Survivor regions: 1->2(2)
[2024-07-18T16:19:11.057+0800][info][gc,heap        ] GC(367) Old regions: 331->331
[2024-07-18T16:19:11.057+0800][info][gc,heap        ] GC(367) Archive regions: 0->0
[2024-07-18T16:19:11.057+0800][info][gc,heap        ] GC(367) Humongous regions: 177->177
[2024-07-18T16:19:11.057+0800][info][gc,metaspace   ] GC(367) Metaspace: 194K(384K)->194K(384K) NonClass: 186K(256K)->186K(256K) Class: 7K(128K)->7K(128K)
[2024-07-18T16:19:11.057+0800][info][gc             ] GC(367) Pause Young (Normal) (G1 Preventive Collection) 489M->489M(512M) 0.311ms
[2024-07-18T16:19:11.057+0800][info][gc,cpu         ] GC(367) User=0.00s Sys=0.00s Real=0.00s
[2024-07-18T16:19:11.057+0800][info][gc,start       ] GC(368) Pause Young (Normal) (G1 Preventive Collection)
[2024-07-18T16:19:11.057+0800][info][gc,task        ] GC(368) Using 12 workers of 13 for evacuation
[2024-07-18T16:19:11.057+0800][info][gc             ] GC(368) To-space exhausted
[2024-07-18T16:19:11.057+0800][info][gc,phases      ] GC(368)   Pre Evacuate Collection Set: 0.0ms
[2024-07-18T16:19:11.057+0800][info][gc,phases      ] GC(368)   Merge Heap Roots: 0.0ms
[2024-07-18T16:19:11.057+0800][info][gc,phases      ] GC(368)   Evacuate Collection Set: 0.1ms
[2024-07-18T16:19:11.057+0800][info][gc,phases      ] GC(368)   Post Evacuate Collection Set: 0.1ms
[2024-07-18T16:19:11.057+0800][info][gc,phases      ] GC(368)   Other: 0.0ms
[2024-07-18T16:19:11.057+0800][info][gc,heap        ] GC(368) Eden regions: 1->0(24)
[2024-07-18T16:19:11.057+0800][info][gc,heap        ] GC(368) Survivor regions: 2->1(1)
[2024-07-18T16:19:11.057+0800][info][gc,heap        ] GC(368) Old regions: 331->332
[2024-07-18T16:19:11.057+0800][info][gc,heap        ] GC(368) Archive regions: 0->0
[2024-07-18T16:19:11.057+0800][info][gc,heap        ] GC(368) Humongous regions: 177->177
[2024-07-18T16:19:11.057+0800][info][gc,metaspace   ] GC(368) Metaspace: 194K(384K)->194K(384K) NonClass: 186K(256K)->186K(256K) Class: 7K(128K)->7K(128K)
[2024-07-18T16:19:11.057+0800][info][gc             ] GC(368) Pause Young (Normal) (G1 Preventive Collection) 490M->489M(512M) 0.279ms
[2024-07-18T16:19:11.057+0800][info][gc,cpu         ] GC(368) User=0.00s Sys=0.00s Real=0.00s
[2024-07-18T16:19:11.057+0800][info][gc,marking     ] GC(361) Concurrent Mark From Roots 3.242ms
[2024-07-18T16:19:11.057+0800][info][gc,start       ] GC(369) Pause Young (Normal) (G1 Preventive Collection)
[2024-07-18T16:19:11.057+0800][info][gc,marking     ] GC(361) Concurrent Preclean
[2024-07-18T16:19:11.057+0800][info][gc,task        ] GC(369) Using 12 workers of 13 for evacuation
[2024-07-18T16:19:11.057+0800][info][gc,phases      ] GC(369)   Pre Evacuate Collection Set: 0.0ms
[2024-07-18T16:19:11.057+0800][info][gc,phases      ] GC(369)   Merge Heap Roots: 0.0ms
[2024-07-18T16:19:11.057+0800][info][gc,phases      ] GC(369)   Evacuate Collection Set: 0.1ms
[2024-07-18T16:19:11.057+0800][info][gc,phases      ] GC(369)   Post Evacuate Collection Set: 0.1ms
[2024-07-18T16:19:11.057+0800][info][gc,phases      ] GC(369)   Other: 0.1ms
[2024-07-18T16:19:11.057+0800][info][gc,heap        ] GC(369) Eden regions: 0->0(24)
[2024-07-18T16:19:11.057+0800][info][gc,heap        ] GC(369) Survivor regions: 1->1(1)
[2024-07-18T16:19:11.057+0800][info][gc,heap        ] GC(369) Old regions: 332->332
[2024-07-18T16:19:11.057+0800][info][gc,heap        ] GC(369) Archive regions: 0->0
[2024-07-18T16:19:11.057+0800][info][gc,heap        ] GC(369) Humongous regions: 178->178
[2024-07-18T16:19:11.057+0800][info][gc,metaspace   ] GC(369) Metaspace: 194K(384K)->194K(384K) NonClass: 186K(256K)->186K(256K) Class: 7K(128K)->7K(128K)
[2024-07-18T16:19:11.057+0800][info][gc             ] GC(369) Pause Young (Normal) (G1 Preventive Collection) 490M->490M(512M) 0.284ms
[2024-07-18T16:19:11.057+0800][info][gc,cpu         ] GC(369) User=0.00s Sys=0.00s Real=0.00s
[2024-07-18T16:19:11.057+0800][info][gc,marking     ] GC(361) Concurrent Preclean 0.347ms
[2024-07-18T16:19:11.057+0800][info][gc,start       ] GC(370) Pause Young (Normal) (G1 Evacuation Pause)
[2024-07-18T16:19:11.057+0800][info][gc,task        ] GC(370) Using 12 workers of 13 for evacuation
[2024-07-18T16:19:11.057+0800][info][gc             ] GC(370) To-space exhausted
[2024-07-18T16:19:11.057+0800][info][gc,phases      ] GC(370)   Pre Evacuate Collection Set: 0.0ms
[2024-07-18T16:19:11.057+0800][info][gc,phases      ] GC(370)   Merge Heap Roots: 0.0ms
[2024-07-18T16:19:11.057+0800][info][gc,phases      ] GC(370)   Evacuate Collection Set: 0.0ms
[2024-07-18T16:19:11.057+0800][info][gc,phases      ] GC(370)   Post Evacuate Collection Set: 0.1ms
[2024-07-18T16:19:11.057+0800][info][gc,phases      ] GC(370)   Other: 0.0ms
[2024-07-18T16:19:11.057+0800][info][gc,heap        ] GC(370) Eden regions: 1->0(25)
[2024-07-18T16:19:11.057+0800][info][gc,heap        ] GC(370) Survivor regions: 1->0(0)
[2024-07-18T16:19:11.057+0800][info][gc,heap        ] GC(370) Old regions: 332->334
[2024-07-18T16:19:11.057+0800][info][gc,heap        ] GC(370) Archive regions: 0->0
[2024-07-18T16:19:11.057+0800][info][gc,heap        ] GC(370) Humongous regions: 178->178
[2024-07-18T16:19:11.057+0800][info][gc,metaspace   ] GC(370) Metaspace: 194K(384K)->194K(384K) NonClass: 186K(256K)->186K(256K) Class: 7K(128K)->7K(128K)
[2024-07-18T16:19:11.057+0800][info][gc             ] GC(370) Pause Young (Normal) (G1 Evacuation Pause) 490M->490M(512M) 0.245ms
[2024-07-18T16:19:11.057+0800][info][gc,cpu         ] GC(370) User=0.00s Sys=0.00s Real=0.00s
[2024-07-18T16:19:11.057+0800][info][gc,ergo        ] Attempting full compaction
[2024-07-18T16:19:11.057+0800][info][gc,task        ] GC(371) Using 12 workers of 13 for full compaction
[2024-07-18T16:19:11.057+0800][info][gc,start       ] GC(371) Pause Full (G1 Compaction Pause)
[2024-07-18T16:19:11.061+0800][info][gc,phases,start] GC(371) Phase 1: Mark live objects
[2024-07-18T16:19:11.061+0800][info][gc,phases      ] GC(371) Phase 1: Mark live objects 0.362ms
[2024-07-18T16:19:11.061+0800][info][gc,phases,start] GC(371) Phase 2: Prepare for compaction
[2024-07-18T16:19:11.061+0800][info][gc,phases      ] GC(371) Phase 2: Prepare for compaction 0.146ms
[2024-07-18T16:19:11.061+0800][info][gc,phases,start] GC(371) Phase 3: Adjust pointers
[2024-07-18T16:19:11.061+0800][info][gc,phases      ] GC(371) Phase 3: Adjust pointers 0.119ms
[2024-07-18T16:19:11.061+0800][info][gc,phases,start] GC(371) Phase 4: Compact heap
[2024-07-18T16:19:11.065+0800][info][gc,phases      ] GC(371) Phase 4: Compact heap 13.778ms
[2024-07-18T16:19:11.065+0800][info][gc,heap        ] GC(371) Eden regions: 0->0(25)
[2024-07-18T16:19:11.065+0800][info][gc,heap        ] GC(371) Survivor regions: 0->0(0)
[2024-07-18T16:19:11.065+0800][info][gc,heap        ] GC(371) Old regions: 334->260
[2024-07-18T16:19:11.065+0800][info][gc,heap        ] GC(371) Archive regions: 0->0
[2024-07-18T16:19:11.065+0800][info][gc,heap        ] GC(371) Humongous regions: 178->178
[2024-07-18T16:19:11.065+0800][info][gc,metaspace   ] GC(371) Metaspace: 194K(384K)->194K(384K) NonClass: 186K(256K)->186K(256K) Class: 7K(128K)->7K(128K)
[2024-07-18T16:19:11.065+0800][info][gc             ] GC(371) Pause Full (G1 Compaction Pause) 490M->408M(512M) 15.365ms
[2024-07-18T16:19:11.065+0800][info][gc,cpu         ] GC(371) User=0.00s Sys=0.00s Real=0.01s
[2024-07-18T16:19:11.065+0800][info][gc,marking     ] GC(361) Concurrent Mark Abort
[2024-07-18T16:19:11.065+0800][info][gc             ] GC(361) Concurrent Mark Cycle 19.731ms
[2024-07-18T16:19:11.065+0800][info][gc,start       ] GC(372) Pause Young (Concurrent Start) (G1 Humongous Allocation)
[2024-07-18T16:19:11.065+0800][info][gc,task        ] GC(372) Using 12 workers of 13 for evacuation
[2024-07-18T16:19:11.065+0800][info][gc,phases      ] GC(372)   Pre Evacuate Collection Set: 0.0ms
[2024-07-18T16:19:11.065+0800][info][gc,phases      ] GC(372)   Merge Heap Roots: 0.0ms
[2024-07-18T16:19:11.065+0800][info][gc,phases      ] GC(372)   Evacuate Collection Set: 0.1ms
[2024-07-18T16:19:11.065+0800][info][gc,phases      ] GC(372)   Post Evacuate Collection Set: 0.1ms
[2024-07-18T16:19:11.065+0800][info][gc,phases      ] GC(372)   Other: 0.1ms
[2024-07-18T16:19:11.065+0800][info][gc,heap        ] GC(372) Eden regions: 1->0(24)
[2024-07-18T16:19:11.065+0800][info][gc,heap        ] GC(372) Survivor regions: 0->1(4)
[2024-07-18T16:19:11.065+0800][info][gc,heap        ] GC(372) Old regions: 260->260
[2024-07-18T16:19:11.065+0800][info][gc,heap        ] GC(372) Archive regions: 0->0
[2024-07-18T16:19:11.065+0800][info][gc,heap        ] GC(372) Humongous regions: 178->178
[2024-07-18T16:19:11.065+0800][info][gc,metaspace   ] GC(372) Metaspace: 194K(384K)->194K(384K) NonClass: 186K(256K)->186K(256K) Class: 7K(128K)->7K(128K)
[2024-07-18T16:19:11.065+0800][info][gc             ] GC(372) Pause Young (Concurrent Start) (G1 Humongous Allocation) 408M->408M(512M) 0.474ms
[2024-07-18T16:19:11.065+0800][info][gc,cpu         ] GC(372) User=0.00s Sys=0.00s Real=0.00s
[2024-07-18T16:19:11.065+0800][info][gc             ] GC(373) Concurrent Mark Cycle
[2024-07-18T16:19:11.065+0800][info][gc,marking     ] GC(373) Concurrent Clear Claimed Marks
[2024-07-18T16:19:11.065+0800][info][gc,marking     ] GC(373) Concurrent Clear Claimed Marks 0.007ms
[2024-07-18T16:19:11.065+0800][info][gc,marking     ] GC(373) Concurrent Scan Root Regions
[2024-07-18T16:19:11.065+0800][info][gc,marking     ] GC(373) Concurrent Scan Root Regions 0.016ms
[2024-07-18T16:19:11.065+0800][info][gc,marking     ] GC(373) Concurrent Mark
[2024-07-18T16:19:11.065+0800][info][gc,marking     ] GC(373) Concurrent Mark From Roots
[2024-07-18T16:19:11.065+0800][info][gc,task        ] GC(373) Using 3 workers of 3 for marking
[2024-07-18T16:19:11.078+0800][info][gc,marking     ] GC(373) Concurrent Mark From Roots 0.749ms
[2024-07-18T16:19:11.078+0800][info][gc,marking     ] GC(373) Concurrent Preclean
[2024-07-18T16:19:11.078+0800][info][gc,marking     ] GC(373) Concurrent Preclean 0.056ms
[2024-07-18T16:19:11.078+0800][info][gc,start       ] GC(373) Pause Remark
[2024-07-18T16:19:11.078+0800][info][gc             ] GC(373) Pause Remark 426M->426M(512M) 0.206ms
[2024-07-18T16:19:11.078+0800][info][gc,cpu         ] GC(373) User=0.00s Sys=0.00s Real=0.00s
[2024-07-18T16:19:11.078+0800][info][gc,marking     ] GC(373) Concurrent Mark 1.111ms
[2024-07-18T16:19:11.078+0800][info][gc,marking     ] GC(373) Concurrent Rebuild Remembered Sets
[2024-07-18T16:19:11.078+0800][info][gc,marking     ] GC(373) Concurrent Rebuild Remembered Sets 0.410ms
[2024-07-18T16:19:11.078+0800][info][gc,start       ] GC(373) Pause Cleanup
[2024-07-18T16:19:11.078+0800][info][gc             ] GC(373) Pause Cleanup 435M->435M(512M) 0.100ms
[2024-07-18T16:19:11.078+0800][info][gc,cpu         ] GC(373) User=0.00s Sys=0.00s Real=0.00s
[2024-07-18T16:19:11.078+0800][info][gc,marking     ] GC(373) Concurrent Cleanup for Next Mark
[2024-07-18T16:19:11.078+0800][info][gc,marking     ] GC(373) Concurrent Cleanup for Next Mark 0.521ms
[2024-07-18T16:19:11.078+0800][info][gc             ] GC(373) Concurrent Mark Cycle 2.338ms
[2024-07-18T16:19:11.078+0800][info][gc,start       ] GC(374) Pause Young (Prepare Mixed) (G1 Evacuation Pause)
[2024-07-18T16:19:11.078+0800][info][gc,task        ] GC(374) Using 12 workers of 13 for evacuation
[2024-07-18T16:19:11.081+0800][info][gc,phases      ] GC(374)   Pre Evacuate Collection Set: 0.0ms
[2024-07-18T16:19:11.081+0800][info][gc,phases      ] GC(374)   Merge Heap Roots: 0.1ms
[2024-07-18T16:19:11.081+0800][info][gc,phases      ] GC(374)   Evacuate Collection Set: 0.8ms
[2024-07-18T16:19:11.081+0800][info][gc,phases      ] GC(374)   Post Evacuate Collection Set: 0.1ms
[2024-07-18T16:19:11.081+0800][info][gc,phases      ] GC(374)   Other: 0.1ms
[2024-07-18T16:19:11.081+0800][info][gc,heap        ] GC(374) Eden regions: 24->0(21)
[2024-07-18T16:19:11.081+0800][info][gc,heap        ] GC(374) Survivor regions: 1->4(4)
[2024-07-18T16:19:11.081+0800][info][gc,heap        ] GC(374) Old regions: 260->267
[2024-07-18T16:19:11.081+0800][info][gc,heap        ] GC(374) Archive regions: 0->0
[2024-07-18T16:19:11.081+0800][info][gc,heap        ] GC(374) Humongous regions: 199->180
[2024-07-18T16:19:11.081+0800][info][gc,metaspace   ] GC(374) Metaspace: 194K(384K)->194K(384K) NonClass: 186K(256K)->186K(256K) Class: 7K(128K)->7K(128K)
[2024-07-18T16:19:11.081+0800][info][gc             ] GC(374) Pause Young (Prepare Mixed) (G1 Evacuation Pause) 453M->420M(512M) 1.261ms
[2024-07-18T16:19:11.081+0800][info][gc,cpu         ] GC(374) User=0.00s Sys=0.00s Real=0.00s
[2024-07-18T16:19:11.081+0800][info][gc,start       ] GC(375) Pause Young (Mixed) (G1 Evacuation Pause)
[2024-07-18T16:19:11.081+0800][info][gc,task        ] GC(375) Using 12 workers of 13 for evacuation
[2024-07-18T16:19:11.085+0800][info][gc,phases      ] GC(375)   Pre Evacuate Collection Set: 0.0ms
[2024-07-18T16:19:11.085+0800][info][gc,phases      ] GC(375)   Merge Heap Roots: 0.0ms
[2024-07-18T16:19:11.085+0800][info][gc,phases      ] GC(375)   Evacuate Collection Set: 1.0ms
[2024-07-18T16:19:11.085+0800][info][gc,phases      ] GC(375)   Post Evacuate Collection Set: 0.1ms
[2024-07-18T16:19:11.085+0800][info][gc,phases      ] GC(375)   Other: 0.1ms
[2024-07-18T16:19:11.085+0800][info][gc,heap        ] GC(375) Eden regions: 21->0(21)
[2024-07-18T16:19:11.085+0800][info][gc,heap        ] GC(375) Survivor regions: 4->4(4)
[2024-07-18T16:19:11.085+0800][info][gc,heap        ] GC(375) Old regions: 267->267
[2024-07-18T16:19:11.085+0800][info][gc,heap        ] GC(375) Archive regions: 0->0
[2024-07-18T16:19:11.085+0800][info][gc,heap        ] GC(375) Humongous regions: 186->172
[2024-07-18T16:19:11.085+0800][info][gc,metaspace   ] GC(375) Metaspace: 194K(384K)->194K(384K) NonClass: 186K(256K)->186K(256K) Class: 7K(128K)->7K(128K)
[2024-07-18T16:19:11.085+0800][info][gc             ] GC(375) Pause Young (Mixed) (G1 Evacuation Pause) 447M->418M(512M) 1.371ms
[2024-07-18T16:19:11.085+0800][info][gc,cpu         ] GC(375) User=0.00s Sys=0.00s Real=0.00s
[2024-07-18T16:19:11.085+0800][info][gc,start       ] GC(376) Pause Young (Concurrent Start) (G1 Humongous Allocation)
[2024-07-18T16:19:11.085+0800][info][gc,task        ] GC(376) Using 12 workers of 13 for evacuation
[2024-07-18T16:19:11.085+0800][info][gc,phases      ] GC(376)   Pre Evacuate Collection Set: 0.0ms
[2024-07-18T16:19:11.085+0800][info][gc,phases      ] GC(376)   Merge Heap Roots: 0.0ms
[2024-07-18T16:19:11.085+0800][info][gc,phases      ] GC(376)   Evacuate Collection Set: 0.3ms
[2024-07-18T16:19:11.085+0800][info][gc,phases      ] GC(376)   Post Evacuate Collection Set: 0.1ms
[2024-07-18T16:19:11.085+0800][info][gc,phases      ] GC(376)   Other: 0.1ms
[2024-07-18T16:19:11.085+0800][info][gc,heap        ] GC(376) Eden regions: 1->0(24)
[2024-07-18T16:19:11.085+0800][info][gc,heap        ] GC(376) Survivor regions: 4->1(4)
[2024-07-18T16:19:11.085+0800][info][gc,heap        ] GC(376) Old regions: 267->272
[2024-07-18T16:19:11.085+0800][info][gc,heap        ] GC(376) Archive regions: 0->0
[2024-07-18T16:19:11.085+0800][info][gc,heap        ] GC(376) Humongous regions: 172->172
[2024-07-18T16:19:11.085+0800][info][gc,metaspace   ] GC(376) Metaspace: 194K(384K)->194K(384K) NonClass: 186K(256K)->186K(256K) Class: 7K(128K)->7K(128K)
[2024-07-18T16:19:11.085+0800][info][gc             ] GC(376) Pause Young (Concurrent Start) (G1 Humongous Allocation) 419M->419M(512M) 0.572ms
[2024-07-18T16:19:11.085+0800][info][gc,cpu         ] GC(376) User=0.00s Sys=0.00s Real=0.00s
[2024-07-18T16:19:11.085+0800][info][gc             ] GC(377) Concurrent Mark Cycle
[2024-07-18T16:19:11.085+0800][info][gc,marking     ] GC(377) Concurrent Clear Claimed Marks
[2024-07-18T16:19:11.085+0800][info][gc,marking     ] GC(377) Concurrent Clear Claimed Marks 0.007ms
[2024-07-18T16:19:11.085+0800][info][gc,marking     ] GC(377) Concurrent Scan Root Regions
[2024-07-18T16:19:11.085+0800][info][gc,marking     ] GC(377) Concurrent Scan Root Regions 0.023ms
[2024-07-18T16:19:11.085+0800][info][gc,marking     ] GC(377) Concurrent Mark
[2024-07-18T16:19:11.085+0800][info][gc,marking     ] GC(377) Concurrent Mark From Roots
[2024-07-18T16:19:11.085+0800][info][gc,task        ] GC(377) Using 3 workers of 3 for marking
[2024-07-18T16:19:11.085+0800][info][gc,marking     ] GC(377) Concurrent Mark From Roots 0.626ms
[2024-07-18T16:19:11.085+0800][info][gc,marking     ] GC(377) Concurrent Preclean
[2024-07-18T16:19:11.085+0800][info][gc,marking     ] GC(377) Concurrent Preclean 0.056ms
[2024-07-18T16:19:11.085+0800][info][gc,start       ] GC(377) Pause Remark
[2024-07-18T16:19:11.085+0800][info][gc             ] GC(377) Pause Remark 428M->428M(512M) 0.189ms
[2024-07-18T16:19:11.085+0800][info][gc,cpu         ] GC(377) User=0.00s Sys=0.00s Real=0.00s
[2024-07-18T16:19:11.085+0800][info][gc,marking     ] GC(377) Concurrent Mark 0.988ms
[2024-07-18T16:19:11.085+0800][info][gc,marking     ] GC(377) Concurrent Rebuild Remembered Sets
[2024-07-18T16:19:11.085+0800][info][gc,marking     ] GC(377) Concurrent Rebuild Remembered Sets 0.357ms
[2024-07-18T16:19:11.085+0800][info][gc,start       ] GC(377) Pause Cleanup
[2024-07-18T16:19:11.088+0800][info][gc             ] GC(377) Pause Cleanup 433M->433M(512M) 0.106ms
[2024-07-18T16:19:11.088+0800][info][gc,cpu         ] GC(377) User=0.00s Sys=0.00s Real=0.00s
[2024-07-18T16:19:11.088+0800][info][gc,marking     ] GC(377) Concurrent Cleanup for Next Mark
[2024-07-18T16:19:11.088+0800][info][gc,marking     ] GC(377) Concurrent Cleanup for Next Mark 0.461ms
[2024-07-18T16:19:11.088+0800][info][gc             ] GC(377) Concurrent Mark Cycle 2.071ms
[2024-07-18T16:19:11.088+0800][info][gc,start       ] GC(378) Pause Young (Prepare Mixed) (G1 Evacuation Pause)
[2024-07-18T16:19:11.088+0800][info][gc,task        ] GC(378) Using 12 workers of 13 for evacuation
[2024-07-18T16:19:11.088+0800][info][gc,phases      ] GC(378)   Pre Evacuate Collection Set: 0.0ms
[2024-07-18T16:19:11.088+0800][info][gc,phases      ] GC(378)   Merge Heap Roots: 0.1ms
[2024-07-18T16:19:11.088+0800][info][gc,phases      ] GC(378)   Evacuate Collection Set: 0.9ms
[2024-07-18T16:19:11.088+0800][info][gc,phases      ] GC(378)   Post Evacuate Collection Set: 0.1ms
[2024-07-18T16:19:11.088+0800][info][gc,phases      ] GC(378)   Other: 0.1ms
[2024-07-18T16:19:11.088+0800][info][gc,heap        ] GC(378) Eden regions: 24->0(21)
[2024-07-18T16:19:11.088+0800][info][gc,heap        ] GC(378) Survivor regions: 1->4(4)
[2024-07-18T16:19:11.088+0800][info][gc,heap        ] GC(378) Old regions: 272->279
[2024-07-18T16:19:11.088+0800][info][gc,heap        ] GC(378) Archive regions: 0->0
[2024-07-18T16:19:11.088+0800][info][gc,heap        ] GC(378) Humongous regions: 186->171
[2024-07-18T16:19:11.088+0800][info][gc,metaspace   ] GC(378) Metaspace: 194K(384K)->194K(384K) NonClass: 186K(256K)->186K(256K) Class: 7K(128K)->7K(128K)
[2024-07-18T16:19:11.088+0800][info][gc             ] GC(378) Pause Young (Prepare Mixed) (G1 Evacuation Pause) 457M->429M(512M) 1.262ms
[2024-07-18T16:19:11.088+0800][info][gc,cpu         ] GC(378) User=0.00s Sys=0.00s Real=0.00s
[2024-07-18T16:19:11.092+0800][info][gc,start       ] GC(379) Pause Young (Mixed) (G1 Evacuation Pause)
[2024-07-18T16:19:11.092+0800][info][gc,task        ] GC(379) Using 12 workers of 13 for evacuation
[2024-07-18T16:19:11.094+0800][info][gc,phases      ] GC(379)   Pre Evacuate Collection Set: 0.0ms
[2024-07-18T16:19:11.094+0800][info][gc,phases      ] GC(379)   Merge Heap Roots: 0.0ms
[2024-07-18T16:19:11.094+0800][info][gc,phases      ] GC(379)   Evacuate Collection Set: 1.9ms
[2024-07-18T16:19:11.094+0800][info][gc,phases      ] GC(379)   Post Evacuate Collection Set: 0.1ms
[2024-07-18T16:19:11.094+0800][info][gc,phases      ] GC(379)   Other: 0.1ms
[2024-07-18T16:19:11.094+0800][info][gc,heap        ] GC(379) Eden regions: 21->0(21)
[2024-07-18T16:19:11.094+0800][info][gc,heap        ] GC(379) Survivor regions: 4->4(4)
[2024-07-18T16:19:11.094+0800][info][gc,heap        ] GC(379) Old regions: 279->281
[2024-07-18T16:19:11.094+0800][info][gc,heap        ] GC(379) Archive regions: 0->0
[2024-07-18T16:19:11.094+0800][info][gc,heap        ] GC(379) Humongous regions: 180->168
[2024-07-18T16:19:11.094+0800][info][gc,metaspace   ] GC(379) Metaspace: 194K(384K)->194K(384K) NonClass: 186K(256K)->186K(256K) Class: 7K(128K)->7K(128K)
[2024-07-18T16:19:11.094+0800][info][gc             ] GC(379) Pause Young (Mixed) (G1 Evacuation Pause) 459M->431M(512M) 2.203ms
[2024-07-18T16:19:11.094+0800][info][gc,cpu         ] GC(379) User=0.00s Sys=0.00s Real=0.00s
[2024-07-18T16:19:11.094+0800][info][gc,start       ] GC(380) Pause Young (Concurrent Start) (G1 Humongous Allocation)
[2024-07-18T16:19:11.094+0800][info][gc,task        ] GC(380) Using 12 workers of 13 for evacuation
[2024-07-18T16:19:11.096+0800][info][gc,phases      ] GC(380)   Pre Evacuate Collection Set: 0.0ms
[2024-07-18T16:19:11.096+0800][info][gc,phases      ] GC(380)   Merge Heap Roots: 0.0ms
[2024-07-18T16:19:11.096+0800][info][gc,phases      ] GC(380)   Evacuate Collection Set: 0.4ms
[2024-07-18T16:19:11.096+0800][info][gc,phases      ] GC(380)   Post Evacuate Collection Set: 0.1ms
[2024-07-18T16:19:11.096+0800][info][gc,phases      ] GC(380)   Other: 0.1ms
[2024-07-18T16:19:11.096+0800][info][gc,heap        ] GC(380) Eden regions: 2->0(24)
[2024-07-18T16:19:11.096+0800][info][gc,heap        ] GC(380) Survivor regions: 4->1(4)
[2024-07-18T16:19:11.096+0800][info][gc,heap        ] GC(380) Old regions: 281->285
[2024-07-18T16:19:11.096+0800][info][gc,heap        ] GC(380) Archive regions: 0->0
[2024-07-18T16:19:11.096+0800][info][gc,heap        ] GC(380) Humongous regions: 168->168
[2024-07-18T16:19:11.096+0800][info][gc,metaspace   ] GC(380) Metaspace: 194K(384K)->194K(384K) NonClass: 186K(256K)->186K(256K) Class: 7K(128K)->7K(128K)
[2024-07-18T16:19:11.096+0800][info][gc             ] GC(380) Pause Young (Concurrent Start) (G1 Humongous Allocation) 433M->432M(512M) 0.641ms
[2024-07-18T16:19:11.096+0800][info][gc,cpu         ] GC(380) User=0.00s Sys=0.00s Real=0.00s
[2024-07-18T16:19:11.096+0800][info][gc             ] GC(381) Concurrent Mark Cycle
[2024-07-18T16:19:11.096+0800][info][gc,marking     ] GC(381) Concurrent Clear Claimed Marks
[2024-07-18T16:19:11.096+0800][info][gc,marking     ] GC(381) Concurrent Clear Claimed Marks 0.008ms
[2024-07-18T16:19:11.096+0800][info][gc,marking     ] GC(381) Concurrent Scan Root Regions
[2024-07-18T16:19:11.096+0800][info][gc,marking     ] GC(381) Concurrent Scan Root Regions 0.026ms
[2024-07-18T16:19:11.096+0800][info][gc,marking     ] GC(381) Concurrent Mark
[2024-07-18T16:19:11.096+0800][info][gc,marking     ] GC(381) Concurrent Mark From Roots
[2024-07-18T16:19:11.096+0800][info][gc,task        ] GC(381) Using 3 workers of 3 for marking
[2024-07-18T16:19:11.097+0800][info][gc,marking     ] GC(381) Concurrent Mark From Roots 0.844ms
[2024-07-18T16:19:11.097+0800][info][gc,marking     ] GC(381) Concurrent Preclean
[2024-07-18T16:19:11.097+0800][info][gc,marking     ] GC(381) Concurrent Preclean 0.055ms
[2024-07-18T16:19:11.097+0800][info][gc,start       ] GC(381) Pause Remark
[2024-07-18T16:19:11.097+0800][info][gc             ] GC(381) Pause Remark 444M->444M(512M) 0.240ms
[2024-07-18T16:19:11.097+0800][info][gc,cpu         ] GC(381) User=0.00s Sys=0.00s Real=0.00s
[2024-07-18T16:19:11.097+0800][info][gc,marking     ] GC(381) Concurrent Mark 1.263ms
[2024-07-18T16:19:11.097+0800][info][gc,marking     ] GC(381) Concurrent Rebuild Remembered Sets
[2024-07-18T16:19:11.097+0800][info][gc,marking     ] GC(381) Concurrent Rebuild Remembered Sets 0.568ms
[2024-07-18T16:19:11.097+0800][info][gc,start       ] GC(381) Pause Cleanup
[2024-07-18T16:19:11.097+0800][info][gc             ] GC(381) Pause Cleanup 454M->454M(512M) 0.092ms
[2024-07-18T16:19:11.097+0800][info][gc,cpu         ] GC(381) User=0.00s Sys=0.00s Real=0.00s
[2024-07-18T16:19:11.097+0800][info][gc,marking     ] GC(381) Concurrent Cleanup for Next Mark
[2024-07-18T16:19:11.097+0800][info][gc,marking     ] GC(381) Concurrent Cleanup for Next Mark 0.463ms
[2024-07-18T16:19:11.097+0800][info][gc             ] GC(381) Concurrent Mark Cycle 2.613ms
[2024-07-18T16:19:11.097+0800][info][gc,start       ] GC(382) Pause Young (Prepare Mixed) (G1 Evacuation Pause)
[2024-07-18T16:19:11.097+0800][info][gc,task        ] GC(382) Using 12 workers of 13 for evacuation
[2024-07-18T16:19:11.097+0800][info][gc,phases      ] GC(382)   Pre Evacuate Collection Set: 0.0ms
[2024-07-18T16:19:11.097+0800][info][gc,phases      ] GC(382)   Merge Heap Roots: 0.1ms
[2024-07-18T16:19:11.097+0800][info][gc,phases      ] GC(382)   Evacuate Collection Set: 0.7ms
[2024-07-18T16:19:11.097+0800][info][gc,phases      ] GC(382)   Post Evacuate Collection Set: 0.1ms
[2024-07-18T16:19:11.097+0800][info][gc,phases      ] GC(382)   Other: 0.1ms
[2024-07-18T16:19:11.097+0800][info][gc,heap        ] GC(382) Eden regions: 24->0(21)
[2024-07-18T16:19:11.097+0800][info][gc,heap        ] GC(382) Survivor regions: 1->4(4)
[2024-07-18T16:19:11.097+0800][info][gc,heap        ] GC(382) Old regions: 285->289
[2024-07-18T16:19:11.097+0800][info][gc,heap        ] GC(382) Archive regions: 0->0
[2024-07-18T16:19:11.097+0800][info][gc,heap        ] GC(382) Humongous regions: 179->167
[2024-07-18T16:19:11.097+0800][info][gc,metaspace   ] GC(382) Metaspace: 194K(384K)->194K(384K) NonClass: 186K(256K)->186K(256K) Class: 7K(128K)->7K(128K)
[2024-07-18T16:19:11.097+0800][info][gc             ] GC(382) Pause Young (Prepare Mixed) (G1 Evacuation Pause) 467M->439M(512M) 0.979ms
[2024-07-18T16:19:11.097+0800][info][gc,cpu         ] GC(382) User=0.00s Sys=0.00s Real=0.00s
[2024-07-18T16:19:11.101+0800][info][gc,start       ] GC(383) Pause Young (Mixed) (G1 Evacuation Pause)
[2024-07-18T16:19:11.101+0800][info][gc,task        ] GC(383) Using 12 workers of 13 for evacuation
[2024-07-18T16:19:11.101+0800][info][gc             ] GC(383) To-space exhausted
[2024-07-18T16:19:11.101+0800][info][gc,phases      ] GC(383)   Pre Evacuate Collection Set: 0.0ms
[2024-07-18T16:19:11.101+0800][info][gc,phases      ] GC(383)   Merge Heap Roots: 0.0ms
[2024-07-18T16:19:11.101+0800][info][gc,phases      ] GC(383)   Evacuate Collection Set: 1.7ms
[2024-07-18T16:19:11.101+0800][info][gc,phases      ] GC(383)   Post Evacuate Collection Set: 0.2ms
[2024-07-18T16:19:11.101+0800][info][gc,phases      ] GC(383)   Other: 0.1ms
[2024-07-18T16:19:11.101+0800][info][gc,heap        ] GC(383) Eden regions: 21->0(21)
[2024-07-18T16:19:11.101+0800][info][gc,heap        ] GC(383) Survivor regions: 4->4(4)
[2024-07-18T16:19:11.101+0800][info][gc,heap        ] GC(383) Old regions: 289->314
[2024-07-18T16:19:11.101+0800][info][gc,heap        ] GC(383) Archive regions: 0->0
[2024-07-18T16:19:11.101+0800][info][gc,heap        ] GC(383) Humongous regions: 176->167
[2024-07-18T16:19:11.101+0800][info][gc,metaspace   ] GC(383) Metaspace: 194K(384K)->194K(384K) NonClass: 186K(256K)->186K(256K) Class: 7K(128K)->7K(128K)
[2024-07-18T16:19:11.101+0800][info][gc             ] GC(383) Pause Young (Mixed) (G1 Evacuation Pause) 469M->465M(512M) 2.049ms
[2024-07-18T16:19:11.101+0800][info][gc,cpu         ] GC(383) User=0.00s Sys=0.00s Real=0.00s
[2024-07-18T16:19:11.101+0800][info][gc,start       ] GC(384) Pause Young (Concurrent Start) (G1 Humongous Allocation)
[2024-07-18T16:19:11.101+0800][info][gc,task        ] GC(384) Using 12 workers of 13 for evacuation
[2024-07-18T16:19:11.101+0800][info][gc,phases      ] GC(384)   Pre Evacuate Collection Set: 0.0ms
[2024-07-18T16:19:11.101+0800][info][gc,phases      ] GC(384)   Merge Heap Roots: 0.0ms
[2024-07-18T16:19:11.101+0800][info][gc,phases      ] GC(384)   Evacuate Collection Set: 0.3ms
[2024-07-18T16:19:11.101+0800][info][gc,phases      ] GC(384)   Post Evacuate Collection Set: 0.1ms
[2024-07-18T16:19:11.101+0800][info][gc,phases      ] GC(384)   Other: 0.1ms
[2024-07-18T16:19:11.101+0800][info][gc,heap        ] GC(384) Eden regions: 1->0(24)
[2024-07-18T16:19:11.101+0800][info][gc,heap        ] GC(384) Survivor regions: 4->1(4)
[2024-07-18T16:19:11.101+0800][info][gc,heap        ] GC(384) Old regions: 314->319
[2024-07-18T16:19:11.101+0800][info][gc,heap        ] GC(384) Archive regions: 0->0
[2024-07-18T16:19:11.101+0800][info][gc,heap        ] GC(384) Humongous regions: 167->167
[2024-07-18T16:19:11.101+0800][info][gc,metaspace   ] GC(384) Metaspace: 194K(384K)->194K(384K) NonClass: 186K(256K)->186K(256K) Class: 7K(128K)->7K(128K)
[2024-07-18T16:19:11.101+0800][info][gc             ] GC(384) Pause Young (Concurrent Start) (G1 Humongous Allocation) 466M->466M(512M) 0.589ms
[2024-07-18T16:19:11.101+0800][info][gc,cpu         ] GC(384) User=0.00s Sys=0.00s Real=0.00s
[2024-07-18T16:19:11.101+0800][info][gc             ] GC(385) Concurrent Mark Cycle
[2024-07-18T16:19:11.101+0800][info][gc,marking     ] GC(385) Concurrent Clear Claimed Marks
[2024-07-18T16:19:11.101+0800][info][gc,marking     ] GC(385) Concurrent Clear Claimed Marks 0.012ms
[2024-07-18T16:19:11.101+0800][info][gc,marking     ] GC(385) Concurrent Scan Root Regions
[2024-07-18T16:19:11.101+0800][info][gc,marking     ] GC(385) Concurrent Scan Root Regions 0.031ms
[2024-07-18T16:19:11.101+0800][info][gc,marking     ] GC(385) Concurrent Mark
[2024-07-18T16:19:11.101+0800][info][gc,marking     ] GC(385) Concurrent Mark From Roots
[2024-07-18T16:19:11.101+0800][info][gc,task        ] GC(385) Using 3 workers of 3 for marking
[2024-07-18T16:19:11.106+0800][info][gc,marking     ] GC(385) Concurrent Mark From Roots 0.844ms
[2024-07-18T16:19:11.106+0800][info][gc,marking     ] GC(385) Concurrent Preclean
[2024-07-18T16:19:11.106+0800][info][gc,marking     ] GC(385) Concurrent Preclean 0.056ms
[2024-07-18T16:19:11.106+0800][info][gc,start       ] GC(385) Pause Remark
[2024-07-18T16:19:11.106+0800][info][gc             ] GC(385) Pause Remark 479M->479M(512M) 0.196ms
[2024-07-18T16:19:11.106+0800][info][gc,cpu         ] GC(385) User=0.00s Sys=0.00s Real=0.00s
[2024-07-18T16:19:11.106+0800][info][gc,marking     ] GC(385) Concurrent Mark 1.206ms
[2024-07-18T16:19:11.106+0800][info][gc,marking     ] GC(385) Concurrent Rebuild Remembered Sets
[2024-07-18T16:19:11.106+0800][info][gc,start       ] GC(386) Pause Young (Normal) (G1 Preventive Collection)
[2024-07-18T16:19:11.106+0800][info][gc,task        ] GC(386) Using 12 workers of 13 for evacuation
[2024-07-18T16:19:11.106+0800][info][gc,phases      ] GC(386)   Pre Evacuate Collection Set: 0.0ms
[2024-07-18T16:19:11.106+0800][info][gc,phases      ] GC(386)   Merge Heap Roots: 0.1ms
[2024-07-18T16:19:11.106+0800][info][gc,phases      ] GC(386)   Evacuate Collection Set: 0.3ms
[2024-07-18T16:19:11.106+0800][info][gc,phases      ] GC(386)   Post Evacuate Collection Set: 0.1ms
[2024-07-18T16:19:11.106+0800][info][gc,phases      ] GC(386)   Other: 0.0ms
[2024-07-18T16:19:11.106+0800][info][gc,heap        ] GC(386) Eden regions: 12->0(21)
[2024-07-18T16:19:11.106+0800][info][gc,heap        ] GC(386) Survivor regions: 1->4(4)
[2024-07-18T16:19:11.106+0800][info][gc,heap        ] GC(386) Old regions: 319->320
[2024-07-18T16:19:11.106+0800][info][gc,heap        ] GC(386) Archive regions: 0->0
[2024-07-18T16:19:11.106+0800][info][gc,heap        ] GC(386) Humongous regions: 174->167
[2024-07-18T16:19:11.106+0800][info][gc,metaspace   ] GC(386) Metaspace: 194K(384K)->194K(384K) NonClass: 186K(256K)->186K(256K) Class: 7K(128K)->7K(128K)
[2024-07-18T16:19:11.106+0800][info][gc             ] GC(386) Pause Young (Normal) (G1 Preventive Collection) 485M->470M(512M) 0.592ms
[2024-07-18T16:19:11.106+0800][info][gc,cpu         ] GC(386) User=0.00s Sys=0.00s Real=0.00s
[2024-07-18T16:19:11.106+0800][info][gc,marking     ] GC(385) Concurrent Rebuild Remembered Sets 1.200ms
[2024-07-18T16:19:11.106+0800][info][gc,start       ] GC(385) Pause Cleanup
[2024-07-18T16:19:11.106+0800][info][gc             ] GC(385) Pause Cleanup 472M->472M(512M) 0.096ms
[2024-07-18T16:19:11.106+0800][info][gc,cpu         ] GC(385) User=0.00s Sys=0.00s Real=0.00s
[2024-07-18T16:19:11.106+0800][info][gc,marking     ] GC(385) Concurrent Cleanup for Next Mark
[2024-07-18T16:19:11.108+0800][info][gc,marking     ] GC(385) Concurrent Cleanup for Next Mark 0.455ms
[2024-07-18T16:19:11.108+0800][info][gc             ] GC(385) Concurrent Mark Cycle 3.148ms
[2024-07-18T16:19:11.108+0800][info][gc,start       ] GC(387) Pause Young (Prepare Mixed) (G1 Preventive Collection)
[2024-07-18T16:19:11.108+0800][info][gc,task        ] GC(387) Using 12 workers of 13 for evacuation
[2024-07-18T16:19:11.108+0800][info][gc,phases      ] GC(387)   Pre Evacuate Collection Set: 0.0ms
[2024-07-18T16:19:11.108+0800][info][gc,phases      ] GC(387)   Merge Heap Roots: 0.0ms
[2024-07-18T16:19:11.108+0800][info][gc,phases      ] GC(387)   Evacuate Collection Set: 0.4ms
[2024-07-18T16:19:11.108+0800][info][gc,phases      ] GC(387)   Post Evacuate Collection Set: 0.1ms
[2024-07-18T16:19:11.108+0800][info][gc,phases      ] GC(387)   Other: 0.0ms
[2024-07-18T16:19:11.108+0800][info][gc,heap        ] GC(387) Eden regions: 7->0(21)
[2024-07-18T16:19:11.108+0800][info][gc,heap        ] GC(387) Survivor regions: 4->4(4)
[2024-07-18T16:19:11.108+0800][info][gc,heap        ] GC(387) Old regions: 320->324
[2024-07-18T16:19:11.108+0800][info][gc,heap        ] GC(387) Archive regions: 0->0
[2024-07-18T16:19:11.108+0800][info][gc,heap        ] GC(387) Humongous regions: 173->168
[2024-07-18T16:19:11.108+0800][info][gc,metaspace   ] GC(387) Metaspace: 194K(384K)->194K(384K) NonClass: 186K(256K)->186K(256K) Class: 7K(128K)->7K(128K)
[2024-07-18T16:19:11.108+0800][info][gc             ] GC(387) Pause Young (Prepare Mixed) (G1 Preventive Collection) 483M->474M(512M) 0.679ms
[2024-07-18T16:19:11.108+0800][info][gc,cpu         ] GC(387) User=0.00s Sys=0.00s Real=0.00s
[2024-07-18T16:19:11.110+0800][info][gc,start       ] GC(388) Pause Young (Mixed) (G1 Preventive Collection)
[2024-07-18T16:19:11.110+0800][info][gc,task        ] GC(388) Using 12 workers of 13 for evacuation
[2024-07-18T16:19:11.110+0800][info][gc             ] GC(388) To-space exhausted
[2024-07-18T16:19:11.110+0800][info][gc,phases      ] GC(388)   Pre Evacuate Collection Set: 0.0ms
[2024-07-18T16:19:11.110+0800][info][gc,phases      ] GC(388)   Merge Heap Roots: 0.0ms
[2024-07-18T16:19:11.110+0800][info][gc,phases      ] GC(388)   Evacuate Collection Set: 0.4ms
[2024-07-18T16:19:11.110+0800][info][gc,phases      ] GC(388)   Post Evacuate Collection Set: 0.1ms
[2024-07-18T16:19:11.110+0800][info][gc,phases      ] GC(388)   Other: 0.1ms
[2024-07-18T16:19:11.110+0800][info][gc,heap        ] GC(388) Eden regions: 4->0(24)
[2024-07-18T16:19:11.110+0800][info][gc,heap        ] GC(388) Survivor regions: 4->1(4)
[2024-07-18T16:19:11.110+0800][info][gc,heap        ] GC(388) Old regions: 324->324
[2024-07-18T16:19:11.110+0800][info][gc,heap        ] GC(388) Archive regions: 0->0
[2024-07-18T16:19:11.110+0800][info][gc,heap        ] GC(388) Humongous regions: 173->165
[2024-07-18T16:19:11.110+0800][info][gc,metaspace   ] GC(388) Metaspace: 194K(384K)->194K(384K) NonClass: 186K(256K)->186K(256K) Class: 7K(128K)->7K(128K)
[2024-07-18T16:19:11.110+0800][info][gc             ] GC(388) Pause Young (Mixed) (G1 Preventive Collection) 483M->470M(512M) 0.733ms
[2024-07-18T16:19:11.110+0800][info][gc,cpu         ] GC(388) User=0.00s Sys=0.00s Real=0.00s
[2024-07-18T16:19:11.111+0800][info][gc,start       ] GC(389) Pause Young (Mixed) (G1 Preventive Collection)
[2024-07-18T16:19:11.111+0800][info][gc,task        ] GC(389) Using 12 workers of 13 for evacuation
[2024-07-18T16:19:11.112+0800][info][gc             ] GC(389) To-space exhausted
[2024-07-18T16:19:11.112+0800][info][gc,phases      ] GC(389)   Pre Evacuate Collection Set: 0.0ms
[2024-07-18T16:19:11.112+0800][info][gc,phases      ] GC(389)   Merge Heap Roots: 0.0ms
[2024-07-18T16:19:11.112+0800][info][gc,phases      ] GC(389)   Evacuate Collection Set: 0.9ms
[2024-07-18T16:19:11.112+0800][info][gc,phases      ] GC(389)   Post Evacuate Collection Set: 0.1ms
[2024-07-18T16:19:11.112+0800][info][gc,phases      ] GC(389)   Other: 0.1ms
[2024-07-18T16:19:11.112+0800][info][gc,heap        ] GC(389) Eden regions: 6->0(23)
[2024-07-18T16:19:11.112+0800][info][gc,heap        ] GC(389) Survivor regions: 1->2(4)
[2024-07-18T16:19:11.112+0800][info][gc,heap        ] GC(389) Old regions: 324->335
[2024-07-18T16:19:11.112+0800][info][gc,heap        ] GC(389) Archive regions: 0->0
[2024-07-18T16:19:11.112+0800][info][gc,heap        ] GC(389) Humongous regions: 170->164
[2024-07-18T16:19:11.112+0800][info][gc,metaspace   ] GC(389) Metaspace: 194K(384K)->194K(384K) NonClass: 186K(256K)->186K(256K) Class: 7K(128K)->7K(128K)
[2024-07-18T16:19:11.112+0800][info][gc             ] GC(389) Pause Young (Mixed) (G1 Preventive Collection) 481M->481M(512M) 1.211ms
[2024-07-18T16:19:11.112+0800][info][gc,cpu         ] GC(389) User=0.00s Sys=0.00s Real=0.00s
[2024-07-18T16:19:11.112+0800][info][gc,start       ] GC(390) Pause Young (Concurrent Start) (G1 Humongous Allocation)
[2024-07-18T16:19:11.112+0800][info][gc,task        ] GC(390) Using 12 workers of 13 for evacuation
[2024-07-18T16:19:11.113+0800][info][gc,phases      ] GC(390)   Pre Evacuate Collection Set: 0.0ms
[2024-07-18T16:19:11.113+0800][info][gc,phases      ] GC(390)   Merge Heap Roots: 0.0ms
[2024-07-18T16:19:11.113+0800][info][gc,phases      ] GC(390)   Evacuate Collection Set: 0.2ms
[2024-07-18T16:19:11.113+0800][info][gc,phases      ] GC(390)   Post Evacuate Collection Set: 0.1ms
[2024-07-18T16:19:11.113+0800][info][gc,phases      ] GC(390)   Other: 0.1ms
[2024-07-18T16:19:11.113+0800][info][gc,heap        ] GC(390) Eden regions: 3->0(21)
[2024-07-18T16:19:11.113+0800][info][gc,heap        ] GC(390) Survivor regions: 2->4(4)
[2024-07-18T16:19:11.113+0800][info][gc,heap        ] GC(390) Old regions: 335->335
[2024-07-18T16:19:11.113+0800][info][gc,heap        ] GC(390) Archive regions: 0->0
[2024-07-18T16:19:11.113+0800][info][gc,heap        ] GC(390) Humongous regions: 164->164
[2024-07-18T16:19:11.113+0800][info][gc,metaspace   ] GC(390) Metaspace: 194K(384K)->194K(384K) NonClass: 186K(256K)->186K(256K) Class: 7K(128K)->7K(128K)
[2024-07-18T16:19:11.113+0800][info][gc             ] GC(390) Pause Young (Concurrent Start) (G1 Humongous Allocation) 484M->483M(512M) 0.493ms
[2024-07-18T16:19:11.113+0800][info][gc,cpu         ] GC(390) User=0.00s Sys=0.00s Real=0.00s
[2024-07-18T16:19:11.113+0800][info][gc             ] GC(391) Concurrent Mark Cycle
[2024-07-18T16:19:11.113+0800][info][gc,marking     ] GC(391) Concurrent Clear Claimed Marks
[2024-07-18T16:19:11.113+0800][info][gc,marking     ] GC(391) Concurrent Clear Claimed Marks 0.030ms
[2024-07-18T16:19:11.113+0800][info][gc,marking     ] GC(391) Concurrent Scan Root Regions
[2024-07-18T16:19:11.113+0800][info][gc,marking     ] GC(391) Concurrent Scan Root Regions 0.023ms
[2024-07-18T16:19:11.113+0800][info][gc,marking     ] GC(391) Concurrent Mark
[2024-07-18T16:19:11.113+0800][info][gc,marking     ] GC(391) Concurrent Mark From Roots
[2024-07-18T16:19:11.113+0800][info][gc,task        ] GC(391) Using 3 workers of 3 for marking
[2024-07-18T16:19:11.114+0800][info][gc,start       ] GC(392) Pause Young (Normal) (G1 Preventive Collection)
[2024-07-18T16:19:11.114+0800][info][gc,task        ] GC(392) Using 12 workers of 13 for evacuation
[2024-07-18T16:19:11.114+0800][info][gc,phases      ] GC(392)   Pre Evacuate Collection Set: 0.0ms
[2024-07-18T16:19:11.114+0800][info][gc,phases      ] GC(392)   Merge Heap Roots: 0.0ms
[2024-07-18T16:19:11.114+0800][info][gc,phases      ] GC(392)   Evacuate Collection Set: 0.2ms
[2024-07-18T16:19:11.114+0800][info][gc,phases      ] GC(392)   Post Evacuate Collection Set: 0.1ms
[2024-07-18T16:19:11.114+0800][info][gc,phases      ] GC(392)   Other: 0.0ms
[2024-07-18T16:19:11.114+0800][info][gc,heap        ] GC(392) Eden regions: 2->0(22)
[2024-07-18T16:19:11.114+0800][info][gc,heap        ] GC(392) Survivor regions: 4->3(4)
[2024-07-18T16:19:11.114+0800][info][gc,heap        ] GC(392) Old regions: 335->338
[2024-07-18T16:19:11.114+0800][info][gc,heap        ] GC(392) Archive regions: 0->0
[2024-07-18T16:19:11.114+0800][info][gc,heap        ] GC(392) Humongous regions: 165->163
[2024-07-18T16:19:11.114+0800][info][gc,metaspace   ] GC(392) Metaspace: 194K(384K)->194K(384K) NonClass: 186K(256K)->186K(256K) Class: 7K(128K)->7K(128K)
[2024-07-18T16:19:11.114+0800][info][gc             ] GC(392) Pause Young (Normal) (G1 Preventive Collection) 486M->483M(512M) 0.405ms
[2024-07-18T16:19:11.114+0800][info][gc,cpu         ] GC(392) User=0.00s Sys=0.00s Real=0.00s
[2024-07-18T16:19:11.115+0800][info][gc,start       ] GC(393) Pause Young (Normal) (G1 Preventive Collection)
[2024-07-18T16:19:11.115+0800][info][gc,task        ] GC(393) Using 12 workers of 13 for evacuation
[2024-07-18T16:19:11.115+0800][info][gc,phases      ] GC(393)   Pre Evacuate Collection Set: 0.0ms
[2024-07-18T16:19:11.115+0800][info][gc,phases      ] GC(393)   Merge Heap Roots: 0.0ms
[2024-07-18T16:19:11.115+0800][info][gc,phases      ] GC(393)   Evacuate Collection Set: 0.2ms
[2024-07-18T16:19:11.115+0800][info][gc,phases      ] GC(393)   Post Evacuate Collection Set: 0.1ms
[2024-07-18T16:19:11.115+0800][info][gc,phases      ] GC(393)   Other: 0.0ms
[2024-07-18T16:19:11.115+0800][info][gc,heap        ] GC(393) Eden regions: 3->0(22)
[2024-07-18T16:19:11.115+0800][info][gc,heap        ] GC(393) Survivor regions: 3->3(4)
[2024-07-18T16:19:11.115+0800][info][gc,heap        ] GC(393) Old regions: 338->338
[2024-07-18T16:19:11.115+0800][info][gc,heap        ] GC(393) Archive regions: 0->0
[2024-07-18T16:19:11.115+0800][info][gc,heap        ] GC(393) Humongous regions: 164->164
[2024-07-18T16:19:11.115+0800][info][gc,metaspace   ] GC(393) Metaspace: 194K(384K)->194K(384K) NonClass: 186K(256K)->186K(256K) Class: 7K(128K)->7K(128K)
[2024-07-18T16:19:11.115+0800][info][gc             ] GC(393) Pause Young (Normal) (G1 Preventive Collection) 487M->484M(512M) 0.459ms
[2024-07-18T16:19:11.115+0800][info][gc,cpu         ] GC(393) User=0.00s Sys=0.00s Real=0.00s
[2024-07-18T16:19:11.115+0800][info][gc,marking     ] GC(391) Concurrent Mark From Roots 1.686ms
[2024-07-18T16:19:11.115+0800][info][gc,marking     ] GC(391) Concurrent Preclean
[2024-07-18T16:19:11.115+0800][info][gc,marking     ] GC(391) Concurrent Preclean 0.055ms
[2024-07-18T16:19:11.115+0800][info][gc,start       ] GC(391) Pause Remark
[2024-07-18T16:19:11.115+0800][info][gc             ] GC(391) Pause Remark 485M->485M(512M) 0.174ms
[2024-07-18T16:19:11.115+0800][info][gc,cpu         ] GC(391) User=0.00s Sys=0.00s Real=0.00s
[2024-07-18T16:19:11.115+0800][info][gc,marking     ] GC(391) Concurrent Mark 2.012ms
[2024-07-18T16:19:11.115+0800][info][gc,marking     ] GC(391) Concurrent Rebuild Remembered Sets
[2024-07-18T16:19:11.115+0800][info][gc,start       ] GC(394) Pause Young (Normal) (G1 Preventive Collection)
[2024-07-18T16:19:11.115+0800][info][gc,task        ] GC(394) Using 12 workers of 13 for evacuation
[2024-07-18T16:19:11.115+0800][info][gc,phases      ] GC(394)   Pre Evacuate Collection Set: 0.0ms
[2024-07-18T16:19:11.115+0800][info][gc,phases      ] GC(394)   Merge Heap Roots: 0.0ms
[2024-07-18T16:19:11.115+0800][info][gc,phases      ] GC(394)   Evacuate Collection Set: 0.1ms
[2024-07-18T16:19:11.115+0800][info][gc,phases      ] GC(394)   Post Evacuate Collection Set: 0.1ms
[2024-07-18T16:19:11.115+0800][info][gc,phases      ] GC(394)   Other: 0.0ms
[2024-07-18T16:19:11.115+0800][info][gc,heap        ] GC(394) Eden regions: 3->0(23)
[2024-07-18T16:19:11.115+0800][info][gc,heap        ] GC(394) Survivor regions: 3->2(4)
[2024-07-18T16:19:11.115+0800][info][gc,heap        ] GC(394) Old regions: 338->339
[2024-07-18T16:19:11.115+0800][info][gc,heap        ] GC(394) Archive regions: 0->0
[2024-07-18T16:19:11.115+0800][info][gc,heap        ] GC(394) Humongous regions: 164->164
[2024-07-18T16:19:11.115+0800][info][gc,metaspace   ] GC(394) Metaspace: 194K(384K)->194K(384K) NonClass: 186K(256K)->186K(256K) Class: 7K(128K)->7K(128K)
[2024-07-18T16:19:11.115+0800][info][gc             ] GC(394) Pause Young (Normal) (G1 Preventive Collection) 486M->484M(512M) 0.340ms
[2024-07-18T16:19:11.115+0800][info][gc,cpu         ] GC(394) User=0.00s Sys=0.00s Real=0.00s
[2024-07-18T16:19:11.115+0800][info][gc,start       ] GC(395) Pause Young (Normal) (G1 Preventive Collection)
[2024-07-18T16:19:11.115+0800][info][gc,task        ] GC(395) Using 12 workers of 13 for evacuation
[2024-07-18T16:19:11.115+0800][info][gc,phases      ] GC(395)   Pre Evacuate Collection Set: 0.0ms
[2024-07-18T16:19:11.115+0800][info][gc,phases      ] GC(395)   Merge Heap Roots: 0.0ms
[2024-07-18T16:19:11.115+0800][info][gc,phases      ] GC(395)   Evacuate Collection Set: 0.1ms
[2024-07-18T16:19:11.115+0800][info][gc,phases      ] GC(395)   Post Evacuate Collection Set: 0.1ms
[2024-07-18T16:19:11.115+0800][info][gc,phases      ] GC(395)   Other: 0.0ms
[2024-07-18T16:19:11.115+0800][info][gc,heap        ] GC(395) Eden regions: 2->0(22)
[2024-07-18T16:19:11.115+0800][info][gc,heap        ] GC(395) Survivor regions: 2->3(3)
[2024-07-18T16:19:11.115+0800][info][gc,heap        ] GC(395) Old regions: 339->339
[2024-07-18T16:19:11.115+0800][info][gc,heap        ] GC(395) Archive regions: 0->0
[2024-07-18T16:19:11.115+0800][info][gc,heap        ] GC(395) Humongous regions: 166->165
[2024-07-18T16:19:11.115+0800][info][gc,metaspace   ] GC(395) Metaspace: 194K(384K)->194K(384K) NonClass: 186K(256K)->186K(256K) Class: 7K(128K)->7K(128K)
[2024-07-18T16:19:11.115+0800][info][gc             ] GC(395) Pause Young (Normal) (G1 Preventive Collection) 488M->486M(512M) 0.350ms
[2024-07-18T16:19:11.115+0800][info][gc,cpu         ] GC(395) User=0.00s Sys=0.00s Real=0.00s
[2024-07-18T16:19:11.115+0800][info][gc,start       ] GC(396) Pause Young (Normal) (G1 Preventive Collection)
[2024-07-18T16:19:11.115+0800][info][gc,task        ] GC(396) Using 12 workers of 13 for evacuation
[2024-07-18T16:19:11.115+0800][info][gc,phases      ] GC(396)   Pre Evacuate Collection Set: 0.0ms
[2024-07-18T16:19:11.115+0800][info][gc,phases      ] GC(396)   Merge Heap Roots: 0.0ms
[2024-07-18T16:19:11.115+0800][info][gc,phases      ] GC(396)   Evacuate Collection Set: 0.1ms
[2024-07-18T16:19:11.115+0800][info][gc,phases      ] GC(396)   Post Evacuate Collection Set: 0.1ms
[2024-07-18T16:19:11.115+0800][info][gc,phases      ] GC(396)   Other: 0.1ms
[2024-07-18T16:19:11.115+0800][info][gc,heap        ] GC(396) Eden regions: 1->0(23)
[2024-07-18T16:19:11.115+0800][info][gc,heap        ] GC(396) Survivor regions: 3->2(3)
[2024-07-18T16:19:11.115+0800][info][gc,heap        ] GC(396) Old regions: 339->339
[2024-07-18T16:19:11.115+0800][info][gc,heap        ] GC(396) Archive regions: 0->0
[2024-07-18T16:19:11.115+0800][info][gc,heap        ] GC(396) Humongous regions: 166->165
[2024-07-18T16:19:11.115+0800][info][gc,metaspace   ] GC(396) Metaspace: 194K(384K)->194K(384K) NonClass: 186K(256K)->186K(256K) Class: 7K(128K)->7K(128K)
[2024-07-18T16:19:11.115+0800][info][gc             ] GC(396) Pause Young (Normal) (G1 Preventive Collection) 487M->486M(512M) 0.408ms
[2024-07-18T16:19:11.115+0800][info][gc,cpu         ] GC(396) User=0.00s Sys=0.00s Real=0.00s
[2024-07-18T16:19:11.115+0800][info][gc,start       ] GC(397) Pause Young (Normal) (G1 Preventive Collection)
[2024-07-18T16:19:11.115+0800][info][gc,task        ] GC(397) Using 12 workers of 13 for evacuation
[2024-07-18T16:19:11.115+0800][info][gc,phases      ] GC(397)   Pre Evacuate Collection Set: 0.0ms
[2024-07-18T16:19:11.115+0800][info][gc,phases      ] GC(397)   Merge Heap Roots: 0.0ms
[2024-07-18T16:19:11.115+0800][info][gc,phases      ] GC(397)   Evacuate Collection Set: 0.1ms
[2024-07-18T16:19:11.115+0800][info][gc,phases      ] GC(397)   Post Evacuate Collection Set: 0.1ms
[2024-07-18T16:19:11.115+0800][info][gc,phases      ] GC(397)   Other: 0.0ms
[2024-07-18T16:19:11.115+0800][info][gc,heap        ] GC(397) Eden regions: 1->0(22)
[2024-07-18T16:19:11.115+0800][info][gc,heap        ] GC(397) Survivor regions: 2->3(3)
[2024-07-18T16:19:11.115+0800][info][gc,heap        ] GC(397) Old regions: 339->339
[2024-07-18T16:19:11.115+0800][info][gc,heap        ] GC(397) Archive regions: 0->0
[2024-07-18T16:19:11.115+0800][info][gc,heap        ] GC(397) Humongous regions: 167->165
[2024-07-18T16:19:11.115+0800][info][gc,metaspace   ] GC(397) Metaspace: 194K(384K)->194K(384K) NonClass: 186K(256K)->186K(256K) Class: 7K(128K)->7K(128K)
[2024-07-18T16:19:11.115+0800][info][gc             ] GC(397) Pause Young (Normal) (G1 Preventive Collection) 489M->487M(512M) 0.378ms
[2024-07-18T16:19:11.115+0800][info][gc,cpu         ] GC(397) User=0.00s Sys=0.00s Real=0.00s
[2024-07-18T16:19:11.115+0800][info][gc,marking     ] GC(391) Concurrent Rebuild Remembered Sets 2.242ms
[2024-07-18T16:19:11.115+0800][info][gc,start       ] GC(398) Pause Young (Normal) (G1 Preventive Collection)
[2024-07-18T16:19:11.115+0800][info][gc,task        ] GC(398) Using 12 workers of 13 for evacuation
[2024-07-18T16:19:11.118+0800][info][gc,phases      ] GC(398)   Pre Evacuate Collection Set: 0.0ms
[2024-07-18T16:19:11.118+0800][info][gc,phases      ] GC(398)   Merge Heap Roots: 0.0ms
[2024-07-18T16:19:11.118+0800][info][gc,phases      ] GC(398)   Evacuate Collection Set: 0.2ms
[2024-07-18T16:19:11.118+0800][info][gc,phases      ] GC(398)   Post Evacuate Collection Set: 0.1ms
[2024-07-18T16:19:11.118+0800][info][gc,phases      ] GC(398)   Other: 0.1ms
[2024-07-18T16:19:11.118+0800][info][gc,heap        ] GC(398) Eden regions: 1->0(22)
[2024-07-18T16:19:11.118+0800][info][gc,heap        ] GC(398) Survivor regions: 3->3(4)
[2024-07-18T16:19:11.118+0800][info][gc,heap        ] GC(398) Old regions: 339->340
[2024-07-18T16:19:11.118+0800][info][gc,heap        ] GC(398) Archive regions: 0->0
[2024-07-18T16:19:11.118+0800][info][gc,heap        ] GC(398) Humongous regions: 165->165
[2024-07-18T16:19:11.118+0800][info][gc,metaspace   ] GC(398) Metaspace: 194K(384K)->194K(384K) NonClass: 186K(256K)->186K(256K) Class: 7K(128K)->7K(128K)
[2024-07-18T16:19:11.118+0800][info][gc             ] GC(398) Pause Young (Normal) (G1 Preventive Collection) 488M->488M(512M) 0.400ms
[2024-07-18T16:19:11.118+0800][info][gc,cpu         ] GC(398) User=0.00s Sys=0.00s Real=0.00s
[2024-07-18T16:19:11.118+0800][info][gc,start       ] GC(391) Pause Cleanup
[2024-07-18T16:19:11.118+0800][info][gc             ] GC(391) Pause Cleanup 488M->488M(512M) 0.095ms
[2024-07-18T16:19:11.118+0800][info][gc,cpu         ] GC(391) User=0.00s Sys=0.00s Real=0.00s
[2024-07-18T16:19:11.118+0800][info][gc,marking     ] GC(391) Concurrent Cleanup for Next Mark
[2024-07-18T16:19:11.118+0800][info][gc,start       ] GC(399) Pause Young (Prepare Mixed) (G1 Preventive Collection)
[2024-07-18T16:19:11.118+0800][info][gc,task        ] GC(399) Using 12 workers of 13 for evacuation
[2024-07-18T16:19:11.118+0800][info][gc             ] GC(399) To-space exhausted
[2024-07-18T16:19:11.118+0800][info][gc,phases      ] GC(399)   Pre Evacuate Collection Set: 0.0ms
[2024-07-18T16:19:11.118+0800][info][gc,phases      ] GC(399)   Merge Heap Roots: 0.0ms
[2024-07-18T16:19:11.118+0800][info][gc,phases      ] GC(399)   Evacuate Collection Set: 0.1ms
[2024-07-18T16:19:11.118+0800][info][gc,phases      ] GC(399)   Post Evacuate Collection Set: 0.1ms
[2024-07-18T16:19:11.118+0800][info][gc,phases      ] GC(399)   Other: 0.0ms
[2024-07-18T16:19:11.118+0800][info][gc,heap        ] GC(399) Eden regions: 1->0(23)
[2024-07-18T16:19:11.118+0800][info][gc,heap        ] GC(399) Survivor regions: 3->2(3)
[2024-07-18T16:19:11.118+0800][info][gc,heap        ] GC(399) Old regions: 340->343
[2024-07-18T16:19:11.118+0800][info][gc,heap        ] GC(399) Archive regions: 0->0
[2024-07-18T16:19:11.118+0800][info][gc,heap        ] GC(399) Humongous regions: 165->165
[2024-07-18T16:19:11.118+0800][info][gc,metaspace   ] GC(399) Metaspace: 194K(384K)->194K(384K) NonClass: 186K(256K)->186K(256K) Class: 7K(128K)->7K(128K)
[2024-07-18T16:19:11.118+0800][info][gc             ] GC(399) Pause Young (Prepare Mixed) (G1 Preventive Collection) 489M->490M(512M) 0.309ms
[2024-07-18T16:19:11.118+0800][info][gc,cpu         ] GC(399) User=0.00s Sys=0.00s Real=0.00s
[2024-07-18T16:19:11.118+0800][info][gc,start       ] GC(400) Pause Young (Mixed) (G1 Preventive Collection)
[2024-07-18T16:19:11.118+0800][info][gc,task        ] GC(400) Using 12 workers of 13 for evacuation
[2024-07-18T16:19:11.118+0800][info][gc             ] GC(400) To-space exhausted
[2024-07-18T16:19:11.118+0800][info][gc,phases      ] GC(400)   Pre Evacuate Collection Set: 0.0ms
[2024-07-18T16:19:11.118+0800][info][gc,phases      ] GC(400)   Merge Heap Roots: 0.0ms
[2024-07-18T16:19:11.118+0800][info][gc,phases      ] GC(400)   Evacuate Collection Set: 0.1ms
[2024-07-18T16:19:11.118+0800][info][gc,phases      ] GC(400)   Post Evacuate Collection Set: 0.1ms
[2024-07-18T16:19:11.118+0800][info][gc,phases      ] GC(400)   Other: 0.1ms
[2024-07-18T16:19:11.118+0800][info][gc,heap        ] GC(400) Eden regions: 0->0(25)
[2024-07-18T16:19:11.118+0800][info][gc,heap        ] GC(400) Survivor regions: 2->0(1)
[2024-07-18T16:19:11.118+0800][info][gc,heap        ] GC(400) Old regions: 343->342
[2024-07-18T16:19:11.118+0800][info][gc,heap        ] GC(400) Archive regions: 0->0
[2024-07-18T16:19:11.118+0800][info][gc,heap        ] GC(400) Humongous regions: 166->165
[2024-07-18T16:19:11.118+0800][info][gc,metaspace   ] GC(400) Metaspace: 194K(384K)->194K(384K) NonClass: 186K(256K)->186K(256K) Class: 7K(128K)->7K(128K)
[2024-07-18T16:19:11.118+0800][info][gc             ] GC(400) Pause Young (Mixed) (G1 Preventive Collection) 491M->487M(512M) 0.359ms
[2024-07-18T16:19:11.118+0800][info][gc,cpu         ] GC(400) User=0.00s Sys=0.00s Real=0.00s
[2024-07-18T16:19:11.118+0800][info][gc,marking     ] GC(391) Concurrent Cleanup for Next Mark 1.084ms
[2024-07-18T16:19:11.118+0800][info][gc,start       ] GC(401) Pause Young (Mixed) (G1 Preventive Collection)
[2024-07-18T16:19:11.118+0800][info][gc,task        ] GC(401) Using 12 workers of 13 for evacuation
[2024-07-18T16:19:11.118+0800][info][gc             ] GC(401) To-space exhausted
[2024-07-18T16:19:11.118+0800][info][gc,phases      ] GC(401)   Pre Evacuate Collection Set: 0.0ms
[2024-07-18T16:19:11.118+0800][info][gc,phases      ] GC(401)   Merge Heap Roots: 0.0ms
[2024-07-18T16:19:11.118+0800][info][gc,phases      ] GC(401)   Evacuate Collection Set: 0.3ms
[2024-07-18T16:19:11.118+0800][info][gc,phases      ] GC(401)   Post Evacuate Collection Set: 0.1ms
[2024-07-18T16:19:11.118+0800][info][gc,phases      ] GC(401)   Other: 0.1ms
[2024-07-18T16:19:11.118+0800][info][gc,heap        ] GC(401) Eden regions: 1->0(24)
[2024-07-18T16:19:11.118+0800][info][gc,heap        ] GC(401) Survivor regions: 0->1(4)
[2024-07-18T16:19:11.118+0800][info][gc,heap        ] GC(401) Old regions: 342->344
[2024-07-18T16:19:11.118+0800][info][gc,heap        ] GC(401) Archive regions: 0->0
[2024-07-18T16:19:11.118+0800][info][gc,heap        ] GC(401) Humongous regions: 165->164
[2024-07-18T16:19:11.118+0800][info][gc,metaspace   ] GC(401) Metaspace: 194K(384K)->194K(384K) NonClass: 186K(256K)->186K(256K) Class: 7K(128K)->7K(128K)
[2024-07-18T16:19:11.118+0800][info][gc             ] GC(401) Pause Young (Mixed) (G1 Preventive Collection) 488M->489M(512M) 0.550ms
[2024-07-18T16:19:11.118+0800][info][gc,cpu         ] GC(401) User=0.00s Sys=0.00s Real=0.00s
[2024-07-18T16:19:11.118+0800][info][gc             ] GC(391) Concurrent Mark Cycle 6.641ms
[2024-07-18T16:19:11.118+0800][info][gc,start       ] GC(402) Pause Young (Mixed) (G1 Preventive Collection)
[2024-07-18T16:19:11.118+0800][info][gc,task        ] GC(402) Using 12 workers of 13 for evacuation
[2024-07-18T16:19:11.118+0800][info][gc             ] GC(402) To-space exhausted
[2024-07-18T16:19:11.118+0800][info][gc,phases      ] GC(402)   Pre Evacuate Collection Set: 0.0ms
[2024-07-18T16:19:11.118+0800][info][gc,phases      ] GC(402)   Merge Heap Roots: 0.0ms
[2024-07-18T16:19:11.118+0800][info][gc,phases      ] GC(402)   Evacuate Collection Set: 0.2ms
[2024-07-18T16:19:11.118+0800][info][gc,phases      ] GC(402)   Post Evacuate Collection Set: 0.1ms
[2024-07-18T16:19:11.118+0800][info][gc,phases      ] GC(402)   Other: 0.1ms
[2024-07-18T16:19:11.118+0800][info][gc,heap        ] GC(402) Eden regions: 1->0(25)
[2024-07-18T16:19:11.118+0800][info][gc,heap        ] GC(402) Survivor regions: 1->0(2)
[2024-07-18T16:19:11.118+0800][info][gc,heap        ] GC(402) Old regions: 344->348
[2024-07-18T16:19:11.118+0800][info][gc,heap        ] GC(402) Archive regions: 0->0
[2024-07-18T16:19:11.118+0800][info][gc,heap        ] GC(402) Humongous regions: 164->164
[2024-07-18T16:19:11.118+0800][info][gc,metaspace   ] GC(402) Metaspace: 194K(384K)->194K(384K) NonClass: 186K(256K)->186K(256K) Class: 7K(128K)->7K(128K)
[2024-07-18T16:19:11.118+0800][info][gc             ] GC(402) Pause Young (Mixed) (G1 Preventive Collection) 490M->492M(512M) 0.413ms
[2024-07-18T16:19:11.118+0800][info][gc,cpu         ] GC(402) User=0.00s Sys=0.00s Real=0.00s
[2024-07-18T16:19:11.118+0800][info][gc,ergo        ] Attempting full compaction
[2024-07-18T16:19:11.118+0800][info][gc,task        ] GC(403) Using 12 workers of 13 for full compaction
[2024-07-18T16:19:11.118+0800][info][gc,start       ] GC(403) Pause Full (G1 Compaction Pause)
[2024-07-18T16:19:11.118+0800][info][gc,phases,start] GC(403) Phase 1: Mark live objects
[2024-07-18T16:19:11.118+0800][info][gc,phases      ] GC(403) Phase 1: Mark live objects 0.391ms
[2024-07-18T16:19:11.118+0800][info][gc,phases,start] GC(403) Phase 2: Prepare for compaction
[2024-07-18T16:19:11.118+0800][info][gc,phases      ] GC(403) Phase 2: Prepare for compaction 0.174ms
[2024-07-18T16:19:11.118+0800][info][gc,phases,start] GC(403) Phase 3: Adjust pointers
[2024-07-18T16:19:11.118+0800][info][gc,phases      ] GC(403) Phase 3: Adjust pointers 0.124ms
[2024-07-18T16:19:11.118+0800][info][gc,phases,start] GC(403) Phase 4: Compact heap
[2024-07-18T16:19:11.128+0800][info][gc,phases      ] GC(403) Phase 4: Compact heap 14.355ms
[2024-07-18T16:19:11.128+0800][info][gc,heap        ] GC(403) Eden regions: 0->0(25)
[2024-07-18T16:19:11.128+0800][info][gc,heap        ] GC(403) Survivor regions: 0->0(2)
[2024-07-18T16:19:11.128+0800][info][gc,heap        ] GC(403) Old regions: 348->260
[2024-07-18T16:19:11.128+0800][info][gc,heap        ] GC(403) Archive regions: 0->0
[2024-07-18T16:19:11.128+0800][info][gc,heap        ] GC(403) Humongous regions: 164->164
[2024-07-18T16:19:11.128+0800][info][gc,metaspace   ] GC(403) Metaspace: 194K(384K)->194K(384K) NonClass: 186K(256K)->186K(256K) Class: 7K(128K)->7K(128K)
[2024-07-18T16:19:11.128+0800][info][gc             ] GC(403) Pause Full (G1 Compaction Pause) 492M->393M(512M) 15.748ms
[2024-07-18T16:19:11.128+0800][info][gc,cpu         ] GC(403) User=0.11s Sys=0.00s Real=0.01s
[2024-07-18T16:19:11.128+0800][info][gc,start       ] GC(404) Pause Young (Concurrent Start) (G1 Humongous Allocation)
[2024-07-18T16:19:11.128+0800][info][gc,task        ] GC(404) Using 12 workers of 13 for evacuation
[2024-07-18T16:19:11.128+0800][info][gc,phases      ] GC(404)   Pre Evacuate Collection Set: 0.1ms
[2024-07-18T16:19:11.128+0800][info][gc,phases      ] GC(404)   Merge Heap Roots: 0.0ms
[2024-07-18T16:19:11.128+0800][info][gc,phases      ] GC(404)   Evacuate Collection Set: 0.1ms
[2024-07-18T16:19:11.128+0800][info][gc,phases      ] GC(404)   Post Evacuate Collection Set: 0.2ms
[2024-07-18T16:19:11.128+0800][info][gc,phases      ] GC(404)   Other: 0.1ms
[2024-07-18T16:19:11.128+0800][info][gc,heap        ] GC(404) Eden regions: 1->0(24)
[2024-07-18T16:19:11.128+0800][info][gc,heap        ] GC(404) Survivor regions: 0->1(4)
[2024-07-18T16:19:11.128+0800][info][gc,heap        ] GC(404) Old regions: 260->260
[2024-07-18T16:19:11.128+0800][info][gc,heap        ] GC(404) Archive regions: 0->0
[2024-07-18T16:19:11.128+0800][info][gc,heap        ] GC(404) Humongous regions: 164->164
[2024-07-18T16:19:11.128+0800][info][gc,metaspace   ] GC(404) Metaspace: 194K(384K)->194K(384K) NonClass: 186K(256K)->186K(256K) Class: 7K(128K)->7K(128K)
[2024-07-18T16:19:11.128+0800][info][gc             ] GC(404) Pause Young (Concurrent Start) (G1 Humongous Allocation) 394M->393M(512M) 0.579ms
[2024-07-18T16:19:11.128+0800][info][gc,cpu         ] GC(404) User=0.00s Sys=0.00s Real=0.00s
[2024-07-18T16:19:11.128+0800][info][gc             ] GC(405) Concurrent Mark Cycle
[2024-07-18T16:19:11.128+0800][info][gc,marking     ] GC(405) Concurrent Clear Claimed Marks
[2024-07-18T16:19:11.128+0800][info][gc,marking     ] GC(405) Concurrent Clear Claimed Marks 0.008ms
[2024-07-18T16:19:11.128+0800][info][gc,marking     ] GC(405) Concurrent Scan Root Regions
[2024-07-18T16:19:11.128+0800][info][gc,marking     ] GC(405) Concurrent Scan Root Regions 0.025ms
[2024-07-18T16:19:11.128+0800][info][gc,marking     ] GC(405) Concurrent Mark
[2024-07-18T16:19:11.128+0800][info][gc,marking     ] GC(405) Concurrent Mark From Roots
[2024-07-18T16:19:11.128+0800][info][gc,task        ] GC(405) Using 3 workers of 3 for marking
[2024-07-18T16:19:11.139+0800][info][gc,marking     ] GC(405) Concurrent Mark From Roots 0.704ms
[2024-07-18T16:19:11.139+0800][info][gc,marking     ] GC(405) Concurrent Preclean
[2024-07-18T16:19:11.139+0800][info][gc,marking     ] GC(405) Concurrent Preclean 0.054ms
[2024-07-18T16:19:11.139+0800][info][gc,start       ] GC(405) Pause Remark
[2024-07-18T16:19:11.139+0800][info][gc             ] GC(405) Pause Remark 403M->403M(512M) 0.235ms
[2024-07-18T16:19:11.139+0800][info][gc,cpu         ] GC(405) User=0.00s Sys=0.00s Real=0.00s
[2024-07-18T16:19:11.139+0800][info][gc,marking     ] GC(405) Concurrent Mark 1.092ms
[2024-07-18T16:19:11.139+0800][info][gc,marking     ] GC(405) Concurrent Rebuild Remembered Sets
[2024-07-18T16:19:11.139+0800][info][gc,marking     ] GC(405) Concurrent Rebuild Remembered Sets 0.358ms
[2024-07-18T16:19:11.139+0800][info][gc,start       ] GC(405) Pause Cleanup
[2024-07-18T16:19:11.139+0800][info][gc             ] GC(405) Pause Cleanup 408M->408M(512M) 0.098ms
[2024-07-18T16:19:11.139+0800][info][gc,cpu         ] GC(405) User=0.00s Sys=0.00s Real=0.00s
[2024-07-18T16:19:11.139+0800][info][gc,marking     ] GC(405) Concurrent Cleanup for Next Mark
[2024-07-18T16:19:11.140+0800][info][gc,marking     ] GC(405) Concurrent Cleanup for Next Mark 0.455ms
[2024-07-18T16:19:11.140+0800][info][gc             ] GC(405) Concurrent Mark Cycle 2.202ms
[2024-07-18T16:19:11.141+0800][info][gc,start       ] GC(406) Pause Young (Prepare Mixed) (G1 Evacuation Pause)
[2024-07-18T16:19:11.141+0800][info][gc,task        ] GC(406) Using 12 workers of 13 for evacuation
[2024-07-18T16:19:11.141+0800][info][gc,phases      ] GC(406)   Pre Evacuate Collection Set: 0.0ms
[2024-07-18T16:19:11.141+0800][info][gc,phases      ] GC(406)   Merge Heap Roots: 0.1ms
[2024-07-18T16:19:11.141+0800][info][gc,phases      ] GC(406)   Evacuate Collection Set: 0.7ms
[2024-07-18T16:19:11.141+0800][info][gc,phases      ] GC(406)   Post Evacuate Collection Set: 0.2ms
[2024-07-18T16:19:11.141+0800][info][gc,phases      ] GC(406)   Other: 0.1ms
[2024-07-18T16:19:11.141+0800][info][gc,heap        ] GC(406) Eden regions: 24->0(21)
[2024-07-18T16:19:11.141+0800][info][gc,heap        ] GC(406) Survivor regions: 1->4(4)
[2024-07-18T16:19:11.141+0800][info][gc,heap        ] GC(406) Old regions: 260->265
[2024-07-18T16:19:11.141+0800][info][gc,heap        ] GC(406) Archive regions: 0->0
[2024-07-18T16:19:11.141+0800][info][gc,heap        ] GC(406) Humongous regions: 177->162
[2024-07-18T16:19:11.141+0800][info][gc,metaspace   ] GC(406) Metaspace: 194K(384K)->194K(384K) NonClass: 186K(256K)->186K(256K) Class: 7K(128K)->7K(128K)
[2024-07-18T16:19:11.141+0800][info][gc             ] GC(406) Pause Young (Prepare Mixed) (G1 Evacuation Pause) 430M->400M(512M) 1.191ms
[2024-07-18T16:19:11.141+0800][info][gc,cpu         ] GC(406) User=0.00s Sys=0.00s Real=0.00s
[2024-07-18T16:19:11.144+0800][info][gc,start       ] GC(407) Pause Young (Mixed) (G1 Evacuation Pause)
[2024-07-18T16:19:11.144+0800][info][gc,task        ] GC(407) Using 12 workers of 13 for evacuation
[2024-07-18T16:19:11.144+0800][info][gc,phases      ] GC(407)   Pre Evacuate Collection Set: 0.0ms
[2024-07-18T16:19:11.144+0800][info][gc,phases      ] GC(407)   Merge Heap Roots: 0.0ms
[2024-07-18T16:19:11.144+0800][info][gc,phases      ] GC(407)   Evacuate Collection Set: 1.5ms
[2024-07-18T16:19:11.144+0800][info][gc,phases      ] GC(407)   Post Evacuate Collection Set: 0.1ms
[2024-07-18T16:19:11.144+0800][info][gc,phases      ] GC(407)   Other: 0.1ms
[2024-07-18T16:19:11.144+0800][info][gc,heap        ] GC(407) Eden regions: 21->0(21)
[2024-07-18T16:19:11.144+0800][info][gc,heap        ] GC(407) Survivor regions: 4->4(4)
[2024-07-18T16:19:11.144+0800][info][gc,heap        ] GC(407) Old regions: 265->271
[2024-07-18T16:19:11.144+0800][info][gc,heap        ] GC(407) Archive regions: 0->0
[2024-07-18T16:19:11.144+0800][info][gc,heap        ] GC(407) Humongous regions: 170->160
[2024-07-18T16:19:11.144+0800][info][gc,metaspace   ] GC(407) Metaspace: 194K(384K)->194K(384K) NonClass: 186K(256K)->186K(256K) Class: 7K(128K)->7K(128K)
[2024-07-18T16:19:11.144+0800][info][gc             ] GC(407) Pause Young (Mixed) (G1 Evacuation Pause) 429M->407M(512M) 1.868ms
[2024-07-18T16:19:11.144+0800][info][gc,cpu         ] GC(407) User=0.00s Sys=0.00s Real=0.00s
[2024-07-18T16:19:11.144+0800][info][gc,start       ] GC(408) Pause Young (Concurrent Start) (G1 Humongous Allocation)
[2024-07-18T16:19:11.144+0800][info][gc,task        ] GC(408) Using 12 workers of 13 for evacuation
[2024-07-18T16:19:11.144+0800][info][gc,phases      ] GC(408)   Pre Evacuate Collection Set: 0.0ms
[2024-07-18T16:19:11.144+0800][info][gc,phases      ] GC(408)   Merge Heap Roots: 0.0ms
[2024-07-18T16:19:11.144+0800][info][gc,phases      ] GC(408)   Evacuate Collection Set: 0.3ms
[2024-07-18T16:19:11.144+0800][info][gc,phases      ] GC(408)   Post Evacuate Collection Set: 0.1ms
[2024-07-18T16:19:11.144+0800][info][gc,phases      ] GC(408)   Other: 0.1ms
[2024-07-18T16:19:11.144+0800][info][gc,heap        ] GC(408) Eden regions: 2->0(24)
[2024-07-18T16:19:11.144+0800][info][gc,heap        ] GC(408) Survivor regions: 4->1(4)
[2024-07-18T16:19:11.144+0800][info][gc,heap        ] GC(408) Old regions: 271->275
[2024-07-18T16:19:11.144+0800][info][gc,heap        ] GC(408) Archive regions: 0->0
[2024-07-18T16:19:11.144+0800][info][gc,heap        ] GC(408) Humongous regions: 160->160
[2024-07-18T16:19:11.144+0800][info][gc,metaspace   ] GC(408) Metaspace: 194K(384K)->194K(384K) NonClass: 186K(256K)->186K(256K) Class: 7K(128K)->7K(128K)
[2024-07-18T16:19:11.144+0800][info][gc             ] GC(408) Pause Young (Concurrent Start) (G1 Humongous Allocation) 409M->408M(512M) 0.622ms
[2024-07-18T16:19:11.144+0800][info][gc,cpu         ] GC(408) User=0.00s Sys=0.00s Real=0.00s
[2024-07-18T16:19:11.144+0800][info][gc             ] GC(409) Concurrent Mark Cycle
[2024-07-18T16:19:11.144+0800][info][gc,marking     ] GC(409) Concurrent Clear Claimed Marks
[2024-07-18T16:19:11.144+0800][info][gc,marking     ] GC(409) Concurrent Clear Claimed Marks 0.008ms
[2024-07-18T16:19:11.144+0800][info][gc,marking     ] GC(409) Concurrent Scan Root Regions
[2024-07-18T16:19:11.144+0800][info][gc,marking     ] GC(409) Concurrent Scan Root Regions 0.025ms
[2024-07-18T16:19:11.144+0800][info][gc,marking     ] GC(409) Concurrent Mark
[2024-07-18T16:19:11.144+0800][info][gc,marking     ] GC(409) Concurrent Mark From Roots
[2024-07-18T16:19:11.144+0800][info][gc,task        ] GC(409) Using 3 workers of 3 for marking
[2024-07-18T16:19:11.148+0800][info][gc,marking     ] GC(409) Concurrent Mark From Roots 0.656ms
[2024-07-18T16:19:11.148+0800][info][gc,marking     ] GC(409) Concurrent Preclean
[2024-07-18T16:19:11.149+0800][info][gc,marking     ] GC(409) Concurrent Preclean 0.057ms
[2024-07-18T16:19:11.149+0800][info][gc,start       ] GC(409) Pause Remark
[2024-07-18T16:19:11.149+0800][info][gc             ] GC(409) Pause Remark 421M->421M(512M) 0.220ms
[2024-07-18T16:19:11.149+0800][info][gc,cpu         ] GC(409) User=0.00s Sys=0.00s Real=0.00s
[2024-07-18T16:19:11.149+0800][info][gc,marking     ] GC(409) Concurrent Mark 1.044ms
[2024-07-18T16:19:11.149+0800][info][gc,marking     ] GC(409) Concurrent Rebuild Remembered Sets
[2024-07-18T16:19:11.150+0800][info][gc,marking     ] GC(409) Concurrent Rebuild Remembered Sets 0.401ms
[2024-07-18T16:19:11.150+0800][info][gc,start       ] GC(409) Pause Cleanup
[2024-07-18T16:19:11.150+0800][info][gc             ] GC(409) Pause Cleanup 426M->426M(512M) 0.087ms
[2024-07-18T16:19:11.150+0800][info][gc,cpu         ] GC(409) User=0.00s Sys=0.00s Real=0.00s
[2024-07-18T16:19:11.150+0800][info][gc,marking     ] GC(409) Concurrent Cleanup for Next Mark
[2024-07-18T16:19:11.150+0800][info][gc,marking     ] GC(409) Concurrent Cleanup for Next Mark 0.468ms
[2024-07-18T16:19:11.150+0800][info][gc             ] GC(409) Concurrent Mark Cycle 2.193ms
[2024-07-18T16:19:11.150+0800][info][gc,start       ] GC(410) Pause Young (Prepare Mixed) (G1 Evacuation Pause)
[2024-07-18T16:19:11.150+0800][info][gc,task        ] GC(410) Using 12 workers of 13 for evacuation
[2024-07-18T16:19:11.152+0800][info][gc,phases      ] GC(410)   Pre Evacuate Collection Set: 0.0ms
[2024-07-18T16:19:11.152+0800][info][gc,phases      ] GC(410)   Merge Heap Roots: 0.1ms
[2024-07-18T16:19:11.152+0800][info][gc,phases      ] GC(410)   Evacuate Collection Set: 0.9ms
[2024-07-18T16:19:11.152+0800][info][gc,phases      ] GC(410)   Post Evacuate Collection Set: 0.1ms
[2024-07-18T16:19:11.152+0800][info][gc,phases      ] GC(410)   Other: 0.1ms
[2024-07-18T16:19:11.152+0800][info][gc,heap        ] GC(410) Eden regions: 24->0(21)
[2024-07-18T16:19:11.152+0800][info][gc,heap        ] GC(410) Survivor regions: 1->4(4)
[2024-07-18T16:19:11.152+0800][info][gc,heap        ] GC(410) Old regions: 275->283
[2024-07-18T16:19:11.152+0800][info][gc,heap        ] GC(410) Archive regions: 0->0
[2024-07-18T16:19:11.152+0800][info][gc,heap        ] GC(410) Humongous regions: 176->163
[2024-07-18T16:19:11.152+0800][info][gc,metaspace   ] GC(410) Metaspace: 194K(384K)->194K(384K) NonClass: 186K(256K)->186K(256K) Class: 7K(128K)->7K(128K)
[2024-07-18T16:19:11.152+0800][info][gc             ] GC(410) Pause Young (Prepare Mixed) (G1 Evacuation Pause) 448M->423M(512M) 1.366ms
[2024-07-18T16:19:11.152+0800][info][gc,cpu         ] GC(410) User=0.11s Sys=0.00s Real=0.00s
[2024-07-18T16:19:11.153+0800][info][gc,start       ] GC(411) Pause Young (Mixed) (G1 Evacuation Pause)
[2024-07-18T16:19:11.153+0800][info][gc,task        ] GC(411) Using 12 workers of 13 for evacuation
[2024-07-18T16:19:11.153+0800][info][gc             ] GC(411) To-space exhausted
[2024-07-18T16:19:11.153+0800][info][gc,phases      ] GC(411)   Pre Evacuate Collection Set: 0.0ms
[2024-07-18T16:19:11.153+0800][info][gc,phases      ] GC(411)   Merge Heap Roots: 0.0ms
[2024-07-18T16:19:11.153+0800][info][gc,phases      ] GC(411)   Evacuate Collection Set: 1.8ms
[2024-07-18T16:19:11.153+0800][info][gc,phases      ] GC(411)   Post Evacuate Collection Set: 0.1ms
[2024-07-18T16:19:11.153+0800][info][gc,phases      ] GC(411)   Other: 0.1ms
[2024-07-18T16:19:11.153+0800][info][gc,heap        ] GC(411) Eden regions: 21->0(21)
[2024-07-18T16:19:11.153+0800][info][gc,heap        ] GC(411) Survivor regions: 4->4(4)
[2024-07-18T16:19:11.153+0800][info][gc,heap        ] GC(411) Old regions: 283->284
[2024-07-18T16:19:11.153+0800][info][gc,heap        ] GC(411) Archive regions: 0->0
[2024-07-18T16:19:11.153+0800][info][gc,heap        ] GC(411) Humongous regions: 182->165
[2024-07-18T16:19:11.153+0800][info][gc,metaspace   ] GC(411) Metaspace: 194K(384K)->194K(384K) NonClass: 186K(256K)->186K(256K) Class: 7K(128K)->7K(128K)
[2024-07-18T16:19:11.153+0800][info][gc             ] GC(411) Pause Young (Mixed) (G1 Evacuation Pause) 463M->429M(512M) 2.127ms
[2024-07-18T16:19:11.153+0800][info][gc,cpu         ] GC(411) User=0.00s Sys=0.00s Real=0.00s
[2024-07-18T16:19:11.153+0800][info][gc,start       ] GC(412) Pause Young (Concurrent Start) (G1 Humongous Allocation)
[2024-07-18T16:19:11.153+0800][info][gc,task        ] GC(412) Using 12 workers of 13 for evacuation
[2024-07-18T16:19:11.153+0800][info][gc,phases      ] GC(412)   Pre Evacuate Collection Set: 0.0ms
[2024-07-18T16:19:11.153+0800][info][gc,phases      ] GC(412)   Merge Heap Roots: 0.0ms
[2024-07-18T16:19:11.153+0800][info][gc,phases      ] GC(412)   Evacuate Collection Set: 0.3ms
[2024-07-18T16:19:11.153+0800][info][gc,phases      ] GC(412)   Post Evacuate Collection Set: 0.1ms
[2024-07-18T16:19:11.153+0800][info][gc,phases      ] GC(412)   Other: 0.1ms
[2024-07-18T16:19:11.153+0800][info][gc,heap        ] GC(412) Eden regions: 1->0(25)
[2024-07-18T16:19:11.153+0800][info][gc,heap        ] GC(412) Survivor regions: 4->0(4)
[2024-07-18T16:19:11.153+0800][info][gc,heap        ] GC(412) Old regions: 284->289
[2024-07-18T16:19:11.153+0800][info][gc,heap        ] GC(412) Archive regions: 0->0
[2024-07-18T16:19:11.153+0800][info][gc,heap        ] GC(412) Humongous regions: 165->165
[2024-07-18T16:19:11.153+0800][info][gc,metaspace   ] GC(412) Metaspace: 194K(384K)->194K(384K) NonClass: 186K(256K)->186K(256K) Class: 7K(128K)->7K(128K)
[2024-07-18T16:19:11.153+0800][info][gc             ] GC(412) Pause Young (Concurrent Start) (G1 Humongous Allocation) 429M->429M(512M) 0.588ms
[2024-07-18T16:19:11.153+0800][info][gc,cpu         ] GC(412) User=0.00s Sys=0.00s Real=0.00s
[2024-07-18T16:19:11.153+0800][info][gc             ] GC(413) Concurrent Mark Cycle
[2024-07-18T16:19:11.153+0800][info][gc,marking     ] GC(413) Concurrent Clear Claimed Marks
[2024-07-18T16:19:11.153+0800][info][gc,marking     ] GC(413) Concurrent Clear Claimed Marks 0.008ms
[2024-07-18T16:19:11.153+0800][info][gc,marking     ] GC(413) Concurrent Scan Root Regions
[2024-07-18T16:19:11.153+0800][info][gc,marking     ] GC(413) Concurrent Scan Root Regions 0.025ms
[2024-07-18T16:19:11.153+0800][info][gc,marking     ] GC(413) Concurrent Mark
[2024-07-18T16:19:11.153+0800][info][gc,marking     ] GC(413) Concurrent Mark From Roots
[2024-07-18T16:19:11.153+0800][info][gc,task        ] GC(413) Using 3 workers of 3 for marking
[2024-07-18T16:19:11.153+0800][info][gc,marking     ] GC(413) Concurrent Mark From Roots 0.803ms
[2024-07-18T16:19:11.153+0800][info][gc,marking     ] GC(413) Concurrent Preclean
[2024-07-18T16:19:11.153+0800][info][gc,marking     ] GC(413) Concurrent Preclean 0.096ms
[2024-07-18T16:19:11.153+0800][info][gc,start       ] GC(413) Pause Remark
[2024-07-18T16:19:11.153+0800][info][gc             ] GC(413) Pause Remark 444M->444M(512M) 0.250ms
[2024-07-18T16:19:11.153+0800][info][gc,cpu         ] GC(413) User=0.00s Sys=0.00s Real=0.00s
[2024-07-18T16:19:11.160+0800][info][gc,marking     ] GC(413) Concurrent Mark 1.310ms
[2024-07-18T16:19:11.160+0800][info][gc,marking     ] GC(413) Concurrent Rebuild Remembered Sets
[2024-07-18T16:19:11.160+0800][info][gc,marking     ] GC(413) Concurrent Rebuild Remembered Sets 0.719ms
[2024-07-18T16:19:11.160+0800][info][gc,start       ] GC(413) Pause Cleanup
[2024-07-18T16:19:11.160+0800][info][gc             ] GC(413) Pause Cleanup 458M->458M(512M) 0.098ms
[2024-07-18T16:19:11.160+0800][info][gc,cpu         ] GC(413) User=0.00s Sys=0.00s Real=0.00s
[2024-07-18T16:19:11.160+0800][info][gc,marking     ] GC(413) Concurrent Cleanup for Next Mark
[2024-07-18T16:19:11.160+0800][info][gc,marking     ] GC(413) Concurrent Cleanup for Next Mark 0.447ms
[2024-07-18T16:19:11.160+0800][info][gc             ] GC(413) Concurrent Mark Cycle 2.814ms
[2024-07-18T16:19:11.160+0800][info][gc,start       ] GC(414) Pause Young (Prepare Mixed) (G1 Evacuation Pause)
[2024-07-18T16:19:11.160+0800][info][gc,task        ] GC(414) Using 12 workers of 13 for evacuation
[2024-07-18T16:19:11.160+0800][info][gc,phases      ] GC(414)   Pre Evacuate Collection Set: 0.0ms
[2024-07-18T16:19:11.160+0800][info][gc,phases      ] GC(414)   Merge Heap Roots: 0.1ms
[2024-07-18T16:19:11.160+0800][info][gc,phases      ] GC(414)   Evacuate Collection Set: 0.8ms
[2024-07-18T16:19:11.160+0800][info][gc,phases      ] GC(414)   Post Evacuate Collection Set: 0.1ms
[2024-07-18T16:19:11.160+0800][info][gc,phases      ] GC(414)   Other: 0.1ms
[2024-07-18T16:19:11.160+0800][info][gc,heap        ] GC(414) Eden regions: 25->0(21)
[2024-07-18T16:19:11.160+0800][info][gc,heap        ] GC(414) Survivor regions: 0->4(4)
[2024-07-18T16:19:11.160+0800][info][gc,heap        ] GC(414) Old regions: 289->294
[2024-07-18T16:19:11.160+0800][info][gc,heap        ] GC(414) Archive regions: 0->0
[2024-07-18T16:19:11.160+0800][info][gc,heap        ] GC(414) Humongous regions: 185->175
[2024-07-18T16:19:11.160+0800][info][gc,metaspace   ] GC(414) Metaspace: 194K(384K)->194K(384K) NonClass: 186K(256K)->186K(256K) Class: 7K(128K)->7K(128K)
[2024-07-18T16:19:11.160+0800][info][gc             ] GC(414) Pause Young (Prepare Mixed) (G1 Evacuation Pause) 474M->448M(512M) 1.128ms
[2024-07-18T16:19:11.160+0800][info][gc,cpu         ] GC(414) User=0.00s Sys=0.00s Real=0.00s
[2024-07-18T16:19:11.160+0800][info][gc,start       ] GC(415) Pause Young (Mixed) (G1 Preventive Collection)
[2024-07-18T16:19:11.160+0800][info][gc,task        ] GC(415) Using 12 workers of 13 for evacuation
[2024-07-18T16:19:11.160+0800][info][gc             ] GC(415) To-space exhausted
[2024-07-18T16:19:11.160+0800][info][gc,phases      ] GC(415)   Pre Evacuate Collection Set: 0.0ms
[2024-07-18T16:19:11.160+0800][info][gc,phases      ] GC(415)   Merge Heap Roots: 0.0ms
[2024-07-18T16:19:11.160+0800][info][gc,phases      ] GC(415)   Evacuate Collection Set: 1.0ms
[2024-07-18T16:19:11.160+0800][info][gc,phases      ] GC(415)   Post Evacuate Collection Set: 0.1ms
[2024-07-18T16:19:11.160+0800][info][gc,phases      ] GC(415)   Other: 0.1ms
[2024-07-18T16:19:11.160+0800][info][gc,heap        ] GC(415) Eden regions: 16->0(23)
[2024-07-18T16:19:11.160+0800][info][gc,heap        ] GC(415) Survivor regions: 4->2(4)
[2024-07-18T16:19:11.160+0800][info][gc,heap        ] GC(415) Old regions: 294->313
[2024-07-18T16:19:11.160+0800][info][gc,heap        ] GC(415) Archive regions: 0->0
[2024-07-18T16:19:11.160+0800][info][gc,heap        ] GC(415) Humongous regions: 184->172
[2024-07-18T16:19:11.160+0800][info][gc,metaspace   ] GC(415) Metaspace: 194K(384K)->194K(384K) NonClass: 186K(256K)->186K(256K) Class: 7K(128K)->7K(128K)
[2024-07-18T16:19:11.160+0800][info][gc             ] GC(415) Pause Young (Mixed) (G1 Preventive Collection) 473M->464M(512M) 1.388ms
[2024-07-18T16:19:11.160+0800][info][gc,cpu         ] GC(415) User=0.00s Sys=0.00s Real=0.00s
[2024-07-18T16:19:11.160+0800][info][gc,start       ] GC(416) Pause Young (Mixed) (G1 Preventive Collection)
[2024-07-18T16:19:11.160+0800][info][gc,task        ] GC(416) Using 12 workers of 13 for evacuation
[2024-07-18T16:19:11.160+0800][info][gc,phases      ] GC(416)   Pre Evacuate Collection Set: 0.0ms
[2024-07-18T16:19:11.160+0800][info][gc,phases      ] GC(416)   Merge Heap Roots: 0.0ms
[2024-07-18T16:19:11.160+0800][info][gc,phases      ] GC(416)   Evacuate Collection Set: 0.7ms
[2024-07-18T16:19:11.160+0800][info][gc,phases      ] GC(416)   Post Evacuate Collection Set: 0.1ms
[2024-07-18T16:19:11.160+0800][info][gc,phases      ] GC(416)   Other: 0.1ms
[2024-07-18T16:19:11.160+0800][info][gc,heap        ] GC(416) Eden regions: 11->0(21)
[2024-07-18T16:19:11.160+0800][info][gc,heap        ] GC(416) Survivor regions: 2->4(4)
[2024-07-18T16:19:11.160+0800][info][gc,heap        ] GC(416) Old regions: 313->314
[2024-07-18T16:19:11.160+0800][info][gc,heap        ] GC(416) Archive regions: 0->0
[2024-07-18T16:19:11.160+0800][info][gc,heap        ] GC(416) Humongous regions: 175->170
[2024-07-18T16:19:11.160+0800][info][gc,metaspace   ] GC(416) Metaspace: 194K(384K)->194K(384K) NonClass: 186K(256K)->186K(256K) Class: 7K(128K)->7K(128K)
[2024-07-18T16:19:11.160+0800][info][gc             ] GC(416) Pause Young (Mixed) (G1 Preventive Collection) 478M->466M(512M) 1.040ms
[2024-07-18T16:19:11.160+0800][info][gc,cpu         ] GC(416) User=0.00s Sys=0.00s Real=0.00s
[2024-07-18T16:19:11.160+0800][info][gc,start       ] GC(417) Pause Young (Concurrent Start) (G1 Humongous Allocation)
[2024-07-18T16:19:11.160+0800][info][gc,task        ] GC(417) Using 12 workers of 13 for evacuation
[2024-07-18T16:19:11.169+0800][info][gc,phases      ] GC(417)   Pre Evacuate Collection Set: 0.0ms
[2024-07-18T16:19:11.169+0800][info][gc,phases      ] GC(417)   Merge Heap Roots: 0.0ms
[2024-07-18T16:19:11.169+0800][info][gc,phases      ] GC(417)   Evacuate Collection Set: 0.3ms
[2024-07-18T16:19:11.169+0800][info][gc,phases      ] GC(417)   Post Evacuate Collection Set: 0.1ms
[2024-07-18T16:19:11.169+0800][info][gc,phases      ] GC(417)   Other: 0.1ms
[2024-07-18T16:19:11.169+0800][info][gc,heap        ] GC(417) Eden regions: 1->0(25)
[2024-07-18T16:19:11.169+0800][info][gc,heap        ] GC(417) Survivor regions: 4->0(4)
[2024-07-18T16:19:11.169+0800][info][gc,heap        ] GC(417) Old regions: 314->318
[2024-07-18T16:19:11.169+0800][info][gc,heap        ] GC(417) Archive regions: 0->0
[2024-07-18T16:19:11.169+0800][info][gc,heap        ] GC(417) Humongous regions: 170->170
[2024-07-18T16:19:11.169+0800][info][gc,metaspace   ] GC(417) Metaspace: 194K(384K)->194K(384K) NonClass: 186K(256K)->186K(256K) Class: 7K(128K)->7K(128K)
[2024-07-18T16:19:11.169+0800][info][gc             ] GC(417) Pause Young (Concurrent Start) (G1 Humongous Allocation) 466M->466M(512M) 0.514ms
[2024-07-18T16:19:11.169+0800][info][gc,cpu         ] GC(417) User=0.02s Sys=0.00s Real=0.01s
[2024-07-18T16:19:11.169+0800][info][gc             ] GC(418) Concurrent Mark Cycle
[2024-07-18T16:19:11.169+0800][info][gc,marking     ] GC(418) Concurrent Clear Claimed Marks
[2024-07-18T16:19:11.169+0800][info][gc,marking     ] GC(418) Concurrent Clear Claimed Marks 0.007ms
[2024-07-18T16:19:11.169+0800][info][gc,marking     ] GC(418) Concurrent Scan Root Regions
[2024-07-18T16:19:11.169+0800][info][gc,marking     ] GC(418) Concurrent Scan Root Regions 0.023ms
[2024-07-18T16:19:11.169+0800][info][gc,marking     ] GC(418) Concurrent Mark
[2024-07-18T16:19:11.169+0800][info][gc,marking     ] GC(418) Concurrent Mark From Roots
[2024-07-18T16:19:11.169+0800][info][gc,task        ] GC(418) Using 3 workers of 3 for marking
[2024-07-18T16:19:11.170+0800][info][gc,marking     ] GC(418) Concurrent Mark From Roots 0.758ms
[2024-07-18T16:19:11.170+0800][info][gc,marking     ] GC(418) Concurrent Preclean
[2024-07-18T16:19:11.170+0800][info][gc,marking     ] GC(418) Concurrent Preclean 0.056ms
[2024-07-18T16:19:11.170+0800][info][gc,start       ] GC(418) Pause Remark
[2024-07-18T16:19:11.170+0800][info][gc             ] GC(418) Pause Remark 480M->480M(512M) 0.199ms
[2024-07-18T16:19:11.170+0800][info][gc,cpu         ] GC(418) User=0.00s Sys=0.00s Real=0.00s
[2024-07-18T16:19:11.170+0800][info][gc,marking     ] GC(418) Concurrent Mark 1.120ms
[2024-07-18T16:19:11.170+0800][info][gc,marking     ] GC(418) Concurrent Rebuild Remembered Sets
[2024-07-18T16:19:11.171+0800][info][gc,start       ] GC(419) Pause Young (Normal) (G1 Preventive Collection)
[2024-07-18T16:19:11.171+0800][info][gc,task        ] GC(419) Using 12 workers of 13 for evacuation
[2024-07-18T16:19:11.171+0800][info][gc,phases      ] GC(419)   Pre Evacuate Collection Set: 0.0ms
[2024-07-18T16:19:11.171+0800][info][gc,phases      ] GC(419)   Merge Heap Roots: 0.1ms
[2024-07-18T16:19:11.171+0800][info][gc,phases      ] GC(419)   Evacuate Collection Set: 0.3ms
[2024-07-18T16:19:11.171+0800][info][gc,phases      ] GC(419)   Post Evacuate Collection Set: 0.1ms
[2024-07-18T16:19:11.171+0800][info][gc,phases      ] GC(419)   Other: 0.1ms
[2024-07-18T16:19:11.171+0800][info][gc,heap        ] GC(419) Eden regions: 13->0(21)
[2024-07-18T16:19:11.171+0800][info][gc,heap        ] GC(419) Survivor regions: 0->4(4)
[2024-07-18T16:19:11.171+0800][info][gc,heap        ] GC(419) Old regions: 318->319
[2024-07-18T16:19:11.171+0800][info][gc,heap        ] GC(419) Archive regions: 0->0
[2024-07-18T16:19:11.171+0800][info][gc,heap        ] GC(419) Humongous regions: 176->169
[2024-07-18T16:19:11.171+0800][info][gc,metaspace   ] GC(419) Metaspace: 194K(384K)->194K(384K) NonClass: 186K(256K)->186K(256K) Class: 7K(128K)->7K(128K)
[2024-07-18T16:19:11.171+0800][info][gc             ] GC(419) Pause Young (Normal) (G1 Preventive Collection) 485M->470M(512M) 0.600ms
[2024-07-18T16:19:11.171+0800][info][gc,cpu         ] GC(419) User=0.00s Sys=0.00s Real=0.00s
[2024-07-18T16:19:11.171+0800][info][gc,marking     ] GC(418) Concurrent Rebuild Remembered Sets 1.294ms
[2024-07-18T16:19:11.171+0800][info][gc,start       ] GC(418) Pause Cleanup
[2024-07-18T16:19:11.171+0800][info][gc             ] GC(418) Pause Cleanup 473M->473M(512M) 0.098ms
[2024-07-18T16:19:11.171+0800][info][gc,cpu         ] GC(418) User=0.00s Sys=0.00s Real=0.00s
[2024-07-18T16:19:11.171+0800][info][gc,marking     ] GC(418) Concurrent Cleanup for Next Mark
[2024-07-18T16:19:11.171+0800][info][gc,marking     ] GC(418) Concurrent Cleanup for Next Mark 0.456ms
[2024-07-18T16:19:11.171+0800][info][gc             ] GC(418) Concurrent Mark Cycle 3.153ms
[2024-07-18T16:19:11.171+0800][info][gc,start       ] GC(420) Pause Young (Prepare Mixed) (G1 Preventive Collection)
[2024-07-18T16:19:11.171+0800][info][gc,task        ] GC(420) Using 12 workers of 13 for evacuation
[2024-07-18T16:19:11.171+0800][info][gc,phases      ] GC(420)   Pre Evacuate Collection Set: 0.0ms
[2024-07-18T16:19:11.171+0800][info][gc,phases      ] GC(420)   Merge Heap Roots: 0.0ms
[2024-07-18T16:19:11.171+0800][info][gc,phases      ] GC(420)   Evacuate Collection Set: 0.5ms
[2024-07-18T16:19:11.171+0800][info][gc,phases      ] GC(420)   Post Evacuate Collection Set: 0.1ms
[2024-07-18T16:19:11.171+0800][info][gc,phases      ] GC(420)   Other: 0.1ms
[2024-07-18T16:19:11.171+0800][info][gc,heap        ] GC(420) Eden regions: 9->0(21)
[2024-07-18T16:19:11.171+0800][info][gc,heap        ] GC(420) Survivor regions: 4->4(4)
[2024-07-18T16:19:11.171+0800][info][gc,heap        ] GC(420) Old regions: 319->323
[2024-07-18T16:19:11.171+0800][info][gc,heap        ] GC(420) Archive regions: 0->0
[2024-07-18T16:19:11.171+0800][info][gc,heap        ] GC(420) Humongous regions: 172->169
[2024-07-18T16:19:11.171+0800][info][gc,metaspace   ] GC(420) Metaspace: 194K(384K)->194K(384K) NonClass: 186K(256K)->186K(256K) Class: 7K(128K)->7K(128K)
[2024-07-18T16:19:11.171+0800][info][gc             ] GC(420) Pause Young (Prepare Mixed) (G1 Preventive Collection) 482M->474M(512M) 0.799ms
[2024-07-18T16:19:11.171+0800][info][gc,cpu         ] GC(420) User=0.00s Sys=0.00s Real=0.00s
[2024-07-18T16:19:11.171+0800][info][gc,start       ] GC(421) Pause Young (Mixed) (G1 Preventive Collection)
[2024-07-18T16:19:11.171+0800][info][gc,task        ] GC(421) Using 12 workers of 13 for evacuation
[2024-07-18T16:19:11.175+0800][info][gc             ] GC(421) To-space exhausted
[2024-07-18T16:19:11.175+0800][info][gc,phases      ] GC(421)   Pre Evacuate Collection Set: 0.0ms
[2024-07-18T16:19:11.175+0800][info][gc,phases      ] GC(421)   Merge Heap Roots: 0.0ms
[2024-07-18T16:19:11.175+0800][info][gc,phases      ] GC(421)   Evacuate Collection Set: 0.6ms
[2024-07-18T16:19:11.175+0800][info][gc,phases      ] GC(421)   Post Evacuate Collection Set: 0.1ms
[2024-07-18T16:19:11.175+0800][info][gc,phases      ] GC(421)   Other: 0.1ms
[2024-07-18T16:19:11.175+0800][info][gc,heap        ] GC(421) Eden regions: 4->0(24)
[2024-07-18T16:19:11.175+0800][info][gc,heap        ] GC(421) Survivor regions: 4->1(4)
[2024-07-18T16:19:11.175+0800][info][gc,heap        ] GC(421) Old regions: 323->326
[2024-07-18T16:19:11.175+0800][info][gc,heap        ] GC(421) Archive regions: 0->0
[2024-07-18T16:19:11.175+0800][info][gc,heap        ] GC(421) Humongous regions: 173->168
[2024-07-18T16:19:11.175+0800][info][gc,metaspace   ] GC(421) Metaspace: 194K(384K)->194K(384K) NonClass: 186K(256K)->186K(256K) Class: 7K(128K)->7K(128K)
[2024-07-18T16:19:11.175+0800][info][gc             ] GC(421) Pause Young (Mixed) (G1 Preventive Collection) 481M->473M(512M) 0.889ms
[2024-07-18T16:19:11.175+0800][info][gc,cpu         ] GC(421) User=0.00s Sys=0.00s Real=0.00s
[2024-07-18T16:19:11.175+0800][info][gc,start       ] GC(422) Pause Young (Mixed) (G1 Preventive Collection)
[2024-07-18T16:19:11.175+0800][info][gc,task        ] GC(422) Using 12 workers of 13 for evacuation
[2024-07-18T16:19:11.176+0800][info][gc             ] GC(422) To-space exhausted
[2024-07-18T16:19:11.176+0800][info][gc,phases      ] GC(422)   Pre Evacuate Collection Set: 0.0ms
[2024-07-18T16:19:11.176+0800][info][gc,phases      ] GC(422)   Merge Heap Roots: 0.0ms
[2024-07-18T16:19:11.176+0800][info][gc,phases      ] GC(422)   Evacuate Collection Set: 0.9ms
[2024-07-18T16:19:11.176+0800][info][gc,phases      ] GC(422)   Post Evacuate Collection Set: 0.2ms
[2024-07-18T16:19:11.176+0800][info][gc,phases      ] GC(422)   Other: 0.1ms
[2024-07-18T16:19:11.176+0800][info][gc,heap        ] GC(422) Eden regions: 5->0(24)
[2024-07-18T16:19:11.176+0800][info][gc,heap        ] GC(422) Survivor regions: 1->1(4)
[2024-07-18T16:19:11.176+0800][info][gc,heap        ] GC(422) Old regions: 326->341
[2024-07-18T16:19:11.176+0800][info][gc,heap        ] GC(422) Archive regions: 0->0
[2024-07-18T16:19:11.176+0800][info][gc,heap        ] GC(422) Humongous regions: 169->166
[2024-07-18T16:19:11.176+0800][info][gc,metaspace   ] GC(422) Metaspace: 194K(384K)->194K(384K) NonClass: 186K(256K)->186K(256K) Class: 7K(128K)->7K(128K)
[2024-07-18T16:19:11.176+0800][info][gc             ] GC(422) Pause Young (Mixed) (G1 Preventive Collection) 479M->486M(512M) 1.246ms
[2024-07-18T16:19:11.176+0800][info][gc,cpu         ] GC(422) User=0.00s Sys=0.00s Real=0.00s
[2024-07-18T16:19:11.176+0800][info][gc,start       ] GC(423) Pause Young (Concurrent Start) (G1 Preventive Collection)
[2024-07-18T16:19:11.176+0800][info][gc,task        ] GC(423) Using 12 workers of 13 for evacuation
[2024-07-18T16:19:11.176+0800][info][gc,phases      ] GC(423)   Pre Evacuate Collection Set: 0.0ms
[2024-07-18T16:19:11.176+0800][info][gc,phases      ] GC(423)   Merge Heap Roots: 0.0ms
[2024-07-18T16:19:11.176+0800][info][gc,phases      ] GC(423)   Evacuate Collection Set: 0.1ms
[2024-07-18T16:19:11.176+0800][info][gc,phases      ] GC(423)   Post Evacuate Collection Set: 0.1ms
[2024-07-18T16:19:11.176+0800][info][gc,phases      ] GC(423)   Other: 0.1ms
[2024-07-18T16:19:11.176+0800][info][gc,heap        ] GC(423) Eden regions: 2->0(23)
[2024-07-18T16:19:11.176+0800][info][gc,heap        ] GC(423) Survivor regions: 1->2(2)
[2024-07-18T16:19:11.176+0800][info][gc,heap        ] GC(423) Old regions: 341->341
[2024-07-18T16:19:11.176+0800][info][gc,heap        ] GC(423) Archive regions: 0->0
[2024-07-18T16:19:11.176+0800][info][gc,heap        ] GC(423) Humongous regions: 166->166
[2024-07-18T16:19:11.176+0800][info][gc,metaspace   ] GC(423) Metaspace: 194K(384K)->194K(384K) NonClass: 186K(256K)->186K(256K) Class: 7K(128K)->7K(128K)
[2024-07-18T16:19:11.176+0800][info][gc             ] GC(423) Pause Young (Concurrent Start) (G1 Preventive Collection) 488M->487M(512M) 0.402ms
[2024-07-18T16:19:11.176+0800][info][gc,cpu         ] GC(423) User=0.00s Sys=0.00s Real=0.00s
[2024-07-18T16:19:11.176+0800][info][gc             ] GC(424) Concurrent Mark Cycle
[2024-07-18T16:19:11.176+0800][info][gc,marking     ] GC(424) Concurrent Clear Claimed Marks
[2024-07-18T16:19:11.176+0800][info][gc,marking     ] GC(424) Concurrent Clear Claimed Marks 0.007ms
[2024-07-18T16:19:11.176+0800][info][gc,marking     ] GC(424) Concurrent Scan Root Regions
[2024-07-18T16:19:11.176+0800][info][gc,marking     ] GC(424) Concurrent Scan Root Regions 0.025ms
[2024-07-18T16:19:11.176+0800][info][gc,start       ] GC(425) Pause Young (Normal) (G1 Preventive Collection)
[2024-07-18T16:19:11.176+0800][info][gc,marking     ] GC(424) Concurrent Mark
[2024-07-18T16:19:11.176+0800][info][gc,task        ] GC(425) Using 12 workers of 13 for evacuation
[2024-07-18T16:19:11.176+0800][info][gc,marking     ] GC(424) Concurrent Mark From Roots
[2024-07-18T16:19:11.176+0800][info][gc,task        ] GC(424) Using 3 workers of 3 for marking
[2024-07-18T16:19:11.176+0800][info][gc             ] GC(425) To-space exhausted
[2024-07-18T16:19:11.176+0800][info][gc,phases      ] GC(425)   Pre Evacuate Collection Set: 0.0ms
[2024-07-18T16:19:11.176+0800][info][gc,phases      ] GC(425)   Merge Heap Roots: 0.0ms
[2024-07-18T16:19:11.176+0800][info][gc,phases      ] GC(425)   Evacuate Collection Set: 0.1ms
[2024-07-18T16:19:11.176+0800][info][gc,phases      ] GC(425)   Post Evacuate Collection Set: 0.1ms
[2024-07-18T16:19:11.176+0800][info][gc,phases      ] GC(425)   Other: 0.1ms
[2024-07-18T16:19:11.176+0800][info][gc,heap        ] GC(425) Eden regions: 1->0(23)
[2024-07-18T16:19:11.176+0800][info][gc,heap        ] GC(425) Survivor regions: 2->2(2)
[2024-07-18T16:19:11.176+0800][info][gc,heap        ] GC(425) Old regions: 341->343
[2024-07-18T16:19:11.176+0800][info][gc,heap        ] GC(425) Archive regions: 0->0
[2024-07-18T16:19:11.176+0800][info][gc,heap        ] GC(425) Humongous regions: 166->166
[2024-07-18T16:19:11.176+0800][info][gc,metaspace   ] GC(425) Metaspace: 194K(384K)->194K(384K) NonClass: 186K(256K)->186K(256K) Class: 7K(128K)->7K(128K)
[2024-07-18T16:19:11.176+0800][info][gc             ] GC(425) Pause Young (Normal) (G1 Preventive Collection) 488M->489M(512M) 0.341ms
[2024-07-18T16:19:11.176+0800][info][gc,cpu         ] GC(425) User=0.00s Sys=0.00s Real=0.00s
[2024-07-18T16:19:11.176+0800][info][gc,start       ] GC(426) Pause Young (Normal) (G1 Evacuation Pause)
[2024-07-18T16:19:11.176+0800][info][gc,task        ] GC(426) Using 12 workers of 13 for evacuation
[2024-07-18T16:19:11.176+0800][info][gc             ] GC(426) To-space exhausted
[2024-07-18T16:19:11.176+0800][info][gc,phases      ] GC(426)   Pre Evacuate Collection Set: 0.0ms
[2024-07-18T16:19:11.176+0800][info][gc,phases      ] GC(426)   Merge Heap Roots: 0.0ms
[2024-07-18T16:19:11.176+0800][info][gc,phases      ] GC(426)   Evacuate Collection Set: 0.0ms
[2024-07-18T16:19:11.176+0800][info][gc,phases      ] GC(426)   Post Evacuate Collection Set: 0.1ms
[2024-07-18T16:19:11.176+0800][info][gc,phases      ] GC(426)   Other: 0.0ms
[2024-07-18T16:19:11.176+0800][info][gc,heap        ] GC(426) Eden regions: 0->0(25)
[2024-07-18T16:19:11.176+0800][info][gc,heap        ] GC(426) Survivor regions: 2->0(0)
[2024-07-18T16:19:11.176+0800][info][gc,heap        ] GC(426) Old regions: 343->345
[2024-07-18T16:19:11.176+0800][info][gc,heap        ] GC(426) Archive regions: 0->0
[2024-07-18T16:19:11.176+0800][info][gc,heap        ] GC(426) Humongous regions: 167->167
[2024-07-18T16:19:11.176+0800][info][gc,metaspace   ] GC(426) Metaspace: 194K(384K)->194K(384K) NonClass: 186K(256K)->186K(256K) Class: 7K(128K)->7K(128K)
[2024-07-18T16:19:11.176+0800][info][gc             ] GC(426) Pause Young (Normal) (G1 Evacuation Pause) 490M->490M(512M) 0.272ms
[2024-07-18T16:19:11.176+0800][info][gc,cpu         ] GC(426) User=0.00s Sys=0.00s Real=0.00s
[2024-07-18T16:19:11.176+0800][info][gc,ergo        ] Attempting full compaction
[2024-07-18T16:19:11.176+0800][info][gc,task        ] GC(427) Using 12 workers of 13 for full compaction
[2024-07-18T16:19:11.176+0800][info][gc,start       ] GC(427) Pause Full (G1 Compaction Pause)
[2024-07-18T16:19:11.179+0800][info][gc,phases,start] GC(427) Phase 1: Mark live objects
[2024-07-18T16:19:11.179+0800][info][gc,phases      ] GC(427) Phase 1: Mark live objects 0.565ms
[2024-07-18T16:19:11.179+0800][info][gc,phases,start] GC(427) Phase 2: Prepare for compaction
[2024-07-18T16:19:11.179+0800][info][gc,phases      ] GC(427) Phase 2: Prepare for compaction 0.168ms
[2024-07-18T16:19:11.179+0800][info][gc,phases,start] GC(427) Phase 3: Adjust pointers
[2024-07-18T16:19:11.179+0800][info][gc,phases      ] GC(427) Phase 3: Adjust pointers 0.105ms
[2024-07-18T16:19:11.179+0800][info][gc,phases,start] GC(427) Phase 4: Compact heap
[2024-07-18T16:19:11.192+0800][info][gc,phases      ] GC(427) Phase 4: Compact heap 15.130ms
[2024-07-18T16:19:11.192+0800][info][gc,heap        ] GC(427) Eden regions: 0->0(25)
[2024-07-18T16:19:11.192+0800][info][gc,heap        ] GC(427) Survivor regions: 0->0(0)
[2024-07-18T16:19:11.192+0800][info][gc,heap        ] GC(427) Old regions: 345->265
[2024-07-18T16:19:11.192+0800][info][gc,heap        ] GC(427) Archive regions: 0->0
[2024-07-18T16:19:11.192+0800][info][gc,heap        ] GC(427) Humongous regions: 167->167
[2024-07-18T16:19:11.192+0800][info][gc,metaspace   ] GC(427) Metaspace: 194K(384K)->194K(384K) NonClass: 186K(256K)->186K(256K) Class: 7K(128K)->7K(128K)
[2024-07-18T16:19:11.192+0800][info][gc             ] GC(427) Pause Full (G1 Compaction Pause) 490M->400M(512M) 16.965ms
[2024-07-18T16:19:11.192+0800][info][gc,cpu         ] GC(427) User=0.03s Sys=0.00s Real=0.02s
[2024-07-18T16:19:11.192+0800][info][gc,marking     ] GC(424) Concurrent Mark From Roots 18.033ms
[2024-07-18T16:19:11.192+0800][info][gc,marking     ] GC(424) Concurrent Mark Abort
[2024-07-18T16:19:11.192+0800][info][gc             ] GC(424) Concurrent Mark Cycle 18.156ms
[2024-07-18T16:19:11.192+0800][info][gc,start       ] GC(428) Pause Young (Concurrent Start) (G1 Humongous Allocation)
[2024-07-18T16:19:11.192+0800][info][gc,task        ] GC(428) Using 12 workers of 13 for evacuation
[2024-07-18T16:19:11.192+0800][info][gc,phases      ] GC(428)   Pre Evacuate Collection Set: 0.0ms
[2024-07-18T16:19:11.192+0800][info][gc,phases      ] GC(428)   Merge Heap Roots: 0.0ms
[2024-07-18T16:19:11.192+0800][info][gc,phases      ] GC(428)   Evacuate Collection Set: 0.1ms
[2024-07-18T16:19:11.192+0800][info][gc,phases      ] GC(428)   Post Evacuate Collection Set: 0.1ms
[2024-07-18T16:19:11.192+0800][info][gc,phases      ] GC(428)   Other: 0.1ms
[2024-07-18T16:19:11.192+0800][info][gc,heap        ] GC(428) Eden regions: 1->0(24)
[2024-07-18T16:19:11.192+0800][info][gc,heap        ] GC(428) Survivor regions: 0->1(4)
[2024-07-18T16:19:11.192+0800][info][gc,heap        ] GC(428) Old regions: 265->265
[2024-07-18T16:19:11.192+0800][info][gc,heap        ] GC(428) Archive regions: 0->0
[2024-07-18T16:19:11.192+0800][info][gc,heap        ] GC(428) Humongous regions: 167->167
[2024-07-18T16:19:11.192+0800][info][gc,metaspace   ] GC(428) Metaspace: 194K(384K)->194K(384K) NonClass: 186K(256K)->186K(256K) Class: 7K(128K)->7K(128K)
[2024-07-18T16:19:11.192+0800][info][gc             ] GC(428) Pause Young (Concurrent Start) (G1 Humongous Allocation) 401M->400M(512M) 0.428ms
[2024-07-18T16:19:11.192+0800][info][gc,cpu         ] GC(428) User=0.00s Sys=0.00s Real=0.00s
[2024-07-18T16:19:11.192+0800][info][gc             ] GC(429) Concurrent Mark Cycle
[2024-07-18T16:19:11.192+0800][info][gc,marking     ] GC(429) Concurrent Clear Claimed Marks
[2024-07-18T16:19:11.192+0800][info][gc,marking     ] GC(429) Concurrent Clear Claimed Marks 0.011ms
[2024-07-18T16:19:11.192+0800][info][gc,marking     ] GC(429) Concurrent Scan Root Regions
[2024-07-18T16:19:11.192+0800][info][gc,marking     ] GC(429) Concurrent Scan Root Regions 0.026ms
[2024-07-18T16:19:11.192+0800][info][gc,marking     ] GC(429) Concurrent Mark
[2024-07-18T16:19:11.192+0800][info][gc,marking     ] GC(429) Concurrent Mark From Roots
[2024-07-18T16:19:11.192+0800][info][gc,task        ] GC(429) Using 3 workers of 3 for marking
[2024-07-18T16:19:11.192+0800][info][gc,marking     ] GC(429) Concurrent Mark From Roots 0.597ms
[2024-07-18T16:19:11.192+0800][info][gc,marking     ] GC(429) Concurrent Preclean
[2024-07-18T16:19:11.192+0800][info][gc,marking     ] GC(429) Concurrent Preclean 0.059ms
[2024-07-18T16:19:11.192+0800][info][gc,start       ] GC(429) Pause Remark
[2024-07-18T16:19:11.192+0800][info][gc             ] GC(429) Pause Remark 411M->411M(512M) 0.224ms
[2024-07-18T16:19:11.192+0800][info][gc,cpu         ] GC(429) User=0.00s Sys=0.00s Real=0.00s
[2024-07-18T16:19:11.192+0800][info][gc,marking     ] GC(429) Concurrent Mark 1.006ms
[2024-07-18T16:19:11.192+0800][info][gc,marking     ] GC(429) Concurrent Rebuild Remembered Sets
[2024-07-18T16:19:11.192+0800][info][gc,marking     ] GC(429) Concurrent Rebuild Remembered Sets 0.345ms
[2024-07-18T16:19:11.192+0800][info][gc,start       ] GC(429) Pause Cleanup
[2024-07-18T16:19:11.192+0800][info][gc             ] GC(429) Pause Cleanup 416M->416M(512M) 0.090ms
[2024-07-18T16:19:11.192+0800][info][gc,cpu         ] GC(429) User=0.00s Sys=0.00s Real=0.00s
[2024-07-18T16:19:11.192+0800][info][gc,marking     ] GC(429) Concurrent Cleanup for Next Mark
[2024-07-18T16:19:11.192+0800][info][gc,marking     ] GC(429) Concurrent Cleanup for Next Mark 0.451ms
[2024-07-18T16:19:11.192+0800][info][gc             ] GC(429) Concurrent Mark Cycle 2.123ms
[2024-07-18T16:19:11.192+0800][info][gc,start       ] GC(430) Pause Young (Prepare Mixed) (G1 Evacuation Pause)
[2024-07-18T16:19:11.192+0800][info][gc,task        ] GC(430) Using 12 workers of 13 for evacuation
[2024-07-18T16:19:11.192+0800][info][gc,phases      ] GC(430)   Pre Evacuate Collection Set: 0.0ms
[2024-07-18T16:19:11.192+0800][info][gc,phases      ] GC(430)   Merge Heap Roots: 0.1ms
[2024-07-18T16:19:11.192+0800][info][gc,phases      ] GC(430)   Evacuate Collection Set: 0.6ms
[2024-07-18T16:19:11.192+0800][info][gc,phases      ] GC(430)   Post Evacuate Collection Set: 0.1ms
[2024-07-18T16:19:11.192+0800][info][gc,phases      ] GC(430)   Other: 0.1ms
[2024-07-18T16:19:11.192+0800][info][gc,heap        ] GC(430) Eden regions: 24->0(21)
[2024-07-18T16:19:11.192+0800][info][gc,heap        ] GC(430) Survivor regions: 1->4(4)
[2024-07-18T16:19:11.192+0800][info][gc,heap        ] GC(430) Old regions: 265->269
[2024-07-18T16:19:11.192+0800][info][gc,heap        ] GC(430) Archive regions: 0->0
[2024-07-18T16:19:11.192+0800][info][gc,heap        ] GC(430) Humongous regions: 191->175
[2024-07-18T16:19:11.192+0800][info][gc,metaspace   ] GC(430) Metaspace: 194K(384K)->194K(384K) NonClass: 186K(256K)->186K(256K) Class: 7K(128K)->7K(128K)
[2024-07-18T16:19:11.192+0800][info][gc             ] GC(430) Pause Young (Prepare Mixed) (G1 Evacuation Pause) 448M->416M(512M) 1.050ms
[2024-07-18T16:19:11.192+0800][info][gc,cpu         ] GC(430) User=0.00s Sys=0.00s Real=0.00s
[2024-07-18T16:19:11.202+0800][info][gc,start       ] GC(431) Pause Young (Mixed) (G1 Evacuation Pause)
[2024-07-18T16:19:11.202+0800][info][gc,task        ] GC(431) Using 12 workers of 13 for evacuation
[2024-07-18T16:19:11.202+0800][info][gc,phases      ] GC(431)   Pre Evacuate Collection Set: 0.0ms
[2024-07-18T16:19:11.202+0800][info][gc,phases      ] GC(431)   Merge Heap Roots: 0.0ms
[2024-07-18T16:19:11.202+0800][info][gc,phases      ] GC(431)   Evacuate Collection Set: 1.4ms
[2024-07-18T16:19:11.202+0800][info][gc,phases      ] GC(431)   Post Evacuate Collection Set: 0.1ms
[2024-07-18T16:19:11.202+0800][info][gc,phases      ] GC(431)   Other: 0.1ms
[2024-07-18T16:19:11.202+0800][info][gc,heap        ] GC(431) Eden regions: 21->0(21)
[2024-07-18T16:19:11.202+0800][info][gc,heap        ] GC(431) Survivor regions: 4->4(4)
[2024-07-18T16:19:11.202+0800][info][gc,heap        ] GC(431) Old regions: 269->275
[2024-07-18T16:19:11.202+0800][info][gc,heap        ] GC(431) Archive regions: 0->0
[2024-07-18T16:19:11.202+0800][info][gc,heap        ] GC(431) Humongous regions: 185->172
[2024-07-18T16:19:11.202+0800][info][gc,metaspace   ] GC(431) Metaspace: 194K(384K)->194K(384K) NonClass: 186K(256K)->186K(256K) Class: 7K(128K)->7K(128K)
[2024-07-18T16:19:11.202+0800][info][gc             ] GC(431) Pause Young (Mixed) (G1 Evacuation Pause) 447M->424M(512M) 1.748ms
[2024-07-18T16:19:11.202+0800][info][gc,cpu         ] GC(431) User=0.00s Sys=0.00s Real=0.00s
[2024-07-18T16:19:11.202+0800][info][gc,start       ] GC(432) Pause Young (Concurrent Start) (G1 Humongous Allocation)
[2024-07-18T16:19:11.202+0800][info][gc,task        ] GC(432) Using 12 workers of 13 for evacuation
[2024-07-18T16:19:11.202+0800][info][gc,phases      ] GC(432)   Pre Evacuate Collection Set: 0.0ms
[2024-07-18T16:19:11.202+0800][info][gc,phases      ] GC(432)   Merge Heap Roots: 0.0ms
[2024-07-18T16:19:11.202+0800][info][gc,phases      ] GC(432)   Evacuate Collection Set: 0.3ms
[2024-07-18T16:19:11.202+0800][info][gc,phases      ] GC(432)   Post Evacuate Collection Set: 0.1ms
[2024-07-18T16:19:11.202+0800][info][gc,phases      ] GC(432)   Other: 0.1ms
[2024-07-18T16:19:11.202+0800][info][gc,heap        ] GC(432) Eden regions: 2->0(24)
[2024-07-18T16:19:11.202+0800][info][gc,heap        ] GC(432) Survivor regions: 4->1(4)
[2024-07-18T16:19:11.202+0800][info][gc,heap        ] GC(432) Old regions: 275->279
[2024-07-18T16:19:11.202+0800][info][gc,heap        ] GC(432) Archive regions: 0->0
[2024-07-18T16:19:11.202+0800][info][gc,heap        ] GC(432) Humongous regions: 172->171
[2024-07-18T16:19:11.202+0800][info][gc,metaspace   ] GC(432) Metaspace: 194K(384K)->194K(384K) NonClass: 186K(256K)->186K(256K) Class: 7K(128K)->7K(128K)
[2024-07-18T16:19:11.202+0800][info][gc             ] GC(432) Pause Young (Concurrent Start) (G1 Humongous Allocation) 426M->424M(512M) 0.602ms
[2024-07-18T16:19:11.202+0800][info][gc,cpu         ] GC(432) User=0.00s Sys=0.00s Real=0.00s
[2024-07-18T16:19:11.202+0800][info][gc             ] GC(433) Concurrent Mark Cycle
[2024-07-18T16:19:11.202+0800][info][gc,marking     ] GC(433) Concurrent Clear Claimed Marks
[2024-07-18T16:19:11.202+0800][info][gc,marking     ] GC(433) Concurrent Clear Claimed Marks 0.007ms
[2024-07-18T16:19:11.202+0800][info][gc,marking     ] GC(433) Concurrent Scan Root Regions
[2024-07-18T16:19:11.202+0800][info][gc,marking     ] GC(433) Concurrent Scan Root Regions 0.025ms
[2024-07-18T16:19:11.202+0800][info][gc,marking     ] GC(433) Concurrent Mark
[2024-07-18T16:19:11.202+0800][info][gc,marking     ] GC(433) Concurrent Mark From Roots
[2024-07-18T16:19:11.202+0800][info][gc,task        ] GC(433) Using 3 workers of 3 for marking
[2024-07-18T16:19:11.206+0800][info][gc,marking     ] GC(433) Concurrent Mark From Roots 0.658ms
[2024-07-18T16:19:11.206+0800][info][gc,marking     ] GC(433) Concurrent Preclean
[2024-07-18T16:19:11.207+0800][info][gc,marking     ] GC(433) Concurrent Preclean 0.057ms
[2024-07-18T16:19:11.207+0800][info][gc,start       ] GC(433) Pause Remark
[2024-07-18T16:19:11.207+0800][info][gc             ] GC(433) Pause Remark 434M->434M(512M) 0.183ms
[2024-07-18T16:19:11.207+0800][info][gc,cpu         ] GC(433) User=0.00s Sys=0.00s Real=0.00s
[2024-07-18T16:19:11.207+0800][info][gc,marking     ] GC(433) Concurrent Mark 0.977ms
[2024-07-18T16:19:11.207+0800][info][gc,marking     ] GC(433) Concurrent Rebuild Remembered Sets
[2024-07-18T16:19:11.207+0800][info][gc,marking     ] GC(433) Concurrent Rebuild Remembered Sets 0.465ms
[2024-07-18T16:19:11.207+0800][info][gc,start       ] GC(433) Pause Cleanup
[2024-07-18T16:19:11.207+0800][info][gc             ] GC(433) Pause Cleanup 440M->440M(512M) 0.124ms
[2024-07-18T16:19:11.207+0800][info][gc,cpu         ] GC(433) User=0.00s Sys=0.00s Real=0.00s
[2024-07-18T16:19:11.207+0800][info][gc,marking     ] GC(433) Concurrent Cleanup for Next Mark
[2024-07-18T16:19:11.208+0800][info][gc,marking     ] GC(433) Concurrent Cleanup for Next Mark 0.536ms
[2024-07-18T16:19:11.208+0800][info][gc             ] GC(433) Concurrent Mark Cycle 2.333ms
[2024-07-18T16:19:11.208+0800][info][gc,start       ] GC(434) Pause Young (Prepare Mixed) (G1 Evacuation Pause)
[2024-07-18T16:19:11.208+0800][info][gc,task        ] GC(434) Using 12 workers of 13 for evacuation
[2024-07-18T16:19:11.208+0800][info][gc,phases      ] GC(434)   Pre Evacuate Collection Set: 0.1ms
[2024-07-18T16:19:11.208+0800][info][gc,phases      ] GC(434)   Merge Heap Roots: 0.1ms
[2024-07-18T16:19:11.208+0800][info][gc,phases      ] GC(434)   Evacuate Collection Set: 0.6ms
[2024-07-18T16:19:11.208+0800][info][gc,phases      ] GC(434)   Post Evacuate Collection Set: 0.1ms
[2024-07-18T16:19:11.208+0800][info][gc,phases      ] GC(434)   Other: 0.1ms
[2024-07-18T16:19:11.208+0800][info][gc,heap        ] GC(434) Eden regions: 24->0(21)
[2024-07-18T16:19:11.208+0800][info][gc,heap        ] GC(434) Survivor regions: 1->4(4)
[2024-07-18T16:19:11.208+0800][info][gc,heap        ] GC(434) Old regions: 279->283
[2024-07-18T16:19:11.208+0800][info][gc,heap        ] GC(434) Archive regions: 0->0
[2024-07-18T16:19:11.208+0800][info][gc,heap        ] GC(434) Humongous regions: 186->174
[2024-07-18T16:19:11.208+0800][info][gc,metaspace   ] GC(434) Metaspace: 194K(384K)->194K(384K) NonClass: 186K(256K)->186K(256K) Class: 7K(128K)->7K(128K)
[2024-07-18T16:19:11.208+0800][info][gc             ] GC(434) Pause Young (Prepare Mixed) (G1 Evacuation Pause) 463M->434M(512M) 1.049ms
[2024-07-18T16:19:11.208+0800][info][gc,cpu         ] GC(434) User=0.00s Sys=0.00s Real=0.00s
[2024-07-18T16:19:11.208+0800][info][gc,start       ] GC(435) Pause Young (Mixed) (G1 Evacuation Pause)
[2024-07-18T16:19:11.208+0800][info][gc,task        ] GC(435) Using 12 workers of 13 for evacuation
[2024-07-18T16:19:11.208+0800][info][gc             ] GC(435) To-space exhausted
[2024-07-18T16:19:11.208+0800][info][gc,phases      ] GC(435)   Pre Evacuate Collection Set: 0.0ms
[2024-07-18T16:19:11.208+0800][info][gc,phases      ] GC(435)   Merge Heap Roots: 0.0ms
[2024-07-18T16:19:11.208+0800][info][gc,phases      ] GC(435)   Evacuate Collection Set: 1.2ms
[2024-07-18T16:19:11.208+0800][info][gc,phases      ] GC(435)   Post Evacuate Collection Set: 0.1ms
[2024-07-18T16:19:11.208+0800][info][gc,phases      ] GC(435)   Other: 0.1ms
[2024-07-18T16:19:11.208+0800][info][gc,heap        ] GC(435) Eden regions: 21->0(21)
[2024-07-18T16:19:11.208+0800][info][gc,heap        ] GC(435) Survivor regions: 4->4(4)
[2024-07-18T16:19:11.208+0800][info][gc,heap        ] GC(435) Old regions: 283->300
[2024-07-18T16:19:11.208+0800][info][gc,heap        ] GC(435) Archive regions: 0->0
[2024-07-18T16:19:11.208+0800][info][gc,heap        ] GC(435) Humongous regions: 188->179
[2024-07-18T16:19:11.208+0800][info][gc,metaspace   ] GC(435) Metaspace: 194K(384K)->194K(384K) NonClass: 186K(256K)->186K(256K) Class: 7K(128K)->7K(128K)
[2024-07-18T16:19:11.208+0800][info][gc             ] GC(435) Pause Young (Mixed) (G1 Evacuation Pause) 469M->458M(512M) 1.579ms
[2024-07-18T16:19:11.208+0800][info][gc,cpu         ] GC(435) User=0.00s Sys=0.00s Real=0.00s
[2024-07-18T16:19:11.208+0800][info][gc,start       ] GC(436) Pause Young (Concurrent Start) (G1 Humongous Allocation)
[2024-07-18T16:19:11.208+0800][info][gc,task        ] GC(436) Using 12 workers of 13 for evacuation
[2024-07-18T16:19:11.215+0800][info][gc,phases      ] GC(436)   Pre Evacuate Collection Set: 0.0ms
[2024-07-18T16:19:11.215+0800][info][gc,phases      ] GC(436)   Merge Heap Roots: 0.0ms
[2024-07-18T16:19:11.215+0800][info][gc,phases      ] GC(436)   Evacuate Collection Set: 0.3ms
[2024-07-18T16:19:11.215+0800][info][gc,phases      ] GC(436)   Post Evacuate Collection Set: 0.1ms
[2024-07-18T16:19:11.215+0800][info][gc,phases      ] GC(436)   Other: 0.1ms
[2024-07-18T16:19:11.215+0800][info][gc,heap        ] GC(436) Eden regions: 4->0(23)
[2024-07-18T16:19:11.215+0800][info][gc,heap        ] GC(436) Survivor regions: 4->2(4)
[2024-07-18T16:19:11.215+0800][info][gc,heap        ] GC(436) Old regions: 300->305
[2024-07-18T16:19:11.215+0800][info][gc,heap        ] GC(436) Archive regions: 0->0
[2024-07-18T16:19:11.215+0800][info][gc,heap        ] GC(436) Humongous regions: 179->178
[2024-07-18T16:19:11.215+0800][info][gc,metaspace   ] GC(436) Metaspace: 194K(384K)->194K(384K) NonClass: 186K(256K)->186K(256K) Class: 7K(128K)->7K(128K)
[2024-07-18T16:19:11.215+0800][info][gc             ] GC(436) Pause Young (Concurrent Start) (G1 Humongous Allocation) 461M->459M(512M) 0.623ms
[2024-07-18T16:19:11.215+0800][info][gc,cpu         ] GC(436) User=0.00s Sys=0.00s Real=0.01s
[2024-07-18T16:19:11.215+0800][info][gc             ] GC(437) Concurrent Mark Cycle
[2024-07-18T16:19:11.215+0800][info][gc,marking     ] GC(437) Concurrent Clear Claimed Marks
[2024-07-18T16:19:11.215+0800][info][gc,marking     ] GC(437) Concurrent Clear Claimed Marks 0.008ms
[2024-07-18T16:19:11.215+0800][info][gc,marking     ] GC(437) Concurrent Scan Root Regions
[2024-07-18T16:19:11.215+0800][info][gc,marking     ] GC(437) Concurrent Scan Root Regions 0.029ms
[2024-07-18T16:19:11.215+0800][info][gc,marking     ] GC(437) Concurrent Mark
[2024-07-18T16:19:11.215+0800][info][gc,marking     ] GC(437) Concurrent Mark From Roots
[2024-07-18T16:19:11.215+0800][info][gc,task        ] GC(437) Using 3 workers of 3 for marking
[2024-07-18T16:19:11.216+0800][info][gc,marking     ] GC(437) Concurrent Mark From Roots 0.608ms
[2024-07-18T16:19:11.216+0800][info][gc,marking     ] GC(437) Concurrent Preclean
[2024-07-18T16:19:11.216+0800][info][gc,marking     ] GC(437) Concurrent Preclean 0.059ms
[2024-07-18T16:19:11.217+0800][info][gc,start       ] GC(437) Pause Remark
[2024-07-18T16:19:11.217+0800][info][gc             ] GC(437) Pause Remark 460M->460M(512M) 0.190ms
[2024-07-18T16:19:11.217+0800][info][gc,cpu         ] GC(437) User=0.00s Sys=0.00s Real=0.00s
[2024-07-18T16:19:11.217+0800][info][gc,marking     ] GC(437) Concurrent Mark 0.943ms
[2024-07-18T16:19:11.217+0800][info][gc,marking     ] GC(437) Concurrent Rebuild Remembered Sets
[2024-07-18T16:19:11.217+0800][info][gc,marking     ] GC(437) Concurrent Rebuild Remembered Sets 0.338ms
[2024-07-18T16:19:11.217+0800][info][gc,start       ] GC(437) Pause Cleanup
[2024-07-18T16:19:11.217+0800][info][gc             ] GC(437) Pause Cleanup 460M->460M(512M) 0.088ms
[2024-07-18T16:19:11.217+0800][info][gc,cpu         ] GC(437) User=0.00s Sys=0.00s Real=0.00s
[2024-07-18T16:19:11.217+0800][info][gc,marking     ] GC(437) Concurrent Cleanup for Next Mark
[2024-07-18T16:19:11.217+0800][info][gc,marking     ] GC(437) Concurrent Cleanup for Next Mark 0.339ms
[2024-07-18T16:19:11.217+0800][info][gc             ] GC(437) Concurrent Mark Cycle 1.888ms
[2024-07-18T16:19:11.217+0800][info][gc,heap,exit   ] Heap
[2024-07-18T16:19:11.217+0800][info][gc,heap,exit   ]  garbage-first heap   total 524288K, used 472072K [0x00000000e0000000, 0x0000000100000000)
[2024-07-18T16:19:11.217+0800][info][gc,heap,exit   ]   region size 1024K, 3 young (3072K), 2 survivors (2048K)
[2024-07-18T16:19:11.217+0800][info][gc,heap,exit   ]  Metaspace       used 275K, committed 448K, reserved 1114112K
[2024-07-18T16:19:11.217+0800][info][gc,heap,exit   ]   class space    used 10K, committed 128K, reserved 1048576K
