[2024-07-18T17:08:11.929+0800][info][gc] Using G1
[2024-07-18T17:08:11.929+0800][info][gc,init] Version: 17.0.11+1-LTS (release)
[2024-07-18T17:08:11.929+0800][info][gc,init] CPUs: 16 total, 16 available
[2024-07-18T17:08:11.929+0800][info][gc,init] Memory: 23850M
[2024-07-18T17:08:11.929+0800][info][gc,init] Large Page Support: Disabled
[2024-07-18T17:08:11.929+0800][info][gc,init] NUMA Support: Disabled
[2024-07-18T17:08:11.929+0800][info][gc,init] Compressed Oops: Enabled (32-bit)
[2024-07-18T17:08:11.929+0800][info][gc,init] Heap Region Size: 1M
[2024-07-18T17:08:11.929+0800][info][gc,init] Heap Min Capacity: 512M
[2024-07-18T17:08:11.929+0800][info][gc,init] Heap Initial Capacity: 512M
[2024-07-18T17:08:11.929+0800][info][gc,init] Heap Max Capacity: 512M
[2024-07-18T17:08:11.929+0800][info][gc,init] Pre-touch: Disabled
[2024-07-18T17:08:11.929+0800][info][gc,init] Parallel Workers: 13
[2024-07-18T17:08:11.929+0800][info][gc,init] Concurrent Workers: 3
[2024-07-18T17:08:11.929+0800][info][gc,init] Concurrent Refinement Workers: 13
[2024-07-18T17:08:11.929+0800][info][gc,init] Periodic GC: Disabled
[2024-07-18T17:08:11.929+0800][info][gc,metaspace] CDS archive(s) mapped at: [0x0000020500000000-0x0000020500bc0000-0x0000020500bc0000), size 12320768, SharedBaseAddress: 0x0000020500000000, ArchiveRelocationMode: 1.
[2024-07-18T17:08:11.929+0800][info][gc,metaspace] Compressed class space mapped at: 0x0000020501000000-0x0000020541000000, reserved size: 1073741824
[2024-07-18T17:08:11.929+0800][info][gc,metaspace] Narrow klass base: 0x0000020500000000, Narrow klass shift: 0, Narrow klass range: 0x100000000
[2024-07-18T17:08:11.976+0800][info][gc,start    ] GC(0) Pause Young (Normal) (G1 Evacuation Pause)
[2024-07-18T17:08:11.976+0800][info][gc,task     ] GC(0) Using 12 workers of 13 for evacuation
[2024-07-18T17:08:11.976+0800][info][gc,phases   ] GC(0)   Pre Evacuate Collection Set: 0.1ms
[2024-07-18T17:08:11.976+0800][info][gc,phases   ] GC(0)   Merge Heap Roots: 0.0ms
[2024-07-18T17:08:11.976+0800][info][gc,phases   ] GC(0)   Evacuate Collection Set: 1.2ms
[2024-07-18T17:08:11.976+0800][info][gc,phases   ] GC(0)   Post Evacuate Collection Set: 0.2ms
[2024-07-18T17:08:11.976+0800][info][gc,phases   ] GC(0)   Other: 0.4ms
[2024-07-18T17:08:11.976+0800][info][gc,heap     ] GC(0) Eden regions: 25->0(21)
[2024-07-18T17:08:11.976+0800][info][gc,heap     ] GC(0) Survivor regions: 0->4(4)
[2024-07-18T17:08:11.976+0800][info][gc,heap     ] GC(0) Old regions: 0->6
[2024-07-18T17:08:11.976+0800][info][gc,heap     ] GC(0) Archive regions: 0->0
[2024-07-18T17:08:11.976+0800][info][gc,heap     ] GC(0) Humongous regions: 13->5
[2024-07-18T17:08:11.976+0800][info][gc,metaspace] GC(0) Metaspace: 178K(384K)->178K(384K) NonClass: 171K(256K)->171K(256K) Class: 7K(128K)->7K(128K)
[2024-07-18T17:08:11.976+0800][info][gc          ] GC(0) Pause Young (Normal) (G1 Evacuation Pause) 37M->14M(512M) 1.981ms
[2024-07-18T17:08:11.976+0800][info][gc,cpu      ] GC(0) User=0.00s Sys=0.00s Real=0.00s
[2024-07-18T17:08:11.979+0800][info][gc,start    ] GC(1) Pause Young (Normal) (G1 Evacuation Pause)
[2024-07-18T17:08:11.979+0800][info][gc,task     ] GC(1) Using 12 workers of 13 for evacuation
[2024-07-18T17:08:11.984+0800][info][gc,phases   ] GC(1)   Pre Evacuate Collection Set: 0.0ms
[2024-07-18T17:08:11.984+0800][info][gc,phases   ] GC(1)   Merge Heap Roots: 0.0ms
[2024-07-18T17:08:11.984+0800][info][gc,phases   ] GC(1)   Evacuate Collection Set: 1.1ms
[2024-07-18T17:08:11.984+0800][info][gc,phases   ] GC(1)   Post Evacuate Collection Set: 0.1ms
[2024-07-18T17:08:11.984+0800][info][gc,phases   ] GC(1)   Other: 0.1ms
[2024-07-18T17:08:11.984+0800][info][gc,heap     ] GC(1) Eden regions: 21->0(21)
[2024-07-18T17:08:11.984+0800][info][gc,heap     ] GC(1) Survivor regions: 4->4(4)
[2024-07-18T17:08:11.984+0800][info][gc,heap     ] GC(1) Old regions: 6->14
[2024-07-18T17:08:11.984+0800][info][gc,heap     ] GC(1) Archive regions: 0->0
[2024-07-18T17:08:11.984+0800][info][gc,heap     ] GC(1) Humongous regions: 24->14
[2024-07-18T17:08:11.984+0800][info][gc,metaspace] GC(1) Metaspace: 193K(384K)->193K(384K) NonClass: 186K(256K)->186K(256K) Class: 7K(128K)->7K(128K)
[2024-07-18T17:08:11.984+0800][info][gc          ] GC(1) Pause Young (Normal) (G1 Evacuation Pause) 54M->31M(512M) 1.517ms
[2024-07-18T17:08:11.984+0800][info][gc,cpu      ] GC(1) User=0.00s Sys=0.00s Real=0.00s
[2024-07-18T17:08:11.986+0800][info][gc,start    ] GC(2) Pause Young (Normal) (G1 Evacuation Pause)
[2024-07-18T17:08:11.986+0800][info][gc,task     ] GC(2) Using 12 workers of 13 for evacuation
[2024-07-18T17:08:11.990+0800][info][gc,phases   ] GC(2)   Pre Evacuate Collection Set: 0.0ms
[2024-07-18T17:08:11.990+0800][info][gc,phases   ] GC(2)   Merge Heap Roots: 0.0ms
[2024-07-18T17:08:11.990+0800][info][gc,phases   ] GC(2)   Evacuate Collection Set: 1.2ms
[2024-07-18T17:08:11.990+0800][info][gc,phases   ] GC(2)   Post Evacuate Collection Set: 0.1ms
[2024-07-18T17:08:11.990+0800][info][gc,phases   ] GC(2)   Other: 0.1ms
[2024-07-18T17:08:11.990+0800][info][gc,heap     ] GC(2) Eden regions: 21->0(25)
[2024-07-18T17:08:11.990+0800][info][gc,heap     ] GC(2) Survivor regions: 4->4(4)
[2024-07-18T17:08:11.990+0800][info][gc,heap     ] GC(2) Old regions: 14->21
[2024-07-18T17:08:11.990+0800][info][gc,heap     ] GC(2) Archive regions: 0->0
[2024-07-18T17:08:11.990+0800][info][gc,heap     ] GC(2) Humongous regions: 30->22
[2024-07-18T17:08:11.990+0800][info][gc,metaspace] GC(2) Metaspace: 194K(384K)->194K(384K) NonClass: 186K(256K)->186K(256K) Class: 7K(128K)->7K(128K)
[2024-07-18T17:08:11.990+0800][info][gc          ] GC(2) Pause Young (Normal) (G1 Evacuation Pause) 68M->46M(512M) 1.580ms
[2024-07-18T17:08:11.990+0800][info][gc,cpu      ] GC(2) User=0.00s Sys=0.00s Real=0.00s
[2024-07-18T17:08:11.992+0800][info][gc,start    ] GC(3) Pause Young (Normal) (G1 Evacuation Pause)
[2024-07-18T17:08:11.992+0800][info][gc,task     ] GC(3) Using 12 workers of 13 for evacuation
[2024-07-18T17:08:11.995+0800][info][gc,phases   ] GC(3)   Pre Evacuate Collection Set: 0.0ms
[2024-07-18T17:08:11.995+0800][info][gc,phases   ] GC(3)   Merge Heap Roots: 0.0ms
[2024-07-18T17:08:11.995+0800][info][gc,phases   ] GC(3)   Evacuate Collection Set: 1.3ms
[2024-07-18T17:08:11.995+0800][info][gc,phases   ] GC(3)   Post Evacuate Collection Set: 0.1ms
[2024-07-18T17:08:11.995+0800][info][gc,phases   ] GC(3)   Other: 0.1ms
[2024-07-18T17:08:11.995+0800][info][gc,heap     ] GC(3) Eden regions: 25->0(37)
[2024-07-18T17:08:11.995+0800][info][gc,heap     ] GC(3) Survivor regions: 4->4(4)
[2024-07-18T17:08:11.995+0800][info][gc,heap     ] GC(3) Old regions: 21->31
[2024-07-18T17:08:11.995+0800][info][gc,heap     ] GC(3) Archive regions: 0->0
[2024-07-18T17:08:11.995+0800][info][gc,heap     ] GC(3) Humongous regions: 31->23
[2024-07-18T17:08:11.995+0800][info][gc,metaspace] GC(3) Metaspace: 194K(384K)->194K(384K) NonClass: 187K(256K)->187K(256K) Class: 7K(128K)->7K(128K)
[2024-07-18T17:08:11.995+0800][info][gc          ] GC(3) Pause Young (Normal) (G1 Evacuation Pause) 80M->57M(512M) 1.696ms
[2024-07-18T17:08:11.995+0800][info][gc,cpu      ] GC(3) User=0.00s Sys=0.05s Real=0.00s
[2024-07-18T17:08:11.996+0800][info][gc,start    ] GC(4) Pause Young (Normal) (G1 Evacuation Pause)
[2024-07-18T17:08:11.996+0800][info][gc,task     ] GC(4) Using 12 workers of 13 for evacuation
[2024-07-18T17:08:12.006+0800][info][gc,phases   ] GC(4)   Pre Evacuate Collection Set: 0.1ms
[2024-07-18T17:08:12.006+0800][info][gc,phases   ] GC(4)   Merge Heap Roots: 0.0ms
[2024-07-18T17:08:12.006+0800][info][gc,phases   ] GC(4)   Evacuate Collection Set: 1.8ms
[2024-07-18T17:08:12.006+0800][info][gc,phases   ] GC(4)   Post Evacuate Collection Set: 0.2ms
[2024-07-18T17:08:12.006+0800][info][gc,phases   ] GC(4)   Other: 0.1ms
[2024-07-18T17:08:12.006+0800][info][gc,heap     ] GC(4) Eden regions: 37->0(50)
[2024-07-18T17:08:12.006+0800][info][gc,heap     ] GC(4) Survivor regions: 4->6(6)
[2024-07-18T17:08:12.006+0800][info][gc,heap     ] GC(4) Old regions: 31->43
[2024-07-18T17:08:12.006+0800][info][gc,heap     ] GC(4) Archive regions: 0->0
[2024-07-18T17:08:12.006+0800][info][gc,heap     ] GC(4) Humongous regions: 45->31
[2024-07-18T17:08:12.006+0800][info][gc,metaspace] GC(4) Metaspace: 194K(384K)->194K(384K) NonClass: 187K(256K)->187K(256K) Class: 7K(128K)->7K(128K)
[2024-07-18T17:08:12.006+0800][info][gc          ] GC(4) Pause Young (Normal) (G1 Evacuation Pause) 116M->79M(512M) 2.311ms
[2024-07-18T17:08:12.006+0800][info][gc,cpu      ] GC(4) User=0.00s Sys=0.00s Real=0.01s
[2024-07-18T17:08:12.008+0800][info][gc,start    ] GC(5) Pause Young (Normal) (G1 Evacuation Pause)
[2024-07-18T17:08:12.008+0800][info][gc,task     ] GC(5) Using 12 workers of 13 for evacuation
[2024-07-18T17:08:12.008+0800][info][gc,phases   ] GC(5)   Pre Evacuate Collection Set: 0.1ms
[2024-07-18T17:08:12.008+0800][info][gc,phases   ] GC(5)   Merge Heap Roots: 0.0ms
[2024-07-18T17:08:12.008+0800][info][gc,phases   ] GC(5)   Evacuate Collection Set: 2.3ms
[2024-07-18T17:08:12.008+0800][info][gc,phases   ] GC(5)   Post Evacuate Collection Set: 0.2ms
[2024-07-18T17:08:12.008+0800][info][gc,phases   ] GC(5)   Other: 0.1ms
[2024-07-18T17:08:12.008+0800][info][gc,heap     ] GC(5) Eden regions: 50->0(80)
[2024-07-18T17:08:12.008+0800][info][gc,heap     ] GC(5) Survivor regions: 6->7(7)
[2024-07-18T17:08:12.008+0800][info][gc,heap     ] GC(5) Old regions: 43->59
[2024-07-18T17:08:12.008+0800][info][gc,heap     ] GC(5) Archive regions: 0->0
[2024-07-18T17:08:12.008+0800][info][gc,heap     ] GC(5) Humongous regions: 61->47
[2024-07-18T17:08:12.008+0800][info][gc,metaspace] GC(5) Metaspace: 194K(384K)->194K(384K) NonClass: 187K(256K)->187K(256K) Class: 7K(128K)->7K(128K)
[2024-07-18T17:08:12.008+0800][info][gc          ] GC(5) Pause Young (Normal) (G1 Evacuation Pause) 159M->112M(512M) 2.759ms
[2024-07-18T17:08:12.008+0800][info][gc,cpu      ] GC(5) User=0.00s Sys=0.00s Real=0.00s
[2024-07-18T17:08:12.039+0800][info][gc,start    ] GC(6) Pause Young (Normal) (G1 Evacuation Pause)
[2024-07-18T17:08:12.039+0800][info][gc,task     ] GC(6) Using 12 workers of 13 for evacuation
[2024-07-18T17:08:12.045+0800][info][gc,phases   ] GC(6)   Pre Evacuate Collection Set: 0.1ms
[2024-07-18T17:08:12.045+0800][info][gc,phases   ] GC(6)   Merge Heap Roots: 0.0ms
[2024-07-18T17:08:12.045+0800][info][gc,phases   ] GC(6)   Evacuate Collection Set: 3.7ms
[2024-07-18T17:08:12.045+0800][info][gc,phases   ] GC(6)   Post Evacuate Collection Set: 0.3ms
[2024-07-18T17:08:12.045+0800][info][gc,phases   ] GC(6)   Other: 0.1ms
[2024-07-18T17:08:12.045+0800][info][gc,heap     ] GC(6) Eden regions: 80->0(69)
[2024-07-18T17:08:12.045+0800][info][gc,heap     ] GC(6) Survivor regions: 7->11(11)
[2024-07-18T17:08:12.045+0800][info][gc,heap     ] GC(6) Old regions: 59->90
[2024-07-18T17:08:12.045+0800][info][gc,heap     ] GC(6) Archive regions: 0->0
[2024-07-18T17:08:12.045+0800][info][gc,heap     ] GC(6) Humongous regions: 93->56
[2024-07-18T17:08:12.045+0800][info][gc,metaspace] GC(6) Metaspace: 194K(384K)->194K(384K) NonClass: 187K(256K)->187K(256K) Class: 7K(128K)->7K(128K)
[2024-07-18T17:08:12.045+0800][info][gc          ] GC(6) Pause Young (Normal) (G1 Evacuation Pause) 238M->156M(512M) 4.303ms
[2024-07-18T17:08:12.045+0800][info][gc,cpu      ] GC(6) User=0.06s Sys=0.03s Real=0.01s
[2024-07-18T17:08:12.055+0800][info][gc,start    ] GC(7) Pause Young (Normal) (G1 Evacuation Pause)
[2024-07-18T17:08:12.055+0800][info][gc,task     ] GC(7) Using 12 workers of 13 for evacuation
[2024-07-18T17:08:12.055+0800][info][gc,phases   ] GC(7)   Pre Evacuate Collection Set: 0.1ms
[2024-07-18T17:08:12.055+0800][info][gc,phases   ] GC(7)   Merge Heap Roots: 0.0ms
[2024-07-18T17:08:12.055+0800][info][gc,phases   ] GC(7)   Evacuate Collection Set: 2.8ms
[2024-07-18T17:08:12.055+0800][info][gc,phases   ] GC(7)   Post Evacuate Collection Set: 0.2ms
[2024-07-18T17:08:12.055+0800][info][gc,phases   ] GC(7)   Other: 0.1ms
[2024-07-18T17:08:12.055+0800][info][gc,heap     ] GC(7) Eden regions: 69->0(81)
[2024-07-18T17:08:12.055+0800][info][gc,heap     ] GC(7) Survivor regions: 11->10(10)
[2024-07-18T17:08:12.055+0800][info][gc,heap     ] GC(7) Old regions: 90->117
[2024-07-18T17:08:12.055+0800][info][gc,heap     ] GC(7) Archive regions: 0->0
[2024-07-18T17:08:12.055+0800][info][gc,heap     ] GC(7) Humongous regions: 83->66
[2024-07-18T17:08:12.055+0800][info][gc,metaspace] GC(7) Metaspace: 194K(384K)->194K(384K) NonClass: 187K(256K)->187K(256K) Class: 7K(128K)->7K(128K)
[2024-07-18T17:08:12.055+0800][info][gc          ] GC(7) Pause Young (Normal) (G1 Evacuation Pause) 252M->192M(512M) 3.330ms
[2024-07-18T17:08:12.055+0800][info][gc,cpu      ] GC(7) User=0.00s Sys=0.00s Real=0.00s
[2024-07-18T17:08:12.071+0800][info][gc,start    ] GC(8) Pause Young (Concurrent Start) (G1 Humongous Allocation)
[2024-07-18T17:08:12.071+0800][info][gc,task     ] GC(8) Using 12 workers of 13 for evacuation
[2024-07-18T17:08:12.071+0800][info][gc,phases   ] GC(8)   Pre Evacuate Collection Set: 0.1ms
[2024-07-18T17:08:12.071+0800][info][gc,phases   ] GC(8)   Merge Heap Roots: 0.1ms
[2024-07-18T17:08:12.071+0800][info][gc,phases   ] GC(8)   Evacuate Collection Set: 3.2ms
[2024-07-18T17:08:12.071+0800][info][gc,phases   ] GC(8)   Post Evacuate Collection Set: 0.2ms
[2024-07-18T17:08:12.071+0800][info][gc,phases   ] GC(8)   Other: 0.2ms
[2024-07-18T17:08:12.071+0800][info][gc,heap     ] GC(8) Eden regions: 80->0(103)
[2024-07-18T17:08:12.071+0800][info][gc,heap     ] GC(8) Survivor regions: 10->12(12)
[2024-07-18T17:08:12.071+0800][info][gc,heap     ] GC(8) Old regions: 117->143
[2024-07-18T17:08:12.071+0800][info][gc,heap     ] GC(8) Archive regions: 0->0
[2024-07-18T17:08:12.071+0800][info][gc,heap     ] GC(8) Humongous regions: 113->73
[2024-07-18T17:08:12.071+0800][info][gc,metaspace] GC(8) Metaspace: 194K(384K)->194K(384K) NonClass: 187K(256K)->187K(256K) Class: 7K(128K)->7K(128K)
[2024-07-18T17:08:12.071+0800][info][gc          ] GC(8) Pause Young (Concurrent Start) (G1 Humongous Allocation) 319M->227M(512M) 3.843ms
[2024-07-18T17:08:12.071+0800][info][gc,cpu      ] GC(8) User=0.00s Sys=0.00s Real=0.00s
[2024-07-18T17:08:12.071+0800][info][gc          ] GC(9) Concurrent Undo Cycle
[2024-07-18T17:08:12.071+0800][info][gc,marking  ] GC(9) Concurrent Cleanup for Next Mark
[2024-07-18T17:08:12.078+0800][info][gc,marking  ] GC(9) Concurrent Cleanup for Next Mark 3.024ms
[2024-07-18T17:08:12.078+0800][info][gc          ] GC(9) Concurrent Undo Cycle 3.100ms
[2024-07-18T17:08:12.078+0800][info][gc,start    ] GC(10) Pause Young (Concurrent Start) (G1 Humongous Allocation)
[2024-07-18T17:08:12.078+0800][info][gc,task     ] GC(10) Using 12 workers of 13 for evacuation
[2024-07-18T17:08:12.081+0800][info][gc,phases   ] GC(10)   Pre Evacuate Collection Set: 0.1ms
[2024-07-18T17:08:12.081+0800][info][gc,phases   ] GC(10)   Merge Heap Roots: 0.0ms
[2024-07-18T17:08:12.081+0800][info][gc,phases   ] GC(10)   Evacuate Collection Set: 1.7ms
[2024-07-18T17:08:12.081+0800][info][gc,phases   ] GC(10)   Post Evacuate Collection Set: 0.1ms
[2024-07-18T17:08:12.081+0800][info][gc,phases   ] GC(10)   Other: 0.1ms
[2024-07-18T17:08:12.081+0800][info][gc,heap     ] GC(10) Eden regions: 28->0(109)
[2024-07-18T17:08:12.081+0800][info][gc,heap     ] GC(10) Survivor regions: 12->11(15)
[2024-07-18T17:08:12.081+0800][info][gc,heap     ] GC(10) Old regions: 143->155
[2024-07-18T17:08:12.081+0800][info][gc,heap     ] GC(10) Archive regions: 0->0
[2024-07-18T17:08:12.081+0800][info][gc,heap     ] GC(10) Humongous regions: 88->79
[2024-07-18T17:08:12.081+0800][info][gc,metaspace] GC(10) Metaspace: 194K(384K)->194K(384K) NonClass: 187K(256K)->187K(256K) Class: 7K(128K)->7K(128K)
[2024-07-18T17:08:12.081+0800][info][gc          ] GC(10) Pause Young (Concurrent Start) (G1 Humongous Allocation) 270M->243M(512M) 2.126ms
[2024-07-18T17:08:12.081+0800][info][gc,cpu      ] GC(10) User=0.00s Sys=0.00s Real=0.00s
[2024-07-18T17:08:12.081+0800][info][gc          ] GC(11) Concurrent Mark Cycle
[2024-07-18T17:08:12.081+0800][info][gc,marking  ] GC(11) Concurrent Clear Claimed Marks
[2024-07-18T17:08:12.081+0800][info][gc,marking  ] GC(11) Concurrent Clear Claimed Marks 0.017ms
[2024-07-18T17:08:12.081+0800][info][gc,marking  ] GC(11) Concurrent Scan Root Regions
[2024-07-18T17:08:12.083+0800][info][gc,marking  ] GC(11) Concurrent Scan Root Regions 0.183ms
[2024-07-18T17:08:12.083+0800][info][gc,marking  ] GC(11) Concurrent Mark
[2024-07-18T17:08:12.083+0800][info][gc,marking  ] GC(11) Concurrent Mark From Roots
[2024-07-18T17:08:12.083+0800][info][gc,task     ] GC(11) Using 3 workers of 3 for marking
[2024-07-18T17:08:12.083+0800][info][gc,marking  ] GC(11) Concurrent Mark From Roots 0.754ms
[2024-07-18T17:08:12.083+0800][info][gc,marking  ] GC(11) Concurrent Preclean
[2024-07-18T17:08:12.083+0800][info][gc,marking  ] GC(11) Concurrent Preclean 0.060ms
[2024-07-18T17:08:12.083+0800][info][gc,start    ] GC(11) Pause Remark
[2024-07-18T17:08:12.083+0800][info][gc          ] GC(11) Pause Remark 259M->258M(512M) 0.247ms
[2024-07-18T17:08:12.083+0800][info][gc,cpu      ] GC(11) User=0.00s Sys=0.00s Real=0.00s
[2024-07-18T17:08:12.083+0800][info][gc,marking  ] GC(11) Concurrent Mark 1.172ms
[2024-07-18T17:08:12.083+0800][info][gc,marking  ] GC(11) Concurrent Rebuild Remembered Sets
[2024-07-18T17:08:12.083+0800][info][gc,marking  ] GC(11) Concurrent Rebuild Remembered Sets 0.496ms
[2024-07-18T17:08:12.083+0800][info][gc,start    ] GC(11) Pause Cleanup
[2024-07-18T17:08:12.083+0800][info][gc          ] GC(11) Pause Cleanup 266M->266M(512M) 0.103ms
[2024-07-18T17:08:12.083+0800][info][gc,cpu      ] GC(11) User=0.00s Sys=0.00s Real=0.00s
[2024-07-18T17:08:12.083+0800][info][gc,marking  ] GC(11) Concurrent Cleanup for Next Mark
[2024-07-18T17:08:12.083+0800][info][gc,marking  ] GC(11) Concurrent Cleanup for Next Mark 1.450ms
[2024-07-18T17:08:12.083+0800][info][gc          ] GC(11) Concurrent Mark Cycle 3.668ms
[2024-07-18T17:08:12.103+0800][info][gc,start    ] GC(12) Pause Young (Prepare Mixed) (G1 Evacuation Pause)
[2024-07-18T17:08:12.103+0800][info][gc,task     ] GC(12) Using 12 workers of 13 for evacuation
[2024-07-18T17:08:12.108+0800][info][gc,phases   ] GC(12)   Pre Evacuate Collection Set: 0.1ms
[2024-07-18T17:08:12.108+0800][info][gc,phases   ] GC(12)   Merge Heap Roots: 0.1ms
[2024-07-18T17:08:12.108+0800][info][gc,phases   ] GC(12)   Evacuate Collection Set: 4.6ms
[2024-07-18T17:08:12.108+0800][info][gc,phases   ] GC(12)   Post Evacuate Collection Set: 0.2ms
[2024-07-18T17:08:12.108+0800][info][gc,phases   ] GC(12)   Other: 0.1ms
[2024-07-18T17:08:12.108+0800][info][gc,heap     ] GC(12) Eden regions: 109->0(10)
[2024-07-18T17:08:12.108+0800][info][gc,heap     ] GC(12) Survivor regions: 11->15(15)
[2024-07-18T17:08:12.108+0800][info][gc,heap     ] GC(12) Old regions: 154->189
[2024-07-18T17:08:12.108+0800][info][gc,heap     ] GC(12) Archive regions: 0->0
[2024-07-18T17:08:12.108+0800][info][gc,heap     ] GC(12) Humongous regions: 148->106
[2024-07-18T17:08:12.108+0800][info][gc,metaspace] GC(12) Metaspace: 194K(384K)->194K(384K) NonClass: 187K(256K)->187K(256K) Class: 7K(128K)->7K(128K)
[2024-07-18T17:08:12.108+0800][info][gc          ] GC(12) Pause Young (Prepare Mixed) (G1 Evacuation Pause) 420M->309M(512M) 5.232ms
[2024-07-18T17:08:12.108+0800][info][gc,cpu      ] GC(12) User=0.05s Sys=0.05s Real=0.01s
[2024-07-18T17:08:12.108+0800][info][gc,start    ] GC(13) Pause Young (Mixed) (G1 Evacuation Pause)
[2024-07-18T17:08:12.108+0800][info][gc,task     ] GC(13) Using 12 workers of 13 for evacuation
[2024-07-18T17:08:12.116+0800][info][gc,phases   ] GC(13)   Pre Evacuate Collection Set: 0.1ms
[2024-07-18T17:08:12.116+0800][info][gc,phases   ] GC(13)   Merge Heap Roots: 0.1ms
[2024-07-18T17:08:12.116+0800][info][gc,phases   ] GC(13)   Evacuate Collection Set: 2.3ms
[2024-07-18T17:08:12.116+0800][info][gc,phases   ] GC(13)   Post Evacuate Collection Set: 0.1ms
[2024-07-18T17:08:12.116+0800][info][gc,phases   ] GC(13)   Other: 0.1ms
[2024-07-18T17:08:12.116+0800][info][gc,heap     ] GC(13) Eden regions: 10->0(85)
[2024-07-18T17:08:12.116+0800][info][gc,heap     ] GC(13) Survivor regions: 15->3(4)
[2024-07-18T17:08:12.116+0800][info][gc,heap     ] GC(13) Old regions: 189->181
[2024-07-18T17:08:12.116+0800][info][gc,heap     ] GC(13) Archive regions: 0->0
[2024-07-18T17:08:12.116+0800][info][gc,heap     ] GC(13) Humongous regions: 113->111
[2024-07-18T17:08:12.116+0800][info][gc,metaspace] GC(13) Metaspace: 194K(384K)->194K(384K) NonClass: 187K(256K)->187K(256K) Class: 7K(128K)->7K(128K)
[2024-07-18T17:08:12.116+0800][info][gc          ] GC(13) Pause Young (Mixed) (G1 Evacuation Pause) 326M->294M(512M) 2.743ms
[2024-07-18T17:08:12.116+0800][info][gc,cpu      ] GC(13) User=0.00s Sys=0.00s Real=0.01s
[2024-07-18T17:08:12.116+0800][info][gc,start    ] GC(14) Pause Young (Concurrent Start) (G1 Humongous Allocation)
[2024-07-18T17:08:12.116+0800][info][gc,task     ] GC(14) Using 12 workers of 13 for evacuation
[2024-07-18T17:08:12.116+0800][info][gc,phases   ] GC(14)   Pre Evacuate Collection Set: 0.0ms
[2024-07-18T17:08:12.116+0800][info][gc,phases   ] GC(14)   Merge Heap Roots: 0.0ms
[2024-07-18T17:08:12.116+0800][info][gc,phases   ] GC(14)   Evacuate Collection Set: 0.2ms
[2024-07-18T17:08:12.116+0800][info][gc,phases   ] GC(14)   Post Evacuate Collection Set: 0.1ms
[2024-07-18T17:08:12.116+0800][info][gc,phases   ] GC(14)   Other: 0.1ms
[2024-07-18T17:08:12.116+0800][info][gc,heap     ] GC(14) Eden regions: 1->0(87)
[2024-07-18T17:08:12.116+0800][info][gc,heap     ] GC(14) Survivor regions: 3->4(11)
[2024-07-18T17:08:12.116+0800][info][gc,heap     ] GC(14) Old regions: 181->181
[2024-07-18T17:08:12.116+0800][info][gc,heap     ] GC(14) Archive regions: 0->0
[2024-07-18T17:08:12.116+0800][info][gc,heap     ] GC(14) Humongous regions: 111->111
[2024-07-18T17:08:12.116+0800][info][gc,metaspace] GC(14) Metaspace: 194K(384K)->194K(384K) NonClass: 187K(256K)->187K(256K) Class: 7K(128K)->7K(128K)
[2024-07-18T17:08:12.116+0800][info][gc          ] GC(14) Pause Young (Concurrent Start) (G1 Humongous Allocation) 294M->294M(512M) 0.506ms
[2024-07-18T17:08:12.116+0800][info][gc,cpu      ] GC(14) User=0.00s Sys=0.00s Real=0.00s
[2024-07-18T17:08:12.116+0800][info][gc          ] GC(15) Concurrent Mark Cycle
[2024-07-18T17:08:12.116+0800][info][gc,marking  ] GC(15) Concurrent Clear Claimed Marks
[2024-07-18T17:08:12.116+0800][info][gc,marking  ] GC(15) Concurrent Clear Claimed Marks 0.008ms
[2024-07-18T17:08:12.116+0800][info][gc,marking  ] GC(15) Concurrent Scan Root Regions
[2024-07-18T17:08:12.116+0800][info][gc,marking  ] GC(15) Concurrent Scan Root Regions 0.022ms
[2024-07-18T17:08:12.116+0800][info][gc,marking  ] GC(15) Concurrent Mark
[2024-07-18T17:08:12.116+0800][info][gc,marking  ] GC(15) Concurrent Mark From Roots
[2024-07-18T17:08:12.116+0800][info][gc,task     ] GC(15) Using 3 workers of 3 for marking
[2024-07-18T17:08:12.118+0800][info][gc,marking  ] GC(15) Concurrent Mark From Roots 0.668ms
[2024-07-18T17:08:12.118+0800][info][gc,marking  ] GC(15) Concurrent Preclean
[2024-07-18T17:08:12.118+0800][info][gc,marking  ] GC(15) Concurrent Preclean 0.058ms
[2024-07-18T17:08:12.118+0800][info][gc,start    ] GC(15) Pause Remark
[2024-07-18T17:08:12.118+0800][info][gc          ] GC(15) Pause Remark 304M->304M(512M) 0.243ms
[2024-07-18T17:08:12.118+0800][info][gc,cpu      ] GC(15) User=0.00s Sys=0.00s Real=0.00s
[2024-07-18T17:08:12.118+0800][info][gc,marking  ] GC(15) Concurrent Mark 1.103ms
[2024-07-18T17:08:12.118+0800][info][gc,marking  ] GC(15) Concurrent Rebuild Remembered Sets
[2024-07-18T17:08:12.119+0800][info][gc,marking  ] GC(15) Concurrent Rebuild Remembered Sets 0.390ms
[2024-07-18T17:08:12.119+0800][info][gc,start    ] GC(15) Pause Cleanup
[2024-07-18T17:08:12.119+0800][info][gc          ] GC(15) Pause Cleanup 311M->311M(512M) 0.071ms
[2024-07-18T17:08:12.119+0800][info][gc,cpu      ] GC(15) User=0.00s Sys=0.00s Real=0.00s
[2024-07-18T17:08:12.119+0800][info][gc,marking  ] GC(15) Concurrent Cleanup for Next Mark
[2024-07-18T17:08:12.119+0800][info][gc,marking  ] GC(15) Concurrent Cleanup for Next Mark 0.478ms
[2024-07-18T17:08:12.119+0800][info][gc          ] GC(15) Concurrent Mark Cycle 2.229ms
[2024-07-18T17:08:12.119+0800][info][gc,start    ] GC(16) Pause Young (Prepare Mixed) (G1 Evacuation Pause)
[2024-07-18T17:08:12.119+0800][info][gc,task     ] GC(16) Using 12 workers of 13 for evacuation
[2024-07-18T17:08:12.130+0800][info][gc,phases   ] GC(16)   Pre Evacuate Collection Set: 0.1ms
[2024-07-18T17:08:12.130+0800][info][gc,phases   ] GC(16)   Merge Heap Roots: 0.1ms
[2024-07-18T17:08:12.130+0800][info][gc,phases   ] GC(16)   Evacuate Collection Set: 3.2ms
[2024-07-18T17:08:12.130+0800][info][gc,phases   ] GC(16)   Post Evacuate Collection Set: 0.2ms
[2024-07-18T17:08:12.130+0800][info][gc,phases   ] GC(16)   Other: 0.1ms
[2024-07-18T17:08:12.130+0800][info][gc,heap     ] GC(16) Eden regions: 87->0(13)
[2024-07-18T17:08:12.130+0800][info][gc,heap     ] GC(16) Survivor regions: 4->12(12)
[2024-07-18T17:08:12.130+0800][info][gc,heap     ] GC(16) Old regions: 181->206
[2024-07-18T17:08:12.130+0800][info][gc,heap     ] GC(16) Archive regions: 0->0
[2024-07-18T17:08:12.130+0800][info][gc,heap     ] GC(16) Humongous regions: 162->120
[2024-07-18T17:08:12.130+0800][info][gc,metaspace] GC(16) Metaspace: 194K(384K)->194K(384K) NonClass: 187K(256K)->187K(256K) Class: 7K(128K)->7K(128K)
[2024-07-18T17:08:12.130+0800][info][gc          ] GC(16) Pause Young (Prepare Mixed) (G1 Evacuation Pause) 432M->337M(512M) 3.729ms
[2024-07-18T17:08:12.130+0800][info][gc,cpu      ] GC(16) User=0.00s Sys=0.00s Real=0.01s
[2024-07-18T17:08:12.133+0800][info][gc,start    ] GC(17) Pause Young (Mixed) (G1 Evacuation Pause)
[2024-07-18T17:08:12.133+0800][info][gc,task     ] GC(17) Using 12 workers of 13 for evacuation
[2024-07-18T17:08:12.135+0800][info][gc,phases   ] GC(17)   Pre Evacuate Collection Set: 0.2ms
[2024-07-18T17:08:12.135+0800][info][gc,phases   ] GC(17)   Merge Heap Roots: 0.0ms
[2024-07-18T17:08:12.135+0800][info][gc,phases   ] GC(17)   Evacuate Collection Set: 2.3ms
[2024-07-18T17:08:12.135+0800][info][gc,phases   ] GC(17)   Post Evacuate Collection Set: 0.1ms
[2024-07-18T17:08:12.135+0800][info][gc,phases   ] GC(17)   Other: 0.1ms
[2024-07-18T17:08:12.135+0800][info][gc,heap     ] GC(17) Eden regions: 13->0(75)
[2024-07-18T17:08:12.135+0800][info][gc,heap     ] GC(17) Survivor regions: 12->4(4)
[2024-07-18T17:08:12.135+0800][info][gc,heap     ] GC(17) Old regions: 206->195
[2024-07-18T17:08:12.135+0800][info][gc,heap     ] GC(17) Archive regions: 0->0
[2024-07-18T17:08:12.135+0800][info][gc,heap     ] GC(17) Humongous regions: 125->118
[2024-07-18T17:08:12.135+0800][info][gc,metaspace] GC(17) Metaspace: 194K(384K)->194K(384K) NonClass: 187K(256K)->187K(256K) Class: 7K(128K)->7K(128K)
[2024-07-18T17:08:12.135+0800][info][gc          ] GC(17) Pause Young (Mixed) (G1 Evacuation Pause) 355M->316M(512M) 2.818ms
[2024-07-18T17:08:12.135+0800][info][gc,cpu      ] GC(17) User=0.11s Sys=0.03s Real=0.00s
[2024-07-18T17:08:12.135+0800][info][gc,start    ] GC(18) Pause Young (Concurrent Start) (G1 Humongous Allocation)
[2024-07-18T17:08:12.135+0800][info][gc,task     ] GC(18) Using 12 workers of 13 for evacuation
[2024-07-18T17:08:12.137+0800][info][gc,phases   ] GC(18)   Pre Evacuate Collection Set: 0.0ms
[2024-07-18T17:08:12.137+0800][info][gc,phases   ] GC(18)   Merge Heap Roots: 0.0ms
[2024-07-18T17:08:12.137+0800][info][gc,phases   ] GC(18)   Evacuate Collection Set: 0.3ms
[2024-07-18T17:08:12.137+0800][info][gc,phases   ] GC(18)   Post Evacuate Collection Set: 0.1ms
[2024-07-18T17:08:12.137+0800][info][gc,phases   ] GC(18)   Other: 0.1ms
[2024-07-18T17:08:12.137+0800][info][gc,heap     ] GC(18) Eden regions: 2->0(79)
[2024-07-18T17:08:12.137+0800][info][gc,heap     ] GC(18) Survivor regions: 4->5(10)
[2024-07-18T17:08:12.137+0800][info][gc,heap     ] GC(18) Old regions: 195->195
[2024-07-18T17:08:12.137+0800][info][gc,heap     ] GC(18) Archive regions: 0->0
[2024-07-18T17:08:12.137+0800][info][gc,heap     ] GC(18) Humongous regions: 118->117
[2024-07-18T17:08:12.137+0800][info][gc,metaspace] GC(18) Metaspace: 194K(384K)->194K(384K) NonClass: 187K(256K)->187K(256K) Class: 7K(128K)->7K(128K)
[2024-07-18T17:08:12.137+0800][info][gc          ] GC(18) Pause Young (Concurrent Start) (G1 Humongous Allocation) 318M->315M(512M) 0.600ms
[2024-07-18T17:08:12.137+0800][info][gc,cpu      ] GC(18) User=0.00s Sys=0.00s Real=0.00s
[2024-07-18T17:08:12.137+0800][info][gc          ] GC(19) Concurrent Mark Cycle
[2024-07-18T17:08:12.137+0800][info][gc,marking  ] GC(19) Concurrent Clear Claimed Marks
[2024-07-18T17:08:12.137+0800][info][gc,marking  ] GC(19) Concurrent Clear Claimed Marks 0.008ms
[2024-07-18T17:08:12.137+0800][info][gc,marking  ] GC(19) Concurrent Scan Root Regions
[2024-07-18T17:08:12.137+0800][info][gc,marking  ] GC(19) Concurrent Scan Root Regions 0.024ms
[2024-07-18T17:08:12.137+0800][info][gc,marking  ] GC(19) Concurrent Mark
[2024-07-18T17:08:12.137+0800][info][gc,marking  ] GC(19) Concurrent Mark From Roots
[2024-07-18T17:08:12.137+0800][info][gc,task     ] GC(19) Using 3 workers of 3 for marking
[2024-07-18T17:08:12.138+0800][info][gc,marking  ] GC(19) Concurrent Mark From Roots 0.757ms
[2024-07-18T17:08:12.138+0800][info][gc,marking  ] GC(19) Concurrent Preclean
[2024-07-18T17:08:12.138+0800][info][gc,marking  ] GC(19) Concurrent Preclean 0.056ms
[2024-07-18T17:08:12.138+0800][info][gc,start    ] GC(19) Pause Remark
[2024-07-18T17:08:12.138+0800][info][gc          ] GC(19) Pause Remark 328M->328M(512M) 0.257ms
[2024-07-18T17:08:12.138+0800][info][gc,cpu      ] GC(19) User=0.00s Sys=0.00s Real=0.00s
[2024-07-18T17:08:12.138+0800][info][gc,marking  ] GC(19) Concurrent Mark 1.171ms
[2024-07-18T17:08:12.138+0800][info][gc,marking  ] GC(19) Concurrent Rebuild Remembered Sets
[2024-07-18T17:08:12.138+0800][info][gc,marking  ] GC(19) Concurrent Rebuild Remembered Sets 0.281ms
[2024-07-18T17:08:12.138+0800][info][gc,start    ] GC(19) Pause Cleanup
[2024-07-18T17:08:12.138+0800][info][gc          ] GC(19) Pause Cleanup 330M->330M(512M) 0.081ms
[2024-07-18T17:08:12.138+0800][info][gc,cpu      ] GC(19) User=0.00s Sys=0.00s Real=0.00s
[2024-07-18T17:08:12.138+0800][info][gc,marking  ] GC(19) Concurrent Cleanup for Next Mark
[2024-07-18T17:08:12.139+0800][info][gc,marking  ] GC(19) Concurrent Cleanup for Next Mark 0.562ms
[2024-07-18T17:08:12.139+0800][info][gc          ] GC(19) Concurrent Mark Cycle 2.276ms
[2024-07-18T17:08:12.139+0800][info][gc,start    ] GC(20) Pause Young (Prepare Mixed) (G1 Evacuation Pause)
[2024-07-18T17:08:12.139+0800][info][gc,task     ] GC(20) Using 12 workers of 13 for evacuation
[2024-07-18T17:08:12.149+0800][info][gc,phases   ] GC(20)   Pre Evacuate Collection Set: 0.1ms
[2024-07-18T17:08:12.149+0800][info][gc,phases   ] GC(20)   Merge Heap Roots: 0.1ms
[2024-07-18T17:08:12.149+0800][info][gc,phases   ] GC(20)   Evacuate Collection Set: 2.8ms
[2024-07-18T17:08:12.149+0800][info][gc,phases   ] GC(20)   Post Evacuate Collection Set: 0.2ms
[2024-07-18T17:08:12.149+0800][info][gc,phases   ] GC(20)   Other: 0.1ms
[2024-07-18T17:08:12.149+0800][info][gc,heap     ] GC(20) Eden regions: 79->0(14)
[2024-07-18T17:08:12.149+0800][info][gc,heap     ] GC(20) Survivor regions: 5->11(11)
[2024-07-18T17:08:12.149+0800][info][gc,heap     ] GC(20) Old regions: 195->221
[2024-07-18T17:08:12.149+0800][info][gc,heap     ] GC(20) Archive regions: 0->0
[2024-07-18T17:08:12.149+0800][info][gc,heap     ] GC(20) Humongous regions: 147->116
[2024-07-18T17:08:12.149+0800][info][gc,metaspace] GC(20) Metaspace: 194K(384K)->194K(384K) NonClass: 187K(256K)->187K(256K) Class: 7K(128K)->7K(128K)
[2024-07-18T17:08:12.149+0800][info][gc          ] GC(20) Pause Young (Prepare Mixed) (G1 Evacuation Pause) 424M->347M(512M) 3.335ms
[2024-07-18T17:08:12.149+0800][info][gc,cpu      ] GC(20) User=0.00s Sys=0.00s Real=0.01s
[2024-07-18T17:08:12.149+0800][info][gc,start    ] GC(21) Pause Young (Mixed) (G1 Evacuation Pause)
[2024-07-18T17:08:12.149+0800][info][gc,task     ] GC(21) Using 12 workers of 13 for evacuation
[2024-07-18T17:08:12.153+0800][info][gc,phases   ] GC(21)   Pre Evacuate Collection Set: 0.0ms
[2024-07-18T17:08:12.153+0800][info][gc,phases   ] GC(21)   Merge Heap Roots: 0.0ms
[2024-07-18T17:08:12.153+0800][info][gc,phases   ] GC(21)   Evacuate Collection Set: 2.7ms
[2024-07-18T17:08:12.153+0800][info][gc,phases   ] GC(21)   Post Evacuate Collection Set: 0.1ms
[2024-07-18T17:08:12.153+0800][info][gc,phases   ] GC(21)   Other: 0.1ms
[2024-07-18T17:08:12.153+0800][info][gc,heap     ] GC(21) Eden regions: 14->0(64)
[2024-07-18T17:08:12.153+0800][info][gc,heap     ] GC(21) Survivor regions: 11->4(4)
[2024-07-18T17:08:12.153+0800][info][gc,heap     ] GC(21) Old regions: 221->210
[2024-07-18T17:08:12.153+0800][info][gc,heap     ] GC(21) Archive regions: 0->0
[2024-07-18T17:08:12.153+0800][info][gc,heap     ] GC(21) Humongous regions: 129->123
[2024-07-18T17:08:12.153+0800][info][gc,metaspace] GC(21) Metaspace: 194K(384K)->194K(384K) NonClass: 187K(256K)->187K(256K) Class: 7K(128K)->7K(128K)
[2024-07-18T17:08:12.153+0800][info][gc          ] GC(21) Pause Young (Mixed) (G1 Evacuation Pause) 374M->336M(512M) 3.117ms
[2024-07-18T17:08:12.153+0800][info][gc,cpu      ] GC(21) User=0.08s Sys=0.00s Real=0.00s
[2024-07-18T17:08:12.156+0800][info][gc,start    ] GC(22) Pause Young (Concurrent Start) (G1 Evacuation Pause)
[2024-07-18T17:08:12.156+0800][info][gc,task     ] GC(22) Using 12 workers of 13 for evacuation
[2024-07-18T17:08:12.163+0800][info][gc,phases   ] GC(22)   Pre Evacuate Collection Set: 0.1ms
[2024-07-18T17:08:12.163+0800][info][gc,phases   ] GC(22)   Merge Heap Roots: 0.1ms
[2024-07-18T17:08:12.163+0800][info][gc,phases   ] GC(22)   Evacuate Collection Set: 2.0ms
[2024-07-18T17:08:12.163+0800][info][gc,phases   ] GC(22)   Post Evacuate Collection Set: 0.2ms
[2024-07-18T17:08:12.163+0800][info][gc,phases   ] GC(22)   Other: 0.1ms
[2024-07-18T17:08:12.163+0800][info][gc,heap     ] GC(22) Eden regions: 64->0(45)
[2024-07-18T17:08:12.163+0800][info][gc,heap     ] GC(22) Survivor regions: 4->9(9)
[2024-07-18T17:08:12.163+0800][info][gc,heap     ] GC(22) Old regions: 210->229
[2024-07-18T17:08:12.163+0800][info][gc,heap     ] GC(22) Archive regions: 0->0
[2024-07-18T17:08:12.163+0800][info][gc,heap     ] GC(22) Humongous regions: 168->133
[2024-07-18T17:08:12.163+0800][info][gc,metaspace] GC(22) Metaspace: 194K(384K)->194K(384K) NonClass: 187K(256K)->187K(256K) Class: 7K(128K)->7K(128K)
[2024-07-18T17:08:12.163+0800][info][gc          ] GC(22) Pause Young (Concurrent Start) (G1 Evacuation Pause) 445M->370M(512M) 2.525ms
[2024-07-18T17:08:12.163+0800][info][gc,cpu      ] GC(22) User=0.00s Sys=0.00s Real=0.01s
[2024-07-18T17:08:12.163+0800][info][gc          ] GC(23) Concurrent Mark Cycle
[2024-07-18T17:08:12.163+0800][info][gc,marking  ] GC(23) Concurrent Clear Claimed Marks
[2024-07-18T17:08:12.163+0800][info][gc,marking  ] GC(23) Concurrent Clear Claimed Marks 0.008ms
[2024-07-18T17:08:12.163+0800][info][gc,marking  ] GC(23) Concurrent Scan Root Regions
[2024-07-18T17:08:12.163+0800][info][gc,marking  ] GC(23) Concurrent Scan Root Regions 0.032ms
[2024-07-18T17:08:12.163+0800][info][gc,marking  ] GC(23) Concurrent Mark
[2024-07-18T17:08:12.163+0800][info][gc,marking  ] GC(23) Concurrent Mark From Roots
[2024-07-18T17:08:12.163+0800][info][gc,task     ] GC(23) Using 3 workers of 3 for marking
[2024-07-18T17:08:12.165+0800][info][gc,marking  ] GC(23) Concurrent Mark From Roots 0.753ms
[2024-07-18T17:08:12.165+0800][info][gc,marking  ] GC(23) Concurrent Preclean
[2024-07-18T17:08:12.165+0800][info][gc,marking  ] GC(23) Concurrent Preclean 0.056ms
[2024-07-18T17:08:12.165+0800][info][gc,start    ] GC(23) Pause Remark
[2024-07-18T17:08:12.165+0800][info][gc          ] GC(23) Pause Remark 381M->380M(512M) 0.251ms
[2024-07-18T17:08:12.165+0800][info][gc,cpu      ] GC(23) User=0.00s Sys=0.00s Real=0.00s
[2024-07-18T17:08:12.165+0800][info][gc,marking  ] GC(23) Concurrent Mark 1.209ms
[2024-07-18T17:08:12.165+0800][info][gc,marking  ] GC(23) Concurrent Rebuild Remembered Sets
[2024-07-18T17:08:12.167+0800][info][gc,marking  ] GC(23) Concurrent Rebuild Remembered Sets 0.452ms
[2024-07-18T17:08:12.167+0800][info][gc,start    ] GC(23) Pause Cleanup
[2024-07-18T17:08:12.167+0800][info][gc          ] GC(23) Pause Cleanup 385M->385M(512M) 0.090ms
[2024-07-18T17:08:12.167+0800][info][gc,cpu      ] GC(23) User=0.00s Sys=0.00s Real=0.00s
[2024-07-18T17:08:12.167+0800][info][gc,marking  ] GC(23) Concurrent Cleanup for Next Mark
[2024-07-18T17:08:12.167+0800][info][gc,marking  ] GC(23) Concurrent Cleanup for Next Mark 0.472ms
[2024-07-18T17:08:12.167+0800][info][gc          ] GC(23) Concurrent Mark Cycle 2.415ms
[2024-07-18T17:08:12.168+0800][info][gc,start    ] GC(24) Pause Young (Prepare Mixed) (G1 Evacuation Pause)
[2024-07-18T17:08:12.168+0800][info][gc,task     ] GC(24) Using 12 workers of 13 for evacuation
[2024-07-18T17:08:12.171+0800][info][gc,phases   ] GC(24)   Pre Evacuate Collection Set: 0.0ms
[2024-07-18T17:08:12.171+0800][info][gc,phases   ] GC(24)   Merge Heap Roots: 0.1ms
[2024-07-18T17:08:12.171+0800][info][gc,phases   ] GC(24)   Evacuate Collection Set: 1.9ms
[2024-07-18T17:08:12.171+0800][info][gc,phases   ] GC(24)   Post Evacuate Collection Set: 0.2ms
[2024-07-18T17:08:12.171+0800][info][gc,phases   ] GC(24)   Other: 0.1ms
[2024-07-18T17:08:12.171+0800][info][gc,heap     ] GC(24) Eden regions: 45->0(18)
[2024-07-18T17:08:12.171+0800][info][gc,heap     ] GC(24) Survivor regions: 9->7(7)
[2024-07-18T17:08:12.171+0800][info][gc,heap     ] GC(24) Old regions: 228->248
[2024-07-18T17:08:12.171+0800][info][gc,heap     ] GC(24) Archive regions: 0->0
[2024-07-18T17:08:12.171+0800][info][gc,heap     ] GC(24) Humongous regions: 157->137
[2024-07-18T17:08:12.171+0800][info][gc,metaspace] GC(24) Metaspace: 194K(384K)->194K(384K) NonClass: 187K(256K)->187K(256K) Class: 7K(128K)->7K(128K)
[2024-07-18T17:08:12.171+0800][info][gc          ] GC(24) Pause Young (Prepare Mixed) (G1 Evacuation Pause) 437M->391M(512M) 2.369ms
[2024-07-18T17:08:12.171+0800][info][gc,cpu      ] GC(24) User=0.00s Sys=0.00s Real=0.00s
[2024-07-18T17:08:12.171+0800][info][gc,start    ] GC(25) Pause Young (Mixed) (G1 Evacuation Pause)
[2024-07-18T17:08:12.171+0800][info][gc,task     ] GC(25) Using 12 workers of 13 for evacuation
[2024-07-18T17:08:12.171+0800][info][gc,phases   ] GC(25)   Pre Evacuate Collection Set: 0.1ms
[2024-07-18T17:08:12.171+0800][info][gc,phases   ] GC(25)   Merge Heap Roots: 0.0ms
[2024-07-18T17:08:12.171+0800][info][gc,phases   ] GC(25)   Evacuate Collection Set: 2.4ms
[2024-07-18T17:08:12.171+0800][info][gc,phases   ] GC(25)   Post Evacuate Collection Set: 0.2ms
[2024-07-18T17:08:12.171+0800][info][gc,phases   ] GC(25)   Other: 0.1ms
[2024-07-18T17:08:12.171+0800][info][gc,heap     ] GC(25) Eden regions: 18->0(21)
[2024-07-18T17:08:12.171+0800][info][gc,heap     ] GC(25) Survivor regions: 7->4(4)
[2024-07-18T17:08:12.171+0800][info][gc,heap     ] GC(25) Old regions: 248->223
[2024-07-18T17:08:12.171+0800][info][gc,heap     ] GC(25) Archive regions: 0->0
[2024-07-18T17:08:12.171+0800][info][gc,heap     ] GC(25) Humongous regions: 147->137
[2024-07-18T17:08:12.171+0800][info][gc,metaspace] GC(25) Metaspace: 194K(384K)->194K(384K) NonClass: 187K(256K)->187K(256K) Class: 7K(128K)->7K(128K)
[2024-07-18T17:08:12.171+0800][info][gc          ] GC(25) Pause Young (Mixed) (G1 Evacuation Pause) 419M->363M(512M) 2.765ms
[2024-07-18T17:08:12.171+0800][info][gc,cpu      ] GC(25) User=0.00s Sys=0.00s Real=0.00s
[2024-07-18T17:08:12.179+0800][info][gc,start    ] GC(26) Pause Young (Mixed) (G1 Evacuation Pause)
[2024-07-18T17:08:12.179+0800][info][gc,task     ] GC(26) Using 12 workers of 13 for evacuation
[2024-07-18T17:08:12.180+0800][info][gc,phases   ] GC(26)   Pre Evacuate Collection Set: 0.0ms
[2024-07-18T17:08:12.180+0800][info][gc,phases   ] GC(26)   Merge Heap Roots: 0.0ms
[2024-07-18T17:08:12.180+0800][info][gc,phases   ] GC(26)   Evacuate Collection Set: 1.8ms
[2024-07-18T17:08:12.180+0800][info][gc,phases   ] GC(26)   Post Evacuate Collection Set: 0.1ms
[2024-07-18T17:08:12.180+0800][info][gc,phases   ] GC(26)   Other: 0.1ms
[2024-07-18T17:08:12.180+0800][info][gc,heap     ] GC(26) Eden regions: 21->0(46)
[2024-07-18T17:08:12.180+0800][info][gc,heap     ] GC(26) Survivor regions: 4->4(4)
[2024-07-18T17:08:12.180+0800][info][gc,heap     ] GC(26) Old regions: 223->223
[2024-07-18T17:08:12.180+0800][info][gc,heap     ] GC(26) Archive regions: 0->0
[2024-07-18T17:08:12.180+0800][info][gc,heap     ] GC(26) Humongous regions: 148->140
[2024-07-18T17:08:12.180+0800][info][gc,metaspace] GC(26) Metaspace: 194K(384K)->194K(384K) NonClass: 187K(256K)->187K(256K) Class: 7K(128K)->7K(128K)
[2024-07-18T17:08:12.180+0800][info][gc          ] GC(26) Pause Young (Mixed) (G1 Evacuation Pause) 395M->366M(512M) 2.179ms
[2024-07-18T17:08:12.180+0800][info][gc,cpu      ] GC(26) User=0.00s Sys=0.00s Real=0.00s
[2024-07-18T17:08:12.183+0800][info][gc,start    ] GC(27) Pause Young (Normal) (G1 Evacuation Pause)
[2024-07-18T17:08:12.183+0800][info][gc,task     ] GC(27) Using 12 workers of 13 for evacuation
[2024-07-18T17:08:12.187+0800][info][gc,phases   ] GC(27)   Pre Evacuate Collection Set: 0.0ms
[2024-07-18T17:08:12.187+0800][info][gc,phases   ] GC(27)   Merge Heap Roots: 0.0ms
[2024-07-18T17:08:12.187+0800][info][gc,phases   ] GC(27)   Evacuate Collection Set: 1.8ms
[2024-07-18T17:08:12.187+0800][info][gc,phases   ] GC(27)   Post Evacuate Collection Set: 0.1ms
[2024-07-18T17:08:12.187+0800][info][gc,phases   ] GC(27)   Other: 0.1ms
[2024-07-18T17:08:12.187+0800][info][gc,heap     ] GC(27) Eden regions: 46->0(37)
[2024-07-18T17:08:12.187+0800][info][gc,heap     ] GC(27) Survivor regions: 4->7(7)
[2024-07-18T17:08:12.187+0800][info][gc,heap     ] GC(27) Old regions: 223->241
[2024-07-18T17:08:12.187+0800][info][gc,heap     ] GC(27) Archive regions: 0->0
[2024-07-18T17:08:12.187+0800][info][gc,heap     ] GC(27) Humongous regions: 158->135
[2024-07-18T17:08:12.187+0800][info][gc,metaspace] GC(27) Metaspace: 194K(384K)->194K(384K) NonClass: 187K(256K)->187K(256K) Class: 7K(128K)->7K(128K)
[2024-07-18T17:08:12.187+0800][info][gc          ] GC(27) Pause Young (Normal) (G1 Evacuation Pause) 430M->382M(512M) 2.140ms
[2024-07-18T17:08:12.187+0800][info][gc,cpu      ] GC(27) User=0.00s Sys=0.00s Real=0.00s
[2024-07-18T17:08:12.187+0800][info][gc,start    ] GC(28) Pause Young (Concurrent Start) (G1 Humongous Allocation)
[2024-07-18T17:08:12.187+0800][info][gc,task     ] GC(28) Using 12 workers of 13 for evacuation
[2024-07-18T17:08:12.189+0800][info][gc,phases   ] GC(28)   Pre Evacuate Collection Set: 0.0ms
[2024-07-18T17:08:12.189+0800][info][gc,phases   ] GC(28)   Merge Heap Roots: 0.0ms
[2024-07-18T17:08:12.189+0800][info][gc,phases   ] GC(28)   Evacuate Collection Set: 0.6ms
[2024-07-18T17:08:12.189+0800][info][gc,phases   ] GC(28)   Post Evacuate Collection Set: 0.1ms
[2024-07-18T17:08:12.189+0800][info][gc,phases   ] GC(28)   Other: 0.1ms
[2024-07-18T17:08:12.189+0800][info][gc,heap     ] GC(28) Eden regions: 2->0(39)
[2024-07-18T17:08:12.189+0800][info][gc,heap     ] GC(28) Survivor regions: 7->1(6)
[2024-07-18T17:08:12.189+0800][info][gc,heap     ] GC(28) Old regions: 241->248
[2024-07-18T17:08:12.189+0800][info][gc,heap     ] GC(28) Archive regions: 0->0
[2024-07-18T17:08:12.189+0800][info][gc,heap     ] GC(28) Humongous regions: 135->135
[2024-07-18T17:08:12.189+0800][info][gc,metaspace] GC(28) Metaspace: 194K(384K)->194K(384K) NonClass: 187K(256K)->187K(256K) Class: 7K(128K)->7K(128K)
[2024-07-18T17:08:12.189+0800][info][gc          ] GC(28) Pause Young (Concurrent Start) (G1 Humongous Allocation) 383M->382M(512M) 0.890ms
[2024-07-18T17:08:12.189+0800][info][gc,cpu      ] GC(28) User=0.00s Sys=0.00s Real=0.00s
[2024-07-18T17:08:12.189+0800][info][gc          ] GC(29) Concurrent Mark Cycle
[2024-07-18T17:08:12.189+0800][info][gc,marking  ] GC(29) Concurrent Clear Claimed Marks
[2024-07-18T17:08:12.189+0800][info][gc,marking  ] GC(29) Concurrent Clear Claimed Marks 0.007ms
[2024-07-18T17:08:12.189+0800][info][gc,marking  ] GC(29) Concurrent Scan Root Regions
[2024-07-18T17:08:12.189+0800][info][gc,marking  ] GC(29) Concurrent Scan Root Regions 0.023ms
[2024-07-18T17:08:12.189+0800][info][gc,marking  ] GC(29) Concurrent Mark
[2024-07-18T17:08:12.189+0800][info][gc,marking  ] GC(29) Concurrent Mark From Roots
[2024-07-18T17:08:12.189+0800][info][gc,task     ] GC(29) Using 3 workers of 3 for marking
[2024-07-18T17:08:12.190+0800][info][gc,marking  ] GC(29) Concurrent Mark From Roots 0.616ms
[2024-07-18T17:08:12.190+0800][info][gc,marking  ] GC(29) Concurrent Preclean
[2024-07-18T17:08:12.190+0800][info][gc,marking  ] GC(29) Concurrent Preclean 0.056ms
[2024-07-18T17:08:12.190+0800][info][gc,start    ] GC(29) Pause Remark
[2024-07-18T17:08:12.190+0800][info][gc          ] GC(29) Pause Remark 389M->389M(512M) 0.242ms
[2024-07-18T17:08:12.190+0800][info][gc,cpu      ] GC(29) User=0.00s Sys=0.00s Real=0.00s
[2024-07-18T17:08:12.190+0800][info][gc,marking  ] GC(29) Concurrent Mark 1.050ms
[2024-07-18T17:08:12.190+0800][info][gc,marking  ] GC(29) Concurrent Rebuild Remembered Sets
[2024-07-18T17:08:12.191+0800][info][gc,marking  ] GC(29) Concurrent Rebuild Remembered Sets 0.591ms
[2024-07-18T17:08:12.191+0800][info][gc,start    ] GC(29) Pause Cleanup
[2024-07-18T17:08:12.191+0800][info][gc          ] GC(29) Pause Cleanup 400M->400M(512M) 0.116ms
[2024-07-18T17:08:12.191+0800][info][gc,cpu      ] GC(29) User=0.00s Sys=0.00s Real=0.00s
[2024-07-18T17:08:12.191+0800][info][gc,marking  ] GC(29) Concurrent Cleanup for Next Mark
[2024-07-18T17:08:12.192+0800][info][gc,marking  ] GC(29) Concurrent Cleanup for Next Mark 0.490ms
[2024-07-18T17:08:12.192+0800][info][gc          ] GC(29) Concurrent Mark Cycle 2.454ms
[2024-07-18T17:08:12.192+0800][info][gc,start    ] GC(30) Pause Young (Prepare Mixed) (G1 Evacuation Pause)
[2024-07-18T17:08:12.192+0800][info][gc,task     ] GC(30) Using 12 workers of 13 for evacuation
[2024-07-18T17:08:12.196+0800][info][gc,phases   ] GC(30)   Pre Evacuate Collection Set: 0.0ms
[2024-07-18T17:08:12.196+0800][info][gc,phases   ] GC(30)   Merge Heap Roots: 0.1ms
[2024-07-18T17:08:12.196+0800][info][gc,phases   ] GC(30)   Evacuate Collection Set: 1.5ms
[2024-07-18T17:08:12.196+0800][info][gc,phases   ] GC(30)   Post Evacuate Collection Set: 0.1ms
[2024-07-18T17:08:12.196+0800][info][gc,phases   ] GC(30)   Other: 0.1ms
[2024-07-18T17:08:12.196+0800][info][gc,heap     ] GC(30) Eden regions: 39->0(20)
[2024-07-18T17:08:12.196+0800][info][gc,heap     ] GC(30) Survivor regions: 1->5(5)
[2024-07-18T17:08:12.196+0800][info][gc,heap     ] GC(30) Old regions: 248->261
[2024-07-18T17:08:12.196+0800][info][gc,heap     ] GC(30) Archive regions: 0->0
[2024-07-18T17:08:12.196+0800][info][gc,heap     ] GC(30) Humongous regions: 160->132
[2024-07-18T17:08:12.196+0800][info][gc,metaspace] GC(30) Metaspace: 194K(384K)->194K(384K) NonClass: 187K(256K)->187K(256K) Class: 7K(128K)->7K(128K)
[2024-07-18T17:08:12.196+0800][info][gc          ] GC(30) Pause Young (Prepare Mixed) (G1 Evacuation Pause) 446M->397M(512M) 1.881ms
[2024-07-18T17:08:12.196+0800][info][gc,cpu      ] GC(30) User=0.00s Sys=0.00s Real=0.00s
[2024-07-18T17:08:12.198+0800][info][gc,start    ] GC(31) Pause Young (Mixed) (G1 Evacuation Pause)
[2024-07-18T17:08:12.198+0800][info][gc,task     ] GC(31) Using 12 workers of 13 for evacuation
[2024-07-18T17:08:12.200+0800][info][gc,phases   ] GC(31)   Pre Evacuate Collection Set: 0.0ms
[2024-07-18T17:08:12.200+0800][info][gc,phases   ] GC(31)   Merge Heap Roots: 0.0ms
[2024-07-18T17:08:12.200+0800][info][gc,phases   ] GC(31)   Evacuate Collection Set: 2.8ms
[2024-07-18T17:08:12.200+0800][info][gc,phases   ] GC(31)   Post Evacuate Collection Set: 0.2ms
[2024-07-18T17:08:12.200+0800][info][gc,phases   ] GC(31)   Other: 0.1ms
[2024-07-18T17:08:12.200+0800][info][gc,heap     ] GC(31) Eden regions: 20->0(21)
[2024-07-18T17:08:12.200+0800][info][gc,heap     ] GC(31) Survivor regions: 5->4(4)
[2024-07-18T17:08:12.200+0800][info][gc,heap     ] GC(31) Old regions: 261->244
[2024-07-18T17:08:12.200+0800][info][gc,heap     ] GC(31) Archive regions: 0->0
[2024-07-18T17:08:12.200+0800][info][gc,heap     ] GC(31) Humongous regions: 146->137
[2024-07-18T17:08:12.200+0800][info][gc,metaspace] GC(31) Metaspace: 194K(384K)->194K(384K) NonClass: 187K(256K)->187K(256K) Class: 7K(128K)->7K(128K)
[2024-07-18T17:08:12.200+0800][info][gc          ] GC(31) Pause Young (Mixed) (G1 Evacuation Pause) 431M->384M(512M) 3.192ms
[2024-07-18T17:08:12.200+0800][info][gc,cpu      ] GC(31) User=0.00s Sys=0.00s Real=0.00s
[2024-07-18T17:08:12.203+0800][info][gc,start    ] GC(32) Pause Young (Mixed) (G1 Evacuation Pause)
[2024-07-18T17:08:12.203+0800][info][gc,task     ] GC(32) Using 12 workers of 13 for evacuation
[2024-07-18T17:08:12.203+0800][info][gc,phases   ] GC(32)   Pre Evacuate Collection Set: 0.0ms
[2024-07-18T17:08:12.203+0800][info][gc,phases   ] GC(32)   Merge Heap Roots: 0.0ms
[2024-07-18T17:08:12.203+0800][info][gc,phases   ] GC(32)   Evacuate Collection Set: 1.9ms
[2024-07-18T17:08:12.203+0800][info][gc,phases   ] GC(32)   Post Evacuate Collection Set: 0.1ms
[2024-07-18T17:08:12.203+0800][info][gc,phases   ] GC(32)   Other: 0.1ms
[2024-07-18T17:08:12.203+0800][info][gc,heap     ] GC(32) Eden regions: 21->0(32)
[2024-07-18T17:08:12.203+0800][info][gc,heap     ] GC(32) Survivor regions: 4->4(4)
[2024-07-18T17:08:12.203+0800][info][gc,heap     ] GC(32) Old regions: 244->247
[2024-07-18T17:08:12.203+0800][info][gc,heap     ] GC(32) Archive regions: 0->0
[2024-07-18T17:08:12.203+0800][info][gc,heap     ] GC(32) Humongous regions: 151->143
[2024-07-18T17:08:12.203+0800][info][gc,metaspace] GC(32) Metaspace: 194K(384K)->194K(384K) NonClass: 187K(256K)->187K(256K) Class: 7K(128K)->7K(128K)
[2024-07-18T17:08:12.203+0800][info][gc          ] GC(32) Pause Young (Mixed) (G1 Evacuation Pause) 419M->393M(512M) 2.242ms
[2024-07-18T17:08:12.203+0800][info][gc,cpu      ] GC(32) User=0.00s Sys=0.00s Real=0.00s
[2024-07-18T17:08:12.203+0800][info][gc,start    ] GC(33) Pause Young (Normal) (G1 Evacuation Pause)
[2024-07-18T17:08:12.203+0800][info][gc,task     ] GC(33) Using 12 workers of 13 for evacuation
[2024-07-18T17:08:12.203+0800][info][gc,phases   ] GC(33)   Pre Evacuate Collection Set: 0.0ms
[2024-07-18T17:08:12.203+0800][info][gc,phases   ] GC(33)   Merge Heap Roots: 0.0ms
[2024-07-18T17:08:12.203+0800][info][gc,phases   ] GC(33)   Evacuate Collection Set: 1.2ms
[2024-07-18T17:08:12.203+0800][info][gc,phases   ] GC(33)   Post Evacuate Collection Set: 0.1ms
[2024-07-18T17:08:12.203+0800][info][gc,phases   ] GC(33)   Other: 0.1ms
[2024-07-18T17:08:12.203+0800][info][gc,heap     ] GC(33) Eden regions: 32->0(24)
[2024-07-18T17:08:12.203+0800][info][gc,heap     ] GC(33) Survivor regions: 4->5(5)
[2024-07-18T17:08:12.203+0800][info][gc,heap     ] GC(33) Old regions: 247->259
[2024-07-18T17:08:12.203+0800][info][gc,heap     ] GC(33) Archive regions: 0->0
[2024-07-18T17:08:12.203+0800][info][gc,heap     ] GC(33) Humongous regions: 161->145
[2024-07-18T17:08:12.203+0800][info][gc,metaspace] GC(33) Metaspace: 194K(384K)->194K(384K) NonClass: 187K(256K)->187K(256K) Class: 7K(128K)->7K(128K)
[2024-07-18T17:08:12.203+0800][info][gc          ] GC(33) Pause Young (Normal) (G1 Evacuation Pause) 443M->408M(512M) 1.547ms
[2024-07-18T17:08:12.203+0800][info][gc,cpu      ] GC(33) User=0.00s Sys=0.00s Real=0.00s
[2024-07-18T17:08:12.203+0800][info][gc,start    ] GC(34) Pause Young (Concurrent Start) (G1 Humongous Allocation)
[2024-07-18T17:08:12.203+0800][info][gc,task     ] GC(34) Using 12 workers of 13 for evacuation
[2024-07-18T17:08:12.212+0800][info][gc,phases   ] GC(34)   Pre Evacuate Collection Set: 0.0ms
[2024-07-18T17:08:12.212+0800][info][gc,phases   ] GC(34)   Merge Heap Roots: 0.0ms
[2024-07-18T17:08:12.212+0800][info][gc,phases   ] GC(34)   Evacuate Collection Set: 0.4ms
[2024-07-18T17:08:12.212+0800][info][gc,phases   ] GC(34)   Post Evacuate Collection Set: 0.1ms
[2024-07-18T17:08:12.212+0800][info][gc,phases   ] GC(34)   Other: 0.1ms
[2024-07-18T17:08:12.212+0800][info][gc,heap     ] GC(34) Eden regions: 1->0(24)
[2024-07-18T17:08:12.212+0800][info][gc,heap     ] GC(34) Survivor regions: 5->1(4)
[2024-07-18T17:08:12.212+0800][info][gc,heap     ] GC(34) Old regions: 259->263
[2024-07-18T17:08:12.212+0800][info][gc,heap     ] GC(34) Archive regions: 0->0
[2024-07-18T17:08:12.212+0800][info][gc,heap     ] GC(34) Humongous regions: 145->145
[2024-07-18T17:08:12.212+0800][info][gc,metaspace] GC(34) Metaspace: 194K(384K)->194K(384K) NonClass: 187K(256K)->187K(256K) Class: 7K(128K)->7K(128K)
[2024-07-18T17:08:12.212+0800][info][gc          ] GC(34) Pause Young (Concurrent Start) (G1 Humongous Allocation) 409M->408M(512M) 0.680ms
[2024-07-18T17:08:12.212+0800][info][gc,cpu      ] GC(34) User=0.00s Sys=0.00s Real=0.01s
[2024-07-18T17:08:12.212+0800][info][gc          ] GC(35) Concurrent Mark Cycle
[2024-07-18T17:08:12.212+0800][info][gc,marking  ] GC(35) Concurrent Clear Claimed Marks
[2024-07-18T17:08:12.212+0800][info][gc,marking  ] GC(35) Concurrent Clear Claimed Marks 0.008ms
[2024-07-18T17:08:12.212+0800][info][gc,marking  ] GC(35) Concurrent Scan Root Regions
[2024-07-18T17:08:12.212+0800][info][gc,marking  ] GC(35) Concurrent Scan Root Regions 0.028ms
[2024-07-18T17:08:12.212+0800][info][gc,marking  ] GC(35) Concurrent Mark
[2024-07-18T17:08:12.212+0800][info][gc,marking  ] GC(35) Concurrent Mark From Roots
[2024-07-18T17:08:12.212+0800][info][gc,task     ] GC(35) Using 3 workers of 3 for marking
[2024-07-18T17:08:12.213+0800][info][gc,marking  ] GC(35) Concurrent Mark From Roots 0.804ms
[2024-07-18T17:08:12.213+0800][info][gc,marking  ] GC(35) Concurrent Preclean
[2024-07-18T17:08:12.213+0800][info][gc,marking  ] GC(35) Concurrent Preclean 0.059ms
[2024-07-18T17:08:12.213+0800][info][gc,start    ] GC(35) Pause Remark
[2024-07-18T17:08:12.213+0800][info][gc          ] GC(35) Pause Remark 422M->422M(512M) 0.229ms
[2024-07-18T17:08:12.213+0800][info][gc,cpu      ] GC(35) User=0.00s Sys=0.00s Real=0.00s
[2024-07-18T17:08:12.213+0800][info][gc,marking  ] GC(35) Concurrent Mark 1.187ms
[2024-07-18T17:08:12.213+0800][info][gc,marking  ] GC(35) Concurrent Rebuild Remembered Sets
[2024-07-18T17:08:12.214+0800][info][gc,marking  ] GC(35) Concurrent Rebuild Remembered Sets 0.554ms
[2024-07-18T17:08:12.214+0800][info][gc,start    ] GC(35) Pause Cleanup
[2024-07-18T17:08:12.214+0800][info][gc          ] GC(35) Pause Cleanup 431M->431M(512M) 0.105ms
[2024-07-18T17:08:12.214+0800][info][gc,cpu      ] GC(35) User=0.00s Sys=0.00s Real=0.00s
[2024-07-18T17:08:12.214+0800][info][gc,marking  ] GC(35) Concurrent Cleanup for Next Mark
[2024-07-18T17:08:12.215+0800][info][gc,marking  ] GC(35) Concurrent Cleanup for Next Mark 0.480ms
[2024-07-18T17:08:12.215+0800][info][gc          ] GC(35) Concurrent Mark Cycle 2.526ms
[2024-07-18T17:08:12.215+0800][info][gc,start    ] GC(36) Pause Young (Prepare Mixed) (G1 Evacuation Pause)
[2024-07-18T17:08:12.215+0800][info][gc,task     ] GC(36) Using 12 workers of 13 for evacuation
[2024-07-18T17:08:12.217+0800][info][gc,phases   ] GC(36)   Pre Evacuate Collection Set: 0.0ms
[2024-07-18T17:08:12.217+0800][info][gc,phases   ] GC(36)   Merge Heap Roots: 0.1ms
[2024-07-18T17:08:12.217+0800][info][gc,phases   ] GC(36)   Evacuate Collection Set: 0.8ms
[2024-07-18T17:08:12.217+0800][info][gc,phases   ] GC(36)   Post Evacuate Collection Set: 0.1ms
[2024-07-18T17:08:12.217+0800][info][gc,phases   ] GC(36)   Other: 0.1ms
[2024-07-18T17:08:12.217+0800][info][gc,heap     ] GC(36) Eden regions: 24->0(21)
[2024-07-18T17:08:12.217+0800][info][gc,heap     ] GC(36) Survivor regions: 1->4(4)
[2024-07-18T17:08:12.217+0800][info][gc,heap     ] GC(36) Old regions: 263->268
[2024-07-18T17:08:12.217+0800][info][gc,heap     ] GC(36) Archive regions: 0->0
[2024-07-18T17:08:12.217+0800][info][gc,heap     ] GC(36) Humongous regions: 164->148
[2024-07-18T17:08:12.217+0800][info][gc,metaspace] GC(36) Metaspace: 194K(384K)->194K(384K) NonClass: 187K(256K)->187K(256K) Class: 7K(128K)->7K(128K)
[2024-07-18T17:08:12.217+0800][info][gc          ] GC(36) Pause Young (Prepare Mixed) (G1 Evacuation Pause) 451M->419M(512M) 1.145ms
[2024-07-18T17:08:12.217+0800][info][gc,cpu      ] GC(36) User=0.00s Sys=0.00s Real=0.00s
[2024-07-18T17:08:12.218+0800][info][gc,start    ] GC(37) Pause Young (Mixed) (G1 Evacuation Pause)
[2024-07-18T17:08:12.218+0800][info][gc,task     ] GC(37) Using 12 workers of 13 for evacuation
[2024-07-18T17:08:12.220+0800][info][gc,phases   ] GC(37)   Pre Evacuate Collection Set: 0.0ms
[2024-07-18T17:08:12.220+0800][info][gc,phases   ] GC(37)   Merge Heap Roots: 0.0ms
[2024-07-18T17:08:12.220+0800][info][gc,phases   ] GC(37)   Evacuate Collection Set: 2.7ms
[2024-07-18T17:08:12.220+0800][info][gc,phases   ] GC(37)   Post Evacuate Collection Set: 0.2ms
[2024-07-18T17:08:12.220+0800][info][gc,phases   ] GC(37)   Other: 0.1ms
[2024-07-18T17:08:12.220+0800][info][gc,heap     ] GC(37) Eden regions: 21->0(21)
[2024-07-18T17:08:12.220+0800][info][gc,heap     ] GC(37) Survivor regions: 4->4(4)
[2024-07-18T17:08:12.220+0800][info][gc,heap     ] GC(37) Old regions: 268->250
[2024-07-18T17:08:12.220+0800][info][gc,heap     ] GC(37) Archive regions: 0->0
[2024-07-18T17:08:12.220+0800][info][gc,heap     ] GC(37) Humongous regions: 163->152
[2024-07-18T17:08:12.220+0800][info][gc,metaspace] GC(37) Metaspace: 194K(384K)->194K(384K) NonClass: 187K(256K)->187K(256K) Class: 7K(128K)->7K(128K)
[2024-07-18T17:08:12.220+0800][info][gc          ] GC(37) Pause Young (Mixed) (G1 Evacuation Pause) 455M->405M(512M) 3.145ms
[2024-07-18T17:08:12.220+0800][info][gc,cpu      ] GC(37) User=0.00s Sys=0.00s Real=0.00s
[2024-07-18T17:08:12.223+0800][info][gc,start    ] GC(38) Pause Young (Mixed) (G1 Evacuation Pause)
[2024-07-18T17:08:12.223+0800][info][gc,task     ] GC(38) Using 12 workers of 13 for evacuation
[2024-07-18T17:08:12.228+0800][info][gc,phases   ] GC(38)   Pre Evacuate Collection Set: 0.0ms
[2024-07-18T17:08:12.228+0800][info][gc,phases   ] GC(38)   Merge Heap Roots: 0.0ms
[2024-07-18T17:08:12.228+0800][info][gc,phases   ] GC(38)   Evacuate Collection Set: 2.0ms
[2024-07-18T17:08:12.228+0800][info][gc,phases   ] GC(38)   Post Evacuate Collection Set: 0.2ms
[2024-07-18T17:08:12.228+0800][info][gc,phases   ] GC(38)   Other: 0.1ms
[2024-07-18T17:08:12.228+0800][info][gc,heap     ] GC(38) Eden regions: 21->0(26)
[2024-07-18T17:08:12.228+0800][info][gc,heap     ] GC(38) Survivor regions: 4->4(4)
[2024-07-18T17:08:12.228+0800][info][gc,heap     ] GC(38) Old regions: 250->250
[2024-07-18T17:08:12.228+0800][info][gc,heap     ] GC(38) Archive regions: 0->0
[2024-07-18T17:08:12.228+0800][info][gc,heap     ] GC(38) Humongous regions: 161->152
[2024-07-18T17:08:12.228+0800][info][gc,metaspace] GC(38) Metaspace: 194K(384K)->194K(384K) NonClass: 187K(256K)->187K(256K) Class: 7K(128K)->7K(128K)
[2024-07-18T17:08:12.228+0800][info][gc          ] GC(38) Pause Young (Mixed) (G1 Evacuation Pause) 435M->405M(512M) 2.360ms
[2024-07-18T17:08:12.228+0800][info][gc,cpu      ] GC(38) User=0.00s Sys=0.00s Real=0.00s
[2024-07-18T17:08:12.231+0800][info][gc,start    ] GC(39) Pause Young (Normal) (G1 Evacuation Pause)
[2024-07-18T17:08:12.231+0800][info][gc,task     ] GC(39) Using 12 workers of 13 for evacuation
[2024-07-18T17:08:12.233+0800][info][gc,phases   ] GC(39)   Pre Evacuate Collection Set: 0.1ms
[2024-07-18T17:08:12.233+0800][info][gc,phases   ] GC(39)   Merge Heap Roots: 0.0ms
[2024-07-18T17:08:12.233+0800][info][gc,phases   ] GC(39)   Evacuate Collection Set: 1.3ms
[2024-07-18T17:08:12.233+0800][info][gc,phases   ] GC(39)   Post Evacuate Collection Set: 0.1ms
[2024-07-18T17:08:12.233+0800][info][gc,phases   ] GC(39)   Other: 0.1ms
[2024-07-18T17:08:12.233+0800][info][gc,heap     ] GC(39) Eden regions: 26->0(21)
[2024-07-18T17:08:12.233+0800][info][gc,heap     ] GC(39) Survivor regions: 4->4(4)
[2024-07-18T17:08:12.233+0800][info][gc,heap     ] GC(39) Old regions: 250->264
[2024-07-18T17:08:12.233+0800][info][gc,heap     ] GC(39) Archive regions: 0->0
[2024-07-18T17:08:12.233+0800][info][gc,heap     ] GC(39) Humongous regions: 165->154
[2024-07-18T17:08:12.233+0800][info][gc,metaspace] GC(39) Metaspace: 194K(384K)->194K(384K) NonClass: 187K(256K)->187K(256K) Class: 7K(128K)->7K(128K)
[2024-07-18T17:08:12.233+0800][info][gc          ] GC(39) Pause Young (Normal) (G1 Evacuation Pause) 444M->421M(512M) 1.714ms
[2024-07-18T17:08:12.233+0800][info][gc,cpu      ] GC(39) User=0.00s Sys=0.00s Real=0.00s
[2024-07-18T17:08:12.233+0800][info][gc,start    ] GC(40) Pause Young (Concurrent Start) (G1 Humongous Allocation)
[2024-07-18T17:08:12.233+0800][info][gc,task     ] GC(40) Using 12 workers of 13 for evacuation
[2024-07-18T17:08:12.233+0800][info][gc,phases   ] GC(40)   Pre Evacuate Collection Set: 0.0ms
[2024-07-18T17:08:12.234+0800][info][gc,phases   ] GC(40)   Merge Heap Roots: 0.0ms
[2024-07-18T17:08:12.234+0800][info][gc,phases   ] GC(40)   Evacuate Collection Set: 0.3ms
[2024-07-18T17:08:12.234+0800][info][gc,phases   ] GC(40)   Post Evacuate Collection Set: 0.1ms
[2024-07-18T17:08:12.234+0800][info][gc,phases   ] GC(40)   Other: 0.1ms
[2024-07-18T17:08:12.234+0800][info][gc,heap     ] GC(40) Eden regions: 1->0(24)
[2024-07-18T17:08:12.234+0800][info][gc,heap     ] GC(40) Survivor regions: 4->1(4)
[2024-07-18T17:08:12.234+0800][info][gc,heap     ] GC(40) Old regions: 264->268
[2024-07-18T17:08:12.234+0800][info][gc,heap     ] GC(40) Archive regions: 0->0
[2024-07-18T17:08:12.234+0800][info][gc,heap     ] GC(40) Humongous regions: 154->154
[2024-07-18T17:08:12.234+0800][info][gc,metaspace] GC(40) Metaspace: 194K(384K)->194K(384K) NonClass: 187K(256K)->187K(256K) Class: 7K(128K)->7K(128K)
[2024-07-18T17:08:12.234+0800][info][gc          ] GC(40) Pause Young (Concurrent Start) (G1 Humongous Allocation) 422M->421M(512M) 0.630ms
[2024-07-18T17:08:12.234+0800][info][gc,cpu      ] GC(40) User=0.00s Sys=0.00s Real=0.00s
[2024-07-18T17:08:12.234+0800][info][gc          ] GC(41) Concurrent Mark Cycle
[2024-07-18T17:08:12.234+0800][info][gc,marking  ] GC(41) Concurrent Clear Claimed Marks
[2024-07-18T17:08:12.234+0800][info][gc,marking  ] GC(41) Concurrent Clear Claimed Marks 0.009ms
[2024-07-18T17:08:12.234+0800][info][gc,marking  ] GC(41) Concurrent Scan Root Regions
[2024-07-18T17:08:12.234+0800][info][gc,marking  ] GC(41) Concurrent Scan Root Regions 0.026ms
[2024-07-18T17:08:12.234+0800][info][gc,marking  ] GC(41) Concurrent Mark
[2024-07-18T17:08:12.234+0800][info][gc,marking  ] GC(41) Concurrent Mark From Roots
[2024-07-18T17:08:12.234+0800][info][gc,task     ] GC(41) Using 3 workers of 3 for marking
[2024-07-18T17:08:12.234+0800][info][gc,marking  ] GC(41) Concurrent Mark From Roots 0.770ms
[2024-07-18T17:08:12.234+0800][info][gc,marking  ] GC(41) Concurrent Preclean
[2024-07-18T17:08:12.235+0800][info][gc,marking  ] GC(41) Concurrent Preclean 0.057ms
[2024-07-18T17:08:12.235+0800][info][gc,start    ] GC(41) Pause Remark
[2024-07-18T17:08:12.235+0800][info][gc          ] GC(41) Pause Remark 433M->433M(512M) 0.195ms
[2024-07-18T17:08:12.235+0800][info][gc,cpu      ] GC(41) User=0.00s Sys=0.00s Real=0.00s
[2024-07-18T17:08:12.235+0800][info][gc,marking  ] GC(41) Concurrent Mark 1.140ms
[2024-07-18T17:08:12.235+0800][info][gc,marking  ] GC(41) Concurrent Rebuild Remembered Sets
[2024-07-18T17:08:12.235+0800][info][gc,marking  ] GC(41) Concurrent Rebuild Remembered Sets 0.430ms
[2024-07-18T17:08:12.235+0800][info][gc,start    ] GC(41) Pause Cleanup
[2024-07-18T17:08:12.235+0800][info][gc          ] GC(41) Pause Cleanup 438M->438M(512M) 0.108ms
[2024-07-18T17:08:12.235+0800][info][gc,cpu      ] GC(41) User=0.00s Sys=0.00s Real=0.00s
[2024-07-18T17:08:12.235+0800][info][gc,marking  ] GC(41) Concurrent Cleanup for Next Mark
[2024-07-18T17:08:12.236+0800][info][gc,marking  ] GC(41) Concurrent Cleanup for Next Mark 0.480ms
[2024-07-18T17:08:12.236+0800][info][gc          ] GC(41) Concurrent Mark Cycle 2.372ms
[2024-07-18T17:08:12.238+0800][info][gc,start    ] GC(42) Pause Young (Prepare Mixed) (G1 Evacuation Pause)
[2024-07-18T17:08:12.238+0800][info][gc,task     ] GC(42) Using 12 workers of 13 for evacuation
[2024-07-18T17:08:12.239+0800][info][gc,phases   ] GC(42)   Pre Evacuate Collection Set: 0.1ms
[2024-07-18T17:08:12.239+0800][info][gc,phases   ] GC(42)   Merge Heap Roots: 0.1ms
[2024-07-18T17:08:12.239+0800][info][gc,phases   ] GC(42)   Evacuate Collection Set: 0.7ms
[2024-07-18T17:08:12.239+0800][info][gc,phases   ] GC(42)   Post Evacuate Collection Set: 0.1ms
[2024-07-18T17:08:12.239+0800][info][gc,phases   ] GC(42)   Other: 0.1ms
[2024-07-18T17:08:12.239+0800][info][gc,heap     ] GC(42) Eden regions: 24->0(21)
[2024-07-18T17:08:12.239+0800][info][gc,heap     ] GC(42) Survivor regions: 1->4(4)
[2024-07-18T17:08:12.239+0800][info][gc,heap     ] GC(42) Old regions: 268->274
[2024-07-18T17:08:12.239+0800][info][gc,heap     ] GC(42) Archive regions: 0->0
[2024-07-18T17:08:12.239+0800][info][gc,heap     ] GC(42) Humongous regions: 175->157
[2024-07-18T17:08:12.239+0800][info][gc,metaspace] GC(42) Metaspace: 194K(384K)->194K(384K) NonClass: 187K(256K)->187K(256K) Class: 7K(128K)->7K(128K)
[2024-07-18T17:08:12.239+0800][info][gc          ] GC(42) Pause Young (Prepare Mixed) (G1 Evacuation Pause) 466M->434M(512M) 1.214ms
[2024-07-18T17:08:12.239+0800][info][gc,cpu      ] GC(42) User=0.00s Sys=0.00s Real=0.00s
[2024-07-18T17:08:12.242+0800][info][gc,start    ] GC(43) Pause Young (Mixed) (G1 Evacuation Pause)
[2024-07-18T17:08:12.242+0800][info][gc,task     ] GC(43) Using 12 workers of 13 for evacuation
[2024-07-18T17:08:12.245+0800][info][gc,phases   ] GC(43)   Pre Evacuate Collection Set: 0.1ms
[2024-07-18T17:08:12.245+0800][info][gc,phases   ] GC(43)   Merge Heap Roots: 0.0ms
[2024-07-18T17:08:12.245+0800][info][gc,phases   ] GC(43)   Evacuate Collection Set: 2.6ms
[2024-07-18T17:08:12.245+0800][info][gc,phases   ] GC(43)   Post Evacuate Collection Set: 0.2ms
[2024-07-18T17:08:12.245+0800][info][gc,phases   ] GC(43)   Other: 0.1ms
[2024-07-18T17:08:12.245+0800][info][gc,heap     ] GC(43) Eden regions: 21->0(21)
[2024-07-18T17:08:12.245+0800][info][gc,heap     ] GC(43) Survivor regions: 4->4(4)
[2024-07-18T17:08:12.245+0800][info][gc,heap     ] GC(43) Old regions: 274->255
[2024-07-18T17:08:12.245+0800][info][gc,heap     ] GC(43) Archive regions: 0->0
[2024-07-18T17:08:12.245+0800][info][gc,heap     ] GC(43) Humongous regions: 167->157
[2024-07-18T17:08:12.245+0800][info][gc,metaspace] GC(43) Metaspace: 194K(384K)->194K(384K) NonClass: 187K(256K)->187K(256K) Class: 7K(128K)->7K(128K)
[2024-07-18T17:08:12.245+0800][info][gc          ] GC(43) Pause Young (Mixed) (G1 Evacuation Pause) 465M->415M(512M) 3.088ms
[2024-07-18T17:08:12.245+0800][info][gc,cpu      ] GC(43) User=0.00s Sys=0.00s Real=0.00s
[2024-07-18T17:08:12.248+0800][info][gc,start    ] GC(44) Pause Young (Mixed) (G1 Evacuation Pause)
[2024-07-18T17:08:12.248+0800][info][gc,task     ] GC(44) Using 12 workers of 13 for evacuation
[2024-07-18T17:08:12.248+0800][info][gc,phases   ] GC(44)   Pre Evacuate Collection Set: 0.1ms
[2024-07-18T17:08:12.248+0800][info][gc,phases   ] GC(44)   Merge Heap Roots: 0.0ms
[2024-07-18T17:08:12.248+0800][info][gc,phases   ] GC(44)   Evacuate Collection Set: 2.1ms
[2024-07-18T17:08:12.248+0800][info][gc,phases   ] GC(44)   Post Evacuate Collection Set: 0.1ms
[2024-07-18T17:08:12.248+0800][info][gc,phases   ] GC(44)   Other: 0.1ms
[2024-07-18T17:08:12.248+0800][info][gc,heap     ] GC(44) Eden regions: 21->0(22)
[2024-07-18T17:08:12.248+0800][info][gc,heap     ] GC(44) Survivor regions: 4->4(4)
[2024-07-18T17:08:12.248+0800][info][gc,heap     ] GC(44) Old regions: 255->255
[2024-07-18T17:08:12.248+0800][info][gc,heap     ] GC(44) Archive regions: 0->0
[2024-07-18T17:08:12.248+0800][info][gc,heap     ] GC(44) Humongous regions: 168->155
[2024-07-18T17:08:12.248+0800][info][gc,metaspace] GC(44) Metaspace: 194K(384K)->194K(384K) NonClass: 187K(256K)->187K(256K) Class: 7K(128K)->7K(128K)
[2024-07-18T17:08:12.248+0800][info][gc          ] GC(44) Pause Young (Mixed) (G1 Evacuation Pause) 447M->413M(512M) 2.486ms
[2024-07-18T17:08:12.248+0800][info][gc,cpu      ] GC(44) User=0.00s Sys=0.00s Real=0.00s
[2024-07-18T17:08:12.251+0800][info][gc,start    ] GC(45) Pause Young (Concurrent Start) (G1 Humongous Allocation)
[2024-07-18T17:08:12.251+0800][info][gc,task     ] GC(45) Using 12 workers of 13 for evacuation
[2024-07-18T17:08:12.251+0800][info][gc,phases   ] GC(45)   Pre Evacuate Collection Set: 0.0ms
[2024-07-18T17:08:12.251+0800][info][gc,phases   ] GC(45)   Merge Heap Roots: 0.0ms
[2024-07-18T17:08:12.251+0800][info][gc,phases   ] GC(45)   Evacuate Collection Set: 0.7ms
[2024-07-18T17:08:12.251+0800][info][gc,phases   ] GC(45)   Post Evacuate Collection Set: 0.1ms
[2024-07-18T17:08:12.251+0800][info][gc,phases   ] GC(45)   Other: 0.1ms
[2024-07-18T17:08:12.251+0800][info][gc,heap     ] GC(45) Eden regions: 11->0(21)
[2024-07-18T17:08:12.251+0800][info][gc,heap     ] GC(45) Survivor regions: 4->4(4)
[2024-07-18T17:08:12.251+0800][info][gc,heap     ] GC(45) Old regions: 255->261
[2024-07-18T17:08:12.251+0800][info][gc,heap     ] GC(45) Archive regions: 0->0
[2024-07-18T17:08:12.251+0800][info][gc,heap     ] GC(45) Humongous regions: 162->154
[2024-07-18T17:08:12.251+0800][info][gc,metaspace] GC(45) Metaspace: 194K(384K)->194K(384K) NonClass: 187K(256K)->187K(256K) Class: 7K(128K)->7K(128K)
[2024-07-18T17:08:12.251+0800][info][gc          ] GC(45) Pause Young (Concurrent Start) (G1 Humongous Allocation) 430M->418M(512M) 1.081ms
[2024-07-18T17:08:12.251+0800][info][gc,cpu      ] GC(45) User=0.00s Sys=0.00s Real=0.00s
[2024-07-18T17:08:12.251+0800][info][gc          ] GC(46) Concurrent Undo Cycle
[2024-07-18T17:08:12.251+0800][info][gc,marking  ] GC(46) Concurrent Cleanup for Next Mark
[2024-07-18T17:08:12.251+0800][info][gc,marking  ] GC(46) Concurrent Cleanup for Next Mark 0.462ms
[2024-07-18T17:08:12.251+0800][info][gc          ] GC(46) Concurrent Undo Cycle 0.509ms
[2024-07-18T17:08:12.251+0800][info][gc,start    ] GC(47) Pause Young (Concurrent Start) (G1 Humongous Allocation)
[2024-07-18T17:08:12.251+0800][info][gc,task     ] GC(47) Using 12 workers of 13 for evacuation
[2024-07-18T17:08:12.251+0800][info][gc,phases   ] GC(47)   Pre Evacuate Collection Set: 0.0ms
[2024-07-18T17:08:12.251+0800][info][gc,phases   ] GC(47)   Merge Heap Roots: 0.0ms
[2024-07-18T17:08:12.251+0800][info][gc,phases   ] GC(47)   Evacuate Collection Set: 0.5ms
[2024-07-18T17:08:12.251+0800][info][gc,phases   ] GC(47)   Post Evacuate Collection Set: 0.1ms
[2024-07-18T17:08:12.251+0800][info][gc,phases   ] GC(47)   Other: 0.1ms
[2024-07-18T17:08:12.251+0800][info][gc,heap     ] GC(47) Eden regions: 6->0(22)
[2024-07-18T17:08:12.251+0800][info][gc,heap     ] GC(47) Survivor regions: 4->3(4)
[2024-07-18T17:08:12.251+0800][info][gc,heap     ] GC(47) Old regions: 261->265
[2024-07-18T17:08:12.251+0800][info][gc,heap     ] GC(47) Archive regions: 0->0
[2024-07-18T17:08:12.251+0800][info][gc,heap     ] GC(47) Humongous regions: 155->153
[2024-07-18T17:08:12.251+0800][info][gc,metaspace] GC(47) Metaspace: 194K(384K)->194K(384K) NonClass: 187K(256K)->187K(256K) Class: 7K(128K)->7K(128K)
[2024-07-18T17:08:12.251+0800][info][gc          ] GC(47) Pause Young (Concurrent Start) (G1 Humongous Allocation) 424M->419M(512M) 0.776ms
[2024-07-18T17:08:12.251+0800][info][gc,cpu      ] GC(47) User=0.00s Sys=0.00s Real=0.00s
[2024-07-18T17:08:12.251+0800][info][gc          ] GC(48) Concurrent Mark Cycle
[2024-07-18T17:08:12.251+0800][info][gc,marking  ] GC(48) Concurrent Clear Claimed Marks
[2024-07-18T17:08:12.251+0800][info][gc,marking  ] GC(48) Concurrent Clear Claimed Marks 0.012ms
[2024-07-18T17:08:12.251+0800][info][gc,marking  ] GC(48) Concurrent Scan Root Regions
[2024-07-18T17:08:12.251+0800][info][gc,marking  ] GC(48) Concurrent Scan Root Regions 0.026ms
[2024-07-18T17:08:12.251+0800][info][gc,marking  ] GC(48) Concurrent Mark
[2024-07-18T17:08:12.251+0800][info][gc,marking  ] GC(48) Concurrent Mark From Roots
[2024-07-18T17:08:12.251+0800][info][gc,task     ] GC(48) Using 3 workers of 3 for marking
[2024-07-18T17:08:12.255+0800][info][gc,marking  ] GC(48) Concurrent Mark From Roots 0.723ms
[2024-07-18T17:08:12.255+0800][info][gc,marking  ] GC(48) Concurrent Preclean
[2024-07-18T17:08:12.255+0800][info][gc,marking  ] GC(48) Concurrent Preclean 0.056ms
[2024-07-18T17:08:12.255+0800][info][gc,start    ] GC(48) Pause Remark
[2024-07-18T17:08:12.255+0800][info][gc          ] GC(48) Pause Remark 431M->431M(512M) 0.198ms
[2024-07-18T17:08:12.255+0800][info][gc,cpu      ] GC(48) User=0.00s Sys=0.00s Real=0.00s
[2024-07-18T17:08:12.255+0800][info][gc,marking  ] GC(48) Concurrent Mark 1.139ms
[2024-07-18T17:08:12.255+0800][info][gc,marking  ] GC(48) Concurrent Rebuild Remembered Sets
[2024-07-18T17:08:12.256+0800][info][gc,marking  ] GC(48) Concurrent Rebuild Remembered Sets 0.569ms
[2024-07-18T17:08:12.256+0800][info][gc,start    ] GC(48) Pause Cleanup
[2024-07-18T17:08:12.256+0800][info][gc          ] GC(48) Pause Cleanup 439M->439M(512M) 0.105ms
[2024-07-18T17:08:12.256+0800][info][gc,cpu      ] GC(48) User=0.00s Sys=0.00s Real=0.00s
[2024-07-18T17:08:12.256+0800][info][gc,marking  ] GC(48) Concurrent Cleanup for Next Mark
[2024-07-18T17:08:12.256+0800][info][gc,marking  ] GC(48) Concurrent Cleanup for Next Mark 0.407ms
[2024-07-18T17:08:12.256+0800][info][gc          ] GC(48) Concurrent Mark Cycle 2.420ms
[2024-07-18T17:08:12.256+0800][info][gc,start    ] GC(49) Pause Young (Prepare Mixed) (G1 Evacuation Pause)
[2024-07-18T17:08:12.256+0800][info][gc,task     ] GC(49) Using 12 workers of 13 for evacuation
[2024-07-18T17:08:12.260+0800][info][gc,phases   ] GC(49)   Pre Evacuate Collection Set: 0.1ms
[2024-07-18T17:08:12.260+0800][info][gc,phases   ] GC(49)   Merge Heap Roots: 0.1ms
[2024-07-18T17:08:12.260+0800][info][gc,phases   ] GC(49)   Evacuate Collection Set: 1.0ms
[2024-07-18T17:08:12.260+0800][info][gc,phases   ] GC(49)   Post Evacuate Collection Set: 0.1ms
[2024-07-18T17:08:12.260+0800][info][gc,phases   ] GC(49)   Other: 0.1ms
[2024-07-18T17:08:12.260+0800][info][gc,heap     ] GC(49) Eden regions: 22->0(21)
[2024-07-18T17:08:12.260+0800][info][gc,heap     ] GC(49) Survivor regions: 3->4(4)
[2024-07-18T17:08:12.260+0800][info][gc,heap     ] GC(49) Old regions: 265->274
[2024-07-18T17:08:12.260+0800][info][gc,heap     ] GC(49) Archive regions: 0->0
[2024-07-18T17:08:12.260+0800][info][gc,heap     ] GC(49) Humongous regions: 178->161
[2024-07-18T17:08:12.260+0800][info][gc,metaspace] GC(49) Metaspace: 194K(384K)->194K(384K) NonClass: 187K(256K)->187K(256K) Class: 7K(128K)->7K(128K)
[2024-07-18T17:08:12.260+0800][info][gc          ] GC(49) Pause Young (Prepare Mixed) (G1 Evacuation Pause) 466M->438M(512M) 1.468ms
[2024-07-18T17:08:12.260+0800][info][gc,cpu      ] GC(49) User=0.02s Sys=0.00s Real=0.00s
[2024-07-18T17:08:12.260+0800][info][gc,start    ] GC(50) Pause Young (Mixed) (G1 Evacuation Pause)
[2024-07-18T17:08:12.260+0800][info][gc,task     ] GC(50) Using 12 workers of 13 for evacuation
[2024-07-18T17:08:12.260+0800][info][gc,phases   ] GC(50)   Pre Evacuate Collection Set: 0.1ms
[2024-07-18T17:08:12.260+0800][info][gc,phases   ] GC(50)   Merge Heap Roots: 0.0ms
[2024-07-18T17:08:12.260+0800][info][gc,phases   ] GC(50)   Evacuate Collection Set: 2.9ms
[2024-07-18T17:08:12.260+0800][info][gc,phases   ] GC(50)   Post Evacuate Collection Set: 0.2ms
[2024-07-18T17:08:12.260+0800][info][gc,phases   ] GC(50)   Other: 0.1ms
[2024-07-18T17:08:12.260+0800][info][gc,heap     ] GC(50) Eden regions: 21->0(21)
[2024-07-18T17:08:12.260+0800][info][gc,heap     ] GC(50) Survivor regions: 4->4(4)
[2024-07-18T17:08:12.260+0800][info][gc,heap     ] GC(50) Old regions: 274->255
[2024-07-18T17:08:12.260+0800][info][gc,heap     ] GC(50) Archive regions: 0->0
[2024-07-18T17:08:12.260+0800][info][gc,heap     ] GC(50) Humongous regions: 175->163
[2024-07-18T17:08:12.260+0800][info][gc,metaspace] GC(50) Metaspace: 194K(384K)->194K(384K) NonClass: 187K(256K)->187K(256K) Class: 7K(128K)->7K(128K)
[2024-07-18T17:08:12.260+0800][info][gc          ] GC(50) Pause Young (Mixed) (G1 Evacuation Pause) 473M->421M(512M) 3.341ms
[2024-07-18T17:08:12.260+0800][info][gc,cpu      ] GC(50) User=0.00s Sys=0.00s Real=0.00s
[2024-07-18T17:08:12.268+0800][info][gc,start    ] GC(51) Pause Young (Mixed) (G1 Evacuation Pause)
[2024-07-18T17:08:12.268+0800][info][gc,task     ] GC(51) Using 12 workers of 13 for evacuation
[2024-07-18T17:08:12.270+0800][info][gc,phases   ] GC(51)   Pre Evacuate Collection Set: 0.1ms
[2024-07-18T17:08:12.270+0800][info][gc,phases   ] GC(51)   Merge Heap Roots: 0.0ms
[2024-07-18T17:08:12.270+0800][info][gc,phases   ] GC(51)   Evacuate Collection Set: 1.9ms
[2024-07-18T17:08:12.270+0800][info][gc,phases   ] GC(51)   Post Evacuate Collection Set: 0.1ms
[2024-07-18T17:08:12.270+0800][info][gc,phases   ] GC(51)   Other: 0.1ms
[2024-07-18T17:08:12.270+0800][info][gc,heap     ] GC(51) Eden regions: 21->0(21)
[2024-07-18T17:08:12.270+0800][info][gc,heap     ] GC(51) Survivor regions: 4->4(4)
[2024-07-18T17:08:12.270+0800][info][gc,heap     ] GC(51) Old regions: 255->258
[2024-07-18T17:08:12.270+0800][info][gc,heap     ] GC(51) Archive regions: 0->0
[2024-07-18T17:08:12.270+0800][info][gc,heap     ] GC(51) Humongous regions: 177->161
[2024-07-18T17:08:12.270+0800][info][gc,metaspace] GC(51) Metaspace: 194K(384K)->194K(384K) NonClass: 187K(256K)->187K(256K) Class: 7K(128K)->7K(128K)
[2024-07-18T17:08:12.270+0800][info][gc          ] GC(51) Pause Young (Mixed) (G1 Evacuation Pause) 456M->422M(512M) 2.254ms
[2024-07-18T17:08:12.270+0800][info][gc,cpu      ] GC(51) User=0.00s Sys=0.00s Real=0.00s
[2024-07-18T17:08:12.272+0800][info][gc,start    ] GC(52) Pause Young (Concurrent Start) (G1 Humongous Allocation)
[2024-07-18T17:08:12.272+0800][info][gc,task     ] GC(52) Using 12 workers of 13 for evacuation
[2024-07-18T17:08:12.272+0800][info][gc,phases   ] GC(52)   Pre Evacuate Collection Set: 0.0ms
[2024-07-18T17:08:12.272+0800][info][gc,phases   ] GC(52)   Merge Heap Roots: 0.0ms
[2024-07-18T17:08:12.272+0800][info][gc,phases   ] GC(52)   Evacuate Collection Set: 0.3ms
[2024-07-18T17:08:12.272+0800][info][gc,phases   ] GC(52)   Post Evacuate Collection Set: 0.1ms
[2024-07-18T17:08:12.272+0800][info][gc,phases   ] GC(52)   Other: 0.1ms
[2024-07-18T17:08:12.272+0800][info][gc,heap     ] GC(52) Eden regions: 4->0(24)
[2024-07-18T17:08:12.272+0800][info][gc,heap     ] GC(52) Survivor regions: 4->1(4)
[2024-07-18T17:08:12.272+0800][info][gc,heap     ] GC(52) Old regions: 258->262
[2024-07-18T17:08:12.272+0800][info][gc,heap     ] GC(52) Archive regions: 0->0
[2024-07-18T17:08:12.272+0800][info][gc,heap     ] GC(52) Humongous regions: 161->161
[2024-07-18T17:08:12.272+0800][info][gc,metaspace] GC(52) Metaspace: 194K(384K)->194K(384K) NonClass: 187K(256K)->187K(256K) Class: 7K(128K)->7K(128K)
[2024-07-18T17:08:12.272+0800][info][gc          ] GC(52) Pause Young (Concurrent Start) (G1 Humongous Allocation) 426M->423M(512M) 0.623ms
[2024-07-18T17:08:12.272+0800][info][gc,cpu      ] GC(52) User=0.00s Sys=0.00s Real=0.00s
[2024-07-18T17:08:12.272+0800][info][gc          ] GC(53) Concurrent Mark Cycle
[2024-07-18T17:08:12.272+0800][info][gc,marking  ] GC(53) Concurrent Clear Claimed Marks
[2024-07-18T17:08:12.272+0800][info][gc,marking  ] GC(53) Concurrent Clear Claimed Marks 0.008ms
[2024-07-18T17:08:12.272+0800][info][gc,marking  ] GC(53) Concurrent Scan Root Regions
[2024-07-18T17:08:12.272+0800][info][gc,marking  ] GC(53) Concurrent Scan Root Regions 0.023ms
[2024-07-18T17:08:12.272+0800][info][gc,marking  ] GC(53) Concurrent Mark
[2024-07-18T17:08:12.272+0800][info][gc,marking  ] GC(53) Concurrent Mark From Roots
[2024-07-18T17:08:12.272+0800][info][gc,task     ] GC(53) Using 3 workers of 3 for marking
[2024-07-18T17:08:12.273+0800][info][gc,marking  ] GC(53) Concurrent Mark From Roots 0.757ms
[2024-07-18T17:08:12.273+0800][info][gc,marking  ] GC(53) Concurrent Preclean
[2024-07-18T17:08:12.273+0800][info][gc,marking  ] GC(53) Concurrent Preclean 0.058ms
[2024-07-18T17:08:12.273+0800][info][gc,start    ] GC(53) Pause Remark
[2024-07-18T17:08:12.273+0800][info][gc          ] GC(53) Pause Remark 438M->438M(512M) 0.254ms
[2024-07-18T17:08:12.273+0800][info][gc,cpu      ] GC(53) User=0.00s Sys=0.00s Real=0.00s
[2024-07-18T17:08:12.273+0800][info][gc,marking  ] GC(53) Concurrent Mark 1.180ms
[2024-07-18T17:08:12.273+0800][info][gc,marking  ] GC(53) Concurrent Rebuild Remembered Sets
[2024-07-18T17:08:12.274+0800][info][gc,marking  ] GC(53) Concurrent Rebuild Remembered Sets 0.589ms
[2024-07-18T17:08:12.274+0800][info][gc,start    ] GC(53) Pause Cleanup
[2024-07-18T17:08:12.274+0800][info][gc          ] GC(53) Pause Cleanup 446M->446M(512M) 0.114ms
[2024-07-18T17:08:12.274+0800][info][gc,cpu      ] GC(53) User=0.00s Sys=0.00s Real=0.00s
[2024-07-18T17:08:12.274+0800][info][gc,marking  ] GC(53) Concurrent Cleanup for Next Mark
[2024-07-18T17:08:12.274+0800][info][gc,marking  ] GC(53) Concurrent Cleanup for Next Mark 0.473ms
[2024-07-18T17:08:12.274+0800][info][gc          ] GC(53) Concurrent Mark Cycle 2.577ms
[2024-07-18T17:08:12.274+0800][info][gc,start    ] GC(54) Pause Young (Prepare Mixed) (G1 Evacuation Pause)
[2024-07-18T17:08:12.274+0800][info][gc,task     ] GC(54) Using 12 workers of 13 for evacuation
[2024-07-18T17:08:12.274+0800][info][gc,phases   ] GC(54)   Pre Evacuate Collection Set: 0.0ms
[2024-07-18T17:08:12.274+0800][info][gc,phases   ] GC(54)   Merge Heap Roots: 0.1ms
[2024-07-18T17:08:12.274+0800][info][gc,phases   ] GC(54)   Evacuate Collection Set: 0.7ms
[2024-07-18T17:08:12.274+0800][info][gc,phases   ] GC(54)   Post Evacuate Collection Set: 0.1ms
[2024-07-18T17:08:12.274+0800][info][gc,phases   ] GC(54)   Other: 0.1ms
[2024-07-18T17:08:12.274+0800][info][gc,heap     ] GC(54) Eden regions: 24->0(21)
[2024-07-18T17:08:12.274+0800][info][gc,heap     ] GC(54) Survivor regions: 1->4(4)
[2024-07-18T17:08:12.274+0800][info][gc,heap     ] GC(54) Old regions: 262->269
[2024-07-18T17:08:12.274+0800][info][gc,heap     ] GC(54) Archive regions: 0->0
[2024-07-18T17:08:12.274+0800][info][gc,heap     ] GC(54) Humongous regions: 176->164
[2024-07-18T17:08:12.274+0800][info][gc,metaspace] GC(54) Metaspace: 194K(384K)->194K(384K) NonClass: 187K(256K)->187K(256K) Class: 7K(128K)->7K(128K)
[2024-07-18T17:08:12.274+0800][info][gc          ] GC(54) Pause Young (Prepare Mixed) (G1 Evacuation Pause) 462M->436M(512M) 1.147ms
[2024-07-18T17:08:12.274+0800][info][gc,cpu      ] GC(54) User=0.00s Sys=0.00s Real=0.00s
[2024-07-18T17:08:12.278+0800][info][gc,start    ] GC(55) Pause Young (Mixed) (G1 Evacuation Pause)
[2024-07-18T17:08:12.278+0800][info][gc,task     ] GC(55) Using 12 workers of 13 for evacuation
[2024-07-18T17:08:12.281+0800][info][gc,phases   ] GC(55)   Pre Evacuate Collection Set: 0.0ms
[2024-07-18T17:08:12.281+0800][info][gc,phases   ] GC(55)   Merge Heap Roots: 0.0ms
[2024-07-18T17:08:12.281+0800][info][gc,phases   ] GC(55)   Evacuate Collection Set: 3.0ms
[2024-07-18T17:08:12.281+0800][info][gc,phases   ] GC(55)   Post Evacuate Collection Set: 0.2ms
[2024-07-18T17:08:12.281+0800][info][gc,phases   ] GC(55)   Other: 0.1ms
[2024-07-18T17:08:12.281+0800][info][gc,heap     ] GC(55) Eden regions: 21->0(21)
[2024-07-18T17:08:12.281+0800][info][gc,heap     ] GC(55) Survivor regions: 4->4(4)
[2024-07-18T17:08:12.281+0800][info][gc,heap     ] GC(55) Old regions: 269->251
[2024-07-18T17:08:12.281+0800][info][gc,heap     ] GC(55) Archive regions: 0->0
[2024-07-18T17:08:12.281+0800][info][gc,heap     ] GC(55) Humongous regions: 176->162
[2024-07-18T17:08:12.281+0800][info][gc,metaspace] GC(55) Metaspace: 194K(384K)->194K(384K) NonClass: 187K(256K)->187K(256K) Class: 7K(128K)->7K(128K)
[2024-07-18T17:08:12.281+0800][info][gc          ] GC(55) Pause Young (Mixed) (G1 Evacuation Pause) 469M->416M(512M) 3.360ms
[2024-07-18T17:08:12.281+0800][info][gc,cpu      ] GC(55) User=0.00s Sys=0.00s Real=0.00s
[2024-07-18T17:08:12.283+0800][info][gc,start    ] GC(56) Pause Young (Mixed) (G1 Evacuation Pause)
[2024-07-18T17:08:12.283+0800][info][gc,task     ] GC(56) Using 12 workers of 13 for evacuation
[2024-07-18T17:08:12.286+0800][info][gc,phases   ] GC(56)   Pre Evacuate Collection Set: 0.0ms
[2024-07-18T17:08:12.286+0800][info][gc,phases   ] GC(56)   Merge Heap Roots: 0.0ms
[2024-07-18T17:08:12.286+0800][info][gc,phases   ] GC(56)   Evacuate Collection Set: 1.4ms
[2024-07-18T17:08:12.286+0800][info][gc,phases   ] GC(56)   Post Evacuate Collection Set: 0.1ms
[2024-07-18T17:08:12.286+0800][info][gc,phases   ] GC(56)   Other: 0.1ms
[2024-07-18T17:08:12.286+0800][info][gc,heap     ] GC(56) Eden regions: 21->0(21)
[2024-07-18T17:08:12.286+0800][info][gc,heap     ] GC(56) Survivor regions: 4->4(4)
[2024-07-18T17:08:12.286+0800][info][gc,heap     ] GC(56) Old regions: 251->254
[2024-07-18T17:08:12.286+0800][info][gc,heap     ] GC(56) Archive regions: 0->0
[2024-07-18T17:08:12.286+0800][info][gc,heap     ] GC(56) Humongous regions: 176->166
[2024-07-18T17:08:12.286+0800][info][gc,metaspace] GC(56) Metaspace: 194K(384K)->194K(384K) NonClass: 187K(256K)->187K(256K) Class: 7K(128K)->7K(128K)
[2024-07-18T17:08:12.286+0800][info][gc          ] GC(56) Pause Young (Mixed) (G1 Evacuation Pause) 451M->423M(512M) 1.708ms
[2024-07-18T17:08:12.286+0800][info][gc,cpu      ] GC(56) User=0.00s Sys=0.00s Real=0.00s
[2024-07-18T17:08:12.286+0800][info][gc,start    ] GC(57) Pause Young (Concurrent Start) (G1 Humongous Allocation)
[2024-07-18T17:08:12.286+0800][info][gc,task     ] GC(57) Using 12 workers of 13 for evacuation
[2024-07-18T17:08:12.286+0800][info][gc,phases   ] GC(57)   Pre Evacuate Collection Set: 0.0ms
[2024-07-18T17:08:12.286+0800][info][gc,phases   ] GC(57)   Merge Heap Roots: 0.0ms
[2024-07-18T17:08:12.286+0800][info][gc,phases   ] GC(57)   Evacuate Collection Set: 0.3ms
[2024-07-18T17:08:12.286+0800][info][gc,phases   ] GC(57)   Post Evacuate Collection Set: 0.1ms
[2024-07-18T17:08:12.286+0800][info][gc,phases   ] GC(57)   Other: 0.1ms
[2024-07-18T17:08:12.286+0800][info][gc,heap     ] GC(57) Eden regions: 2->0(23)
[2024-07-18T17:08:12.286+0800][info][gc,heap     ] GC(57) Survivor regions: 4->2(4)
[2024-07-18T17:08:12.286+0800][info][gc,heap     ] GC(57) Old regions: 254->258
[2024-07-18T17:08:12.286+0800][info][gc,heap     ] GC(57) Archive regions: 0->0
[2024-07-18T17:08:12.286+0800][info][gc,heap     ] GC(57) Humongous regions: 166->165
[2024-07-18T17:08:12.286+0800][info][gc,metaspace] GC(57) Metaspace: 194K(384K)->194K(384K) NonClass: 187K(256K)->187K(256K) Class: 7K(128K)->7K(128K)
[2024-07-18T17:08:12.286+0800][info][gc          ] GC(57) Pause Young (Concurrent Start) (G1 Humongous Allocation) 424M->424M(512M) 0.612ms
[2024-07-18T17:08:12.286+0800][info][gc,cpu      ] GC(57) User=0.00s Sys=0.00s Real=0.00s
[2024-07-18T17:08:12.286+0800][info][gc          ] GC(58) Concurrent Mark Cycle
[2024-07-18T17:08:12.286+0800][info][gc,marking  ] GC(58) Concurrent Clear Claimed Marks
[2024-07-18T17:08:12.286+0800][info][gc,marking  ] GC(58) Concurrent Clear Claimed Marks 0.007ms
[2024-07-18T17:08:12.286+0800][info][gc,marking  ] GC(58) Concurrent Scan Root Regions
[2024-07-18T17:08:12.286+0800][info][gc,marking  ] GC(58) Concurrent Scan Root Regions 0.026ms
[2024-07-18T17:08:12.286+0800][info][gc,marking  ] GC(58) Concurrent Mark
[2024-07-18T17:08:12.286+0800][info][gc,marking  ] GC(58) Concurrent Mark From Roots
[2024-07-18T17:08:12.286+0800][info][gc,task     ] GC(58) Using 3 workers of 3 for marking
[2024-07-18T17:08:12.289+0800][info][gc,marking  ] GC(58) Concurrent Mark From Roots 0.862ms
[2024-07-18T17:08:12.289+0800][info][gc,marking  ] GC(58) Concurrent Preclean
[2024-07-18T17:08:12.289+0800][info][gc,marking  ] GC(58) Concurrent Preclean 0.058ms
[2024-07-18T17:08:12.289+0800][info][gc,start    ] GC(58) Pause Remark
[2024-07-18T17:08:12.289+0800][info][gc          ] GC(58) Pause Remark 436M->436M(512M) 0.257ms
[2024-07-18T17:08:12.289+0800][info][gc,cpu      ] GC(58) User=0.00s Sys=0.00s Real=0.00s
[2024-07-18T17:08:12.289+0800][info][gc,marking  ] GC(58) Concurrent Mark 1.318ms
[2024-07-18T17:08:12.289+0800][info][gc,marking  ] GC(58) Concurrent Rebuild Remembered Sets
[2024-07-18T17:08:12.290+0800][info][gc,marking  ] GC(58) Concurrent Rebuild Remembered Sets 0.436ms
[2024-07-18T17:08:12.290+0800][info][gc,start    ] GC(58) Pause Cleanup
[2024-07-18T17:08:12.290+0800][info][gc          ] GC(58) Pause Cleanup 443M->443M(512M) 0.115ms
[2024-07-18T17:08:12.290+0800][info][gc,cpu      ] GC(58) User=0.00s Sys=0.00s Real=0.00s
[2024-07-18T17:08:12.290+0800][info][gc,marking  ] GC(58) Concurrent Cleanup for Next Mark
[2024-07-18T17:08:12.291+0800][info][gc,marking  ] GC(58) Concurrent Cleanup for Next Mark 0.491ms
[2024-07-18T17:08:12.291+0800][info][gc          ] GC(58) Concurrent Mark Cycle 2.564ms
[2024-07-18T17:08:12.291+0800][info][gc,start    ] GC(59) Pause Young (Prepare Mixed) (G1 Evacuation Pause)
[2024-07-18T17:08:12.291+0800][info][gc,task     ] GC(59) Using 12 workers of 13 for evacuation
[2024-07-18T17:08:12.292+0800][info][gc,phases   ] GC(59)   Pre Evacuate Collection Set: 0.0ms
[2024-07-18T17:08:12.292+0800][info][gc,phases   ] GC(59)   Merge Heap Roots: 0.1ms
[2024-07-18T17:08:12.292+0800][info][gc,phases   ] GC(59)   Evacuate Collection Set: 0.8ms
[2024-07-18T17:08:12.292+0800][info][gc,phases   ] GC(59)   Post Evacuate Collection Set: 0.1ms
[2024-07-18T17:08:12.292+0800][info][gc,phases   ] GC(59)   Other: 0.1ms
[2024-07-18T17:08:12.292+0800][info][gc,heap     ] GC(59) Eden regions: 23->0(21)
[2024-07-18T17:08:12.292+0800][info][gc,heap     ] GC(59) Survivor regions: 2->4(4)
[2024-07-18T17:08:12.292+0800][info][gc,heap     ] GC(59) Old regions: 258->263
[2024-07-18T17:08:12.292+0800][info][gc,heap     ] GC(59) Archive regions: 0->0
[2024-07-18T17:08:12.292+0800][info][gc,heap     ] GC(59) Humongous regions: 177->168
[2024-07-18T17:08:12.292+0800][info][gc,metaspace] GC(59) Metaspace: 194K(384K)->194K(384K) NonClass: 187K(256K)->187K(256K) Class: 7K(128K)->7K(128K)
[2024-07-18T17:08:12.292+0800][info][gc          ] GC(59) Pause Young (Prepare Mixed) (G1 Evacuation Pause) 458M->434M(512M) 1.175ms
[2024-07-18T17:08:12.292+0800][info][gc,cpu      ] GC(59) User=0.00s Sys=0.00s Real=0.00s
[2024-07-18T17:08:12.293+0800][info][gc,start    ] GC(60) Pause Young (Mixed) (G1 Evacuation Pause)
[2024-07-18T17:08:12.293+0800][info][gc,task     ] GC(60) Using 12 workers of 13 for evacuation
[2024-07-18T17:08:12.296+0800][info][gc          ] GC(60) To-space exhausted
[2024-07-18T17:08:12.296+0800][info][gc,phases   ] GC(60)   Pre Evacuate Collection Set: 0.0ms
[2024-07-18T17:08:12.296+0800][info][gc,phases   ] GC(60)   Merge Heap Roots: 0.0ms
[2024-07-18T17:08:12.296+0800][info][gc,phases   ] GC(60)   Evacuate Collection Set: 2.8ms
[2024-07-18T17:08:12.296+0800][info][gc,phases   ] GC(60)   Post Evacuate Collection Set: 0.2ms
[2024-07-18T17:08:12.296+0800][info][gc,phases   ] GC(60)   Other: 0.1ms
[2024-07-18T17:08:12.296+0800][info][gc,heap     ] GC(60) Eden regions: 21->0(21)
[2024-07-18T17:08:12.296+0800][info][gc,heap     ] GC(60) Survivor regions: 4->4(4)
[2024-07-18T17:08:12.296+0800][info][gc,heap     ] GC(60) Old regions: 263->261
[2024-07-18T17:08:12.296+0800][info][gc,heap     ] GC(60) Archive regions: 0->0
[2024-07-18T17:08:12.296+0800][info][gc,heap     ] GC(60) Humongous regions: 187->176
[2024-07-18T17:08:12.296+0800][info][gc,metaspace] GC(60) Metaspace: 194K(384K)->194K(384K) NonClass: 187K(256K)->187K(256K) Class: 7K(128K)->7K(128K)
[2024-07-18T17:08:12.296+0800][info][gc          ] GC(60) Pause Young (Mixed) (G1 Evacuation Pause) 474M->441M(512M) 3.219ms
[2024-07-18T17:08:12.296+0800][info][gc,cpu      ] GC(60) User=0.00s Sys=0.00s Real=0.00s
[2024-07-18T17:08:12.299+0800][info][gc,start    ] GC(61) Pause Young (Mixed) (G1 Evacuation Pause)
[2024-07-18T17:08:12.299+0800][info][gc,task     ] GC(61) Using 12 workers of 13 for evacuation
[2024-07-18T17:08:12.299+0800][info][gc,phases   ] GC(61)   Pre Evacuate Collection Set: 0.1ms
[2024-07-18T17:08:12.299+0800][info][gc,phases   ] GC(61)   Merge Heap Roots: 0.0ms
[2024-07-18T17:08:12.299+0800][info][gc,phases   ] GC(61)   Evacuate Collection Set: 1.3ms
[2024-07-18T17:08:12.299+0800][info][gc,phases   ] GC(61)   Post Evacuate Collection Set: 0.1ms
[2024-07-18T17:08:12.299+0800][info][gc,phases   ] GC(61)   Other: 0.1ms
[2024-07-18T17:08:12.299+0800][info][gc,heap     ] GC(61) Eden regions: 21->0(21)
[2024-07-18T17:08:12.299+0800][info][gc,heap     ] GC(61) Survivor regions: 4->4(4)
[2024-07-18T17:08:12.299+0800][info][gc,heap     ] GC(61) Old regions: 261->272
[2024-07-18T17:08:12.299+0800][info][gc,heap     ] GC(61) Archive regions: 0->0
[2024-07-18T17:08:12.299+0800][info][gc,heap     ] GC(61) Humongous regions: 185->179
[2024-07-18T17:08:12.299+0800][info][gc,metaspace] GC(61) Metaspace: 194K(384K)->194K(384K) NonClass: 187K(256K)->187K(256K) Class: 7K(128K)->7K(128K)
[2024-07-18T17:08:12.299+0800][info][gc          ] GC(61) Pause Young (Mixed) (G1 Evacuation Pause) 470M->454M(512M) 1.698ms
[2024-07-18T17:08:12.299+0800][info][gc,cpu      ] GC(61) User=0.00s Sys=0.00s Real=0.00s
[2024-07-18T17:08:12.303+0800][info][gc,start    ] GC(62) Pause Young (Concurrent Start) (G1 Humongous Allocation)
[2024-07-18T17:08:12.303+0800][info][gc,task     ] GC(62) Using 12 workers of 13 for evacuation
[2024-07-18T17:08:12.303+0800][info][gc,phases   ] GC(62)   Pre Evacuate Collection Set: 0.0ms
[2024-07-18T17:08:12.303+0800][info][gc,phases   ] GC(62)   Merge Heap Roots: 0.0ms
[2024-07-18T17:08:12.303+0800][info][gc,phases   ] GC(62)   Evacuate Collection Set: 0.3ms
[2024-07-18T17:08:12.303+0800][info][gc,phases   ] GC(62)   Post Evacuate Collection Set: 0.1ms
[2024-07-18T17:08:12.303+0800][info][gc,phases   ] GC(62)   Other: 0.1ms
[2024-07-18T17:08:12.303+0800][info][gc,heap     ] GC(62) Eden regions: 3->0(23)
[2024-07-18T17:08:12.303+0800][info][gc,heap     ] GC(62) Survivor regions: 4->2(4)
[2024-07-18T17:08:12.303+0800][info][gc,heap     ] GC(62) Old regions: 272->276
[2024-07-18T17:08:12.303+0800][info][gc,heap     ] GC(62) Archive regions: 0->0
[2024-07-18T17:08:12.303+0800][info][gc,heap     ] GC(62) Humongous regions: 179->177
[2024-07-18T17:08:12.303+0800][info][gc,metaspace] GC(62) Metaspace: 194K(384K)->194K(384K) NonClass: 187K(256K)->187K(256K) Class: 7K(128K)->7K(128K)
[2024-07-18T17:08:12.303+0800][info][gc          ] GC(62) Pause Young (Concurrent Start) (G1 Humongous Allocation) 457M->454M(512M) 0.611ms
[2024-07-18T17:08:12.303+0800][info][gc,cpu      ] GC(62) User=0.00s Sys=0.00s Real=0.00s
[2024-07-18T17:08:12.303+0800][info][gc          ] GC(63) Concurrent Mark Cycle
[2024-07-18T17:08:12.303+0800][info][gc,marking  ] GC(63) Concurrent Clear Claimed Marks
[2024-07-18T17:08:12.303+0800][info][gc,marking  ] GC(63) Concurrent Clear Claimed Marks 0.007ms
[2024-07-18T17:08:12.303+0800][info][gc,marking  ] GC(63) Concurrent Scan Root Regions
[2024-07-18T17:08:12.303+0800][info][gc,marking  ] GC(63) Concurrent Scan Root Regions 0.028ms
[2024-07-18T17:08:12.303+0800][info][gc,marking  ] GC(63) Concurrent Mark
[2024-07-18T17:08:12.303+0800][info][gc,marking  ] GC(63) Concurrent Mark From Roots
[2024-07-18T17:08:12.303+0800][info][gc,task     ] GC(63) Using 3 workers of 3 for marking
[2024-07-18T17:08:12.304+0800][info][gc,marking  ] GC(63) Concurrent Mark From Roots 0.867ms
[2024-07-18T17:08:12.304+0800][info][gc,marking  ] GC(63) Concurrent Preclean
[2024-07-18T17:08:12.304+0800][info][gc,marking  ] GC(63) Concurrent Preclean 0.057ms
[2024-07-18T17:08:12.304+0800][info][gc,start    ] GC(63) Pause Remark
[2024-07-18T17:08:12.304+0800][info][gc          ] GC(63) Pause Remark 471M->471M(512M) 0.219ms
[2024-07-18T17:08:12.304+0800][info][gc,cpu      ] GC(63) User=0.00s Sys=0.00s Real=0.00s
[2024-07-18T17:08:12.304+0800][info][gc,marking  ] GC(63) Concurrent Mark 1.249ms
[2024-07-18T17:08:12.304+0800][info][gc,marking  ] GC(63) Concurrent Rebuild Remembered Sets
[2024-07-18T17:08:12.304+0800][info][gc,marking  ] GC(63) Concurrent Rebuild Remembered Sets 0.410ms
[2024-07-18T17:08:12.304+0800][info][gc,start    ] GC(63) Pause Cleanup
[2024-07-18T17:08:12.304+0800][info][gc          ] GC(63) Pause Cleanup 476M->476M(512M) 0.091ms
[2024-07-18T17:08:12.304+0800][info][gc,cpu      ] GC(63) User=0.00s Sys=0.00s Real=0.00s
[2024-07-18T17:08:12.304+0800][info][gc,marking  ] GC(63) Concurrent Cleanup for Next Mark
[2024-07-18T17:08:12.304+0800][info][gc,marking  ] GC(63) Concurrent Cleanup for Next Mark 0.464ms
[2024-07-18T17:08:12.304+0800][info][gc          ] GC(63) Concurrent Mark Cycle 2.400ms
[2024-07-18T17:08:12.306+0800][info][gc,start    ] GC(64) Pause Young (Prepare Mixed) (G1 Evacuation Pause)
[2024-07-18T17:08:12.306+0800][info][gc,task     ] GC(64) Using 12 workers of 13 for evacuation
[2024-07-18T17:08:12.306+0800][info][gc,phases   ] GC(64)   Pre Evacuate Collection Set: 0.0ms
[2024-07-18T17:08:12.306+0800][info][gc,phases   ] GC(64)   Merge Heap Roots: 0.1ms
[2024-07-18T17:08:12.306+0800][info][gc,phases   ] GC(64)   Evacuate Collection Set: 0.8ms
[2024-07-18T17:08:12.306+0800][info][gc,phases   ] GC(64)   Post Evacuate Collection Set: 0.1ms
[2024-07-18T17:08:12.306+0800][info][gc,phases   ] GC(64)   Other: 0.1ms
[2024-07-18T17:08:12.306+0800][info][gc,heap     ] GC(64) Eden regions: 23->0(21)
[2024-07-18T17:08:12.306+0800][info][gc,heap     ] GC(64) Survivor regions: 2->4(4)
[2024-07-18T17:08:12.306+0800][info][gc,heap     ] GC(64) Old regions: 276->283
[2024-07-18T17:08:12.306+0800][info][gc,heap     ] GC(64) Archive regions: 0->0
[2024-07-18T17:08:12.306+0800][info][gc,heap     ] GC(64) Humongous regions: 191->179
[2024-07-18T17:08:12.306+0800][info][gc,metaspace] GC(64) Metaspace: 194K(384K)->194K(384K) NonClass: 187K(256K)->187K(256K) Class: 7K(128K)->7K(128K)
[2024-07-18T17:08:12.306+0800][info][gc          ] GC(64) Pause Young (Prepare Mixed) (G1 Evacuation Pause) 491M->465M(512M) 1.121ms
[2024-07-18T17:08:12.306+0800][info][gc,cpu      ] GC(64) User=0.00s Sys=0.00s Real=0.00s
[2024-07-18T17:08:12.309+0800][info][gc,start    ] GC(65) Pause Young (Mixed) (G1 Preventive Collection)
[2024-07-18T17:08:12.309+0800][info][gc,task     ] GC(65) Using 12 workers of 13 for evacuation
[2024-07-18T17:08:12.309+0800][info][gc          ] GC(65) To-space exhausted
[2024-07-18T17:08:12.309+0800][info][gc,phases   ] GC(65)   Pre Evacuate Collection Set: 0.0ms
[2024-07-18T17:08:12.309+0800][info][gc,phases   ] GC(65)   Merge Heap Roots: 0.0ms
[2024-07-18T17:08:12.309+0800][info][gc,phases   ] GC(65)   Evacuate Collection Set: 1.0ms
[2024-07-18T17:08:12.309+0800][info][gc,phases   ] GC(65)   Post Evacuate Collection Set: 0.1ms
[2024-07-18T17:08:12.309+0800][info][gc,phases   ] GC(65)   Other: 0.1ms
[2024-07-18T17:08:12.309+0800][info][gc,heap     ] GC(65) Eden regions: 17->0(23)
[2024-07-18T17:08:12.309+0800][info][gc,heap     ] GC(65) Survivor regions: 4->2(4)
[2024-07-18T17:08:12.309+0800][info][gc,heap     ] GC(65) Old regions: 283->292
[2024-07-18T17:08:12.309+0800][info][gc,heap     ] GC(65) Archive regions: 0->0
[2024-07-18T17:08:12.309+0800][info][gc,heap     ] GC(65) Humongous regions: 194->184
[2024-07-18T17:08:12.309+0800][info][gc,metaspace] GC(65) Metaspace: 194K(384K)->194K(384K) NonClass: 187K(256K)->187K(256K) Class: 7K(128K)->7K(128K)
[2024-07-18T17:08:12.309+0800][info][gc          ] GC(65) Pause Young (Mixed) (G1 Preventive Collection) 496M->478M(512M) 1.339ms
[2024-07-18T17:08:12.309+0800][info][gc,cpu      ] GC(65) User=0.00s Sys=0.00s Real=0.00s
[2024-07-18T17:08:12.312+0800][info][gc,start    ] GC(66) Pause Young (Mixed) (G1 Preventive Collection)
[2024-07-18T17:08:12.312+0800][info][gc,task     ] GC(66) Using 12 workers of 13 for evacuation
[2024-07-18T17:08:12.312+0800][info][gc          ] GC(66) To-space exhausted
[2024-07-18T17:08:12.312+0800][info][gc,phases   ] GC(66)   Pre Evacuate Collection Set: 0.0ms
[2024-07-18T17:08:12.312+0800][info][gc,phases   ] GC(66)   Merge Heap Roots: 0.0ms
[2024-07-18T17:08:12.312+0800][info][gc,phases   ] GC(66)   Evacuate Collection Set: 1.2ms
[2024-07-18T17:08:12.312+0800][info][gc,phases   ] GC(66)   Post Evacuate Collection Set: 0.1ms
[2024-07-18T17:08:12.312+0800][info][gc,phases   ] GC(66)   Other: 0.1ms
[2024-07-18T17:08:12.312+0800][info][gc,heap     ] GC(66) Eden regions: 13->0(21)
[2024-07-18T17:08:12.312+0800][info][gc,heap     ] GC(66) Survivor regions: 2->4(4)
[2024-07-18T17:08:12.312+0800][info][gc,heap     ] GC(66) Old regions: 292->298
[2024-07-18T17:08:12.312+0800][info][gc,heap     ] GC(66) Archive regions: 0->0
[2024-07-18T17:08:12.312+0800][info][gc,heap     ] GC(66) Humongous regions: 189->184
[2024-07-18T17:08:12.312+0800][info][gc,metaspace] GC(66) Metaspace: 194K(384K)->194K(384K) NonClass: 187K(256K)->187K(256K) Class: 7K(128K)->7K(128K)
[2024-07-18T17:08:12.312+0800][info][gc          ] GC(66) Pause Young (Mixed) (G1 Preventive Collection) 495M->485M(512M) 1.516ms
[2024-07-18T17:08:12.312+0800][info][gc,cpu      ] GC(66) User=0.00s Sys=0.00s Real=0.00s
[2024-07-18T17:08:12.312+0800][info][gc,start    ] GC(67) Pause Young (Concurrent Start) (G1 Humongous Allocation)
[2024-07-18T17:08:12.312+0800][info][gc,task     ] GC(67) Using 12 workers of 13 for evacuation
[2024-07-18T17:08:12.312+0800][info][gc,phases   ] GC(67)   Pre Evacuate Collection Set: 0.0ms
[2024-07-18T17:08:12.312+0800][info][gc,phases   ] GC(67)   Merge Heap Roots: 0.0ms
[2024-07-18T17:08:12.312+0800][info][gc,phases   ] GC(67)   Evacuate Collection Set: 0.3ms
[2024-07-18T17:08:12.312+0800][info][gc,phases   ] GC(67)   Post Evacuate Collection Set: 0.1ms
[2024-07-18T17:08:12.312+0800][info][gc,phases   ] GC(67)   Other: 0.1ms
[2024-07-18T17:08:12.312+0800][info][gc,heap     ] GC(67) Eden regions: 1->0(23)
[2024-07-18T17:08:12.312+0800][info][gc,heap     ] GC(67) Survivor regions: 4->2(4)
[2024-07-18T17:08:12.312+0800][info][gc,heap     ] GC(67) Old regions: 298->300
[2024-07-18T17:08:12.312+0800][info][gc,heap     ] GC(67) Archive regions: 0->0
[2024-07-18T17:08:12.312+0800][info][gc,heap     ] GC(67) Humongous regions: 184->184
[2024-07-18T17:08:12.312+0800][info][gc,metaspace] GC(67) Metaspace: 194K(384K)->194K(384K) NonClass: 187K(256K)->187K(256K) Class: 7K(128K)->7K(128K)
[2024-07-18T17:08:12.312+0800][info][gc          ] GC(67) Pause Young (Concurrent Start) (G1 Humongous Allocation) 486M->485M(512M) 0.578ms
[2024-07-18T17:08:12.312+0800][info][gc,cpu      ] GC(67) User=0.00s Sys=0.00s Real=0.00s
[2024-07-18T17:08:12.312+0800][info][gc          ] GC(68) Concurrent Mark Cycle
[2024-07-18T17:08:12.312+0800][info][gc,marking  ] GC(68) Concurrent Clear Claimed Marks
[2024-07-18T17:08:12.312+0800][info][gc,marking  ] GC(68) Concurrent Clear Claimed Marks 0.007ms
[2024-07-18T17:08:12.312+0800][info][gc,marking  ] GC(68) Concurrent Scan Root Regions
[2024-07-18T17:08:12.312+0800][info][gc,marking  ] GC(68) Concurrent Scan Root Regions 0.023ms
[2024-07-18T17:08:12.312+0800][info][gc,marking  ] GC(68) Concurrent Mark
[2024-07-18T17:08:12.312+0800][info][gc,marking  ] GC(68) Concurrent Mark From Roots
[2024-07-18T17:08:12.312+0800][info][gc,task     ] GC(68) Using 3 workers of 3 for marking
[2024-07-18T17:08:12.316+0800][info][gc,marking  ] GC(68) Concurrent Mark From Roots 0.895ms
[2024-07-18T17:08:12.316+0800][info][gc,marking  ] GC(68) Concurrent Preclean
[2024-07-18T17:08:12.316+0800][info][gc,marking  ] GC(68) Concurrent Preclean 0.098ms
[2024-07-18T17:08:12.316+0800][info][gc,start    ] GC(68) Pause Remark
[2024-07-18T17:08:12.316+0800][info][gc          ] GC(68) Pause Remark 501M->501M(512M) 0.220ms
[2024-07-18T17:08:12.316+0800][info][gc,cpu      ] GC(68) User=0.00s Sys=0.00s Real=0.00s
[2024-07-18T17:08:12.316+0800][info][gc,marking  ] GC(68) Concurrent Mark 1.331ms
[2024-07-18T17:08:12.316+0800][info][gc,marking  ] GC(68) Concurrent Rebuild Remembered Sets
[2024-07-18T17:08:12.316+0800][info][gc,start    ] GC(69) Pause Young (Normal) (G1 Preventive Collection)
[2024-07-18T17:08:12.316+0800][info][gc,task     ] GC(69) Using 12 workers of 13 for evacuation
[2024-07-18T17:08:12.316+0800][info][gc          ] GC(69) To-space exhausted
[2024-07-18T17:08:12.316+0800][info][gc,phases   ] GC(69)   Pre Evacuate Collection Set: 0.0ms
[2024-07-18T17:08:12.316+0800][info][gc,phases   ] GC(69)   Merge Heap Roots: 0.0ms
[2024-07-18T17:08:12.316+0800][info][gc,phases   ] GC(69)   Evacuate Collection Set: 0.4ms
[2024-07-18T17:08:12.316+0800][info][gc,phases   ] GC(69)   Post Evacuate Collection Set: 0.1ms
[2024-07-18T17:08:12.316+0800][info][gc,phases   ] GC(69)   Other: 0.1ms
[2024-07-18T17:08:12.316+0800][info][gc,heap     ] GC(69) Eden regions: 12->0(21)
[2024-07-18T17:08:12.316+0800][info][gc,heap     ] GC(69) Survivor regions: 2->4(4)
[2024-07-18T17:08:12.316+0800][info][gc,heap     ] GC(69) Old regions: 300->308
[2024-07-18T17:08:12.316+0800][info][gc,heap     ] GC(69) Archive regions: 0->0
[2024-07-18T17:08:12.316+0800][info][gc,heap     ] GC(69) Humongous regions: 192->188
[2024-07-18T17:08:12.316+0800][info][gc,metaspace] GC(69) Metaspace: 194K(384K)->194K(384K) NonClass: 187K(256K)->187K(256K) Class: 7K(128K)->7K(128K)
[2024-07-18T17:08:12.316+0800][info][gc          ] GC(69) Pause Young (Normal) (G1 Preventive Collection) 505M->499M(512M) 0.686ms
[2024-07-18T17:08:12.316+0800][info][gc,cpu      ] GC(69) User=0.00s Sys=0.00s Real=0.00s
[2024-07-18T17:08:12.316+0800][info][gc,marking  ] GC(68) Concurrent Rebuild Remembered Sets 1.253ms
[2024-07-18T17:08:12.316+0800][info][gc,start    ] GC(68) Pause Cleanup
[2024-07-18T17:08:12.317+0800][info][gc          ] GC(68) Pause Cleanup 504M->504M(512M) 0.095ms
[2024-07-18T17:08:12.317+0800][info][gc,cpu      ] GC(68) User=0.00s Sys=0.00s Real=0.00s
[2024-07-18T17:08:12.317+0800][info][gc,marking  ] GC(68) Concurrent Cleanup for Next Mark
[2024-07-18T17:08:12.317+0800][info][gc,start    ] GC(70) Pause Young (Prepare Mixed) (G1 Preventive Collection)
[2024-07-18T17:08:12.317+0800][info][gc,task     ] GC(70) Using 12 workers of 13 for evacuation
[2024-07-18T17:08:12.317+0800][info][gc,phases   ] GC(70)   Pre Evacuate Collection Set: 0.0ms
[2024-07-18T17:08:12.317+0800][info][gc,phases   ] GC(70)   Merge Heap Roots: 0.0ms
[2024-07-18T17:08:12.317+0800][info][gc,phases   ] GC(70)   Evacuate Collection Set: 0.3ms
[2024-07-18T17:08:12.317+0800][info][gc,phases   ] GC(70)   Post Evacuate Collection Set: 0.1ms
[2024-07-18T17:08:12.317+0800][info][gc,phases   ] GC(70)   Other: 0.0ms
[2024-07-18T17:08:12.317+0800][info][gc,heap     ] GC(70) Eden regions: 3->0(24)
[2024-07-18T17:08:12.317+0800][info][gc,heap     ] GC(70) Survivor regions: 4->1(4)
[2024-07-18T17:08:12.317+0800][info][gc,heap     ] GC(70) Old regions: 308->312
[2024-07-18T17:08:12.317+0800][info][gc,heap     ] GC(70) Archive regions: 0->0
[2024-07-18T17:08:12.317+0800][info][gc,heap     ] GC(70) Humongous regions: 191->189
[2024-07-18T17:08:12.317+0800][info][gc,metaspace] GC(70) Metaspace: 194K(384K)->194K(384K) NonClass: 187K(256K)->187K(256K) Class: 7K(128K)->7K(128K)
[2024-07-18T17:08:12.318+0800][info][gc          ] GC(70) Pause Young (Prepare Mixed) (G1 Preventive Collection) 505M->500M(512M) 0.583ms
[2024-07-18T17:08:12.318+0800][info][gc,cpu      ] GC(70) User=0.00s Sys=0.00s Real=0.00s
[2024-07-18T17:08:12.318+0800][info][gc,marking  ] GC(68) Concurrent Cleanup for Next Mark 1.020ms
[2024-07-18T17:08:12.318+0800][info][gc          ] GC(68) Concurrent Mark Cycle 3.874ms
[2024-07-18T17:08:12.318+0800][info][gc,start    ] GC(71) Pause Young (Mixed) (G1 Preventive Collection)
[2024-07-18T17:08:12.318+0800][info][gc,task     ] GC(71) Using 12 workers of 13 for evacuation
[2024-07-18T17:08:12.318+0800][info][gc          ] GC(71) To-space exhausted
[2024-07-18T17:08:12.318+0800][info][gc,phases   ] GC(71)   Pre Evacuate Collection Set: 0.0ms
[2024-07-18T17:08:12.318+0800][info][gc,phases   ] GC(71)   Merge Heap Roots: 0.0ms
[2024-07-18T17:08:12.318+0800][info][gc,phases   ] GC(71)   Evacuate Collection Set: 0.3ms
[2024-07-18T17:08:12.318+0800][info][gc,phases   ] GC(71)   Post Evacuate Collection Set: 0.1ms
[2024-07-18T17:08:12.318+0800][info][gc,phases   ] GC(71)   Other: 0.1ms
[2024-07-18T17:08:12.318+0800][info][gc,heap     ] GC(71) Eden regions: 4->0(23)
[2024-07-18T17:08:12.318+0800][info][gc,heap     ] GC(71) Survivor regions: 1->2(4)
[2024-07-18T17:08:12.318+0800][info][gc,heap     ] GC(71) Old regions: 312->308
[2024-07-18T17:08:12.318+0800][info][gc,heap     ] GC(71) Archive regions: 0->0
[2024-07-18T17:08:12.318+0800][info][gc,heap     ] GC(71) Humongous regions: 191->188
[2024-07-18T17:08:12.318+0800][info][gc,metaspace] GC(71) Metaspace: 194K(384K)->194K(384K) NonClass: 187K(256K)->187K(256K) Class: 7K(128K)->7K(128K)
[2024-07-18T17:08:12.318+0800][info][gc          ] GC(71) Pause Young (Mixed) (G1 Preventive Collection) 506M->497M(512M) 0.697ms
[2024-07-18T17:08:12.318+0800][info][gc,cpu      ] GC(71) User=0.00s Sys=0.00s Real=0.00s
[2024-07-18T17:08:12.318+0800][info][gc,start    ] GC(72) Pause Young (Mixed) (G1 Preventive Collection)
[2024-07-18T17:08:12.318+0800][info][gc,task     ] GC(72) Using 12 workers of 13 for evacuation
[2024-07-18T17:08:12.320+0800][info][gc          ] GC(72) To-space exhausted
[2024-07-18T17:08:12.320+0800][info][gc,phases   ] GC(72)   Pre Evacuate Collection Set: 0.0ms
[2024-07-18T17:08:12.320+0800][info][gc,phases   ] GC(72)   Merge Heap Roots: 0.0ms
[2024-07-18T17:08:12.320+0800][info][gc,phases   ] GC(72)   Evacuate Collection Set: 0.8ms
[2024-07-18T17:08:12.320+0800][info][gc,phases   ] GC(72)   Post Evacuate Collection Set: 0.1ms
[2024-07-18T17:08:12.320+0800][info][gc,phases   ] GC(72)   Other: 0.1ms
[2024-07-18T17:08:12.320+0800][info][gc,heap     ] GC(72) Eden regions: 2->0(23)
[2024-07-18T17:08:12.320+0800][info][gc,heap     ] GC(72) Survivor regions: 2->2(4)
[2024-07-18T17:08:12.320+0800][info][gc,heap     ] GC(72) Old regions: 308->310
[2024-07-18T17:08:12.320+0800][info][gc,heap     ] GC(72) Archive regions: 0->0
[2024-07-18T17:08:12.320+0800][info][gc,heap     ] GC(72) Humongous regions: 190->189
[2024-07-18T17:08:12.320+0800][info][gc,metaspace] GC(72) Metaspace: 194K(384K)->194K(384K) NonClass: 187K(256K)->187K(256K) Class: 7K(128K)->7K(128K)
[2024-07-18T17:08:12.320+0800][info][gc          ] GC(72) Pause Young (Mixed) (G1 Preventive Collection) 501M->500M(512M) 1.092ms
[2024-07-18T17:08:12.320+0800][info][gc,cpu      ] GC(72) User=0.00s Sys=0.00s Real=0.00s
[2024-07-18T17:08:12.320+0800][info][gc,start    ] GC(73) Pause Young (Concurrent Start) (G1 Humongous Allocation)
[2024-07-18T17:08:12.320+0800][info][gc,task     ] GC(73) Using 12 workers of 13 for evacuation
[2024-07-18T17:08:12.320+0800][info][gc,phases   ] GC(73)   Pre Evacuate Collection Set: 0.0ms
[2024-07-18T17:08:12.320+0800][info][gc,phases   ] GC(73)   Merge Heap Roots: 0.0ms
[2024-07-18T17:08:12.320+0800][info][gc,phases   ] GC(73)   Evacuate Collection Set: 0.2ms
[2024-07-18T17:08:12.320+0800][info][gc,phases   ] GC(73)   Post Evacuate Collection Set: 0.1ms
[2024-07-18T17:08:12.320+0800][info][gc,phases   ] GC(73)   Other: 0.1ms
[2024-07-18T17:08:12.320+0800][info][gc,heap     ] GC(73) Eden regions: 3->0(22)
[2024-07-18T17:08:12.320+0800][info][gc,heap     ] GC(73) Survivor regions: 2->3(4)
[2024-07-18T17:08:12.320+0800][info][gc,heap     ] GC(73) Old regions: 310->310
[2024-07-18T17:08:12.320+0800][info][gc,heap     ] GC(73) Archive regions: 0->0
[2024-07-18T17:08:12.320+0800][info][gc,heap     ] GC(73) Humongous regions: 189->188
[2024-07-18T17:08:12.320+0800][info][gc,metaspace] GC(73) Metaspace: 194K(384K)->194K(384K) NonClass: 187K(256K)->187K(256K) Class: 7K(128K)->7K(128K)
[2024-07-18T17:08:12.320+0800][info][gc          ] GC(73) Pause Young (Concurrent Start) (G1 Humongous Allocation) 502M->499M(512M) 0.434ms
[2024-07-18T17:08:12.320+0800][info][gc,cpu      ] GC(73) User=0.00s Sys=0.00s Real=0.00s
[2024-07-18T17:08:12.320+0800][info][gc          ] GC(74) Concurrent Mark Cycle
[2024-07-18T17:08:12.320+0800][info][gc,marking  ] GC(74) Concurrent Clear Claimed Marks
[2024-07-18T17:08:12.320+0800][info][gc,marking  ] GC(74) Concurrent Clear Claimed Marks 0.007ms
[2024-07-18T17:08:12.320+0800][info][gc,marking  ] GC(74) Concurrent Scan Root Regions
[2024-07-18T17:08:12.320+0800][info][gc,marking  ] GC(74) Concurrent Scan Root Regions 0.020ms
[2024-07-18T17:08:12.320+0800][info][gc,marking  ] GC(74) Concurrent Mark
[2024-07-18T17:08:12.320+0800][info][gc,marking  ] GC(74) Concurrent Mark From Roots
[2024-07-18T17:08:12.320+0800][info][gc,task     ] GC(74) Using 3 workers of 3 for marking
[2024-07-18T17:08:12.322+0800][info][gc,start    ] GC(75) Pause Young (Normal) (G1 Preventive Collection)
[2024-07-18T17:08:12.322+0800][info][gc,task     ] GC(75) Using 12 workers of 13 for evacuation
[2024-07-18T17:08:12.323+0800][info][gc,phases   ] GC(75)   Pre Evacuate Collection Set: 0.0ms
[2024-07-18T17:08:12.323+0800][info][gc,phases   ] GC(75)   Merge Heap Roots: 0.0ms
[2024-07-18T17:08:12.323+0800][info][gc,phases   ] GC(75)   Evacuate Collection Set: 0.2ms
[2024-07-18T17:08:12.323+0800][info][gc,phases   ] GC(75)   Post Evacuate Collection Set: 0.1ms
[2024-07-18T17:08:12.323+0800][info][gc,phases   ] GC(75)   Other: 0.0ms
[2024-07-18T17:08:12.323+0800][info][gc,heap     ] GC(75) Eden regions: 3->0(22)
[2024-07-18T17:08:12.323+0800][info][gc,heap     ] GC(75) Survivor regions: 3->3(4)
[2024-07-18T17:08:12.323+0800][info][gc,heap     ] GC(75) Old regions: 310->311
[2024-07-18T17:08:12.323+0800][info][gc,heap     ] GC(75) Archive regions: 0->0
[2024-07-18T17:08:12.323+0800][info][gc,heap     ] GC(75) Humongous regions: 192->187
[2024-07-18T17:08:12.323+0800][info][gc,metaspace] GC(75) Metaspace: 194K(384K)->194K(384K) NonClass: 187K(256K)->187K(256K) Class: 7K(128K)->7K(128K)
[2024-07-18T17:08:12.323+0800][info][gc          ] GC(75) Pause Young (Normal) (G1 Preventive Collection) 506M->499M(512M) 0.440ms
[2024-07-18T17:08:12.323+0800][info][gc,cpu      ] GC(75) User=0.00s Sys=0.00s Real=0.00s
[2024-07-18T17:08:12.323+0800][info][gc,marking  ] GC(74) Concurrent Mark From Roots 1.281ms
[2024-07-18T17:08:12.323+0800][info][gc,marking  ] GC(74) Concurrent Preclean
[2024-07-18T17:08:12.323+0800][info][gc,start    ] GC(76) Pause Young (Normal) (G1 Preventive Collection)
[2024-07-18T17:08:12.323+0800][info][gc,task     ] GC(76) Using 12 workers of 13 for evacuation
[2024-07-18T17:08:12.323+0800][info][gc,phases   ] GC(76)   Pre Evacuate Collection Set: 0.0ms
[2024-07-18T17:08:12.323+0800][info][gc,phases   ] GC(76)   Merge Heap Roots: 0.0ms
[2024-07-18T17:08:12.323+0800][info][gc,phases   ] GC(76)   Evacuate Collection Set: 0.2ms
[2024-07-18T17:08:12.323+0800][info][gc,phases   ] GC(76)   Post Evacuate Collection Set: 0.1ms
[2024-07-18T17:08:12.323+0800][info][gc,phases   ] GC(76)   Other: 0.0ms
[2024-07-18T17:08:12.323+0800][info][gc,heap     ] GC(76) Eden regions: 4->0(22)
[2024-07-18T17:08:12.323+0800][info][gc,heap     ] GC(76) Survivor regions: 3->3(4)
[2024-07-18T17:08:12.323+0800][info][gc,heap     ] GC(76) Old regions: 311->312
[2024-07-18T17:08:12.323+0800][info][gc,heap     ] GC(76) Archive regions: 0->0
[2024-07-18T17:08:12.323+0800][info][gc,heap     ] GC(76) Humongous regions: 189->189
[2024-07-18T17:08:12.323+0800][info][gc,metaspace] GC(76) Metaspace: 194K(384K)->194K(384K) NonClass: 187K(256K)->187K(256K) Class: 7K(128K)->7K(128K)
[2024-07-18T17:08:12.323+0800][info][gc          ] GC(76) Pause Young (Normal) (G1 Preventive Collection) 504M->502M(512M) 0.438ms
[2024-07-18T17:08:12.323+0800][info][gc,cpu      ] GC(76) User=0.00s Sys=0.00s Real=0.00s
[2024-07-18T17:08:12.323+0800][info][gc,marking  ] GC(74) Concurrent Preclean 0.533ms
[2024-07-18T17:08:12.323+0800][info][gc,start    ] GC(74) Pause Remark
[2024-07-18T17:08:12.323+0800][info][gc          ] GC(74) Pause Remark 503M->503M(512M) 0.185ms
[2024-07-18T17:08:12.323+0800][info][gc,cpu      ] GC(74) User=0.00s Sys=0.00s Real=0.00s
[2024-07-18T17:08:12.323+0800][info][gc,marking  ] GC(74) Concurrent Mark 2.076ms
[2024-07-18T17:08:12.323+0800][info][gc,marking  ] GC(74) Concurrent Rebuild Remembered Sets
[2024-07-18T17:08:12.323+0800][info][gc,start    ] GC(77) Pause Young (Normal) (G1 Preventive Collection)
[2024-07-18T17:08:12.323+0800][info][gc,task     ] GC(77) Using 12 workers of 13 for evacuation
[2024-07-18T17:08:12.323+0800][info][gc,phases   ] GC(77)   Pre Evacuate Collection Set: 0.0ms
[2024-07-18T17:08:12.323+0800][info][gc,phases   ] GC(77)   Merge Heap Roots: 0.1ms
[2024-07-18T17:08:12.323+0800][info][gc,phases   ] GC(77)   Evacuate Collection Set: 0.2ms
[2024-07-18T17:08:12.323+0800][info][gc,phases   ] GC(77)   Post Evacuate Collection Set: 0.1ms
[2024-07-18T17:08:12.323+0800][info][gc,phases   ] GC(77)   Other: 0.0ms
[2024-07-18T17:08:12.323+0800][info][gc,heap     ] GC(77) Eden regions: 2->0(22)
[2024-07-18T17:08:12.323+0800][info][gc,heap     ] GC(77) Survivor regions: 3->3(4)
[2024-07-18T17:08:12.323+0800][info][gc,heap     ] GC(77) Old regions: 312->313
[2024-07-18T17:08:12.323+0800][info][gc,heap     ] GC(77) Archive regions: 0->0
[2024-07-18T17:08:12.323+0800][info][gc,heap     ] GC(77) Humongous regions: 191->188
[2024-07-18T17:08:12.323+0800][info][gc,metaspace] GC(77) Metaspace: 194K(384K)->194K(384K) NonClass: 187K(256K)->187K(256K) Class: 7K(128K)->7K(128K)
[2024-07-18T17:08:12.323+0800][info][gc          ] GC(77) Pause Young (Normal) (G1 Preventive Collection) 506M->503M(512M) 0.445ms
[2024-07-18T17:08:12.323+0800][info][gc,cpu      ] GC(77) User=0.00s Sys=0.00s Real=0.00s
[2024-07-18T17:08:12.325+0800][info][gc,start    ] GC(78) Pause Young (Normal) (G1 Preventive Collection)
[2024-07-18T17:08:12.325+0800][info][gc,task     ] GC(78) Using 12 workers of 13 for evacuation
[2024-07-18T17:08:12.325+0800][info][gc,phases   ] GC(78)   Pre Evacuate Collection Set: 0.0ms
[2024-07-18T17:08:12.325+0800][info][gc,phases   ] GC(78)   Merge Heap Roots: 0.0ms
[2024-07-18T17:08:12.325+0800][info][gc,phases   ] GC(78)   Evacuate Collection Set: 0.2ms
[2024-07-18T17:08:12.325+0800][info][gc,phases   ] GC(78)   Post Evacuate Collection Set: 0.1ms
[2024-07-18T17:08:12.325+0800][info][gc,phases   ] GC(78)   Other: 0.0ms
[2024-07-18T17:08:12.325+0800][info][gc,heap     ] GC(78) Eden regions: 3->0(22)
[2024-07-18T17:08:12.325+0800][info][gc,heap     ] GC(78) Survivor regions: 3->3(4)
[2024-07-18T17:08:12.325+0800][info][gc,heap     ] GC(78) Old regions: 313->315
[2024-07-18T17:08:12.325+0800][info][gc,heap     ] GC(78) Archive regions: 0->0
[2024-07-18T17:08:12.325+0800][info][gc,heap     ] GC(78) Humongous regions: 188->188
[2024-07-18T17:08:12.325+0800][info][gc,metaspace] GC(78) Metaspace: 194K(384K)->194K(384K) NonClass: 187K(256K)->187K(256K) Class: 7K(128K)->7K(128K)
[2024-07-18T17:08:12.325+0800][info][gc          ] GC(78) Pause Young (Normal) (G1 Preventive Collection) 506M->504M(512M) 0.419ms
[2024-07-18T17:08:12.325+0800][info][gc,cpu      ] GC(78) User=0.00s Sys=0.00s Real=0.00s
[2024-07-18T17:08:12.325+0800][info][gc,marking  ] GC(74) Concurrent Rebuild Remembered Sets 1.493ms
[2024-07-18T17:08:12.325+0800][info][gc,start    ] GC(74) Pause Cleanup
[2024-07-18T17:08:12.325+0800][info][gc          ] GC(74) Pause Cleanup 505M->505M(512M) 0.138ms
[2024-07-18T17:08:12.325+0800][info][gc,cpu      ] GC(74) User=0.00s Sys=0.00s Real=0.00s
[2024-07-18T17:08:12.325+0800][info][gc,marking  ] GC(74) Concurrent Cleanup for Next Mark
[2024-07-18T17:08:12.325+0800][info][gc,start    ] GC(79) Pause Young (Prepare Mixed) (G1 Preventive Collection)
[2024-07-18T17:08:12.325+0800][info][gc,task     ] GC(79) Using 12 workers of 13 for evacuation
[2024-07-18T17:08:12.325+0800][info][gc,phases   ] GC(79)   Pre Evacuate Collection Set: 0.0ms
[2024-07-18T17:08:12.325+0800][info][gc,phases   ] GC(79)   Merge Heap Roots: 0.0ms
[2024-07-18T17:08:12.325+0800][info][gc,phases   ] GC(79)   Evacuate Collection Set: 0.1ms
[2024-07-18T17:08:12.325+0800][info][gc,phases   ] GC(79)   Post Evacuate Collection Set: 0.1ms
[2024-07-18T17:08:12.325+0800][info][gc,phases   ] GC(79)   Other: 0.0ms
[2024-07-18T17:08:12.325+0800][info][gc,heap     ] GC(79) Eden regions: 1->0(23)
[2024-07-18T17:08:12.325+0800][info][gc,heap     ] GC(79) Survivor regions: 3->2(4)
[2024-07-18T17:08:12.325+0800][info][gc,heap     ] GC(79) Old regions: 315->317
[2024-07-18T17:08:12.325+0800][info][gc,heap     ] GC(79) Archive regions: 0->0
[2024-07-18T17:08:12.325+0800][info][gc,heap     ] GC(79) Humongous regions: 188->188
[2024-07-18T17:08:12.325+0800][info][gc,metaspace] GC(79) Metaspace: 194K(384K)->194K(384K) NonClass: 187K(256K)->187K(256K) Class: 7K(128K)->7K(128K)
[2024-07-18T17:08:12.325+0800][info][gc          ] GC(79) Pause Young (Prepare Mixed) (G1 Preventive Collection) 505M->505M(512M) 0.434ms
[2024-07-18T17:08:12.325+0800][info][gc,cpu      ] GC(79) User=0.00s Sys=0.00s Real=0.00s
[2024-07-18T17:08:12.325+0800][info][gc,start    ] GC(80) Pause Young (Mixed) (G1 Preventive Collection)
[2024-07-18T17:08:12.325+0800][info][gc,task     ] GC(80) Using 12 workers of 13 for evacuation
[2024-07-18T17:08:12.325+0800][info][gc          ] GC(80) To-space exhausted
[2024-07-18T17:08:12.325+0800][info][gc,phases   ] GC(80)   Pre Evacuate Collection Set: 0.0ms
[2024-07-18T17:08:12.325+0800][info][gc,phases   ] GC(80)   Merge Heap Roots: 0.0ms
[2024-07-18T17:08:12.325+0800][info][gc,phases   ] GC(80)   Evacuate Collection Set: 0.2ms
[2024-07-18T17:08:12.325+0800][info][gc,phases   ] GC(80)   Post Evacuate Collection Set: 0.1ms
[2024-07-18T17:08:12.325+0800][info][gc,phases   ] GC(80)   Other: 0.1ms
[2024-07-18T17:08:12.325+0800][info][gc,heap     ] GC(80) Eden regions: 1->0(23)
[2024-07-18T17:08:12.325+0800][info][gc,heap     ] GC(80) Survivor regions: 2->2(4)
[2024-07-18T17:08:12.325+0800][info][gc,heap     ] GC(80) Old regions: 317->307
[2024-07-18T17:08:12.325+0800][info][gc,heap     ] GC(80) Archive regions: 0->0
[2024-07-18T17:08:12.325+0800][info][gc,heap     ] GC(80) Humongous regions: 188->188
[2024-07-18T17:08:12.325+0800][info][gc,metaspace] GC(80) Metaspace: 194K(384K)->194K(384K) NonClass: 187K(256K)->187K(256K) Class: 7K(128K)->7K(128K)
[2024-07-18T17:08:12.325+0800][info][gc          ] GC(80) Pause Young (Mixed) (G1 Preventive Collection) 505M->495M(512M) 0.522ms
[2024-07-18T17:08:12.325+0800][info][gc,cpu      ] GC(80) User=0.00s Sys=0.00s Real=0.00s
[2024-07-18T17:08:12.325+0800][info][gc,marking  ] GC(74) Concurrent Cleanup for Next Mark 1.451ms
[2024-07-18T17:08:12.327+0800][info][gc          ] GC(74) Concurrent Mark Cycle 5.348ms
[2024-07-18T17:08:12.327+0800][info][gc,start    ] GC(81) Pause Young (Mixed) (G1 Preventive Collection)
[2024-07-18T17:08:12.327+0800][info][gc,task     ] GC(81) Using 12 workers of 13 for evacuation
[2024-07-18T17:08:12.328+0800][info][gc          ] GC(81) To-space exhausted
[2024-07-18T17:08:12.328+0800][info][gc,phases   ] GC(81)   Pre Evacuate Collection Set: 0.0ms
[2024-07-18T17:08:12.328+0800][info][gc,phases   ] GC(81)   Merge Heap Roots: 0.0ms
[2024-07-18T17:08:12.328+0800][info][gc,phases   ] GC(81)   Evacuate Collection Set: 0.6ms
[2024-07-18T17:08:12.328+0800][info][gc,phases   ] GC(81)   Post Evacuate Collection Set: 0.1ms
[2024-07-18T17:08:12.328+0800][info][gc,phases   ] GC(81)   Other: 0.1ms
[2024-07-18T17:08:12.328+0800][info][gc,heap     ] GC(81) Eden regions: 1->0(24)
[2024-07-18T17:08:12.328+0800][info][gc,heap     ] GC(81) Survivor regions: 2->1(4)
[2024-07-18T17:08:12.328+0800][info][gc,heap     ] GC(81) Old regions: 307->309
[2024-07-18T17:08:12.328+0800][info][gc,heap     ] GC(81) Archive regions: 0->0
[2024-07-18T17:08:12.328+0800][info][gc,heap     ] GC(81) Humongous regions: 193->190
[2024-07-18T17:08:12.328+0800][info][gc,metaspace] GC(81) Metaspace: 194K(384K)->194K(384K) NonClass: 187K(256K)->187K(256K) Class: 7K(128K)->7K(128K)
[2024-07-18T17:08:12.328+0800][info][gc          ] GC(81) Pause Young (Mixed) (G1 Preventive Collection) 501M->498M(512M) 0.932ms
[2024-07-18T17:08:12.328+0800][info][gc,cpu      ] GC(81) User=0.00s Sys=0.00s Real=0.00s
[2024-07-18T17:08:12.328+0800][info][gc,start    ] GC(82) Pause Young (Mixed) (G1 Preventive Collection)
[2024-07-18T17:08:12.328+0800][info][gc,task     ] GC(82) Using 12 workers of 13 for evacuation
[2024-07-18T17:08:12.329+0800][info][gc,phases   ] GC(82)   Pre Evacuate Collection Set: 0.0ms
[2024-07-18T17:08:12.329+0800][info][gc,phases   ] GC(82)   Merge Heap Roots: 0.0ms
[2024-07-18T17:08:12.329+0800][info][gc,phases   ] GC(82)   Evacuate Collection Set: 0.5ms
[2024-07-18T17:08:12.329+0800][info][gc,phases   ] GC(82)   Post Evacuate Collection Set: 0.1ms
[2024-07-18T17:08:12.329+0800][info][gc,phases   ] GC(82)   Other: 0.0ms
[2024-07-18T17:08:12.329+0800][info][gc,heap     ] GC(82) Eden regions: 3->0(23)
[2024-07-18T17:08:12.329+0800][info][gc,heap     ] GC(82) Survivor regions: 1->2(4)
[2024-07-18T17:08:12.329+0800][info][gc,heap     ] GC(82) Old regions: 309->307
[2024-07-18T17:08:12.329+0800][info][gc,heap     ] GC(82) Archive regions: 0->0
[2024-07-18T17:08:12.329+0800][info][gc,heap     ] GC(82) Humongous regions: 190->190
[2024-07-18T17:08:12.329+0800][info][gc,metaspace] GC(82) Metaspace: 194K(384K)->194K(384K) NonClass: 187K(256K)->187K(256K) Class: 7K(128K)->7K(128K)
[2024-07-18T17:08:12.329+0800][info][gc          ] GC(82) Pause Young (Mixed) (G1 Preventive Collection) 501M->497M(512M) 0.761ms
[2024-07-18T17:08:12.329+0800][info][gc,cpu      ] GC(82) User=0.00s Sys=0.00s Real=0.00s
[2024-07-18T17:08:12.329+0800][info][gc,start    ] GC(83) Pause Young (Concurrent Start) (G1 Humongous Allocation)
[2024-07-18T17:08:12.329+0800][info][gc,task     ] GC(83) Using 12 workers of 13 for evacuation
[2024-07-18T17:08:12.329+0800][info][gc,phases   ] GC(83)   Pre Evacuate Collection Set: 0.0ms
[2024-07-18T17:08:12.329+0800][info][gc,phases   ] GC(83)   Merge Heap Roots: 0.0ms
[2024-07-18T17:08:12.329+0800][info][gc,phases   ] GC(83)   Evacuate Collection Set: 0.1ms
[2024-07-18T17:08:12.329+0800][info][gc,phases   ] GC(83)   Post Evacuate Collection Set: 0.1ms
[2024-07-18T17:08:12.329+0800][info][gc,phases   ] GC(83)   Other: 0.1ms
[2024-07-18T17:08:12.329+0800][info][gc,heap     ] GC(83) Eden regions: 2->0(23)
[2024-07-18T17:08:12.329+0800][info][gc,heap     ] GC(83) Survivor regions: 2->2(4)
[2024-07-18T17:08:12.329+0800][info][gc,heap     ] GC(83) Old regions: 307->307
[2024-07-18T17:08:12.329+0800][info][gc,heap     ] GC(83) Archive regions: 0->0
[2024-07-18T17:08:12.329+0800][info][gc,heap     ] GC(83) Humongous regions: 191->191
[2024-07-18T17:08:12.329+0800][info][gc,metaspace] GC(83) Metaspace: 194K(384K)->194K(384K) NonClass: 187K(256K)->187K(256K) Class: 7K(128K)->7K(128K)
[2024-07-18T17:08:12.329+0800][info][gc          ] GC(83) Pause Young (Concurrent Start) (G1 Humongous Allocation) 499M->498M(512M) 0.375ms
[2024-07-18T17:08:12.329+0800][info][gc,cpu      ] GC(83) User=0.00s Sys=0.00s Real=0.00s
[2024-07-18T17:08:12.329+0800][info][gc          ] GC(84) Concurrent Mark Cycle
[2024-07-18T17:08:12.329+0800][info][gc,marking  ] GC(84) Concurrent Clear Claimed Marks
[2024-07-18T17:08:12.329+0800][info][gc,marking  ] GC(84) Concurrent Clear Claimed Marks 0.009ms
[2024-07-18T17:08:12.329+0800][info][gc,marking  ] GC(84) Concurrent Scan Root Regions
[2024-07-18T17:08:12.329+0800][info][gc,marking  ] GC(84) Concurrent Scan Root Regions 0.023ms
[2024-07-18T17:08:12.329+0800][info][gc,marking  ] GC(84) Concurrent Mark
[2024-07-18T17:08:12.329+0800][info][gc,marking  ] GC(84) Concurrent Mark From Roots
[2024-07-18T17:08:12.329+0800][info][gc,task     ] GC(84) Using 3 workers of 3 for marking
[2024-07-18T17:08:12.329+0800][info][gc,start    ] GC(85) Pause Young (Normal) (G1 Preventive Collection)
[2024-07-18T17:08:12.329+0800][info][gc,task     ] GC(85) Using 12 workers of 13 for evacuation
[2024-07-18T17:08:12.329+0800][info][gc,phases   ] GC(85)   Pre Evacuate Collection Set: 0.0ms
[2024-07-18T17:08:12.329+0800][info][gc,phases   ] GC(85)   Merge Heap Roots: 0.0ms
[2024-07-18T17:08:12.329+0800][info][gc,phases   ] GC(85)   Evacuate Collection Set: 0.2ms
[2024-07-18T17:08:12.329+0800][info][gc,phases   ] GC(85)   Post Evacuate Collection Set: 0.1ms
[2024-07-18T17:08:12.329+0800][info][gc,phases   ] GC(85)   Other: 0.0ms
[2024-07-18T17:08:12.329+0800][info][gc,heap     ] GC(85) Eden regions: 4->0(22)
[2024-07-18T17:08:12.329+0800][info][gc,heap     ] GC(85) Survivor regions: 2->3(4)
[2024-07-18T17:08:12.329+0800][info][gc,heap     ] GC(85) Old regions: 307->307
[2024-07-18T17:08:12.329+0800][info][gc,heap     ] GC(85) Archive regions: 0->0
[2024-07-18T17:08:12.329+0800][info][gc,heap     ] GC(85) Humongous regions: 195->193
[2024-07-18T17:08:12.329+0800][info][gc,metaspace] GC(85) Metaspace: 194K(384K)->194K(384K) NonClass: 187K(256K)->187K(256K) Class: 7K(128K)->7K(128K)
[2024-07-18T17:08:12.329+0800][info][gc          ] GC(85) Pause Young (Normal) (G1 Preventive Collection) 506M->501M(512M) 0.392ms
[2024-07-18T17:08:12.329+0800][info][gc,cpu      ] GC(85) User=0.00s Sys=0.00s Real=0.00s
[2024-07-18T17:08:12.329+0800][info][gc,start    ] GC(86) Pause Young (Normal) (G1 Preventive Collection)
[2024-07-18T17:08:12.329+0800][info][gc,task     ] GC(86) Using 12 workers of 13 for evacuation
[2024-07-18T17:08:12.331+0800][info][gc,phases   ] GC(86)   Pre Evacuate Collection Set: 0.0ms
[2024-07-18T17:08:12.331+0800][info][gc,phases   ] GC(86)   Merge Heap Roots: 0.0ms
[2024-07-18T17:08:12.331+0800][info][gc,phases   ] GC(86)   Evacuate Collection Set: 0.2ms
[2024-07-18T17:08:12.331+0800][info][gc,phases   ] GC(86)   Post Evacuate Collection Set: 0.1ms
[2024-07-18T17:08:12.331+0800][info][gc,phases   ] GC(86)   Other: 0.1ms
[2024-07-18T17:08:12.331+0800][info][gc,heap     ] GC(86) Eden regions: 3->0(21)
[2024-07-18T17:08:12.331+0800][info][gc,heap     ] GC(86) Survivor regions: 3->4(4)
[2024-07-18T17:08:12.331+0800][info][gc,heap     ] GC(86) Old regions: 307->308
[2024-07-18T17:08:12.331+0800][info][gc,heap     ] GC(86) Archive regions: 0->0
[2024-07-18T17:08:12.331+0800][info][gc,heap     ] GC(86) Humongous regions: 194->191
[2024-07-18T17:08:12.331+0800][info][gc,metaspace] GC(86) Metaspace: 194K(384K)->194K(384K) NonClass: 187K(256K)->187K(256K) Class: 7K(128K)->7K(128K)
[2024-07-18T17:08:12.331+0800][info][gc          ] GC(86) Pause Young (Normal) (G1 Preventive Collection) 505M->500M(512M) 0.500ms
[2024-07-18T17:08:12.331+0800][info][gc,cpu      ] GC(86) User=0.00s Sys=0.00s Real=0.00s
[2024-07-18T17:08:12.331+0800][info][gc,marking  ] GC(84) Concurrent Mark From Roots 1.711ms
[2024-07-18T17:08:12.331+0800][info][gc,marking  ] GC(84) Concurrent Preclean
[2024-07-18T17:08:12.331+0800][info][gc,marking  ] GC(84) Concurrent Preclean 0.056ms
[2024-07-18T17:08:12.331+0800][info][gc,start    ] GC(84) Pause Remark
[2024-07-18T17:08:12.331+0800][info][gc          ] GC(84) Pause Remark 502M->501M(512M) 0.185ms
[2024-07-18T17:08:12.331+0800][info][gc,cpu      ] GC(84) User=0.00s Sys=0.00s Real=0.00s
[2024-07-18T17:08:12.331+0800][info][gc,marking  ] GC(84) Concurrent Mark 2.043ms
[2024-07-18T17:08:12.331+0800][info][gc,marking  ] GC(84) Concurrent Rebuild Remembered Sets
[2024-07-18T17:08:12.331+0800][info][gc,start    ] GC(87) Pause Young (Normal) (G1 Preventive Collection)
[2024-07-18T17:08:12.331+0800][info][gc,task     ] GC(87) Using 12 workers of 13 for evacuation
[2024-07-18T17:08:12.331+0800][info][gc,phases   ] GC(87)   Pre Evacuate Collection Set: 0.0ms
[2024-07-18T17:08:12.331+0800][info][gc,phases   ] GC(87)   Merge Heap Roots: 0.0ms
[2024-07-18T17:08:12.331+0800][info][gc,phases   ] GC(87)   Evacuate Collection Set: 0.2ms
[2024-07-18T17:08:12.331+0800][info][gc,phases   ] GC(87)   Post Evacuate Collection Set: 0.1ms
[2024-07-18T17:08:12.331+0800][info][gc,phases   ] GC(87)   Other: 0.0ms
[2024-07-18T17:08:12.331+0800][info][gc,heap     ] GC(87) Eden regions: 3->0(22)
[2024-07-18T17:08:12.331+0800][info][gc,heap     ] GC(87) Survivor regions: 4->3(4)
[2024-07-18T17:08:12.331+0800][info][gc,heap     ] GC(87) Old regions: 307->309
[2024-07-18T17:08:12.331+0800][info][gc,heap     ] GC(87) Archive regions: 0->0
[2024-07-18T17:08:12.331+0800][info][gc,heap     ] GC(87) Humongous regions: 193->191
[2024-07-18T17:08:12.331+0800][info][gc,metaspace] GC(87) Metaspace: 194K(384K)->194K(384K) NonClass: 187K(256K)->187K(256K) Class: 7K(128K)->7K(128K)
[2024-07-18T17:08:12.331+0800][info][gc          ] GC(87) Pause Young (Normal) (G1 Preventive Collection) 504M->500M(512M) 0.466ms
[2024-07-18T17:08:12.331+0800][info][gc,cpu      ] GC(87) User=0.00s Sys=0.00s Real=0.00s
[2024-07-18T17:08:12.331+0800][info][gc,start    ] GC(88) Pause Young (Normal) (G1 Preventive Collection)
[2024-07-18T17:08:12.331+0800][info][gc,task     ] GC(88) Using 12 workers of 13 for evacuation
[2024-07-18T17:08:12.333+0800][info][gc,phases   ] GC(88)   Pre Evacuate Collection Set: 0.0ms
[2024-07-18T17:08:12.333+0800][info][gc,phases   ] GC(88)   Merge Heap Roots: 0.0ms
[2024-07-18T17:08:12.333+0800][info][gc,phases   ] GC(88)   Evacuate Collection Set: 0.1ms
[2024-07-18T17:08:12.333+0800][info][gc,phases   ] GC(88)   Post Evacuate Collection Set: 0.1ms
[2024-07-18T17:08:12.333+0800][info][gc,phases   ] GC(88)   Other: 0.0ms
[2024-07-18T17:08:12.333+0800][info][gc,heap     ] GC(88) Eden regions: 3->0(23)
[2024-07-18T17:08:12.333+0800][info][gc,heap     ] GC(88) Survivor regions: 3->2(4)
[2024-07-18T17:08:12.333+0800][info][gc,heap     ] GC(88) Old regions: 309->311
[2024-07-18T17:08:12.333+0800][info][gc,heap     ] GC(88) Archive regions: 0->0
[2024-07-18T17:08:12.333+0800][info][gc,heap     ] GC(88) Humongous regions: 193->191
[2024-07-18T17:08:12.333+0800][info][gc,metaspace] GC(88) Metaspace: 194K(384K)->194K(384K) NonClass: 187K(256K)->187K(256K) Class: 7K(128K)->7K(128K)
[2024-07-18T17:08:12.333+0800][info][gc          ] GC(88) Pause Young (Normal) (G1 Preventive Collection) 505M->501M(512M) 0.400ms
[2024-07-18T17:08:12.333+0800][info][gc,cpu      ] GC(88) User=0.00s Sys=0.00s Real=0.00s
[2024-07-18T17:08:12.333+0800][info][gc,marking  ] GC(84) Concurrent Rebuild Remembered Sets 1.502ms
[2024-07-18T17:08:12.333+0800][info][gc,start    ] GC(84) Pause Cleanup
[2024-07-18T17:08:12.333+0800][info][gc          ] GC(84) Pause Cleanup 505M->505M(512M) 0.096ms
[2024-07-18T17:08:12.333+0800][info][gc,cpu      ] GC(84) User=0.00s Sys=0.00s Real=0.00s
[2024-07-18T17:08:12.333+0800][info][gc,marking  ] GC(84) Concurrent Cleanup for Next Mark
[2024-07-18T17:08:12.333+0800][info][gc,start    ] GC(89) Pause Young (Prepare Mixed) (G1 Preventive Collection)
[2024-07-18T17:08:12.333+0800][info][gc,task     ] GC(89) Using 12 workers of 13 for evacuation
[2024-07-18T17:08:12.333+0800][info][gc,phases   ] GC(89)   Pre Evacuate Collection Set: 0.0ms
[2024-07-18T17:08:12.333+0800][info][gc,phases   ] GC(89)   Merge Heap Roots: 0.0ms
[2024-07-18T17:08:12.333+0800][info][gc,phases   ] GC(89)   Evacuate Collection Set: 0.1ms
[2024-07-18T17:08:12.333+0800][info][gc,phases   ] GC(89)   Post Evacuate Collection Set: 0.1ms
[2024-07-18T17:08:12.333+0800][info][gc,phases   ] GC(89)   Other: 0.0ms
[2024-07-18T17:08:12.333+0800][info][gc,heap     ] GC(89) Eden regions: 3->0(21)
[2024-07-18T17:08:12.333+0800][info][gc,heap     ] GC(89) Survivor regions: 2->4(4)
[2024-07-18T17:08:12.333+0800][info][gc,heap     ] GC(89) Old regions: 311->311
[2024-07-18T17:08:12.333+0800][info][gc,heap     ] GC(89) Archive regions: 0->0
[2024-07-18T17:08:12.333+0800][info][gc,heap     ] GC(89) Humongous regions: 192->190
[2024-07-18T17:08:12.333+0800][info][gc,metaspace] GC(89) Metaspace: 194K(384K)->194K(384K) NonClass: 187K(256K)->187K(256K) Class: 7K(128K)->7K(128K)
[2024-07-18T17:08:12.333+0800][info][gc          ] GC(89) Pause Young (Prepare Mixed) (G1 Preventive Collection) 505M->502M(512M) 0.345ms
[2024-07-18T17:08:12.333+0800][info][gc,cpu      ] GC(89) User=0.00s Sys=0.00s Real=0.00s
[2024-07-18T17:08:12.333+0800][info][gc,start    ] GC(90) Pause Young (Mixed) (G1 Preventive Collection)
[2024-07-18T17:08:12.333+0800][info][gc,task     ] GC(90) Using 12 workers of 13 for evacuation
[2024-07-18T17:08:12.333+0800][info][gc          ] GC(90) To-space exhausted
[2024-07-18T17:08:12.333+0800][info][gc,phases   ] GC(90)   Pre Evacuate Collection Set: 0.0ms
[2024-07-18T17:08:12.333+0800][info][gc,phases   ] GC(90)   Merge Heap Roots: 0.0ms
[2024-07-18T17:08:12.333+0800][info][gc,phases   ] GC(90)   Evacuate Collection Set: 0.3ms
[2024-07-18T17:08:12.333+0800][info][gc,phases   ] GC(90)   Post Evacuate Collection Set: 0.1ms
[2024-07-18T17:08:12.333+0800][info][gc,phases   ] GC(90)   Other: 0.1ms
[2024-07-18T17:08:12.333+0800][info][gc,heap     ] GC(90) Eden regions: 1->0(23)
[2024-07-18T17:08:12.333+0800][info][gc,heap     ] GC(90) Survivor regions: 4->2(4)
[2024-07-18T17:08:12.333+0800][info][gc,heap     ] GC(90) Old regions: 311->286
[2024-07-18T17:08:12.333+0800][info][gc,heap     ] GC(90) Archive regions: 0->0
[2024-07-18T17:08:12.333+0800][info][gc,heap     ] GC(90) Humongous regions: 190->190
[2024-07-18T17:08:12.333+0800][info][gc,metaspace] GC(90) Metaspace: 194K(384K)->194K(384K) NonClass: 187K(256K)->187K(256K) Class: 7K(128K)->7K(128K)
[2024-07-18T17:08:12.333+0800][info][gc          ] GC(90) Pause Young (Mixed) (G1 Preventive Collection) 502M->476M(512M) 0.584ms
[2024-07-18T17:08:12.333+0800][info][gc,cpu      ] GC(90) User=0.00s Sys=0.00s Real=0.00s
[2024-07-18T17:08:12.333+0800][info][gc,marking  ] GC(84) Concurrent Cleanup for Next Mark 1.386ms
[2024-07-18T17:08:12.333+0800][info][gc          ] GC(84) Concurrent Mark Cycle 5.212ms
[2024-07-18T17:08:12.333+0800][info][gc,start    ] GC(91) Pause Young (Mixed) (G1 Preventive Collection)
[2024-07-18T17:08:12.333+0800][info][gc,task     ] GC(91) Using 12 workers of 13 for evacuation
[2024-07-18T17:08:12.337+0800][info][gc          ] GC(91) To-space exhausted
[2024-07-18T17:08:12.337+0800][info][gc,phases   ] GC(91)   Pre Evacuate Collection Set: 0.1ms
[2024-07-18T17:08:12.337+0800][info][gc,phases   ] GC(91)   Merge Heap Roots: 0.0ms
[2024-07-18T17:08:12.337+0800][info][gc,phases   ] GC(91)   Evacuate Collection Set: 1.2ms
[2024-07-18T17:08:12.337+0800][info][gc,phases   ] GC(91)   Post Evacuate Collection Set: 0.2ms
[2024-07-18T17:08:12.337+0800][info][gc,phases   ] GC(91)   Other: 0.1ms
[2024-07-18T17:08:12.337+0800][info][gc,heap     ] GC(91) Eden regions: 13->0(21)
[2024-07-18T17:08:12.337+0800][info][gc,heap     ] GC(91) Survivor regions: 2->4(4)
[2024-07-18T17:08:12.337+0800][info][gc,heap     ] GC(91) Old regions: 286->293
[2024-07-18T17:08:12.337+0800][info][gc,heap     ] GC(91) Archive regions: 0->0
[2024-07-18T17:08:12.337+0800][info][gc,heap     ] GC(91) Humongous regions: 197->190
[2024-07-18T17:08:12.337+0800][info][gc,metaspace] GC(91) Metaspace: 194K(384K)->194K(384K) NonClass: 187K(256K)->187K(256K) Class: 7K(128K)->7K(128K)
[2024-07-18T17:08:12.337+0800][info][gc          ] GC(91) Pause Young (Mixed) (G1 Preventive Collection) 496M->485M(512M) 1.625ms
[2024-07-18T17:08:12.337+0800][info][gc,cpu      ] GC(91) User=0.00s Sys=0.00s Real=0.00s
[2024-07-18T17:08:12.337+0800][info][gc,start    ] GC(92) Pause Young (Concurrent Start) (G1 Humongous Allocation)
[2024-07-18T17:08:12.337+0800][info][gc,task     ] GC(92) Using 12 workers of 13 for evacuation
[2024-07-18T17:08:12.337+0800][info][gc,phases   ] GC(92)   Pre Evacuate Collection Set: 0.0ms
[2024-07-18T17:08:12.337+0800][info][gc,phases   ] GC(92)   Merge Heap Roots: 0.0ms
[2024-07-18T17:08:12.337+0800][info][gc,phases   ] GC(92)   Evacuate Collection Set: 0.3ms
[2024-07-18T17:08:12.337+0800][info][gc,phases   ] GC(92)   Post Evacuate Collection Set: 0.1ms
[2024-07-18T17:08:12.337+0800][info][gc,phases   ] GC(92)   Other: 0.1ms
[2024-07-18T17:08:12.337+0800][info][gc,heap     ] GC(92) Eden regions: 0->0(25)
[2024-07-18T17:08:12.337+0800][info][gc,heap     ] GC(92) Survivor regions: 4->0(4)
[2024-07-18T17:08:12.337+0800][info][gc,heap     ] GC(92) Old regions: 293->297
[2024-07-18T17:08:12.337+0800][info][gc,heap     ] GC(92) Archive regions: 0->0
[2024-07-18T17:08:12.337+0800][info][gc,heap     ] GC(92) Humongous regions: 191->190
[2024-07-18T17:08:12.337+0800][info][gc,metaspace] GC(92) Metaspace: 194K(384K)->194K(384K) NonClass: 187K(256K)->187K(256K) Class: 7K(128K)->7K(128K)
[2024-07-18T17:08:12.337+0800][info][gc          ] GC(92) Pause Young (Concurrent Start) (G1 Humongous Allocation) 486M->484M(512M) 0.566ms
[2024-07-18T17:08:12.337+0800][info][gc,cpu      ] GC(92) User=0.00s Sys=0.00s Real=0.00s
[2024-07-18T17:08:12.337+0800][info][gc          ] GC(93) Concurrent Mark Cycle
[2024-07-18T17:08:12.337+0800][info][gc,marking  ] GC(93) Concurrent Clear Claimed Marks
[2024-07-18T17:08:12.337+0800][info][gc,marking  ] GC(93) Concurrent Clear Claimed Marks 0.007ms
[2024-07-18T17:08:12.337+0800][info][gc,marking  ] GC(93) Concurrent Scan Root Regions
[2024-07-18T17:08:12.337+0800][info][gc,marking  ] GC(93) Concurrent Scan Root Regions 0.023ms
[2024-07-18T17:08:12.337+0800][info][gc,marking  ] GC(93) Concurrent Mark
[2024-07-18T17:08:12.337+0800][info][gc,marking  ] GC(93) Concurrent Mark From Roots
[2024-07-18T17:08:12.337+0800][info][gc,task     ] GC(93) Using 3 workers of 3 for marking
[2024-07-18T17:08:12.339+0800][info][gc,marking  ] GC(93) Concurrent Mark From Roots 1.104ms
[2024-07-18T17:08:12.339+0800][info][gc,start    ] GC(94) Pause Young (Normal) (G1 Preventive Collection)
[2024-07-18T17:08:12.339+0800][info][gc,marking  ] GC(93) Concurrent Preclean
[2024-07-18T17:08:12.339+0800][info][gc,task     ] GC(94) Using 12 workers of 13 for evacuation
[2024-07-18T17:08:12.341+0800][info][gc,phases   ] GC(94)   Pre Evacuate Collection Set: 0.0ms
[2024-07-18T17:08:12.341+0800][info][gc,phases   ] GC(94)   Merge Heap Roots: 0.0ms
[2024-07-18T17:08:12.341+0800][info][gc,phases   ] GC(94)   Evacuate Collection Set: 0.8ms
[2024-07-18T17:08:12.341+0800][info][gc,phases   ] GC(94)   Post Evacuate Collection Set: 0.7ms
[2024-07-18T17:08:12.341+0800][info][gc,phases   ] GC(94)   Other: 0.1ms
[2024-07-18T17:08:12.341+0800][info][gc,heap     ] GC(94) Eden regions: 11->0(21)
[2024-07-18T17:08:12.341+0800][info][gc,heap     ] GC(94) Survivor regions: 0->4(4)
[2024-07-18T17:08:12.341+0800][info][gc,heap     ] GC(94) Old regions: 297->298
[2024-07-18T17:08:12.341+0800][info][gc,heap     ] GC(94) Archive regions: 0->0
[2024-07-18T17:08:12.341+0800][info][gc,heap     ] GC(94) Humongous regions: 199->195
[2024-07-18T17:08:12.341+0800][info][gc,metaspace] GC(94) Metaspace: 194K(384K)->194K(384K) NonClass: 187K(256K)->187K(256K) Class: 7K(128K)->7K(128K)
[2024-07-18T17:08:12.341+0800][info][gc          ] GC(94) Pause Young (Normal) (G1 Preventive Collection) 504M->494M(512M) 1.785ms
[2024-07-18T17:08:12.341+0800][info][gc,cpu      ] GC(94) User=0.00s Sys=0.00s Real=0.00s
[2024-07-18T17:08:12.341+0800][info][gc,marking  ] GC(93) Concurrent Preclean 1.846ms
[2024-07-18T17:08:12.341+0800][info][gc,start    ] GC(93) Pause Remark
[2024-07-18T17:08:12.341+0800][info][gc          ] GC(93) Pause Remark 496M->496M(512M) 0.237ms
[2024-07-18T17:08:12.341+0800][info][gc,cpu      ] GC(93) User=0.00s Sys=0.00s Real=0.00s
[2024-07-18T17:08:12.341+0800][info][gc,marking  ] GC(93) Concurrent Mark 3.365ms
[2024-07-18T17:08:12.341+0800][info][gc,marking  ] GC(93) Concurrent Rebuild Remembered Sets
[2024-07-18T17:08:12.341+0800][info][gc,start    ] GC(95) Pause Young (Normal) (G1 Preventive Collection)
[2024-07-18T17:08:12.341+0800][info][gc,task     ] GC(95) Using 12 workers of 13 for evacuation
[2024-07-18T17:08:12.341+0800][info][gc,phases   ] GC(95)   Pre Evacuate Collection Set: 0.0ms
[2024-07-18T17:08:12.341+0800][info][gc,phases   ] GC(95)   Merge Heap Roots: 0.1ms
[2024-07-18T17:08:12.341+0800][info][gc,phases   ] GC(95)   Evacuate Collection Set: 0.3ms
[2024-07-18T17:08:12.341+0800][info][gc,phases   ] GC(95)   Post Evacuate Collection Set: 0.1ms
[2024-07-18T17:08:12.341+0800][info][gc,phases   ] GC(95)   Other: 0.0ms
[2024-07-18T17:08:12.341+0800][info][gc,heap     ] GC(95) Eden regions: 3->0(24)
[2024-07-18T17:08:12.341+0800][info][gc,heap     ] GC(95) Survivor regions: 4->1(4)
[2024-07-18T17:08:12.341+0800][info][gc,heap     ] GC(95) Old regions: 298->303
[2024-07-18T17:08:12.341+0800][info][gc,heap     ] GC(95) Archive regions: 0->0
[2024-07-18T17:08:12.341+0800][info][gc,heap     ] GC(95) Humongous regions: 201->200
[2024-07-18T17:08:12.341+0800][info][gc,metaspace] GC(95) Metaspace: 194K(384K)->194K(384K) NonClass: 187K(256K)->187K(256K) Class: 7K(128K)->7K(128K)
[2024-07-18T17:08:12.341+0800][info][gc          ] GC(95) Pause Young (Normal) (G1 Preventive Collection) 503M->500M(512M) 0.577ms
[2024-07-18T17:08:12.341+0800][info][gc,cpu      ] GC(95) User=0.00s Sys=0.00s Real=0.00s
[2024-07-18T17:08:12.341+0800][info][gc,marking  ] GC(93) Concurrent Rebuild Remembered Sets 1.259ms
[2024-07-18T17:08:12.341+0800][info][gc,start    ] GC(93) Pause Cleanup
[2024-07-18T17:08:12.341+0800][info][gc          ] GC(93) Pause Cleanup 502M->502M(512M) 0.095ms
[2024-07-18T17:08:12.341+0800][info][gc,cpu      ] GC(93) User=0.00s Sys=0.00s Real=0.00s
[2024-07-18T17:08:12.341+0800][info][gc,marking  ] GC(93) Concurrent Cleanup for Next Mark
[2024-07-18T17:08:12.344+0800][info][gc,marking  ] GC(93) Concurrent Cleanup for Next Mark 0.360ms
[2024-07-18T17:08:12.344+0800][info][gc,start    ] GC(96) Pause Young (Prepare Mixed) (G1 Preventive Collection)
[2024-07-18T17:08:12.344+0800][info][gc,task     ] GC(96) Using 12 workers of 13 for evacuation
[2024-07-18T17:08:12.344+0800][info][gc,phases   ] GC(96)   Pre Evacuate Collection Set: 0.0ms
[2024-07-18T17:08:12.344+0800][info][gc,phases   ] GC(96)   Merge Heap Roots: 0.0ms
[2024-07-18T17:08:12.344+0800][info][gc,phases   ] GC(96)   Evacuate Collection Set: 0.1ms
[2024-07-18T17:08:12.344+0800][info][gc,phases   ] GC(96)   Post Evacuate Collection Set: 0.1ms
[2024-07-18T17:08:12.344+0800][info][gc,phases   ] GC(96)   Other: 0.0ms
[2024-07-18T17:08:12.344+0800][info][gc,heap     ] GC(96) Eden regions: 3->0(23)
[2024-07-18T17:08:12.344+0800][info][gc,heap     ] GC(96) Survivor regions: 1->2(3)
[2024-07-18T17:08:12.344+0800][info][gc,heap     ] GC(96) Old regions: 303->303
[2024-07-18T17:08:12.344+0800][info][gc,heap     ] GC(96) Archive regions: 0->0
[2024-07-18T17:08:12.344+0800][info][gc,heap     ] GC(96) Humongous regions: 202->199
[2024-07-18T17:08:12.344+0800][info][gc,metaspace] GC(96) Metaspace: 194K(384K)->194K(384K) NonClass: 187K(256K)->187K(256K) Class: 7K(128K)->7K(128K)
[2024-07-18T17:08:12.344+0800][info][gc          ] GC(96) Pause Young (Prepare Mixed) (G1 Preventive Collection) 505M->500M(512M) 0.365ms
[2024-07-18T17:08:12.344+0800][info][gc,cpu      ] GC(96) User=0.00s Sys=0.00s Real=0.00s
[2024-07-18T17:08:12.344+0800][info][gc          ] GC(93) Concurrent Mark Cycle 5.659ms
[2024-07-18T17:08:12.344+0800][info][gc,start    ] GC(97) Pause Young (Mixed) (G1 Preventive Collection)
[2024-07-18T17:08:12.344+0800][info][gc,task     ] GC(97) Using 12 workers of 13 for evacuation
[2024-07-18T17:08:12.344+0800][info][gc          ] GC(97) To-space exhausted
[2024-07-18T17:08:12.344+0800][info][gc,phases   ] GC(97)   Pre Evacuate Collection Set: 0.0ms
[2024-07-18T17:08:12.344+0800][info][gc,phases   ] GC(97)   Merge Heap Roots: 0.0ms
[2024-07-18T17:08:12.344+0800][info][gc,phases   ] GC(97)   Evacuate Collection Set: 0.3ms
[2024-07-18T17:08:12.344+0800][info][gc,phases   ] GC(97)   Post Evacuate Collection Set: 0.1ms
[2024-07-18T17:08:12.344+0800][info][gc,phases   ] GC(97)   Other: 0.1ms
[2024-07-18T17:08:12.344+0800][info][gc,heap     ] GC(97) Eden regions: 3->0(23)
[2024-07-18T17:08:12.344+0800][info][gc,heap     ] GC(97) Survivor regions: 2->2(4)
[2024-07-18T17:08:12.344+0800][info][gc,heap     ] GC(97) Old regions: 303->299
[2024-07-18T17:08:12.344+0800][info][gc,heap     ] GC(97) Archive regions: 0->0
[2024-07-18T17:08:12.344+0800][info][gc,heap     ] GC(97) Humongous regions: 200->199
[2024-07-18T17:08:12.344+0800][info][gc,metaspace] GC(97) Metaspace: 194K(384K)->194K(384K) NonClass: 187K(256K)->187K(256K) Class: 7K(128K)->7K(128K)
[2024-07-18T17:08:12.344+0800][info][gc          ] GC(97) Pause Young (Mixed) (G1 Preventive Collection) 504M->497M(512M) 0.566ms
[2024-07-18T17:08:12.344+0800][info][gc,cpu      ] GC(97) User=0.00s Sys=0.00s Real=0.00s
[2024-07-18T17:08:12.344+0800][info][gc,start    ] GC(98) Pause Young (Mixed) (G1 Preventive Collection)
[2024-07-18T17:08:12.344+0800][info][gc,task     ] GC(98) Using 12 workers of 13 for evacuation
[2024-07-18T17:08:12.346+0800][info][gc          ] GC(98) To-space exhausted
[2024-07-18T17:08:12.346+0800][info][gc,phases   ] GC(98)   Pre Evacuate Collection Set: 0.0ms
[2024-07-18T17:08:12.346+0800][info][gc,phases   ] GC(98)   Merge Heap Roots: 0.0ms
[2024-07-18T17:08:12.346+0800][info][gc,phases   ] GC(98)   Evacuate Collection Set: 0.6ms
[2024-07-18T17:08:12.346+0800][info][gc,phases   ] GC(98)   Post Evacuate Collection Set: 0.1ms
[2024-07-18T17:08:12.346+0800][info][gc,phases   ] GC(98)   Other: 0.1ms
[2024-07-18T17:08:12.346+0800][info][gc,heap     ] GC(98) Eden regions: 3->0(23)
[2024-07-18T17:08:12.346+0800][info][gc,heap     ] GC(98) Survivor regions: 2->2(4)
[2024-07-18T17:08:12.346+0800][info][gc,heap     ] GC(98) Old regions: 299->300
[2024-07-18T17:08:12.346+0800][info][gc,heap     ] GC(98) Archive regions: 0->0
[2024-07-18T17:08:12.346+0800][info][gc,heap     ] GC(98) Humongous regions: 199->199
[2024-07-18T17:08:12.346+0800][info][gc,metaspace] GC(98) Metaspace: 194K(384K)->194K(384K) NonClass: 187K(256K)->187K(256K) Class: 7K(128K)->7K(128K)
[2024-07-18T17:08:12.346+0800][info][gc          ] GC(98) Pause Young (Mixed) (G1 Preventive Collection) 500M->498M(512M) 0.905ms
[2024-07-18T17:08:12.346+0800][info][gc,cpu      ] GC(98) User=0.00s Sys=0.00s Real=0.00s
[2024-07-18T17:08:12.346+0800][info][gc,start    ] GC(99) Pause Young (Concurrent Start) (G1 Humongous Allocation)
[2024-07-18T17:08:12.346+0800][info][gc,task     ] GC(99) Using 12 workers of 13 for evacuation
[2024-07-18T17:08:12.346+0800][info][gc,phases   ] GC(99)   Pre Evacuate Collection Set: 0.0ms
[2024-07-18T17:08:12.346+0800][info][gc,phases   ] GC(99)   Merge Heap Roots: 0.0ms
[2024-07-18T17:08:12.346+0800][info][gc,phases   ] GC(99)   Evacuate Collection Set: 0.1ms
[2024-07-18T17:08:12.346+0800][info][gc,phases   ] GC(99)   Post Evacuate Collection Set: 0.1ms
[2024-07-18T17:08:12.346+0800][info][gc,phases   ] GC(99)   Other: 0.1ms
[2024-07-18T17:08:12.346+0800][info][gc,heap     ] GC(99) Eden regions: 1->0(23)
[2024-07-18T17:08:12.346+0800][info][gc,heap     ] GC(99) Survivor regions: 2->2(4)
[2024-07-18T17:08:12.346+0800][info][gc,heap     ] GC(99) Old regions: 300->300
[2024-07-18T17:08:12.346+0800][info][gc,heap     ] GC(99) Archive regions: 0->0
[2024-07-18T17:08:12.346+0800][info][gc,heap     ] GC(99) Humongous regions: 199->199
[2024-07-18T17:08:12.346+0800][info][gc,metaspace] GC(99) Metaspace: 194K(384K)->194K(384K) NonClass: 187K(256K)->187K(256K) Class: 7K(128K)->7K(128K)
[2024-07-18T17:08:12.346+0800][info][gc          ] GC(99) Pause Young (Concurrent Start) (G1 Humongous Allocation) 498M->498M(512M) 0.367ms
[2024-07-18T17:08:12.346+0800][info][gc,cpu      ] GC(99) User=0.00s Sys=0.00s Real=0.00s
[2024-07-18T17:08:12.346+0800][info][gc          ] GC(100) Concurrent Mark Cycle
[2024-07-18T17:08:12.346+0800][info][gc,marking  ] GC(100) Concurrent Clear Claimed Marks
[2024-07-18T17:08:12.346+0800][info][gc,marking  ] GC(100) Concurrent Clear Claimed Marks 0.007ms
[2024-07-18T17:08:12.346+0800][info][gc,marking  ] GC(100) Concurrent Scan Root Regions
[2024-07-18T17:08:12.346+0800][info][gc,marking  ] GC(100) Concurrent Scan Root Regions 0.019ms
[2024-07-18T17:08:12.346+0800][info][gc,marking  ] GC(100) Concurrent Mark
[2024-07-18T17:08:12.346+0800][info][gc,marking  ] GC(100) Concurrent Mark From Roots
[2024-07-18T17:08:12.346+0800][info][gc,task     ] GC(100) Using 3 workers of 3 for marking
[2024-07-18T17:08:12.346+0800][info][gc,start    ] GC(101) Pause Young (Normal) (G1 Preventive Collection)
[2024-07-18T17:08:12.346+0800][info][gc,task     ] GC(101) Using 12 workers of 13 for evacuation
[2024-07-18T17:08:12.346+0800][info][gc,phases   ] GC(101)   Pre Evacuate Collection Set: 0.0ms
[2024-07-18T17:08:12.346+0800][info][gc,phases   ] GC(101)   Merge Heap Roots: 0.0ms
[2024-07-18T17:08:12.346+0800][info][gc,phases   ] GC(101)   Evacuate Collection Set: 0.2ms
[2024-07-18T17:08:12.346+0800][info][gc,phases   ] GC(101)   Post Evacuate Collection Set: 0.1ms
[2024-07-18T17:08:12.346+0800][info][gc,phases   ] GC(101)   Other: 0.0ms
[2024-07-18T17:08:12.346+0800][info][gc,heap     ] GC(101) Eden regions: 4->0(22)
[2024-07-18T17:08:12.346+0800][info][gc,heap     ] GC(101) Survivor regions: 2->3(4)
[2024-07-18T17:08:12.346+0800][info][gc,heap     ] GC(101) Old regions: 300->300
[2024-07-18T17:08:12.346+0800][info][gc,heap     ] GC(101) Archive regions: 0->0
[2024-07-18T17:08:12.346+0800][info][gc,heap     ] GC(101) Humongous regions: 202->198
[2024-07-18T17:08:12.346+0800][info][gc,metaspace] GC(101) Metaspace: 194K(384K)->194K(384K) NonClass: 187K(256K)->187K(256K) Class: 7K(128K)->7K(128K)
[2024-07-18T17:08:12.346+0800][info][gc          ] GC(101) Pause Young (Normal) (G1 Preventive Collection) 505M->498M(512M) 0.434ms
[2024-07-18T17:08:12.346+0800][info][gc,cpu      ] GC(101) User=0.00s Sys=0.00s Real=0.00s
[2024-07-18T17:08:12.346+0800][info][gc,marking  ] GC(100) Concurrent Mark From Roots 1.216ms
[2024-07-18T17:08:12.346+0800][info][gc,marking  ] GC(100) Concurrent Preclean
[2024-07-18T17:08:12.346+0800][info][gc,start    ] GC(102) Pause Young (Normal) (G1 Preventive Collection)
[2024-07-18T17:08:12.346+0800][info][gc,task     ] GC(102) Using 12 workers of 13 for evacuation
[2024-07-18T17:08:12.348+0800][info][gc          ] GC(102) To-space exhausted
[2024-07-18T17:08:12.348+0800][info][gc,phases   ] GC(102)   Pre Evacuate Collection Set: 0.0ms
[2024-07-18T17:08:12.348+0800][info][gc,phases   ] GC(102)   Merge Heap Roots: 0.0ms
[2024-07-18T17:08:12.348+0800][info][gc,phases   ] GC(102)   Evacuate Collection Set: 0.2ms
[2024-07-18T17:08:12.348+0800][info][gc,phases   ] GC(102)   Post Evacuate Collection Set: 0.1ms
[2024-07-18T17:08:12.348+0800][info][gc,phases   ] GC(102)   Other: 0.1ms
[2024-07-18T17:08:12.348+0800][info][gc,heap     ] GC(102) Eden regions: 5->0(22)
[2024-07-18T17:08:12.348+0800][info][gc,heap     ] GC(102) Survivor regions: 3->3(4)
[2024-07-18T17:08:12.348+0800][info][gc,heap     ] GC(102) Old regions: 300->303
[2024-07-18T17:08:12.348+0800][info][gc,heap     ] GC(102) Archive regions: 0->0
[2024-07-18T17:08:12.348+0800][info][gc,heap     ] GC(102) Humongous regions: 200->196
[2024-07-18T17:08:12.348+0800][info][gc,metaspace] GC(102) Metaspace: 194K(384K)->194K(384K) NonClass: 187K(256K)->187K(256K) Class: 7K(128K)->7K(128K)
[2024-07-18T17:08:12.348+0800][info][gc          ] GC(102) Pause Young (Normal) (G1 Preventive Collection) 505M->499M(512M) 0.410ms
[2024-07-18T17:08:12.348+0800][info][gc,cpu      ] GC(102) User=0.00s Sys=0.00s Real=0.00s
[2024-07-18T17:08:12.348+0800][info][gc,marking  ] GC(100) Concurrent Preclean 0.499ms
[2024-07-18T17:08:12.348+0800][info][gc,start    ] GC(100) Pause Remark
[2024-07-18T17:08:12.348+0800][info][gc          ] GC(100) Pause Remark 502M->502M(512M) 0.183ms
[2024-07-18T17:08:12.348+0800][info][gc,cpu      ] GC(100) User=0.00s Sys=0.00s Real=0.00s
[2024-07-18T17:08:12.348+0800][info][gc,marking  ] GC(100) Concurrent Mark 2.001ms
[2024-07-18T17:08:12.348+0800][info][gc,marking  ] GC(100) Concurrent Rebuild Remembered Sets
[2024-07-18T17:08:12.348+0800][info][gc,start    ] GC(103) Pause Young (Normal) (G1 Preventive Collection)
[2024-07-18T17:08:12.348+0800][info][gc,task     ] GC(103) Using 12 workers of 13 for evacuation
[2024-07-18T17:08:12.348+0800][info][gc          ] GC(103) To-space exhausted
[2024-07-18T17:08:12.348+0800][info][gc,phases   ] GC(103)   Pre Evacuate Collection Set: 0.0ms
[2024-07-18T17:08:12.348+0800][info][gc,phases   ] GC(103)   Merge Heap Roots: 0.1ms
[2024-07-18T17:08:12.348+0800][info][gc,phases   ] GC(103)   Evacuate Collection Set: 0.2ms
[2024-07-18T17:08:12.348+0800][info][gc,phases   ] GC(103)   Post Evacuate Collection Set: 0.1ms
[2024-07-18T17:08:12.348+0800][info][gc,phases   ] GC(103)   Other: 0.1ms
[2024-07-18T17:08:12.348+0800][info][gc,heap     ] GC(103) Eden regions: 3->0(23)
[2024-07-18T17:08:12.348+0800][info][gc,heap     ] GC(103) Survivor regions: 3->2(4)
[2024-07-18T17:08:12.348+0800][info][gc,heap     ] GC(103) Old regions: 303->306
[2024-07-18T17:08:12.348+0800][info][gc,heap     ] GC(103) Archive regions: 0->0
[2024-07-18T17:08:12.348+0800][info][gc,heap     ] GC(103) Humongous regions: 199->198
[2024-07-18T17:08:12.348+0800][info][gc,metaspace] GC(103) Metaspace: 194K(384K)->194K(384K) NonClass: 187K(256K)->187K(256K) Class: 7K(128K)->7K(128K)
[2024-07-18T17:08:12.348+0800][info][gc          ] GC(103) Pause Young (Normal) (G1 Preventive Collection) 505M->503M(512M) 0.421ms
[2024-07-18T17:08:12.348+0800][info][gc,cpu      ] GC(103) User=0.00s Sys=0.00s Real=0.00s
[2024-07-18T17:08:12.348+0800][info][gc,start    ] GC(104) Pause Young (Normal) (G1 Preventive Collection)
[2024-07-18T17:08:12.348+0800][info][gc,task     ] GC(104) Using 12 workers of 13 for evacuation
[2024-07-18T17:08:12.348+0800][info][gc,phases   ] GC(104)   Pre Evacuate Collection Set: 0.0ms
[2024-07-18T17:08:12.348+0800][info][gc,phases   ] GC(104)   Merge Heap Roots: 0.0ms
[2024-07-18T17:08:12.348+0800][info][gc,phases   ] GC(104)   Evacuate Collection Set: 0.1ms
[2024-07-18T17:08:12.348+0800][info][gc,phases   ] GC(104)   Post Evacuate Collection Set: 0.1ms
[2024-07-18T17:08:12.348+0800][info][gc,phases   ] GC(104)   Other: 0.0ms
[2024-07-18T17:08:12.348+0800][info][gc,heap     ] GC(104) Eden regions: 2->0(22)
[2024-07-18T17:08:12.348+0800][info][gc,heap     ] GC(104) Survivor regions: 2->3(3)
[2024-07-18T17:08:12.348+0800][info][gc,heap     ] GC(104) Old regions: 306->306
[2024-07-18T17:08:12.348+0800][info][gc,heap     ] GC(104) Archive regions: 0->0
[2024-07-18T17:08:12.348+0800][info][gc,heap     ] GC(104) Humongous regions: 199->199
[2024-07-18T17:08:12.348+0800][info][gc,metaspace] GC(104) Metaspace: 194K(384K)->194K(384K) NonClass: 187K(256K)->187K(256K) Class: 7K(128K)->7K(128K)
[2024-07-18T17:08:12.348+0800][info][gc          ] GC(104) Pause Young (Normal) (G1 Preventive Collection) 506M->504M(512M) 0.336ms
[2024-07-18T17:08:12.348+0800][info][gc,cpu      ] GC(104) User=0.00s Sys=0.00s Real=0.00s
[2024-07-18T17:08:12.348+0800][info][gc,start    ] GC(105) Pause Young (Normal) (G1 Preventive Collection)
[2024-07-18T17:08:12.348+0800][info][gc,task     ] GC(105) Using 12 workers of 13 for evacuation
[2024-07-18T17:08:12.348+0800][info][gc,phases   ] GC(105)   Pre Evacuate Collection Set: 0.0ms
[2024-07-18T17:08:12.348+0800][info][gc,phases   ] GC(105)   Merge Heap Roots: 0.0ms
[2024-07-18T17:08:12.348+0800][info][gc,phases   ] GC(105)   Evacuate Collection Set: 0.1ms
[2024-07-18T17:08:12.348+0800][info][gc,phases   ] GC(105)   Post Evacuate Collection Set: 0.1ms
[2024-07-18T17:08:12.348+0800][info][gc,phases   ] GC(105)   Other: 0.0ms
[2024-07-18T17:08:12.348+0800][info][gc,heap     ] GC(105) Eden regions: 1->0(24)
[2024-07-18T17:08:12.348+0800][info][gc,heap     ] GC(105) Survivor regions: 3->1(3)
[2024-07-18T17:08:12.348+0800][info][gc,heap     ] GC(105) Old regions: 306->308
[2024-07-18T17:08:12.348+0800][info][gc,heap     ] GC(105) Archive regions: 0->0
[2024-07-18T17:08:12.348+0800][info][gc,heap     ] GC(105) Humongous regions: 199->198
[2024-07-18T17:08:12.348+0800][info][gc,metaspace] GC(105) Metaspace: 194K(384K)->194K(384K) NonClass: 187K(256K)->187K(256K) Class: 7K(128K)->7K(128K)
[2024-07-18T17:08:12.348+0800][info][gc          ] GC(105) Pause Young (Normal) (G1 Preventive Collection) 505M->504M(512M) 0.289ms
[2024-07-18T17:08:12.348+0800][info][gc,cpu      ] GC(105) User=0.00s Sys=0.00s Real=0.00s
[2024-07-18T17:08:12.348+0800][info][gc,marking  ] GC(100) Concurrent Rebuild Remembered Sets 1.678ms
[2024-07-18T17:08:12.348+0800][info][gc,start    ] GC(100) Pause Cleanup
[2024-07-18T17:08:12.348+0800][info][gc          ] GC(100) Pause Cleanup 507M->507M(512M) 0.089ms
[2024-07-18T17:08:12.348+0800][info][gc,cpu      ] GC(100) User=0.00s Sys=0.00s Real=0.00s
[2024-07-18T17:08:12.348+0800][info][gc,marking  ] GC(100) Concurrent Cleanup for Next Mark
[2024-07-18T17:08:12.348+0800][info][gc,start    ] GC(106) Pause Young (Prepare Mixed) (G1 Preventive Collection)
[2024-07-18T17:08:12.348+0800][info][gc,task     ] GC(106) Using 12 workers of 13 for evacuation
[2024-07-18T17:08:12.348+0800][info][gc,phases   ] GC(106)   Pre Evacuate Collection Set: 0.0ms
[2024-07-18T17:08:12.348+0800][info][gc,phases   ] GC(106)   Merge Heap Roots: 0.0ms
[2024-07-18T17:08:12.348+0800][info][gc,phases   ] GC(106)   Evacuate Collection Set: 0.1ms
[2024-07-18T17:08:12.348+0800][info][gc,phases   ] GC(106)   Post Evacuate Collection Set: 0.1ms
[2024-07-18T17:08:12.348+0800][info][gc,phases   ] GC(106)   Other: 0.0ms
[2024-07-18T17:08:12.348+0800][info][gc,heap     ] GC(106) Eden regions: 1->0(23)
[2024-07-18T17:08:12.348+0800][info][gc,heap     ] GC(106) Survivor regions: 1->2(2)
[2024-07-18T17:08:12.348+0800][info][gc,heap     ] GC(106) Old regions: 308->308
[2024-07-18T17:08:12.348+0800][info][gc,heap     ] GC(106) Archive regions: 0->0
[2024-07-18T17:08:12.348+0800][info][gc,heap     ] GC(106) Humongous regions: 200->199
[2024-07-18T17:08:12.348+0800][info][gc,metaspace] GC(106) Metaspace: 194K(384K)->194K(384K) NonClass: 187K(256K)->187K(256K) Class: 7K(128K)->7K(128K)
[2024-07-18T17:08:12.348+0800][info][gc          ] GC(106) Pause Young (Prepare Mixed) (G1 Preventive Collection) 507M->505M(512M) 0.297ms
[2024-07-18T17:08:12.348+0800][info][gc,cpu      ] GC(106) User=0.00s Sys=0.00s Real=0.00s
[2024-07-18T17:08:12.348+0800][info][gc,start    ] GC(107) Pause Young (Mixed) (G1 Preventive Collection)
[2024-07-18T17:08:12.348+0800][info][gc,task     ] GC(107) Using 12 workers of 13 for evacuation
[2024-07-18T17:08:12.348+0800][info][gc          ] GC(107) To-space exhausted
[2024-07-18T17:08:12.348+0800][info][gc,phases   ] GC(107)   Pre Evacuate Collection Set: 0.0ms
[2024-07-18T17:08:12.348+0800][info][gc,phases   ] GC(107)   Merge Heap Roots: 0.0ms
[2024-07-18T17:08:12.348+0800][info][gc,phases   ] GC(107)   Evacuate Collection Set: 0.1ms
[2024-07-18T17:08:12.348+0800][info][gc,phases   ] GC(107)   Post Evacuate Collection Set: 0.1ms
[2024-07-18T17:08:12.348+0800][info][gc,phases   ] GC(107)   Other: 0.0ms
[2024-07-18T17:08:12.348+0800][info][gc,heap     ] GC(107) Eden regions: 1->0(24)
[2024-07-18T17:08:12.348+0800][info][gc,heap     ] GC(107) Survivor regions: 2->1(2)
[2024-07-18T17:08:12.348+0800][info][gc,heap     ] GC(107) Old regions: 308->308
[2024-07-18T17:08:12.348+0800][info][gc,heap     ] GC(107) Archive regions: 0->0
[2024-07-18T17:08:12.348+0800][info][gc,heap     ] GC(107) Humongous regions: 199->199
[2024-07-18T17:08:12.348+0800][info][gc,metaspace] GC(107) Metaspace: 194K(384K)->194K(384K) NonClass: 187K(256K)->187K(256K) Class: 7K(128K)->7K(128K)
[2024-07-18T17:08:12.348+0800][info][gc          ] GC(107) Pause Young (Mixed) (G1 Preventive Collection) 506M->504M(512M) 0.364ms
[2024-07-18T17:08:12.348+0800][info][gc,cpu      ] GC(107) User=0.00s Sys=0.00s Real=0.00s
[2024-07-18T17:08:12.348+0800][info][gc,start    ] GC(108) Pause Young (Mixed) (G1 Preventive Collection)
[2024-07-18T17:08:12.348+0800][info][gc,task     ] GC(108) Using 12 workers of 13 for evacuation
[2024-07-18T17:08:12.348+0800][info][gc          ] GC(108) To-space exhausted
[2024-07-18T17:08:12.348+0800][info][gc,phases   ] GC(108)   Pre Evacuate Collection Set: 0.0ms
[2024-07-18T17:08:12.348+0800][info][gc,phases   ] GC(108)   Merge Heap Roots: 0.0ms
[2024-07-18T17:08:12.348+0800][info][gc,phases   ] GC(108)   Evacuate Collection Set: 0.2ms
[2024-07-18T17:08:12.348+0800][info][gc,phases   ] GC(108)   Post Evacuate Collection Set: 0.1ms
[2024-07-18T17:08:12.348+0800][info][gc,phases   ] GC(108)   Other: 0.1ms
[2024-07-18T17:08:12.348+0800][info][gc,heap     ] GC(108) Eden regions: 0->0(24)
[2024-07-18T17:08:12.348+0800][info][gc,heap     ] GC(108) Survivor regions: 1->1(3)
[2024-07-18T17:08:12.348+0800][info][gc,heap     ] GC(108) Old regions: 308->310
[2024-07-18T17:08:12.348+0800][info][gc,heap     ] GC(108) Archive regions: 0->0
[2024-07-18T17:08:12.348+0800][info][gc,heap     ] GC(108) Humongous regions: 200->199
[2024-07-18T17:08:12.348+0800][info][gc,metaspace] GC(108) Metaspace: 194K(384K)->194K(384K) NonClass: 187K(256K)->187K(256K) Class: 7K(128K)->7K(128K)
[2024-07-18T17:08:12.348+0800][info][gc          ] GC(108) Pause Young (Mixed) (G1 Preventive Collection) 505M->506M(512M) 0.520ms
[2024-07-18T17:08:12.348+0800][info][gc,cpu      ] GC(108) User=0.00s Sys=0.00s Real=0.00s
[2024-07-18T17:08:12.348+0800][info][gc,marking  ] GC(100) Concurrent Cleanup for Next Mark 1.585ms
[2024-07-18T17:08:12.348+0800][info][gc          ] GC(100) Concurrent Mark Cycle 5.521ms
[2024-07-18T17:08:12.348+0800][info][gc,start    ] GC(109) Pause Young (Normal) (G1 Preventive Collection)
[2024-07-18T17:08:12.348+0800][info][gc,task     ] GC(109) Using 12 workers of 13 for evacuation
[2024-07-18T17:08:12.348+0800][info][gc          ] GC(109) To-space exhausted
[2024-07-18T17:08:12.348+0800][info][gc,phases   ] GC(109)   Pre Evacuate Collection Set: 0.0ms
[2024-07-18T17:08:12.348+0800][info][gc,phases   ] GC(109)   Merge Heap Roots: 0.0ms
[2024-07-18T17:08:12.348+0800][info][gc,phases   ] GC(109)   Evacuate Collection Set: 0.1ms
[2024-07-18T17:08:12.348+0800][info][gc,phases   ] GC(109)   Post Evacuate Collection Set: 0.1ms
[2024-07-18T17:08:12.348+0800][info][gc,phases   ] GC(109)   Other: 0.0ms
[2024-07-18T17:08:12.348+0800][info][gc,heap     ] GC(109) Eden regions: 1->0(24)
[2024-07-18T17:08:12.348+0800][info][gc,heap     ] GC(109) Survivor regions: 1->1(1)
[2024-07-18T17:08:12.348+0800][info][gc,heap     ] GC(109) Old regions: 310->311
[2024-07-18T17:08:12.348+0800][info][gc,heap     ] GC(109) Archive regions: 0->0
[2024-07-18T17:08:12.348+0800][info][gc,heap     ] GC(109) Humongous regions: 199->198
[2024-07-18T17:08:12.348+0800][info][gc,metaspace] GC(109) Metaspace: 194K(384K)->194K(384K) NonClass: 187K(256K)->187K(256K) Class: 7K(128K)->7K(128K)
[2024-07-18T17:08:12.348+0800][info][gc          ] GC(109) Pause Young (Normal) (G1 Preventive Collection) 507M->506M(512M) 0.295ms
[2024-07-18T17:08:12.348+0800][info][gc,cpu      ] GC(109) User=0.00s Sys=0.00s Real=0.00s
[2024-07-18T17:08:12.348+0800][info][gc,start    ] GC(110) Pause Young (Concurrent Start) (G1 Humongous Allocation)
[2024-07-18T17:08:12.348+0800][info][gc,task     ] GC(110) Using 12 workers of 13 for evacuation
[2024-07-18T17:08:12.353+0800][info][gc,phases   ] GC(110)   Pre Evacuate Collection Set: 0.0ms
[2024-07-18T17:08:12.353+0800][info][gc,phases   ] GC(110)   Merge Heap Roots: 0.0ms
[2024-07-18T17:08:12.353+0800][info][gc,phases   ] GC(110)   Evacuate Collection Set: 0.1ms
[2024-07-18T17:08:12.353+0800][info][gc,phases   ] GC(110)   Post Evacuate Collection Set: 0.1ms
[2024-07-18T17:08:12.353+0800][info][gc,phases   ] GC(110)   Other: 0.1ms
[2024-07-18T17:08:12.353+0800][info][gc,heap     ] GC(110) Eden regions: 1->0(24)
[2024-07-18T17:08:12.353+0800][info][gc,heap     ] GC(110) Survivor regions: 1->1(1)
[2024-07-18T17:08:12.353+0800][info][gc,heap     ] GC(110) Old regions: 311->311
[2024-07-18T17:08:12.353+0800][info][gc,heap     ] GC(110) Archive regions: 0->0
[2024-07-18T17:08:12.353+0800][info][gc,heap     ] GC(110) Humongous regions: 198->198
[2024-07-18T17:08:12.353+0800][info][gc,metaspace] GC(110) Metaspace: 194K(384K)->194K(384K) NonClass: 187K(256K)->187K(256K) Class: 7K(128K)->7K(128K)
[2024-07-18T17:08:12.353+0800][info][gc          ] GC(110) Pause Young (Concurrent Start) (G1 Humongous Allocation) 507M->506M(512M) 0.353ms
[2024-07-18T17:08:12.353+0800][info][gc,cpu      ] GC(110) User=0.00s Sys=0.00s Real=0.00s
[2024-07-18T17:08:12.353+0800][info][gc          ] GC(111) Concurrent Mark Cycle
[2024-07-18T17:08:12.353+0800][info][gc,marking  ] GC(111) Concurrent Clear Claimed Marks
[2024-07-18T17:08:12.353+0800][info][gc,marking  ] GC(111) Concurrent Clear Claimed Marks 0.007ms
[2024-07-18T17:08:12.353+0800][info][gc,marking  ] GC(111) Concurrent Scan Root Regions
[2024-07-18T17:08:12.353+0800][info][gc,marking  ] GC(111) Concurrent Scan Root Regions 0.021ms
[2024-07-18T17:08:12.353+0800][info][gc,start    ] GC(112) Pause Young (Normal) (G1 Preventive Collection)
[2024-07-18T17:08:12.353+0800][info][gc,marking  ] GC(111) Concurrent Mark
[2024-07-18T17:08:12.353+0800][info][gc,task     ] GC(112) Using 12 workers of 13 for evacuation
[2024-07-18T17:08:12.353+0800][info][gc,marking  ] GC(111) Concurrent Mark From Roots
[2024-07-18T17:08:12.353+0800][info][gc,task     ] GC(111) Using 3 workers of 3 for marking
[2024-07-18T17:08:12.353+0800][info][gc,phases   ] GC(112)   Pre Evacuate Collection Set: 0.1ms
[2024-07-18T17:08:12.353+0800][info][gc,phases   ] GC(112)   Merge Heap Roots: 0.0ms
[2024-07-18T17:08:12.353+0800][info][gc,phases   ] GC(112)   Evacuate Collection Set: 0.1ms
[2024-07-18T17:08:12.353+0800][info][gc,phases   ] GC(112)   Post Evacuate Collection Set: 0.1ms
[2024-07-18T17:08:12.353+0800][info][gc,phases   ] GC(112)   Other: 0.1ms
[2024-07-18T17:08:12.353+0800][info][gc,heap     ] GC(112) Eden regions: 0->0(24)
[2024-07-18T17:08:12.353+0800][info][gc,heap     ] GC(112) Survivor regions: 1->1(2)
[2024-07-18T17:08:12.353+0800][info][gc,heap     ] GC(112) Old regions: 311->311
[2024-07-18T17:08:12.353+0800][info][gc,heap     ] GC(112) Archive regions: 0->0
[2024-07-18T17:08:12.353+0800][info][gc,heap     ] GC(112) Humongous regions: 198->198
[2024-07-18T17:08:12.353+0800][info][gc,metaspace] GC(112) Metaspace: 194K(384K)->194K(384K) NonClass: 187K(256K)->187K(256K) Class: 7K(128K)->7K(128K)
[2024-07-18T17:08:12.353+0800][info][gc          ] GC(112) Pause Young (Normal) (G1 Preventive Collection) 506M->506M(512M) 0.295ms
[2024-07-18T17:08:12.353+0800][info][gc,cpu      ] GC(112) User=0.00s Sys=0.00s Real=0.00s
[2024-07-18T17:08:12.353+0800][info][gc,start    ] GC(113) Pause Young (Normal) (G1 Preventive Collection)
[2024-07-18T17:08:12.353+0800][info][gc,task     ] GC(113) Using 12 workers of 13 for evacuation
[2024-07-18T17:08:12.353+0800][info][gc,phases   ] GC(113)   Pre Evacuate Collection Set: 0.0ms
[2024-07-18T17:08:12.353+0800][info][gc,phases   ] GC(113)   Merge Heap Roots: 0.0ms
[2024-07-18T17:08:12.353+0800][info][gc,phases   ] GC(113)   Evacuate Collection Set: 0.1ms
[2024-07-18T17:08:12.353+0800][info][gc,phases   ] GC(113)   Post Evacuate Collection Set: 0.1ms
[2024-07-18T17:08:12.353+0800][info][gc,phases   ] GC(113)   Other: 0.0ms
[2024-07-18T17:08:12.353+0800][info][gc,heap     ] GC(113) Eden regions: 0->0(24)
[2024-07-18T17:08:12.353+0800][info][gc,heap     ] GC(113) Survivor regions: 1->1(1)
[2024-07-18T17:08:12.353+0800][info][gc,heap     ] GC(113) Old regions: 311->311
[2024-07-18T17:08:12.353+0800][info][gc,heap     ] GC(113) Archive regions: 0->0
[2024-07-18T17:08:12.353+0800][info][gc,heap     ] GC(113) Humongous regions: 199->198
[2024-07-18T17:08:12.353+0800][info][gc,metaspace] GC(113) Metaspace: 194K(384K)->194K(384K) NonClass: 187K(256K)->187K(256K) Class: 7K(128K)->7K(128K)
[2024-07-18T17:08:12.353+0800][info][gc          ] GC(113) Pause Young (Normal) (G1 Preventive Collection) 507M->506M(512M) 0.264ms
[2024-07-18T17:08:12.353+0800][info][gc,cpu      ] GC(113) User=0.00s Sys=0.00s Real=0.00s
[2024-07-18T17:08:12.353+0800][info][gc,start    ] GC(114) Pause Young (Normal) (G1 Preventive Collection)
[2024-07-18T17:08:12.353+0800][info][gc,task     ] GC(114) Using 12 workers of 13 for evacuation
[2024-07-18T17:08:12.353+0800][info][gc          ] GC(114) To-space exhausted
[2024-07-18T17:08:12.353+0800][info][gc,phases   ] GC(114)   Pre Evacuate Collection Set: 0.0ms
[2024-07-18T17:08:12.353+0800][info][gc,phases   ] GC(114)   Merge Heap Roots: 0.0ms
[2024-07-18T17:08:12.353+0800][info][gc,phases   ] GC(114)   Evacuate Collection Set: 0.1ms
[2024-07-18T17:08:12.353+0800][info][gc,phases   ] GC(114)   Post Evacuate Collection Set: 0.1ms
[2024-07-18T17:08:12.353+0800][info][gc,phases   ] GC(114)   Other: 0.0ms
[2024-07-18T17:08:12.353+0800][info][gc,heap     ] GC(114) Eden regions: 1->0(24)
[2024-07-18T17:08:12.353+0800][info][gc,heap     ] GC(114) Survivor regions: 1->1(1)
[2024-07-18T17:08:12.353+0800][info][gc,heap     ] GC(114) Old regions: 311->312
[2024-07-18T17:08:12.353+0800][info][gc,heap     ] GC(114) Archive regions: 0->0
[2024-07-18T17:08:12.353+0800][info][gc,heap     ] GC(114) Humongous regions: 198->198
[2024-07-18T17:08:12.353+0800][info][gc,metaspace] GC(114) Metaspace: 194K(384K)->194K(384K) NonClass: 187K(256K)->187K(256K) Class: 7K(128K)->7K(128K)
[2024-07-18T17:08:12.353+0800][info][gc          ] GC(114) Pause Young (Normal) (G1 Preventive Collection) 507M->507M(512M) 0.283ms
[2024-07-18T17:08:12.353+0800][info][gc,cpu      ] GC(114) User=0.00s Sys=0.00s Real=0.00s
[2024-07-18T17:08:12.353+0800][info][gc,start    ] GC(115) Pause Young (Normal) (G1 Evacuation Pause)
[2024-07-18T17:08:12.353+0800][info][gc,task     ] GC(115) Using 12 workers of 13 for evacuation
[2024-07-18T17:08:12.353+0800][info][gc          ] GC(115) To-space exhausted
[2024-07-18T17:08:12.353+0800][info][gc,phases   ] GC(115)   Pre Evacuate Collection Set: 0.0ms
[2024-07-18T17:08:12.353+0800][info][gc,phases   ] GC(115)   Merge Heap Roots: 0.0ms
[2024-07-18T17:08:12.353+0800][info][gc,phases   ] GC(115)   Evacuate Collection Set: 0.0ms
[2024-07-18T17:08:12.353+0800][info][gc,phases   ] GC(115)   Post Evacuate Collection Set: 0.1ms
[2024-07-18T17:08:12.353+0800][info][gc,phases   ] GC(115)   Other: 0.0ms
[2024-07-18T17:08:12.353+0800][info][gc,heap     ] GC(115) Eden regions: 0->0(25)
[2024-07-18T17:08:12.353+0800][info][gc,heap     ] GC(115) Survivor regions: 1->0(0)
[2024-07-18T17:08:12.353+0800][info][gc,heap     ] GC(115) Old regions: 312->313
[2024-07-18T17:08:12.353+0800][info][gc,heap     ] GC(115) Archive regions: 0->0
[2024-07-18T17:08:12.353+0800][info][gc,heap     ] GC(115) Humongous regions: 199->199
[2024-07-18T17:08:12.353+0800][info][gc,metaspace] GC(115) Metaspace: 194K(384K)->194K(384K) NonClass: 187K(256K)->187K(256K) Class: 7K(128K)->7K(128K)
[2024-07-18T17:08:12.353+0800][info][gc          ] GC(115) Pause Young (Normal) (G1 Evacuation Pause) 508M->508M(512M) 0.253ms
[2024-07-18T17:08:12.353+0800][info][gc,cpu      ] GC(115) User=0.00s Sys=0.00s Real=0.00s
[2024-07-18T17:08:12.353+0800][info][gc,ergo     ] Attempting full compaction
[2024-07-18T17:08:12.353+0800][info][gc,task     ] GC(116) Using 12 workers of 13 for full compaction
[2024-07-18T17:08:12.353+0800][info][gc,start    ] GC(116) Pause Full (G1 Compaction Pause)
[2024-07-18T17:08:12.353+0800][info][gc,phases,start] GC(116) Phase 1: Mark live objects
[2024-07-18T17:08:12.353+0800][info][gc,phases      ] GC(116) Phase 1: Mark live objects 0.362ms
[2024-07-18T17:08:12.353+0800][info][gc,phases,start] GC(116) Phase 2: Prepare for compaction
[2024-07-18T17:08:12.353+0800][info][gc,phases      ] GC(116) Phase 2: Prepare for compaction 0.153ms
[2024-07-18T17:08:12.353+0800][info][gc,phases,start] GC(116) Phase 3: Adjust pointers
[2024-07-18T17:08:12.353+0800][info][gc,phases      ] GC(116) Phase 3: Adjust pointers 0.151ms
[2024-07-18T17:08:12.353+0800][info][gc,phases,start] GC(116) Phase 4: Compact heap
[2024-07-18T17:08:12.369+0800][info][gc,phases      ] GC(116) Phase 4: Compact heap 13.568ms
[2024-07-18T17:08:12.369+0800][info][gc,heap        ] GC(116) Eden regions: 0->0(25)
[2024-07-18T17:08:12.369+0800][info][gc,heap        ] GC(116) Survivor regions: 0->0(0)
[2024-07-18T17:08:12.369+0800][info][gc,heap        ] GC(116) Old regions: 313->235
[2024-07-18T17:08:12.369+0800][info][gc,heap        ] GC(116) Archive regions: 0->0
[2024-07-18T17:08:12.369+0800][info][gc,heap        ] GC(116) Humongous regions: 199->199
[2024-07-18T17:08:12.369+0800][info][gc,metaspace   ] GC(116) Metaspace: 194K(384K)->194K(384K) NonClass: 187K(256K)->187K(256K) Class: 7K(128K)->7K(128K)
[2024-07-18T17:08:12.369+0800][info][gc             ] GC(116) Pause Full (G1 Compaction Pause) 508M->406M(512M) 15.048ms
[2024-07-18T17:08:12.369+0800][info][gc,cpu         ] GC(116) User=0.00s Sys=0.00s Real=0.02s
[2024-07-18T17:08:12.369+0800][info][gc,marking     ] GC(111) Concurrent Mark From Roots 16.901ms
[2024-07-18T17:08:12.369+0800][info][gc,marking     ] GC(111) Concurrent Mark Abort
[2024-07-18T17:08:12.369+0800][info][gc             ] GC(111) Concurrent Mark Cycle 17.026ms
[2024-07-18T17:08:12.369+0800][info][gc,start       ] GC(117) Pause Young (Concurrent Start) (G1 Humongous Allocation)
[2024-07-18T17:08:12.369+0800][info][gc,task        ] GC(117) Using 12 workers of 13 for evacuation
[2024-07-18T17:08:12.369+0800][info][gc,phases      ] GC(117)   Pre Evacuate Collection Set: 0.1ms
[2024-07-18T17:08:12.369+0800][info][gc,phases      ] GC(117)   Merge Heap Roots: 0.0ms
[2024-07-18T17:08:12.369+0800][info][gc,phases      ] GC(117)   Evacuate Collection Set: 0.1ms
[2024-07-18T17:08:12.369+0800][info][gc,phases      ] GC(117)   Post Evacuate Collection Set: 0.1ms
[2024-07-18T17:08:12.369+0800][info][gc,phases      ] GC(117)   Other: 0.1ms
[2024-07-18T17:08:12.369+0800][info][gc,heap        ] GC(117) Eden regions: 3->0(23)
[2024-07-18T17:08:12.369+0800][info][gc,heap        ] GC(117) Survivor regions: 0->2(4)
[2024-07-18T17:08:12.369+0800][info][gc,heap        ] GC(117) Old regions: 235->235
[2024-07-18T17:08:12.369+0800][info][gc,heap        ] GC(117) Archive regions: 0->0
[2024-07-18T17:08:12.369+0800][info][gc,heap        ] GC(117) Humongous regions: 199->199
[2024-07-18T17:08:12.369+0800][info][gc,metaspace   ] GC(117) Metaspace: 194K(384K)->194K(384K) NonClass: 187K(256K)->187K(256K) Class: 7K(128K)->7K(128K)
[2024-07-18T17:08:12.369+0800][info][gc             ] GC(117) Pause Young (Concurrent Start) (G1 Humongous Allocation) 408M->407M(512M) 0.563ms
[2024-07-18T17:08:12.369+0800][info][gc,cpu         ] GC(117) User=0.00s Sys=0.00s Real=0.00s
[2024-07-18T17:08:12.369+0800][info][gc             ] GC(118) Concurrent Mark Cycle
[2024-07-18T17:08:12.369+0800][info][gc,marking     ] GC(118) Concurrent Clear Claimed Marks
[2024-07-18T17:08:12.369+0800][info][gc,marking     ] GC(118) Concurrent Clear Claimed Marks 0.007ms
[2024-07-18T17:08:12.369+0800][info][gc,marking     ] GC(118) Concurrent Scan Root Regions
[2024-07-18T17:08:12.369+0800][info][gc,marking     ] GC(118) Concurrent Scan Root Regions 0.026ms
[2024-07-18T17:08:12.369+0800][info][gc,marking     ] GC(118) Concurrent Mark
[2024-07-18T17:08:12.369+0800][info][gc,marking     ] GC(118) Concurrent Mark From Roots
[2024-07-18T17:08:12.369+0800][info][gc,task        ] GC(118) Using 3 workers of 3 for marking
[2024-07-18T17:08:12.372+0800][info][gc,marking     ] GC(118) Concurrent Mark From Roots 0.755ms
[2024-07-18T17:08:12.372+0800][info][gc,marking     ] GC(118) Concurrent Preclean
[2024-07-18T17:08:12.372+0800][info][gc,marking     ] GC(118) Concurrent Preclean 0.063ms
[2024-07-18T17:08:12.372+0800][info][gc,start       ] GC(118) Pause Remark
[2024-07-18T17:08:12.372+0800][info][gc             ] GC(118) Pause Remark 418M->418M(512M) 0.212ms
[2024-07-18T17:08:12.372+0800][info][gc,cpu         ] GC(118) User=0.00s Sys=0.00s Real=0.00s
[2024-07-18T17:08:12.372+0800][info][gc,marking     ] GC(118) Concurrent Mark 1.139ms
[2024-07-18T17:08:12.372+0800][info][gc,marking     ] GC(118) Concurrent Rebuild Remembered Sets
[2024-07-18T17:08:12.372+0800][info][gc,marking     ] GC(118) Concurrent Rebuild Remembered Sets 0.416ms
[2024-07-18T17:08:12.372+0800][info][gc,start       ] GC(118) Pause Cleanup
[2024-07-18T17:08:12.372+0800][info][gc             ] GC(118) Pause Cleanup 425M->425M(512M) 0.124ms
[2024-07-18T17:08:12.372+0800][info][gc,cpu         ] GC(118) User=0.00s Sys=0.00s Real=0.00s
[2024-07-18T17:08:12.372+0800][info][gc,marking     ] GC(118) Concurrent Cleanup for Next Mark
[2024-07-18T17:08:12.372+0800][info][gc,marking     ] GC(118) Concurrent Cleanup for Next Mark 0.543ms
[2024-07-18T17:08:12.372+0800][info][gc             ] GC(118) Concurrent Mark Cycle 2.438ms
[2024-07-18T17:08:12.372+0800][info][gc,start       ] GC(119) Pause Young (Prepare Mixed) (G1 Evacuation Pause)
[2024-07-18T17:08:12.372+0800][info][gc,task        ] GC(119) Using 12 workers of 13 for evacuation
[2024-07-18T17:08:12.375+0800][info][gc,phases      ] GC(119)   Pre Evacuate Collection Set: 0.0ms
[2024-07-18T17:08:12.375+0800][info][gc,phases      ] GC(119)   Merge Heap Roots: 0.1ms
[2024-07-18T17:08:12.375+0800][info][gc,phases      ] GC(119)   Evacuate Collection Set: 0.8ms
[2024-07-18T17:08:12.375+0800][info][gc,phases      ] GC(119)   Post Evacuate Collection Set: 0.1ms
[2024-07-18T17:08:12.375+0800][info][gc,phases      ] GC(119)   Other: 0.1ms
[2024-07-18T17:08:12.375+0800][info][gc,heap        ] GC(119) Eden regions: 23->0(21)
[2024-07-18T17:08:12.375+0800][info][gc,heap        ] GC(119) Survivor regions: 2->4(4)
[2024-07-18T17:08:12.375+0800][info][gc,heap        ] GC(119) Old regions: 235->244
[2024-07-18T17:08:12.375+0800][info][gc,heap        ] GC(119) Archive regions: 0->0
[2024-07-18T17:08:12.375+0800][info][gc,heap        ] GC(119) Humongous regions: 211->194
[2024-07-18T17:08:12.375+0800][info][gc,metaspace   ] GC(119) Metaspace: 194K(384K)->194K(384K) NonClass: 187K(256K)->187K(256K) Class: 7K(128K)->7K(128K)
[2024-07-18T17:08:12.375+0800][info][gc             ] GC(119) Pause Young (Prepare Mixed) (G1 Evacuation Pause) 442M->413M(512M) 1.243ms
[2024-07-18T17:08:12.375+0800][info][gc,cpu         ] GC(119) User=0.00s Sys=0.00s Real=0.00s
[2024-07-18T17:08:12.375+0800][info][gc,start       ] GC(120) Pause Young (Mixed) (G1 Evacuation Pause)
[2024-07-18T17:08:12.375+0800][info][gc,task        ] GC(120) Using 12 workers of 13 for evacuation
[2024-07-18T17:08:12.375+0800][info][gc,phases      ] GC(120)   Pre Evacuate Collection Set: 0.0ms
[2024-07-18T17:08:12.375+0800][info][gc,phases      ] GC(120)   Merge Heap Roots: 0.0ms
[2024-07-18T17:08:12.375+0800][info][gc,phases      ] GC(120)   Evacuate Collection Set: 1.1ms
[2024-07-18T17:08:12.375+0800][info][gc,phases      ] GC(120)   Post Evacuate Collection Set: 0.1ms
[2024-07-18T17:08:12.375+0800][info][gc,phases      ] GC(120)   Other: 0.1ms
[2024-07-18T17:08:12.375+0800][info][gc,heap        ] GC(120) Eden regions: 21->0(21)
[2024-07-18T17:08:12.375+0800][info][gc,heap        ] GC(120) Survivor regions: 4->4(4)
[2024-07-18T17:08:12.375+0800][info][gc,heap        ] GC(120) Old regions: 244->246
[2024-07-18T17:08:12.375+0800][info][gc,heap        ] GC(120) Archive regions: 0->0
[2024-07-18T17:08:12.375+0800][info][gc,heap        ] GC(120) Humongous regions: 213->203
[2024-07-18T17:08:12.375+0800][info][gc,metaspace   ] GC(120) Metaspace: 194K(384K)->194K(384K) NonClass: 187K(256K)->187K(256K) Class: 7K(128K)->7K(128K)
[2024-07-18T17:08:12.375+0800][info][gc             ] GC(120) Pause Young (Mixed) (G1 Evacuation Pause) 453M->429M(512M) 1.372ms
[2024-07-18T17:08:12.375+0800][info][gc,cpu         ] GC(120) User=0.00s Sys=0.00s Real=0.00s
[2024-07-18T17:08:12.375+0800][info][gc,start       ] GC(121) Pause Young (Concurrent Start) (G1 Humongous Allocation)
[2024-07-18T17:08:12.375+0800][info][gc,task        ] GC(121) Using 12 workers of 13 for evacuation
[2024-07-18T17:08:12.375+0800][info][gc,phases      ] GC(121)   Pre Evacuate Collection Set: 0.0ms
[2024-07-18T17:08:12.375+0800][info][gc,phases      ] GC(121)   Merge Heap Roots: 0.0ms
[2024-07-18T17:08:12.375+0800][info][gc,phases      ] GC(121)   Evacuate Collection Set: 0.3ms
[2024-07-18T17:08:12.375+0800][info][gc,phases      ] GC(121)   Post Evacuate Collection Set: 0.1ms
[2024-07-18T17:08:12.375+0800][info][gc,phases      ] GC(121)   Other: 0.1ms
[2024-07-18T17:08:12.375+0800][info][gc,heap        ] GC(121) Eden regions: 1->0(24)
[2024-07-18T17:08:12.375+0800][info][gc,heap        ] GC(121) Survivor regions: 4->1(4)
[2024-07-18T17:08:12.375+0800][info][gc,heap        ] GC(121) Old regions: 246->250
[2024-07-18T17:08:12.375+0800][info][gc,heap        ] GC(121) Archive regions: 0->0
[2024-07-18T17:08:12.375+0800][info][gc,heap        ] GC(121) Humongous regions: 203->202
[2024-07-18T17:08:12.375+0800][info][gc,metaspace   ] GC(121) Metaspace: 194K(384K)->194K(384K) NonClass: 187K(256K)->187K(256K) Class: 7K(128K)->7K(128K)
[2024-07-18T17:08:12.375+0800][info][gc             ] GC(121) Pause Young (Concurrent Start) (G1 Humongous Allocation) 430M->429M(512M) 0.542ms
[2024-07-18T17:08:12.375+0800][info][gc,cpu         ] GC(121) User=0.00s Sys=0.00s Real=0.00s
[2024-07-18T17:08:12.375+0800][info][gc             ] GC(122) Concurrent Mark Cycle
[2024-07-18T17:08:12.375+0800][info][gc,marking     ] GC(122) Concurrent Clear Claimed Marks
[2024-07-18T17:08:12.375+0800][info][gc,marking     ] GC(122) Concurrent Clear Claimed Marks 0.007ms
[2024-07-18T17:08:12.375+0800][info][gc,marking     ] GC(122) Concurrent Scan Root Regions
[2024-07-18T17:08:12.375+0800][info][gc,marking     ] GC(122) Concurrent Scan Root Regions 0.021ms
[2024-07-18T17:08:12.375+0800][info][gc,marking     ] GC(122) Concurrent Mark
[2024-07-18T17:08:12.375+0800][info][gc,marking     ] GC(122) Concurrent Mark From Roots
[2024-07-18T17:08:12.375+0800][info][gc,task        ] GC(122) Using 3 workers of 3 for marking
[2024-07-18T17:08:12.375+0800][info][gc,marking     ] GC(122) Concurrent Mark From Roots 0.828ms
[2024-07-18T17:08:12.375+0800][info][gc,marking     ] GC(122) Concurrent Preclean
[2024-07-18T17:08:12.375+0800][info][gc,marking     ] GC(122) Concurrent Preclean 0.060ms
[2024-07-18T17:08:12.375+0800][info][gc,start       ] GC(122) Pause Remark
[2024-07-18T17:08:12.375+0800][info][gc             ] GC(122) Pause Remark 443M->443M(512M) 0.229ms
[2024-07-18T17:08:12.375+0800][info][gc,cpu         ] GC(122) User=0.00s Sys=0.00s Real=0.00s
[2024-07-18T17:08:12.375+0800][info][gc,marking     ] GC(122) Concurrent Mark 1.216ms
[2024-07-18T17:08:12.375+0800][info][gc,marking     ] GC(122) Concurrent Rebuild Remembered Sets
[2024-07-18T17:08:12.375+0800][info][gc,marking     ] GC(122) Concurrent Rebuild Remembered Sets 0.544ms
[2024-07-18T17:08:12.375+0800][info][gc,start       ] GC(122) Pause Cleanup
[2024-07-18T17:08:12.375+0800][info][gc             ] GC(122) Pause Cleanup 453M->453M(512M) 0.109ms
[2024-07-18T17:08:12.375+0800][info][gc,cpu         ] GC(122) User=0.00s Sys=0.00s Real=0.00s
[2024-07-18T17:08:12.375+0800][info][gc,marking     ] GC(122) Concurrent Cleanup for Next Mark
[2024-07-18T17:08:12.375+0800][info][gc,marking     ] GC(122) Concurrent Cleanup for Next Mark 0.521ms
[2024-07-18T17:08:12.375+0800][info][gc             ] GC(122) Concurrent Mark Cycle 2.609ms
[2024-07-18T17:08:12.375+0800][info][gc,start       ] GC(123) Pause Young (Prepare Mixed) (G1 Evacuation Pause)
[2024-07-18T17:08:12.375+0800][info][gc,task        ] GC(123) Using 12 workers of 13 for evacuation
[2024-07-18T17:08:12.375+0800][info][gc,phases      ] GC(123)   Pre Evacuate Collection Set: 0.0ms
[2024-07-18T17:08:12.375+0800][info][gc,phases      ] GC(123)   Merge Heap Roots: 0.1ms
[2024-07-18T17:08:12.375+0800][info][gc,phases      ] GC(123)   Evacuate Collection Set: 0.6ms
[2024-07-18T17:08:12.375+0800][info][gc,phases      ] GC(123)   Post Evacuate Collection Set: 0.1ms
[2024-07-18T17:08:12.375+0800][info][gc,phases      ] GC(123)   Other: 0.0ms
[2024-07-18T17:08:12.375+0800][info][gc,heap        ] GC(123) Eden regions: 24->0(21)
[2024-07-18T17:08:12.375+0800][info][gc,heap        ] GC(123) Survivor regions: 1->4(4)
[2024-07-18T17:08:12.375+0800][info][gc,heap        ] GC(123) Old regions: 250->255
[2024-07-18T17:08:12.375+0800][info][gc,heap        ] GC(123) Archive regions: 0->0
[2024-07-18T17:08:12.375+0800][info][gc,heap        ] GC(123) Humongous regions: 212->198
[2024-07-18T17:08:12.375+0800][info][gc,metaspace   ] GC(123) Metaspace: 194K(384K)->194K(384K) NonClass: 187K(256K)->187K(256K) Class: 7K(128K)->7K(128K)
[2024-07-18T17:08:12.375+0800][info][gc             ] GC(123) Pause Young (Prepare Mixed) (G1 Evacuation Pause) 462M->433M(512M) 0.951ms
[2024-07-18T17:08:12.375+0800][info][gc,cpu         ] GC(123) User=0.00s Sys=0.00s Real=0.00s
[2024-07-18T17:08:12.385+0800][info][gc,start       ] GC(124) Pause Young (Mixed) (G1 Preventive Collection)
[2024-07-18T17:08:12.385+0800][info][gc,task        ] GC(124) Using 12 workers of 13 for evacuation
[2024-07-18T17:08:12.385+0800][info][gc             ] GC(124) To-space exhausted
[2024-07-18T17:08:12.385+0800][info][gc,phases      ] GC(124)   Pre Evacuate Collection Set: 0.0ms
[2024-07-18T17:08:12.385+0800][info][gc,phases      ] GC(124)   Merge Heap Roots: 0.0ms
[2024-07-18T17:08:12.385+0800][info][gc,phases      ] GC(124)   Evacuate Collection Set: 1.2ms
[2024-07-18T17:08:12.385+0800][info][gc,phases      ] GC(124)   Post Evacuate Collection Set: 0.1ms
[2024-07-18T17:08:12.385+0800][info][gc,phases      ] GC(124)   Other: 0.1ms
[2024-07-18T17:08:12.385+0800][info][gc,heap        ] GC(124) Eden regions: 21->0(21)
[2024-07-18T17:08:12.385+0800][info][gc,heap        ] GC(124) Survivor regions: 4->4(4)
[2024-07-18T17:08:12.385+0800][info][gc,heap        ] GC(124) Old regions: 255->259
[2024-07-18T17:08:12.385+0800][info][gc,heap        ] GC(124) Archive regions: 0->0
[2024-07-18T17:08:12.385+0800][info][gc,heap        ] GC(124) Humongous regions: 215->195
[2024-07-18T17:08:12.385+0800][info][gc,metaspace   ] GC(124) Metaspace: 194K(384K)->194K(384K) NonClass: 187K(256K)->187K(256K) Class: 7K(128K)->7K(128K)
[2024-07-18T17:08:12.385+0800][info][gc             ] GC(124) Pause Young (Mixed) (G1 Preventive Collection) 471M->436M(512M) 1.543ms
[2024-07-18T17:08:12.385+0800][info][gc,cpu         ] GC(124) User=0.00s Sys=0.00s Real=0.00s
[2024-07-18T17:08:12.385+0800][info][gc,start       ] GC(125) Pause Young (Concurrent Start) (G1 Humongous Allocation)
[2024-07-18T17:08:12.385+0800][info][gc,task        ] GC(125) Using 12 workers of 13 for evacuation
[2024-07-18T17:08:12.385+0800][info][gc,phases      ] GC(125)   Pre Evacuate Collection Set: 0.0ms
[2024-07-18T17:08:12.385+0800][info][gc,phases      ] GC(125)   Merge Heap Roots: 0.0ms
[2024-07-18T17:08:12.385+0800][info][gc,phases      ] GC(125)   Evacuate Collection Set: 0.4ms
[2024-07-18T17:08:12.385+0800][info][gc,phases      ] GC(125)   Post Evacuate Collection Set: 0.1ms
[2024-07-18T17:08:12.385+0800][info][gc,phases      ] GC(125)   Other: 0.1ms
[2024-07-18T17:08:12.385+0800][info][gc,heap        ] GC(125) Eden regions: 3->0(24)
[2024-07-18T17:08:12.385+0800][info][gc,heap        ] GC(125) Survivor regions: 4->1(4)
[2024-07-18T17:08:12.385+0800][info][gc,heap        ] GC(125) Old regions: 259->263
[2024-07-18T17:08:12.385+0800][info][gc,heap        ] GC(125) Archive regions: 0->0
[2024-07-18T17:08:12.385+0800][info][gc,heap        ] GC(125) Humongous regions: 195->195
[2024-07-18T17:08:12.385+0800][info][gc,metaspace   ] GC(125) Metaspace: 194K(384K)->194K(384K) NonClass: 187K(256K)->187K(256K) Class: 7K(128K)->7K(128K)
[2024-07-18T17:08:12.385+0800][info][gc             ] GC(125) Pause Young (Concurrent Start) (G1 Humongous Allocation) 439M->437M(512M) 0.672ms
[2024-07-18T17:08:12.385+0800][info][gc,cpu         ] GC(125) User=0.00s Sys=0.00s Real=0.00s
[2024-07-18T17:08:12.385+0800][info][gc             ] GC(126) Concurrent Mark Cycle
[2024-07-18T17:08:12.385+0800][info][gc,marking     ] GC(126) Concurrent Clear Claimed Marks
[2024-07-18T17:08:12.385+0800][info][gc,marking     ] GC(126) Concurrent Clear Claimed Marks 0.008ms
[2024-07-18T17:08:12.385+0800][info][gc,marking     ] GC(126) Concurrent Scan Root Regions
[2024-07-18T17:08:12.385+0800][info][gc,marking     ] GC(126) Concurrent Scan Root Regions 0.023ms
[2024-07-18T17:08:12.385+0800][info][gc,marking     ] GC(126) Concurrent Mark
[2024-07-18T17:08:12.385+0800][info][gc,marking     ] GC(126) Concurrent Mark From Roots
[2024-07-18T17:08:12.385+0800][info][gc,task        ] GC(126) Using 3 workers of 3 for marking
[2024-07-18T17:08:12.389+0800][info][gc,marking     ] GC(126) Concurrent Mark From Roots 0.949ms
[2024-07-18T17:08:12.389+0800][info][gc,marking     ] GC(126) Concurrent Preclean
[2024-07-18T17:08:12.389+0800][info][gc,marking     ] GC(126) Concurrent Preclean 0.059ms
[2024-07-18T17:08:12.389+0800][info][gc,start       ] GC(126) Pause Remark
[2024-07-18T17:08:12.389+0800][info][gc             ] GC(126) Pause Remark 452M->452M(512M) 0.223ms
[2024-07-18T17:08:12.389+0800][info][gc,cpu         ] GC(126) User=0.00s Sys=0.00s Real=0.00s
[2024-07-18T17:08:12.389+0800][info][gc,marking     ] GC(126) Concurrent Mark 1.319ms
[2024-07-18T17:08:12.389+0800][info][gc,marking     ] GC(126) Concurrent Rebuild Remembered Sets
[2024-07-18T17:08:12.389+0800][info][gc,marking     ] GC(126) Concurrent Rebuild Remembered Sets 0.591ms
[2024-07-18T17:08:12.389+0800][info][gc,start       ] GC(126) Pause Cleanup
[2024-07-18T17:08:12.389+0800][info][gc             ] GC(126) Pause Cleanup 464M->464M(512M) 0.095ms
[2024-07-18T17:08:12.389+0800][info][gc,cpu         ] GC(126) User=0.00s Sys=0.00s Real=0.00s
[2024-07-18T17:08:12.389+0800][info][gc,marking     ] GC(126) Concurrent Cleanup for Next Mark
[2024-07-18T17:08:12.389+0800][info][gc,marking     ] GC(126) Concurrent Cleanup for Next Mark 0.473ms
[2024-07-18T17:08:12.389+0800][info][gc             ] GC(126) Concurrent Mark Cycle 2.648ms
[2024-07-18T17:08:12.389+0800][info][gc,start       ] GC(127) Pause Young (Prepare Mixed) (G1 Preventive Collection)
[2024-07-18T17:08:12.389+0800][info][gc,task        ] GC(127) Using 12 workers of 13 for evacuation
[2024-07-18T17:08:12.389+0800][info][gc,phases      ] GC(127)   Pre Evacuate Collection Set: 0.0ms
[2024-07-18T17:08:12.389+0800][info][gc,phases      ] GC(127)   Merge Heap Roots: 0.1ms
[2024-07-18T17:08:12.389+0800][info][gc,phases      ] GC(127)   Evacuate Collection Set: 1.0ms
[2024-07-18T17:08:12.389+0800][info][gc,phases      ] GC(127)   Post Evacuate Collection Set: 0.1ms
[2024-07-18T17:08:12.389+0800][info][gc,phases      ] GC(127)   Other: 0.1ms
[2024-07-18T17:08:12.389+0800][info][gc,heap        ] GC(127) Eden regions: 20->0(21)
[2024-07-18T17:08:12.389+0800][info][gc,heap        ] GC(127) Survivor regions: 1->4(4)
[2024-07-18T17:08:12.389+0800][info][gc,heap        ] GC(127) Old regions: 263->273
[2024-07-18T17:08:12.389+0800][info][gc,heap        ] GC(127) Archive regions: 0->0
[2024-07-18T17:08:12.389+0800][info][gc,heap        ] GC(127) Humongous regions: 213->199
[2024-07-18T17:08:12.389+0800][info][gc,metaspace   ] GC(127) Metaspace: 194K(384K)->194K(384K) NonClass: 187K(256K)->187K(256K) Class: 7K(128K)->7K(128K)
[2024-07-18T17:08:12.389+0800][info][gc             ] GC(127) Pause Young (Prepare Mixed) (G1 Preventive Collection) 475M->453M(512M) 1.346ms
[2024-07-18T17:08:12.389+0800][info][gc,cpu         ] GC(127) User=0.00s Sys=0.00s Real=0.00s
[2024-07-18T17:08:12.395+0800][info][gc,start       ] GC(128) Pause Young (Mixed) (G1 Preventive Collection)
[2024-07-18T17:08:12.395+0800][info][gc,task        ] GC(128) Using 12 workers of 13 for evacuation
[2024-07-18T17:08:12.395+0800][info][gc             ] GC(128) To-space exhausted
[2024-07-18T17:08:12.395+0800][info][gc,phases      ] GC(128)   Pre Evacuate Collection Set: 0.0ms
[2024-07-18T17:08:12.395+0800][info][gc,phases      ] GC(128)   Merge Heap Roots: 0.0ms
[2024-07-18T17:08:12.395+0800][info][gc,phases      ] GC(128)   Evacuate Collection Set: 1.1ms
[2024-07-18T17:08:12.395+0800][info][gc,phases      ] GC(128)   Post Evacuate Collection Set: 0.1ms
[2024-07-18T17:08:12.395+0800][info][gc,phases      ] GC(128)   Other: 0.1ms
[2024-07-18T17:08:12.395+0800][info][gc,heap        ] GC(128) Eden regions: 12->0(22)
[2024-07-18T17:08:12.395+0800][info][gc,heap        ] GC(128) Survivor regions: 4->3(4)
[2024-07-18T17:08:12.395+0800][info][gc,heap        ] GC(128) Old regions: 273->286
[2024-07-18T17:08:12.395+0800][info][gc,heap        ] GC(128) Archive regions: 0->0
[2024-07-18T17:08:12.395+0800][info][gc,heap        ] GC(128) Humongous regions: 209->196
[2024-07-18T17:08:12.395+0800][info][gc,metaspace   ] GC(128) Metaspace: 194K(384K)->194K(384K) NonClass: 187K(256K)->187K(256K) Class: 7K(128K)->7K(128K)
[2024-07-18T17:08:12.395+0800][info][gc             ] GC(128) Pause Young (Mixed) (G1 Preventive Collection) 475M->463M(512M) 1.410ms
[2024-07-18T17:08:12.395+0800][info][gc,cpu         ] GC(128) User=0.00s Sys=0.00s Real=0.00s
[2024-07-18T17:08:12.395+0800][info][gc,start       ] GC(129) Pause Young (Concurrent Start) (G1 Humongous Allocation)
[2024-07-18T17:08:12.395+0800][info][gc,task        ] GC(129) Using 12 workers of 13 for evacuation
[2024-07-18T17:08:12.395+0800][info][gc,phases      ] GC(129)   Pre Evacuate Collection Set: 0.0ms
[2024-07-18T17:08:12.395+0800][info][gc,phases      ] GC(129)   Merge Heap Roots: 0.0ms
[2024-07-18T17:08:12.395+0800][info][gc,phases      ] GC(129)   Evacuate Collection Set: 0.2ms
[2024-07-18T17:08:12.395+0800][info][gc,phases      ] GC(129)   Post Evacuate Collection Set: 0.1ms
[2024-07-18T17:08:12.395+0800][info][gc,phases      ] GC(129)   Other: 0.1ms
[2024-07-18T17:08:12.395+0800][info][gc,heap        ] GC(129) Eden regions: 1->0(25)
[2024-07-18T17:08:12.395+0800][info][gc,heap        ] GC(129) Survivor regions: 3->0(4)
[2024-07-18T17:08:12.395+0800][info][gc,heap        ] GC(129) Old regions: 286->289
[2024-07-18T17:08:12.395+0800][info][gc,heap        ] GC(129) Archive regions: 0->0
[2024-07-18T17:08:12.395+0800][info][gc,heap        ] GC(129) Humongous regions: 196->196
[2024-07-18T17:08:12.395+0800][info][gc,metaspace   ] GC(129) Metaspace: 194K(384K)->194K(384K) NonClass: 187K(256K)->187K(256K) Class: 7K(128K)->7K(128K)
[2024-07-18T17:08:12.395+0800][info][gc             ] GC(129) Pause Young (Concurrent Start) (G1 Humongous Allocation) 464M->463M(512M) 0.428ms
[2024-07-18T17:08:12.395+0800][info][gc,cpu         ] GC(129) User=0.00s Sys=0.00s Real=0.00s
[2024-07-18T17:08:12.395+0800][info][gc             ] GC(130) Concurrent Mark Cycle
[2024-07-18T17:08:12.395+0800][info][gc,marking     ] GC(130) Concurrent Clear Claimed Marks
[2024-07-18T17:08:12.395+0800][info][gc,marking     ] GC(130) Concurrent Clear Claimed Marks 0.007ms
[2024-07-18T17:08:12.395+0800][info][gc,marking     ] GC(130) Concurrent Scan Root Regions
[2024-07-18T17:08:12.395+0800][info][gc,marking     ] GC(130) Concurrent Scan Root Regions 0.022ms
[2024-07-18T17:08:12.395+0800][info][gc,marking     ] GC(130) Concurrent Mark
[2024-07-18T17:08:12.395+0800][info][gc,marking     ] GC(130) Concurrent Mark From Roots
[2024-07-18T17:08:12.395+0800][info][gc,task        ] GC(130) Using 3 workers of 3 for marking
[2024-07-18T17:08:12.398+0800][info][gc,marking     ] GC(130) Concurrent Mark From Roots 0.886ms
[2024-07-18T17:08:12.398+0800][info][gc,marking     ] GC(130) Concurrent Preclean
[2024-07-18T17:08:12.398+0800][info][gc,marking     ] GC(130) Concurrent Preclean 0.056ms
[2024-07-18T17:08:12.398+0800][info][gc,start       ] GC(130) Pause Remark
[2024-07-18T17:08:12.398+0800][info][gc             ] GC(130) Pause Remark 479M->479M(512M) 0.209ms
[2024-07-18T17:08:12.398+0800][info][gc,cpu         ] GC(130) User=0.00s Sys=0.00s Real=0.00s
[2024-07-18T17:08:12.398+0800][info][gc,marking     ] GC(130) Concurrent Mark 1.234ms
[2024-07-18T17:08:12.398+0800][info][gc,marking     ] GC(130) Concurrent Rebuild Remembered Sets
[2024-07-18T17:08:12.398+0800][info][gc,start       ] GC(131) Pause Young (Normal) (G1 Preventive Collection)
[2024-07-18T17:08:12.398+0800][info][gc,task        ] GC(131) Using 12 workers of 13 for evacuation
[2024-07-18T17:08:12.398+0800][info][gc,phases      ] GC(131)   Pre Evacuate Collection Set: 0.0ms
[2024-07-18T17:08:12.398+0800][info][gc,phases      ] GC(131)   Merge Heap Roots: 0.1ms
[2024-07-18T17:08:12.398+0800][info][gc,phases      ] GC(131)   Evacuate Collection Set: 0.2ms
[2024-07-18T17:08:12.398+0800][info][gc,phases      ] GC(131)   Post Evacuate Collection Set: 0.1ms
[2024-07-18T17:08:12.398+0800][info][gc,phases      ] GC(131)   Other: 0.0ms
[2024-07-18T17:08:12.398+0800][info][gc,heap        ] GC(131) Eden regions: 12->0(21)
[2024-07-18T17:08:12.398+0800][info][gc,heap        ] GC(131) Survivor regions: 0->4(4)
[2024-07-18T17:08:12.398+0800][info][gc,heap        ] GC(131) Old regions: 289->289
[2024-07-18T17:08:12.398+0800][info][gc,heap        ] GC(131) Archive regions: 0->0
[2024-07-18T17:08:12.398+0800][info][gc,heap        ] GC(131) Humongous regions: 205->195
[2024-07-18T17:08:12.398+0800][info][gc,metaspace   ] GC(131) Metaspace: 194K(384K)->194K(384K) NonClass: 187K(256K)->187K(256K) Class: 7K(128K)->7K(128K)
[2024-07-18T17:08:12.398+0800][info][gc             ] GC(131) Pause Young (Normal) (G1 Preventive Collection) 484M->466M(512M) 0.512ms
[2024-07-18T17:08:12.398+0800][info][gc,cpu         ] GC(131) User=0.00s Sys=0.00s Real=0.00s
[2024-07-18T17:08:12.398+0800][info][gc,marking     ] GC(130) Concurrent Rebuild Remembered Sets 1.076ms
[2024-07-18T17:08:12.398+0800][info][gc,start       ] GC(130) Pause Cleanup
[2024-07-18T17:08:12.398+0800][info][gc             ] GC(130) Pause Cleanup 470M->470M(512M) 0.103ms
[2024-07-18T17:08:12.400+0800][info][gc,cpu         ] GC(130) User=0.00s Sys=0.00s Real=0.00s
[2024-07-18T17:08:12.400+0800][info][gc,marking     ] GC(130) Concurrent Cleanup for Next Mark
[2024-07-18T17:08:12.400+0800][info][gc,marking     ] GC(130) Concurrent Cleanup for Next Mark 0.473ms
[2024-07-18T17:08:12.400+0800][info][gc             ] GC(130) Concurrent Mark Cycle 3.050ms
[2024-07-18T17:08:12.400+0800][info][gc,start       ] GC(132) Pause Young (Prepare Mixed) (G1 Preventive Collection)
[2024-07-18T17:08:12.400+0800][info][gc,task        ] GC(132) Using 12 workers of 13 for evacuation
[2024-07-18T17:08:12.401+0800][info][gc,phases      ] GC(132)   Pre Evacuate Collection Set: 0.0ms
[2024-07-18T17:08:12.401+0800][info][gc,phases      ] GC(132)   Merge Heap Roots: 0.0ms
[2024-07-18T17:08:12.401+0800][info][gc,phases      ] GC(132)   Evacuate Collection Set: 0.5ms
[2024-07-18T17:08:12.401+0800][info][gc,phases      ] GC(132)   Post Evacuate Collection Set: 0.1ms
[2024-07-18T17:08:12.401+0800][info][gc,phases      ] GC(132)   Other: 0.0ms
[2024-07-18T17:08:12.401+0800][info][gc,heap        ] GC(132) Eden regions: 9->0(22)
[2024-07-18T17:08:12.401+0800][info][gc,heap        ] GC(132) Survivor regions: 4->3(4)
[2024-07-18T17:08:12.401+0800][info][gc,heap        ] GC(132) Old regions: 289->293
[2024-07-18T17:08:12.401+0800][info][gc,heap        ] GC(132) Archive regions: 0->0
[2024-07-18T17:08:12.401+0800][info][gc,heap        ] GC(132) Humongous regions: 202->197
[2024-07-18T17:08:12.401+0800][info][gc,metaspace   ] GC(132) Metaspace: 194K(384K)->194K(384K) NonClass: 187K(256K)->187K(256K) Class: 7K(128K)->7K(128K)
[2024-07-18T17:08:12.401+0800][info][gc             ] GC(132) Pause Young (Prepare Mixed) (G1 Preventive Collection) 482M->470M(512M) 0.741ms
[2024-07-18T17:08:12.401+0800][info][gc,cpu         ] GC(132) User=0.02s Sys=0.00s Real=0.00s
[2024-07-18T17:08:12.401+0800][info][gc,start       ] GC(133) Pause Young (Mixed) (G1 Preventive Collection)
[2024-07-18T17:08:12.401+0800][info][gc,task        ] GC(133) Using 12 workers of 13 for evacuation
[2024-07-18T17:08:12.401+0800][info][gc             ] GC(133) To-space exhausted
[2024-07-18T17:08:12.401+0800][info][gc,phases      ] GC(133)   Pre Evacuate Collection Set: 0.0ms
[2024-07-18T17:08:12.401+0800][info][gc,phases      ] GC(133)   Merge Heap Roots: 0.0ms
[2024-07-18T17:08:12.401+0800][info][gc,phases      ] GC(133)   Evacuate Collection Set: 0.6ms
[2024-07-18T17:08:12.401+0800][info][gc,phases      ] GC(133)   Post Evacuate Collection Set: 0.1ms
[2024-07-18T17:08:12.401+0800][info][gc,phases      ] GC(133)   Other: 0.1ms
[2024-07-18T17:08:12.401+0800][info][gc,heap        ] GC(133) Eden regions: 8->0(24)
[2024-07-18T17:08:12.401+0800][info][gc,heap        ] GC(133) Survivor regions: 3->1(4)
[2024-07-18T17:08:12.401+0800][info][gc,heap        ] GC(133) Old regions: 293->300
[2024-07-18T17:08:12.401+0800][info][gc,heap        ] GC(133) Archive regions: 0->0
[2024-07-18T17:08:12.401+0800][info][gc,heap        ] GC(133) Humongous regions: 200->194
[2024-07-18T17:08:12.401+0800][info][gc,metaspace   ] GC(133) Metaspace: 194K(384K)->194K(384K) NonClass: 187K(256K)->187K(256K) Class: 7K(128K)->7K(128K)
[2024-07-18T17:08:12.401+0800][info][gc             ] GC(133) Pause Young (Mixed) (G1 Preventive Collection) 481M->474M(512M) 0.935ms
[2024-07-18T17:08:12.401+0800][info][gc,cpu         ] GC(133) User=0.00s Sys=0.00s Real=0.00s
[2024-07-18T17:08:12.404+0800][info][gc,start       ] GC(134) Pause Young (Mixed) (G1 Preventive Collection)
[2024-07-18T17:08:12.404+0800][info][gc,task        ] GC(134) Using 12 workers of 13 for evacuation
[2024-07-18T17:08:12.404+0800][info][gc             ] GC(134) To-space exhausted
[2024-07-18T17:08:12.404+0800][info][gc,phases      ] GC(134)   Pre Evacuate Collection Set: 0.0ms
[2024-07-18T17:08:12.404+0800][info][gc,phases      ] GC(134)   Merge Heap Roots: 0.0ms
[2024-07-18T17:08:12.404+0800][info][gc,phases      ] GC(134)   Evacuate Collection Set: 0.7ms
[2024-07-18T17:08:12.404+0800][info][gc,phases      ] GC(134)   Post Evacuate Collection Set: 0.1ms
[2024-07-18T17:08:12.404+0800][info][gc,phases      ] GC(134)   Other: 0.1ms
[2024-07-18T17:08:12.404+0800][info][gc,heap        ] GC(134) Eden regions: 4->0(22)
[2024-07-18T17:08:12.404+0800][info][gc,heap        ] GC(134) Survivor regions: 1->3(4)
[2024-07-18T17:08:12.404+0800][info][gc,heap        ] GC(134) Old regions: 300->300
[2024-07-18T17:08:12.404+0800][info][gc,heap        ] GC(134) Archive regions: 0->0
[2024-07-18T17:08:12.404+0800][info][gc,heap        ] GC(134) Humongous regions: 197->193
[2024-07-18T17:08:12.404+0800][info][gc,metaspace   ] GC(134) Metaspace: 194K(384K)->194K(384K) NonClass: 187K(256K)->187K(256K) Class: 7K(128K)->7K(128K)
[2024-07-18T17:08:12.404+0800][info][gc             ] GC(134) Pause Young (Mixed) (G1 Preventive Collection) 481M->475M(512M) 1.005ms
[2024-07-18T17:08:12.404+0800][info][gc,cpu         ] GC(134) User=0.00s Sys=0.00s Real=0.00s
[2024-07-18T17:08:12.404+0800][info][gc,start       ] GC(135) Pause Young (Concurrent Start) (G1 Preventive Collection)
[2024-07-18T17:08:12.404+0800][info][gc,task        ] GC(135) Using 12 workers of 13 for evacuation
[2024-07-18T17:08:12.404+0800][info][gc,phases      ] GC(135)   Pre Evacuate Collection Set: 0.0ms
[2024-07-18T17:08:12.404+0800][info][gc,phases      ] GC(135)   Merge Heap Roots: 0.0ms
[2024-07-18T17:08:12.404+0800][info][gc,phases      ] GC(135)   Evacuate Collection Set: 0.4ms
[2024-07-18T17:08:12.404+0800][info][gc,phases      ] GC(135)   Post Evacuate Collection Set: 0.1ms
[2024-07-18T17:08:12.404+0800][info][gc,phases      ] GC(135)   Other: 0.1ms
[2024-07-18T17:08:12.404+0800][info][gc,heap        ] GC(135) Eden regions: 9->0(21)
[2024-07-18T17:08:12.404+0800][info][gc,heap        ] GC(135) Survivor regions: 3->4(4)
[2024-07-18T17:08:12.404+0800][info][gc,heap        ] GC(135) Old regions: 300->302
[2024-07-18T17:08:12.404+0800][info][gc,heap        ] GC(135) Archive regions: 0->0
[2024-07-18T17:08:12.404+0800][info][gc,heap        ] GC(135) Humongous regions: 193->191
[2024-07-18T17:08:12.404+0800][info][gc,metaspace   ] GC(135) Metaspace: 194K(384K)->194K(384K) NonClass: 187K(256K)->187K(256K) Class: 7K(128K)->7K(128K)
[2024-07-18T17:08:12.404+0800][info][gc             ] GC(135) Pause Young (Concurrent Start) (G1 Preventive Collection) 484M->476M(512M) 0.758ms
[2024-07-18T17:08:12.404+0800][info][gc,cpu         ] GC(135) User=0.00s Sys=0.00s Real=0.00s
[2024-07-18T17:08:12.404+0800][info][gc             ] GC(136) Concurrent Mark Cycle
[2024-07-18T17:08:12.404+0800][info][gc,marking     ] GC(136) Concurrent Clear Claimed Marks
[2024-07-18T17:08:12.404+0800][info][gc,marking     ] GC(136) Concurrent Clear Claimed Marks 0.007ms
[2024-07-18T17:08:12.404+0800][info][gc,marking     ] GC(136) Concurrent Scan Root Regions
[2024-07-18T17:08:12.404+0800][info][gc,marking     ] GC(136) Concurrent Scan Root Regions 0.031ms
[2024-07-18T17:08:12.404+0800][info][gc,marking     ] GC(136) Concurrent Mark
[2024-07-18T17:08:12.404+0800][info][gc,marking     ] GC(136) Concurrent Mark From Roots
[2024-07-18T17:08:12.404+0800][info][gc,task        ] GC(136) Using 3 workers of 3 for marking
[2024-07-18T17:08:12.407+0800][info][gc,start       ] GC(137) Pause Young (Normal) (G1 Preventive Collection)
[2024-07-18T17:08:12.407+0800][info][gc,task        ] GC(137) Using 12 workers of 13 for evacuation
[2024-07-18T17:08:12.407+0800][info][gc,phases      ] GC(137)   Pre Evacuate Collection Set: 0.0ms
[2024-07-18T17:08:12.407+0800][info][gc,phases      ] GC(137)   Merge Heap Roots: 0.0ms
[2024-07-18T17:08:12.407+0800][info][gc,phases      ] GC(137)   Evacuate Collection Set: 0.3ms
[2024-07-18T17:08:12.407+0800][info][gc,phases      ] GC(137)   Post Evacuate Collection Set: 0.1ms
[2024-07-18T17:08:12.407+0800][info][gc,phases      ] GC(137)   Other: 0.0ms
[2024-07-18T17:08:12.407+0800][info][gc,heap        ] GC(137) Eden regions: 4->0(23)
[2024-07-18T17:08:12.407+0800][info][gc,heap        ] GC(137) Survivor regions: 4->2(4)
[2024-07-18T17:08:12.407+0800][info][gc,heap        ] GC(137) Old regions: 302->306
[2024-07-18T17:08:12.407+0800][info][gc,heap        ] GC(137) Archive regions: 0->0
[2024-07-18T17:08:12.407+0800][info][gc,heap        ] GC(137) Humongous regions: 195->193
[2024-07-18T17:08:12.407+0800][info][gc,metaspace   ] GC(137) Metaspace: 194K(384K)->194K(384K) NonClass: 187K(256K)->187K(256K) Class: 7K(128K)->7K(128K)
[2024-07-18T17:08:12.407+0800][info][gc             ] GC(137) Pause Young (Normal) (G1 Preventive Collection) 484M->479M(512M) 0.573ms
[2024-07-18T17:08:12.407+0800][info][gc,cpu         ] GC(137) User=0.00s Sys=0.00s Real=0.00s
[2024-07-18T17:08:12.407+0800][info][gc,marking     ] GC(136) Concurrent Mark From Roots 1.362ms
[2024-07-18T17:08:12.407+0800][info][gc,marking     ] GC(136) Concurrent Preclean
[2024-07-18T17:08:12.407+0800][info][gc,marking     ] GC(136) Concurrent Preclean 0.059ms
[2024-07-18T17:08:12.407+0800][info][gc,start       ] GC(136) Pause Remark
[2024-07-18T17:08:12.407+0800][info][gc             ] GC(136) Pause Remark 483M->482M(512M) 0.183ms
[2024-07-18T17:08:12.407+0800][info][gc,cpu         ] GC(136) User=0.00s Sys=0.00s Real=0.00s
[2024-07-18T17:08:12.407+0800][info][gc,marking     ] GC(136) Concurrent Mark 1.699ms
[2024-07-18T17:08:12.407+0800][info][gc,marking     ] GC(136) Concurrent Rebuild Remembered Sets
[2024-07-18T17:08:12.407+0800][info][gc,start       ] GC(138) Pause Young (Normal) (G1 Preventive Collection)
[2024-07-18T17:08:12.407+0800][info][gc,task        ] GC(138) Using 12 workers of 13 for evacuation
[2024-07-18T17:08:12.407+0800][info][gc,phases      ] GC(138)   Pre Evacuate Collection Set: 0.0ms
[2024-07-18T17:08:12.407+0800][info][gc,phases      ] GC(138)   Merge Heap Roots: 0.1ms
[2024-07-18T17:08:12.407+0800][info][gc,phases      ] GC(138)   Evacuate Collection Set: 0.1ms
[2024-07-18T17:08:12.407+0800][info][gc,phases      ] GC(138)   Post Evacuate Collection Set: 0.1ms
[2024-07-18T17:08:12.407+0800][info][gc,phases      ] GC(138)   Other: 0.0ms
[2024-07-18T17:08:12.407+0800][info][gc,heap        ] GC(138) Eden regions: 4->0(22)
[2024-07-18T17:08:12.407+0800][info][gc,heap        ] GC(138) Survivor regions: 2->3(4)
[2024-07-18T17:08:12.407+0800][info][gc,heap        ] GC(138) Old regions: 305->305
[2024-07-18T17:08:12.407+0800][info][gc,heap        ] GC(138) Archive regions: 0->0
[2024-07-18T17:08:12.407+0800][info][gc,heap        ] GC(138) Humongous regions: 197->195
[2024-07-18T17:08:12.407+0800][info][gc,metaspace   ] GC(138) Metaspace: 194K(384K)->194K(384K) NonClass: 187K(256K)->187K(256K) Class: 7K(128K)->7K(128K)
[2024-07-18T17:08:12.407+0800][info][gc             ] GC(138) Pause Young (Normal) (G1 Preventive Collection) 487M->481M(512M) 0.393ms
[2024-07-18T17:08:12.407+0800][info][gc,cpu         ] GC(138) User=0.00s Sys=0.00s Real=0.00s
[2024-07-18T17:08:12.407+0800][info][gc,start       ] GC(139) Pause Young (Normal) (G1 Preventive Collection)
[2024-07-18T17:08:12.407+0800][info][gc,task        ] GC(139) Using 12 workers of 13 for evacuation
[2024-07-18T17:08:12.407+0800][info][gc             ] GC(139) To-space exhausted
[2024-07-18T17:08:12.407+0800][info][gc,phases      ] GC(139)   Pre Evacuate Collection Set: 0.0ms
[2024-07-18T17:08:12.407+0800][info][gc,phases      ] GC(139)   Merge Heap Roots: 0.0ms
[2024-07-18T17:08:12.407+0800][info][gc,phases      ] GC(139)   Evacuate Collection Set: 0.1ms
[2024-07-18T17:08:12.407+0800][info][gc,phases      ] GC(139)   Post Evacuate Collection Set: 0.1ms
[2024-07-18T17:08:12.407+0800][info][gc,phases      ] GC(139)   Other: 0.1ms
[2024-07-18T17:08:12.407+0800][info][gc,heap        ] GC(139) Eden regions: 3->0(22)
[2024-07-18T17:08:12.407+0800][info][gc,heap        ] GC(139) Survivor regions: 3->3(4)
[2024-07-18T17:08:12.407+0800][info][gc,heap        ] GC(139) Old regions: 305->307
[2024-07-18T17:08:12.407+0800][info][gc,heap        ] GC(139) Archive regions: 0->0
[2024-07-18T17:08:12.407+0800][info][gc,heap        ] GC(139) Humongous regions: 197->194
[2024-07-18T17:08:12.407+0800][info][gc,metaspace   ] GC(139) Metaspace: 194K(384K)->194K(384K) NonClass: 187K(256K)->187K(256K) Class: 7K(128K)->7K(128K)
[2024-07-18T17:08:12.407+0800][info][gc             ] GC(139) Pause Young (Normal) (G1 Preventive Collection) 486M->483M(512M) 0.468ms
[2024-07-18T17:08:12.407+0800][info][gc,cpu         ] GC(139) User=0.00s Sys=0.00s Real=0.00s
[2024-07-18T17:08:12.407+0800][info][gc,marking     ] GC(136) Concurrent Rebuild Remembered Sets 1.472ms
[2024-07-18T17:08:12.407+0800][info][gc,start       ] GC(136) Pause Cleanup
[2024-07-18T17:08:12.407+0800][info][gc             ] GC(136) Pause Cleanup 484M->484M(512M) 0.110ms
[2024-07-18T17:08:12.407+0800][info][gc,cpu         ] GC(136) User=0.00s Sys=0.00s Real=0.00s
[2024-07-18T17:08:12.410+0800][info][gc,marking     ] GC(136) Concurrent Cleanup for Next Mark
[2024-07-18T17:08:12.410+0800][info][gc,start       ] GC(140) Pause Young (Prepare Mixed) (G1 Preventive Collection)
[2024-07-18T17:08:12.410+0800][info][gc,task        ] GC(140) Using 12 workers of 13 for evacuation
[2024-07-18T17:08:12.410+0800][info][gc,phases      ] GC(140)   Pre Evacuate Collection Set: 0.0ms
[2024-07-18T17:08:12.410+0800][info][gc,phases      ] GC(140)   Merge Heap Roots: 0.0ms
[2024-07-18T17:08:12.410+0800][info][gc,phases      ] GC(140)   Evacuate Collection Set: 0.2ms
[2024-07-18T17:08:12.410+0800][info][gc,phases      ] GC(140)   Post Evacuate Collection Set: 0.1ms
[2024-07-18T17:08:12.410+0800][info][gc,phases      ] GC(140)   Other: 0.1ms
[2024-07-18T17:08:12.410+0800][info][gc,heap        ] GC(140) Eden regions: 3->0(21)
[2024-07-18T17:08:12.410+0800][info][gc,heap        ] GC(140) Survivor regions: 3->4(4)
[2024-07-18T17:08:12.410+0800][info][gc,heap        ] GC(140) Old regions: 307->308
[2024-07-18T17:08:12.410+0800][info][gc,heap        ] GC(140) Archive regions: 0->0
[2024-07-18T17:08:12.410+0800][info][gc,heap        ] GC(140) Humongous regions: 194->194
[2024-07-18T17:08:12.410+0800][info][gc,metaspace   ] GC(140) Metaspace: 194K(384K)->194K(384K) NonClass: 187K(256K)->187K(256K) Class: 7K(128K)->7K(128K)
[2024-07-18T17:08:12.410+0800][info][gc             ] GC(140) Pause Young (Prepare Mixed) (G1 Preventive Collection) 486M->484M(512M) 0.544ms
[2024-07-18T17:08:12.410+0800][info][gc,cpu         ] GC(140) User=0.00s Sys=0.00s Real=0.00s
[2024-07-18T17:08:12.410+0800][info][gc,marking     ] GC(136) Concurrent Cleanup for Next Mark 0.945ms
[2024-07-18T17:08:12.410+0800][info][gc,start       ] GC(141) Pause Young (Mixed) (G1 Preventive Collection)
[2024-07-18T17:08:12.410+0800][info][gc,task        ] GC(141) Using 12 workers of 13 for evacuation
[2024-07-18T17:08:12.410+0800][info][gc             ] GC(141) To-space exhausted
[2024-07-18T17:08:12.410+0800][info][gc,phases      ] GC(141)   Pre Evacuate Collection Set: 0.0ms
[2024-07-18T17:08:12.410+0800][info][gc,phases      ] GC(141)   Merge Heap Roots: 0.0ms
[2024-07-18T17:08:12.410+0800][info][gc,phases      ] GC(141)   Evacuate Collection Set: 0.3ms
[2024-07-18T17:08:12.410+0800][info][gc,phases      ] GC(141)   Post Evacuate Collection Set: 0.1ms
[2024-07-18T17:08:12.410+0800][info][gc,phases      ] GC(141)   Other: 0.1ms
[2024-07-18T17:08:12.410+0800][info][gc,heap        ] GC(141) Eden regions: 1->0(24)
[2024-07-18T17:08:12.410+0800][info][gc,heap        ] GC(141) Survivor regions: 4->1(4)
[2024-07-18T17:08:12.410+0800][info][gc,heap        ] GC(141) Old regions: 308->305
[2024-07-18T17:08:12.410+0800][info][gc,heap        ] GC(141) Archive regions: 0->0
[2024-07-18T17:08:12.410+0800][info][gc,heap        ] GC(141) Humongous regions: 194->194
[2024-07-18T17:08:12.410+0800][info][gc,metaspace   ] GC(141) Metaspace: 194K(384K)->194K(384K) NonClass: 187K(256K)->187K(256K) Class: 7K(128K)->7K(128K)
[2024-07-18T17:08:12.410+0800][info][gc             ] GC(141) Pause Young (Mixed) (G1 Preventive Collection) 485M->480M(512M) 0.652ms
[2024-07-18T17:08:12.410+0800][info][gc,cpu         ] GC(141) User=0.00s Sys=0.00s Real=0.00s
[2024-07-18T17:08:12.410+0800][info][gc             ] GC(136) Concurrent Mark Cycle 5.071ms
[2024-07-18T17:08:12.410+0800][info][gc,start       ] GC(142) Pause Young (Mixed) (G1 Preventive Collection)
[2024-07-18T17:08:12.410+0800][info][gc,task        ] GC(142) Using 12 workers of 13 for evacuation
[2024-07-18T17:08:12.410+0800][info][gc             ] GC(142) To-space exhausted
[2024-07-18T17:08:12.410+0800][info][gc,phases      ] GC(142)   Pre Evacuate Collection Set: 0.0ms
[2024-07-18T17:08:12.410+0800][info][gc,phases      ] GC(142)   Merge Heap Roots: 0.0ms
[2024-07-18T17:08:12.410+0800][info][gc,phases      ] GC(142)   Evacuate Collection Set: 0.7ms
[2024-07-18T17:08:12.410+0800][info][gc,phases      ] GC(142)   Post Evacuate Collection Set: 0.1ms
[2024-07-18T17:08:12.410+0800][info][gc,phases      ] GC(142)   Other: 0.1ms
[2024-07-18T17:08:12.410+0800][info][gc,heap        ] GC(142) Eden regions: 1->0(24)
[2024-07-18T17:08:12.410+0800][info][gc,heap        ] GC(142) Survivor regions: 1->1(4)
[2024-07-18T17:08:12.410+0800][info][gc,heap        ] GC(142) Old regions: 305->310
[2024-07-18T17:08:12.410+0800][info][gc,heap        ] GC(142) Archive regions: 0->0
[2024-07-18T17:08:12.410+0800][info][gc,heap        ] GC(142) Humongous regions: 196->193
[2024-07-18T17:08:12.410+0800][info][gc,metaspace   ] GC(142) Metaspace: 194K(384K)->194K(384K) NonClass: 187K(256K)->187K(256K) Class: 7K(128K)->7K(128K)
[2024-07-18T17:08:12.410+0800][info][gc             ] GC(142) Pause Young (Mixed) (G1 Preventive Collection) 483M->484M(512M) 0.959ms
[2024-07-18T17:08:12.410+0800][info][gc,cpu         ] GC(142) User=0.00s Sys=0.00s Real=0.00s
[2024-07-18T17:08:12.410+0800][info][gc,start       ] GC(143) Pause Young (Concurrent Start) (G1 Humongous Allocation)
[2024-07-18T17:08:12.410+0800][info][gc,task        ] GC(143) Using 12 workers of 13 for evacuation
[2024-07-18T17:08:12.410+0800][info][gc,phases      ] GC(143)   Pre Evacuate Collection Set: 0.0ms
[2024-07-18T17:08:12.410+0800][info][gc,phases      ] GC(143)   Merge Heap Roots: 0.0ms
[2024-07-18T17:08:12.410+0800][info][gc,phases      ] GC(143)   Evacuate Collection Set: 0.1ms
[2024-07-18T17:08:12.410+0800][info][gc,phases      ] GC(143)   Post Evacuate Collection Set: 0.1ms
[2024-07-18T17:08:12.410+0800][info][gc,phases      ] GC(143)   Other: 0.1ms
[2024-07-18T17:08:12.410+0800][info][gc,heap        ] GC(143) Eden regions: 1->0(23)
[2024-07-18T17:08:12.410+0800][info][gc,heap        ] GC(143) Survivor regions: 1->2(4)
[2024-07-18T17:08:12.410+0800][info][gc,heap        ] GC(143) Old regions: 310->310
[2024-07-18T17:08:12.410+0800][info][gc,heap        ] GC(143) Archive regions: 0->0
[2024-07-18T17:08:12.410+0800][info][gc,heap        ] GC(143) Humongous regions: 193->193
[2024-07-18T17:08:12.410+0800][info][gc,metaspace   ] GC(143) Metaspace: 194K(384K)->194K(384K) NonClass: 187K(256K)->187K(256K) Class: 7K(128K)->7K(128K)
[2024-07-18T17:08:12.410+0800][info][gc             ] GC(143) Pause Young (Concurrent Start) (G1 Humongous Allocation) 485M->485M(512M) 0.371ms
[2024-07-18T17:08:12.410+0800][info][gc,cpu         ] GC(143) User=0.00s Sys=0.00s Real=0.00s
[2024-07-18T17:08:12.410+0800][info][gc             ] GC(144) Concurrent Mark Cycle
[2024-07-18T17:08:12.410+0800][info][gc,marking     ] GC(144) Concurrent Clear Claimed Marks
[2024-07-18T17:08:12.410+0800][info][gc,marking     ] GC(144) Concurrent Clear Claimed Marks 0.007ms
[2024-07-18T17:08:12.410+0800][info][gc,marking     ] GC(144) Concurrent Scan Root Regions
[2024-07-18T17:08:12.410+0800][info][gc,marking     ] GC(144) Concurrent Scan Root Regions 0.019ms
[2024-07-18T17:08:12.410+0800][info][gc,marking     ] GC(144) Concurrent Mark
[2024-07-18T17:08:12.410+0800][info][gc,marking     ] GC(144) Concurrent Mark From Roots
[2024-07-18T17:08:12.410+0800][info][gc,task        ] GC(144) Using 3 workers of 3 for marking
[2024-07-18T17:08:12.410+0800][info][gc,start       ] GC(145) Pause Young (Normal) (G1 Preventive Collection)
[2024-07-18T17:08:12.410+0800][info][gc,task        ] GC(145) Using 12 workers of 13 for evacuation
[2024-07-18T17:08:12.414+0800][info][gc,phases      ] GC(145)   Pre Evacuate Collection Set: 0.0ms
[2024-07-18T17:08:12.414+0800][info][gc,phases      ] GC(145)   Merge Heap Roots: 0.0ms
[2024-07-18T17:08:12.414+0800][info][gc,phases      ] GC(145)   Evacuate Collection Set: 0.1ms
[2024-07-18T17:08:12.414+0800][info][gc,phases      ] GC(145)   Post Evacuate Collection Set: 0.1ms
[2024-07-18T17:08:12.414+0800][info][gc,phases      ] GC(145)   Other: 0.0ms
[2024-07-18T17:08:12.414+0800][info][gc,heap        ] GC(145) Eden regions: 2->0(23)
[2024-07-18T17:08:12.414+0800][info][gc,heap        ] GC(145) Survivor regions: 2->2(3)
[2024-07-18T17:08:12.414+0800][info][gc,heap        ] GC(145) Old regions: 310->310
[2024-07-18T17:08:12.414+0800][info][gc,heap        ] GC(145) Archive regions: 0->0
[2024-07-18T17:08:12.414+0800][info][gc,heap        ] GC(145) Humongous regions: 195->193
[2024-07-18T17:08:12.414+0800][info][gc,metaspace   ] GC(145) Metaspace: 194K(384K)->194K(384K) NonClass: 187K(256K)->187K(256K) Class: 7K(128K)->7K(128K)
[2024-07-18T17:08:12.414+0800][info][gc             ] GC(145) Pause Young (Normal) (G1 Preventive Collection) 488M->485M(512M) 0.325ms
[2024-07-18T17:08:12.414+0800][info][gc,cpu         ] GC(145) User=0.00s Sys=0.00s Real=0.00s
[2024-07-18T17:08:12.414+0800][info][gc,start       ] GC(146) Pause Young (Normal) (G1 Preventive Collection)
[2024-07-18T17:08:12.414+0800][info][gc,task        ] GC(146) Using 12 workers of 13 for evacuation
[2024-07-18T17:08:12.414+0800][info][gc,phases      ] GC(146)   Pre Evacuate Collection Set: 0.0ms
[2024-07-18T17:08:12.414+0800][info][gc,phases      ] GC(146)   Merge Heap Roots: 0.0ms
[2024-07-18T17:08:12.414+0800][info][gc,phases      ] GC(146)   Evacuate Collection Set: 0.1ms
[2024-07-18T17:08:12.414+0800][info][gc,phases      ] GC(146)   Post Evacuate Collection Set: 0.1ms
[2024-07-18T17:08:12.414+0800][info][gc,phases      ] GC(146)   Other: 0.0ms
[2024-07-18T17:08:12.414+0800][info][gc,heap        ] GC(146) Eden regions: 2->0(22)
[2024-07-18T17:08:12.414+0800][info][gc,heap        ] GC(146) Survivor regions: 2->3(3)
[2024-07-18T17:08:12.414+0800][info][gc,heap        ] GC(146) Old regions: 310->310
[2024-07-18T17:08:12.414+0800][info][gc,heap        ] GC(146) Archive regions: 0->0
[2024-07-18T17:08:12.414+0800][info][gc,heap        ] GC(146) Humongous regions: 195->193
[2024-07-18T17:08:12.414+0800][info][gc,metaspace   ] GC(146) Metaspace: 194K(384K)->194K(384K) NonClass: 187K(256K)->187K(256K) Class: 7K(128K)->7K(128K)
[2024-07-18T17:08:12.414+0800][info][gc             ] GC(146) Pause Young (Normal) (G1 Preventive Collection) 488M->486M(512M) 0.300ms
[2024-07-18T17:08:12.414+0800][info][gc,cpu         ] GC(146) User=0.00s Sys=0.00s Real=0.00s
[2024-07-18T17:08:12.414+0800][info][gc,start       ] GC(147) Pause Young (Normal) (G1 Preventive Collection)
[2024-07-18T17:08:12.414+0800][info][gc,task        ] GC(147) Using 12 workers of 13 for evacuation
[2024-07-18T17:08:12.414+0800][info][gc,phases      ] GC(147)   Pre Evacuate Collection Set: 0.0ms
[2024-07-18T17:08:12.414+0800][info][gc,phases      ] GC(147)   Merge Heap Roots: 0.0ms
[2024-07-18T17:08:12.414+0800][info][gc,phases      ] GC(147)   Evacuate Collection Set: 0.1ms
[2024-07-18T17:08:12.414+0800][info][gc,phases      ] GC(147)   Post Evacuate Collection Set: 0.1ms
[2024-07-18T17:08:12.414+0800][info][gc,phases      ] GC(147)   Other: 0.0ms
[2024-07-18T17:08:12.414+0800][info][gc,heap        ] GC(147) Eden regions: 1->0(22)
[2024-07-18T17:08:12.414+0800][info][gc,heap        ] GC(147) Survivor regions: 3->3(4)
[2024-07-18T17:08:12.414+0800][info][gc,heap        ] GC(147) Old regions: 310->310
[2024-07-18T17:08:12.414+0800][info][gc,heap        ] GC(147) Archive regions: 0->0
[2024-07-18T17:08:12.414+0800][info][gc,heap        ] GC(147) Humongous regions: 194->193
[2024-07-18T17:08:12.414+0800][info][gc,metaspace   ] GC(147) Metaspace: 194K(384K)->194K(384K) NonClass: 187K(256K)->187K(256K) Class: 7K(128K)->7K(128K)
[2024-07-18T17:08:12.414+0800][info][gc             ] GC(147) Pause Young (Normal) (G1 Preventive Collection) 487M->486M(512M) 0.340ms
[2024-07-18T17:08:12.414+0800][info][gc,cpu         ] GC(147) User=0.00s Sys=0.00s Real=0.00s
[2024-07-18T17:08:12.414+0800][info][gc,start       ] GC(148) Pause Young (Normal) (G1 Preventive Collection)
[2024-07-18T17:08:12.414+0800][info][gc,task        ] GC(148) Using 12 workers of 13 for evacuation
[2024-07-18T17:08:12.414+0800][info][gc,phases      ] GC(148)   Pre Evacuate Collection Set: 0.0ms
[2024-07-18T17:08:12.414+0800][info][gc,phases      ] GC(148)   Merge Heap Roots: 0.0ms
[2024-07-18T17:08:12.414+0800][info][gc,phases      ] GC(148)   Evacuate Collection Set: 0.1ms
[2024-07-18T17:08:12.414+0800][info][gc,phases      ] GC(148)   Post Evacuate Collection Set: 0.1ms
[2024-07-18T17:08:12.414+0800][info][gc,phases      ] GC(148)   Other: 0.0ms
[2024-07-18T17:08:12.414+0800][info][gc,heap        ] GC(148) Eden regions: 2->0(22)
[2024-07-18T17:08:12.414+0800][info][gc,heap        ] GC(148) Survivor regions: 3->3(3)
[2024-07-18T17:08:12.414+0800][info][gc,heap        ] GC(148) Old regions: 310->310
[2024-07-18T17:08:12.414+0800][info][gc,heap        ] GC(148) Archive regions: 0->0
[2024-07-18T17:08:12.414+0800][info][gc,heap        ] GC(148) Humongous regions: 194->193
[2024-07-18T17:08:12.414+0800][info][gc,metaspace   ] GC(148) Metaspace: 194K(384K)->194K(384K) NonClass: 187K(256K)->187K(256K) Class: 7K(128K)->7K(128K)
[2024-07-18T17:08:12.414+0800][info][gc             ] GC(148) Pause Young (Normal) (G1 Preventive Collection) 488M->486M(512M) 0.353ms
[2024-07-18T17:08:12.414+0800][info][gc,cpu         ] GC(148) User=0.00s Sys=0.00s Real=0.00s
[2024-07-18T17:08:12.414+0800][info][gc,start       ] GC(149) Pause Young (Normal) (G1 Preventive Collection)
[2024-07-18T17:08:12.414+0800][info][gc,task        ] GC(149) Using 12 workers of 13 for evacuation
[2024-07-18T17:08:12.414+0800][info][gc,phases      ] GC(149)   Pre Evacuate Collection Set: 0.0ms
[2024-07-18T17:08:12.414+0800][info][gc,phases      ] GC(149)   Merge Heap Roots: 0.0ms
[2024-07-18T17:08:12.414+0800][info][gc,phases      ] GC(149)   Evacuate Collection Set: 0.1ms
[2024-07-18T17:08:12.414+0800][info][gc,phases      ] GC(149)   Post Evacuate Collection Set: 0.1ms
[2024-07-18T17:08:12.414+0800][info][gc,phases      ] GC(149)   Other: 0.0ms
[2024-07-18T17:08:12.414+0800][info][gc,heap        ] GC(149) Eden regions: 2->0(22)
[2024-07-18T17:08:12.414+0800][info][gc,heap        ] GC(149) Survivor regions: 3->3(4)
[2024-07-18T17:08:12.414+0800][info][gc,heap        ] GC(149) Old regions: 310->311
[2024-07-18T17:08:12.414+0800][info][gc,heap        ] GC(149) Archive regions: 0->0
[2024-07-18T17:08:12.414+0800][info][gc,heap        ] GC(149) Humongous regions: 193->193
[2024-07-18T17:08:12.414+0800][info][gc,metaspace   ] GC(149) Metaspace: 194K(384K)->194K(384K) NonClass: 187K(256K)->187K(256K) Class: 7K(128K)->7K(128K)
[2024-07-18T17:08:12.414+0800][info][gc             ] GC(149) Pause Young (Normal) (G1 Preventive Collection) 488M->487M(512M) 0.333ms
[2024-07-18T17:08:12.414+0800][info][gc,cpu         ] GC(149) User=0.00s Sys=0.00s Real=0.00s
[2024-07-18T17:08:12.414+0800][info][gc,start       ] GC(150) Pause Young (Normal) (G1 Preventive Collection)
[2024-07-18T17:08:12.414+0800][info][gc,task        ] GC(150) Using 12 workers of 13 for evacuation
[2024-07-18T17:08:12.414+0800][info][gc,phases      ] GC(150)   Pre Evacuate Collection Set: 0.0ms
[2024-07-18T17:08:12.414+0800][info][gc,phases      ] GC(150)   Merge Heap Roots: 0.0ms
[2024-07-18T17:08:12.414+0800][info][gc,phases      ] GC(150)   Evacuate Collection Set: 0.1ms
[2024-07-18T17:08:12.414+0800][info][gc,phases      ] GC(150)   Post Evacuate Collection Set: 0.1ms
[2024-07-18T17:08:12.414+0800][info][gc,phases      ] GC(150)   Other: 0.0ms
[2024-07-18T17:08:12.414+0800][info][gc,heap        ] GC(150) Eden regions: 0->0(23)
[2024-07-18T17:08:12.414+0800][info][gc,heap        ] GC(150) Survivor regions: 3->2(4)
[2024-07-18T17:08:12.414+0800][info][gc,heap        ] GC(150) Old regions: 311->312
[2024-07-18T17:08:12.414+0800][info][gc,heap        ] GC(150) Archive regions: 0->0
[2024-07-18T17:08:12.414+0800][info][gc,heap        ] GC(150) Humongous regions: 194->193
[2024-07-18T17:08:12.414+0800][info][gc,metaspace   ] GC(150) Metaspace: 194K(384K)->194K(384K) NonClass: 187K(256K)->187K(256K) Class: 7K(128K)->7K(128K)
[2024-07-18T17:08:12.414+0800][info][gc             ] GC(150) Pause Young (Normal) (G1 Preventive Collection) 488M->487M(512M) 0.296ms
[2024-07-18T17:08:12.414+0800][info][gc,cpu         ] GC(150) User=0.00s Sys=0.00s Real=0.00s
[2024-07-18T17:08:12.416+0800][info][gc,start       ] GC(151) Pause Young (Normal) (G1 Preventive Collection)
[2024-07-18T17:08:12.416+0800][info][gc,task        ] GC(151) Using 12 workers of 13 for evacuation
[2024-07-18T17:08:12.416+0800][info][gc,phases      ] GC(151)   Pre Evacuate Collection Set: 0.0ms
[2024-07-18T17:08:12.416+0800][info][gc,phases      ] GC(151)   Merge Heap Roots: 0.0ms
[2024-07-18T17:08:12.416+0800][info][gc,phases      ] GC(151)   Evacuate Collection Set: 0.1ms
[2024-07-18T17:08:12.416+0800][info][gc,phases      ] GC(151)   Post Evacuate Collection Set: 0.1ms
[2024-07-18T17:08:12.416+0800][info][gc,phases      ] GC(151)   Other: 0.1ms
[2024-07-18T17:08:12.416+0800][info][gc,heap        ] GC(151) Eden regions: 2->0(22)
[2024-07-18T17:08:12.416+0800][info][gc,heap        ] GC(151) Survivor regions: 2->3(3)
[2024-07-18T17:08:12.416+0800][info][gc,heap        ] GC(151) Old regions: 312->312
[2024-07-18T17:08:12.416+0800][info][gc,heap        ] GC(151) Archive regions: 0->0
[2024-07-18T17:08:12.416+0800][info][gc,heap        ] GC(151) Humongous regions: 193->192
[2024-07-18T17:08:12.416+0800][info][gc,metaspace   ] GC(151) Metaspace: 194K(384K)->194K(384K) NonClass: 187K(256K)->187K(256K) Class: 7K(128K)->7K(128K)
[2024-07-18T17:08:12.416+0800][info][gc             ] GC(151) Pause Young (Normal) (G1 Preventive Collection) 489M->486M(512M) 0.343ms
[2024-07-18T17:08:12.416+0800][info][gc,cpu         ] GC(151) User=0.00s Sys=0.00s Real=0.00s
[2024-07-18T17:08:12.416+0800][info][gc,marking     ] GC(144) Concurrent Mark From Roots 3.495ms
[2024-07-18T17:08:12.416+0800][info][gc,marking     ] GC(144) Concurrent Preclean
[2024-07-18T17:08:12.416+0800][info][gc,start       ] GC(152) Pause Young (Normal) (G1 Preventive Collection)
[2024-07-18T17:08:12.416+0800][info][gc,task        ] GC(152) Using 12 workers of 13 for evacuation
[2024-07-18T17:08:12.416+0800][info][gc,phases      ] GC(152)   Pre Evacuate Collection Set: 0.0ms
[2024-07-18T17:08:12.416+0800][info][gc,phases      ] GC(152)   Merge Heap Roots: 0.0ms
[2024-07-18T17:08:12.416+0800][info][gc,phases      ] GC(152)   Evacuate Collection Set: 0.1ms
[2024-07-18T17:08:12.416+0800][info][gc,phases      ] GC(152)   Post Evacuate Collection Set: 0.1ms
[2024-07-18T17:08:12.416+0800][info][gc,phases      ] GC(152)   Other: 0.0ms
[2024-07-18T17:08:12.416+0800][info][gc,heap        ] GC(152) Eden regions: 1->0(22)
[2024-07-18T17:08:12.416+0800][info][gc,heap        ] GC(152) Survivor regions: 3->3(4)
[2024-07-18T17:08:12.416+0800][info][gc,heap        ] GC(152) Old regions: 312->312
[2024-07-18T17:08:12.416+0800][info][gc,heap        ] GC(152) Archive regions: 0->0
[2024-07-18T17:08:12.416+0800][info][gc,heap        ] GC(152) Humongous regions: 192->191
[2024-07-18T17:08:12.416+0800][info][gc,metaspace   ] GC(152) Metaspace: 194K(384K)->194K(384K) NonClass: 187K(256K)->187K(256K) Class: 7K(128K)->7K(128K)
[2024-07-18T17:08:12.416+0800][info][gc             ] GC(152) Pause Young (Normal) (G1 Preventive Collection) 487M->486M(512M) 0.322ms
[2024-07-18T17:08:12.416+0800][info][gc,cpu         ] GC(152) User=0.00s Sys=0.00s Real=0.00s
[2024-07-18T17:08:12.416+0800][info][gc,marking     ] GC(144) Concurrent Preclean 0.413ms
[2024-07-18T17:08:12.416+0800][info][gc,start       ] GC(144) Pause Remark
[2024-07-18T17:08:12.416+0800][info][gc             ] GC(144) Pause Remark 488M->488M(512M) 0.180ms
[2024-07-18T17:08:12.416+0800][info][gc,cpu         ] GC(144) User=0.00s Sys=0.00s Real=0.00s
[2024-07-18T17:08:12.416+0800][info][gc,marking     ] GC(144) Concurrent Mark 4.184ms
[2024-07-18T17:08:12.416+0800][info][gc,marking     ] GC(144) Concurrent Rebuild Remembered Sets
[2024-07-18T17:08:12.416+0800][info][gc,start       ] GC(153) Pause Young (Normal) (G1 Preventive Collection)
[2024-07-18T17:08:12.416+0800][info][gc,task        ] GC(153) Using 12 workers of 13 for evacuation
[2024-07-18T17:08:12.416+0800][info][gc,phases      ] GC(153)   Pre Evacuate Collection Set: 0.0ms
[2024-07-18T17:08:12.416+0800][info][gc,phases      ] GC(153)   Merge Heap Roots: 0.1ms
[2024-07-18T17:08:12.416+0800][info][gc,phases      ] GC(153)   Evacuate Collection Set: 0.1ms
[2024-07-18T17:08:12.416+0800][info][gc,phases      ] GC(153)   Post Evacuate Collection Set: 0.1ms
[2024-07-18T17:08:12.416+0800][info][gc,phases      ] GC(153)   Other: 0.0ms
[2024-07-18T17:08:12.416+0800][info][gc,heap        ] GC(153) Eden regions: 2->0(23)
[2024-07-18T17:08:12.416+0800][info][gc,heap        ] GC(153) Survivor regions: 3->2(4)
[2024-07-18T17:08:12.416+0800][info][gc,heap        ] GC(153) Old regions: 312->313
[2024-07-18T17:08:12.416+0800][info][gc,heap        ] GC(153) Archive regions: 0->0
[2024-07-18T17:08:12.416+0800][info][gc,heap        ] GC(153) Humongous regions: 191->191
[2024-07-18T17:08:12.416+0800][info][gc,metaspace   ] GC(153) Metaspace: 194K(384K)->194K(384K) NonClass: 187K(256K)->187K(256K) Class: 7K(128K)->7K(128K)
[2024-07-18T17:08:12.416+0800][info][gc             ] GC(153) Pause Young (Normal) (G1 Preventive Collection) 488M->486M(512M) 0.362ms
[2024-07-18T17:08:12.416+0800][info][gc,cpu         ] GC(153) User=0.00s Sys=0.00s Real=0.00s
[2024-07-18T17:08:12.416+0800][info][gc,start       ] GC(154) Pause Young (Normal) (G1 Preventive Collection)
[2024-07-18T17:08:12.416+0800][info][gc,task        ] GC(154) Using 12 workers of 13 for evacuation
[2024-07-18T17:08:12.416+0800][info][gc,phases      ] GC(154)   Pre Evacuate Collection Set: 0.0ms
[2024-07-18T17:08:12.416+0800][info][gc,phases      ] GC(154)   Merge Heap Roots: 0.0ms
[2024-07-18T17:08:12.416+0800][info][gc,phases      ] GC(154)   Evacuate Collection Set: 0.1ms
[2024-07-18T17:08:12.416+0800][info][gc,phases      ] GC(154)   Post Evacuate Collection Set: 0.1ms
[2024-07-18T17:08:12.416+0800][info][gc,phases      ] GC(154)   Other: 0.0ms
[2024-07-18T17:08:12.416+0800][info][gc,heap        ] GC(154) Eden regions: 1->0(22)
[2024-07-18T17:08:12.416+0800][info][gc,heap        ] GC(154) Survivor regions: 2->3(3)
[2024-07-18T17:08:12.416+0800][info][gc,heap        ] GC(154) Old regions: 313->313
[2024-07-18T17:08:12.416+0800][info][gc,heap        ] GC(154) Archive regions: 0->0
[2024-07-18T17:08:12.416+0800][info][gc,heap        ] GC(154) Humongous regions: 193->193
[2024-07-18T17:08:12.416+0800][info][gc,metaspace   ] GC(154) Metaspace: 194K(384K)->194K(384K) NonClass: 187K(256K)->187K(256K) Class: 7K(128K)->7K(128K)
[2024-07-18T17:08:12.416+0800][info][gc             ] GC(154) Pause Young (Normal) (G1 Preventive Collection) 489M->489M(512M) 0.298ms
[2024-07-18T17:08:12.416+0800][info][gc,cpu         ] GC(154) User=0.00s Sys=0.00s Real=0.00s
[2024-07-18T17:08:12.416+0800][info][gc,start       ] GC(155) Pause Young (Normal) (G1 Preventive Collection)
[2024-07-18T17:08:12.416+0800][info][gc,task        ] GC(155) Using 12 workers of 13 for evacuation
[2024-07-18T17:08:12.416+0800][info][gc             ] GC(155) To-space exhausted
[2024-07-18T17:08:12.416+0800][info][gc,phases      ] GC(155)   Pre Evacuate Collection Set: 0.0ms
[2024-07-18T17:08:12.416+0800][info][gc,phases      ] GC(155)   Merge Heap Roots: 0.0ms
[2024-07-18T17:08:12.416+0800][info][gc,phases      ] GC(155)   Evacuate Collection Set: 0.1ms
[2024-07-18T17:08:12.416+0800][info][gc,phases      ] GC(155)   Post Evacuate Collection Set: 0.1ms
[2024-07-18T17:08:12.416+0800][info][gc,phases      ] GC(155)   Other: 0.0ms
[2024-07-18T17:08:12.416+0800][info][gc,heap        ] GC(155) Eden regions: 1->0(24)
[2024-07-18T17:08:12.416+0800][info][gc,heap        ] GC(155) Survivor regions: 3->1(2)
[2024-07-18T17:08:12.416+0800][info][gc,heap        ] GC(155) Old regions: 313->317
[2024-07-18T17:08:12.416+0800][info][gc,heap        ] GC(155) Archive regions: 0->0
[2024-07-18T17:08:12.416+0800][info][gc,heap        ] GC(155) Humongous regions: 193->193
[2024-07-18T17:08:12.416+0800][info][gc,metaspace   ] GC(155) Metaspace: 194K(384K)->194K(384K) NonClass: 187K(256K)->187K(256K) Class: 7K(128K)->7K(128K)
[2024-07-18T17:08:12.416+0800][info][gc             ] GC(155) Pause Young (Normal) (G1 Preventive Collection) 490M->491M(512M) 0.279ms
[2024-07-18T17:08:12.416+0800][info][gc,cpu         ] GC(155) User=0.00s Sys=0.00s Real=0.00s
[2024-07-18T17:08:12.416+0800][info][gc,start       ] GC(156) Pause Young (Normal) (G1 Evacuation Pause)
[2024-07-18T17:08:12.416+0800][info][gc,task        ] GC(156) Using 12 workers of 13 for evacuation
[2024-07-18T17:08:12.416+0800][info][gc             ] GC(156) To-space exhausted
[2024-07-18T17:08:12.416+0800][info][gc,phases      ] GC(156)   Pre Evacuate Collection Set: 0.0ms
[2024-07-18T17:08:12.416+0800][info][gc,phases      ] GC(156)   Merge Heap Roots: 0.0ms
[2024-07-18T17:08:12.416+0800][info][gc,phases      ] GC(156)   Evacuate Collection Set: 0.0ms
[2024-07-18T17:08:12.416+0800][info][gc,phases      ] GC(156)   Post Evacuate Collection Set: 0.1ms
[2024-07-18T17:08:12.416+0800][info][gc,phases      ] GC(156)   Other: 0.0ms
[2024-07-18T17:08:12.416+0800][info][gc,heap        ] GC(156) Eden regions: 0->0(25)
[2024-07-18T17:08:12.416+0800][info][gc,heap        ] GC(156) Survivor regions: 1->0(0)
[2024-07-18T17:08:12.416+0800][info][gc,heap        ] GC(156) Old regions: 317->318
[2024-07-18T17:08:12.416+0800][info][gc,heap        ] GC(156) Archive regions: 0->0
[2024-07-18T17:08:12.416+0800][info][gc,heap        ] GC(156) Humongous regions: 194->194
[2024-07-18T17:08:12.416+0800][info][gc,metaspace   ] GC(156) Metaspace: 194K(384K)->194K(384K) NonClass: 187K(256K)->187K(256K) Class: 7K(128K)->7K(128K)
[2024-07-18T17:08:12.416+0800][info][gc             ] GC(156) Pause Young (Normal) (G1 Evacuation Pause) 492M->492M(512M) 0.269ms
[2024-07-18T17:08:12.416+0800][info][gc,cpu         ] GC(156) User=0.00s Sys=0.00s Real=0.00s
[2024-07-18T17:08:12.416+0800][info][gc,ergo        ] Attempting full compaction
[2024-07-18T17:08:12.416+0800][info][gc,task        ] GC(157) Using 12 workers of 13 for full compaction
[2024-07-18T17:08:12.416+0800][info][gc,start       ] GC(157) Pause Full (G1 Compaction Pause)
[2024-07-18T17:08:12.416+0800][info][gc,phases,start] GC(157) Phase 1: Mark live objects
[2024-07-18T17:08:12.416+0800][info][gc,phases      ] GC(157) Phase 1: Mark live objects 0.402ms
[2024-07-18T17:08:12.416+0800][info][gc,phases,start] GC(157) Phase 2: Prepare for compaction
[2024-07-18T17:08:12.416+0800][info][gc,phases      ] GC(157) Phase 2: Prepare for compaction 0.146ms
[2024-07-18T17:08:12.416+0800][info][gc,phases,start] GC(157) Phase 3: Adjust pointers
[2024-07-18T17:08:12.416+0800][info][gc,phases      ] GC(157) Phase 3: Adjust pointers 0.135ms
[2024-07-18T17:08:12.416+0800][info][gc,phases,start] GC(157) Phase 4: Compact heap
[2024-07-18T17:08:12.433+0800][info][gc,phases      ] GC(157) Phase 4: Compact heap 13.087ms
[2024-07-18T17:08:12.433+0800][info][gc,heap        ] GC(157) Eden regions: 0->0(25)
[2024-07-18T17:08:12.433+0800][info][gc,heap        ] GC(157) Survivor regions: 0->0(0)
[2024-07-18T17:08:12.433+0800][info][gc,heap        ] GC(157) Old regions: 318->243
[2024-07-18T17:08:12.433+0800][info][gc,heap        ] GC(157) Archive regions: 0->0
[2024-07-18T17:08:12.433+0800][info][gc,heap        ] GC(157) Humongous regions: 194->194
[2024-07-18T17:08:12.433+0800][info][gc,metaspace   ] GC(157) Metaspace: 194K(384K)->194K(384K) NonClass: 187K(256K)->187K(256K) Class: 7K(128K)->7K(128K)
[2024-07-18T17:08:12.433+0800][info][gc             ] GC(157) Pause Full (G1 Compaction Pause) 492M->407M(512M) 14.702ms
[2024-07-18T17:08:12.433+0800][info][gc,cpu         ] GC(157) User=0.02s Sys=0.00s Real=0.02s
[2024-07-18T17:08:12.433+0800][info][gc,marking     ] GC(144) Concurrent Rebuild Remembered Sets 16.867ms
[2024-07-18T17:08:12.433+0800][info][gc,marking     ] GC(144) Concurrent Mark Abort
[2024-07-18T17:08:12.433+0800][info][gc             ] GC(144) Concurrent Mark Cycle 21.174ms
[2024-07-18T17:08:12.433+0800][info][gc,start       ] GC(158) Pause Young (Concurrent Start) (G1 Humongous Allocation)
[2024-07-18T17:08:12.433+0800][info][gc,task        ] GC(158) Using 12 workers of 13 for evacuation
[2024-07-18T17:08:12.433+0800][info][gc,phases      ] GC(158)   Pre Evacuate Collection Set: 0.1ms
[2024-07-18T17:08:12.433+0800][info][gc,phases      ] GC(158)   Merge Heap Roots: 0.0ms
[2024-07-18T17:08:12.433+0800][info][gc,phases      ] GC(158)   Evacuate Collection Set: 0.1ms
[2024-07-18T17:08:12.433+0800][info][gc,phases      ] GC(158)   Post Evacuate Collection Set: 0.1ms
[2024-07-18T17:08:12.433+0800][info][gc,phases      ] GC(158)   Other: 0.1ms
[2024-07-18T17:08:12.433+0800][info][gc,heap        ] GC(158) Eden regions: 2->0(24)
[2024-07-18T17:08:12.433+0800][info][gc,heap        ] GC(158) Survivor regions: 0->1(4)
[2024-07-18T17:08:12.433+0800][info][gc,heap        ] GC(158) Old regions: 243->243
[2024-07-18T17:08:12.433+0800][info][gc,heap        ] GC(158) Archive regions: 0->0
[2024-07-18T17:08:12.433+0800][info][gc,heap        ] GC(158) Humongous regions: 194->194
[2024-07-18T17:08:12.433+0800][info][gc,metaspace   ] GC(158) Metaspace: 194K(384K)->194K(384K) NonClass: 187K(256K)->187K(256K) Class: 7K(128K)->7K(128K)
[2024-07-18T17:08:12.433+0800][info][gc             ] GC(158) Pause Young (Concurrent Start) (G1 Humongous Allocation) 409M->408M(512M) 0.440ms
[2024-07-18T17:08:12.433+0800][info][gc,cpu         ] GC(158) User=0.00s Sys=0.00s Real=0.00s
[2024-07-18T17:08:12.433+0800][info][gc             ] GC(159) Concurrent Mark Cycle
[2024-07-18T17:08:12.433+0800][info][gc,marking     ] GC(159) Concurrent Clear Claimed Marks
[2024-07-18T17:08:12.433+0800][info][gc,marking     ] GC(159) Concurrent Clear Claimed Marks 0.011ms
[2024-07-18T17:08:12.433+0800][info][gc,marking     ] GC(159) Concurrent Scan Root Regions
[2024-07-18T17:08:12.433+0800][info][gc,marking     ] GC(159) Concurrent Scan Root Regions 0.025ms
[2024-07-18T17:08:12.433+0800][info][gc,marking     ] GC(159) Concurrent Mark
[2024-07-18T17:08:12.433+0800][info][gc,marking     ] GC(159) Concurrent Mark From Roots
[2024-07-18T17:08:12.433+0800][info][gc,task        ] GC(159) Using 3 workers of 3 for marking
[2024-07-18T17:08:12.436+0800][info][gc,marking     ] GC(159) Concurrent Mark From Roots 0.648ms
[2024-07-18T17:08:12.436+0800][info][gc,marking     ] GC(159) Concurrent Preclean
[2024-07-18T17:08:12.436+0800][info][gc,marking     ] GC(159) Concurrent Preclean 0.056ms
[2024-07-18T17:08:12.436+0800][info][gc,start       ] GC(159) Pause Remark
[2024-07-18T17:08:12.436+0800][info][gc             ] GC(159) Pause Remark 420M->420M(512M) 0.193ms
[2024-07-18T17:08:12.436+0800][info][gc,cpu         ] GC(159) User=0.00s Sys=0.00s Real=0.00s
[2024-07-18T17:08:12.436+0800][info][gc,marking     ] GC(159) Concurrent Mark 0.992ms
[2024-07-18T17:08:12.436+0800][info][gc,marking     ] GC(159) Concurrent Rebuild Remembered Sets
[2024-07-18T17:08:12.436+0800][info][gc,marking     ] GC(159) Concurrent Rebuild Remembered Sets 0.295ms
[2024-07-18T17:08:12.436+0800][info][gc,start       ] GC(159) Pause Cleanup
[2024-07-18T17:08:12.437+0800][info][gc             ] GC(159) Pause Cleanup 424M->424M(512M) 0.083ms
[2024-07-18T17:08:12.437+0800][info][gc,cpu         ] GC(159) User=0.00s Sys=0.00s Real=0.00s
[2024-07-18T17:08:12.437+0800][info][gc,marking     ] GC(159) Concurrent Cleanup for Next Mark
[2024-07-18T17:08:12.437+0800][info][gc,marking     ] GC(159) Concurrent Cleanup for Next Mark 0.465ms
[2024-07-18T17:08:12.437+0800][info][gc             ] GC(159) Concurrent Mark Cycle 2.031ms
[2024-07-18T17:08:12.437+0800][info][gc,start       ] GC(160) Pause Young (Prepare Mixed) (G1 Evacuation Pause)
[2024-07-18T17:08:12.437+0800][info][gc,task        ] GC(160) Using 12 workers of 13 for evacuation
[2024-07-18T17:08:12.437+0800][info][gc,phases      ] GC(160)   Pre Evacuate Collection Set: 0.0ms
[2024-07-18T17:08:12.437+0800][info][gc,phases      ] GC(160)   Merge Heap Roots: 0.1ms
[2024-07-18T17:08:12.437+0800][info][gc,phases      ] GC(160)   Evacuate Collection Set: 0.8ms
[2024-07-18T17:08:12.437+0800][info][gc,phases      ] GC(160)   Post Evacuate Collection Set: 0.1ms
[2024-07-18T17:08:12.437+0800][info][gc,phases      ] GC(160)   Other: 0.1ms
[2024-07-18T17:08:12.437+0800][info][gc,heap        ] GC(160) Eden regions: 24->0(21)
[2024-07-18T17:08:12.437+0800][info][gc,heap        ] GC(160) Survivor regions: 1->4(4)
[2024-07-18T17:08:12.437+0800][info][gc,heap        ] GC(160) Old regions: 243->249
[2024-07-18T17:08:12.437+0800][info][gc,heap        ] GC(160) Archive regions: 0->0
[2024-07-18T17:08:12.437+0800][info][gc,heap        ] GC(160) Humongous regions: 211->198
[2024-07-18T17:08:12.437+0800][info][gc,metaspace   ] GC(160) Metaspace: 194K(384K)->194K(384K) NonClass: 187K(256K)->187K(256K) Class: 7K(128K)->7K(128K)
[2024-07-18T17:08:12.437+0800][info][gc             ] GC(160) Pause Young (Prepare Mixed) (G1 Evacuation Pause) 449M->421M(512M) 1.242ms
[2024-07-18T17:08:12.437+0800][info][gc,cpu         ] GC(160) User=0.00s Sys=0.00s Real=0.00s
[2024-07-18T17:08:12.437+0800][info][gc,start       ] GC(161) Pause Young (Mixed) (G1 Evacuation Pause)
[2024-07-18T17:08:12.437+0800][info][gc,task        ] GC(161) Using 12 workers of 13 for evacuation
[2024-07-18T17:08:12.437+0800][info][gc,phases      ] GC(161)   Pre Evacuate Collection Set: 0.0ms
[2024-07-18T17:08:12.437+0800][info][gc,phases      ] GC(161)   Merge Heap Roots: 0.0ms
[2024-07-18T17:08:12.437+0800][info][gc,phases      ] GC(161)   Evacuate Collection Set: 1.2ms
[2024-07-18T17:08:12.437+0800][info][gc,phases      ] GC(161)   Post Evacuate Collection Set: 0.1ms
[2024-07-18T17:08:12.437+0800][info][gc,phases      ] GC(161)   Other: 0.1ms
[2024-07-18T17:08:12.437+0800][info][gc,heap        ] GC(161) Eden regions: 21->0(21)
[2024-07-18T17:08:12.437+0800][info][gc,heap        ] GC(161) Survivor regions: 4->4(4)
[2024-07-18T17:08:12.437+0800][info][gc,heap        ] GC(161) Old regions: 249->252
[2024-07-18T17:08:12.437+0800][info][gc,heap        ] GC(161) Archive regions: 0->0
[2024-07-18T17:08:12.437+0800][info][gc,heap        ] GC(161) Humongous regions: 208->198
[2024-07-18T17:08:12.437+0800][info][gc,metaspace   ] GC(161) Metaspace: 194K(384K)->194K(384K) NonClass: 187K(256K)->187K(256K) Class: 7K(128K)->7K(128K)
[2024-07-18T17:08:12.437+0800][info][gc             ] GC(161) Pause Young (Mixed) (G1 Evacuation Pause) 452M->429M(512M) 1.616ms
[2024-07-18T17:08:12.437+0800][info][gc,cpu         ] GC(161) User=0.00s Sys=0.00s Real=0.00s
[2024-07-18T17:08:12.437+0800][info][gc,start       ] GC(162) Pause Young (Concurrent Start) (G1 Humongous Allocation)
[2024-07-18T17:08:12.437+0800][info][gc,task        ] GC(162) Using 12 workers of 13 for evacuation
[2024-07-18T17:08:12.437+0800][info][gc,phases      ] GC(162)   Pre Evacuate Collection Set: 0.0ms
[2024-07-18T17:08:12.437+0800][info][gc,phases      ] GC(162)   Merge Heap Roots: 0.0ms
[2024-07-18T17:08:12.437+0800][info][gc,phases      ] GC(162)   Evacuate Collection Set: 0.3ms
[2024-07-18T17:08:12.437+0800][info][gc,phases      ] GC(162)   Post Evacuate Collection Set: 0.1ms
[2024-07-18T17:08:12.437+0800][info][gc,phases      ] GC(162)   Other: 0.1ms
[2024-07-18T17:08:12.437+0800][info][gc,heap        ] GC(162) Eden regions: 1->0(24)
[2024-07-18T17:08:12.437+0800][info][gc,heap        ] GC(162) Survivor regions: 4->1(4)
[2024-07-18T17:08:12.437+0800][info][gc,heap        ] GC(162) Old regions: 252->256
[2024-07-18T17:08:12.437+0800][info][gc,heap        ] GC(162) Archive regions: 0->0
[2024-07-18T17:08:12.437+0800][info][gc,heap        ] GC(162) Humongous regions: 198->198
[2024-07-18T17:08:12.437+0800][info][gc,metaspace   ] GC(162) Metaspace: 194K(384K)->194K(384K) NonClass: 187K(256K)->187K(256K) Class: 7K(128K)->7K(128K)
[2024-07-18T17:08:12.437+0800][info][gc             ] GC(162) Pause Young (Concurrent Start) (G1 Humongous Allocation) 429M->429M(512M) 0.537ms
[2024-07-18T17:08:12.437+0800][info][gc,cpu         ] GC(162) User=0.00s Sys=0.00s Real=0.00s
[2024-07-18T17:08:12.437+0800][info][gc             ] GC(163) Concurrent Mark Cycle
[2024-07-18T17:08:12.437+0800][info][gc,marking     ] GC(163) Concurrent Clear Claimed Marks
[2024-07-18T17:08:12.437+0800][info][gc,marking     ] GC(163) Concurrent Clear Claimed Marks 0.007ms
[2024-07-18T17:08:12.437+0800][info][gc,marking     ] GC(163) Concurrent Scan Root Regions
[2024-07-18T17:08:12.437+0800][info][gc,marking     ] GC(163) Concurrent Scan Root Regions 0.023ms
[2024-07-18T17:08:12.437+0800][info][gc,marking     ] GC(163) Concurrent Mark
[2024-07-18T17:08:12.437+0800][info][gc,marking     ] GC(163) Concurrent Mark From Roots
[2024-07-18T17:08:12.437+0800][info][gc,task        ] GC(163) Using 3 workers of 3 for marking
[2024-07-18T17:08:12.437+0800][info][gc,marking     ] GC(163) Concurrent Mark From Roots 0.845ms
[2024-07-18T17:08:12.437+0800][info][gc,marking     ] GC(163) Concurrent Preclean
[2024-07-18T17:08:12.437+0800][info][gc,marking     ] GC(163) Concurrent Preclean 0.102ms
[2024-07-18T17:08:12.437+0800][info][gc,start       ] GC(163) Pause Remark
[2024-07-18T17:08:12.437+0800][info][gc             ] GC(163) Pause Remark 446M->446M(512M) 0.250ms
[2024-07-18T17:08:12.437+0800][info][gc,cpu         ] GC(163) User=0.00s Sys=0.00s Real=0.00s
[2024-07-18T17:08:12.437+0800][info][gc,marking     ] GC(163) Concurrent Mark 1.317ms
[2024-07-18T17:08:12.437+0800][info][gc,marking     ] GC(163) Concurrent Rebuild Remembered Sets
[2024-07-18T17:08:12.437+0800][info][gc,marking     ] GC(163) Concurrent Rebuild Remembered Sets 0.384ms
[2024-07-18T17:08:12.437+0800][info][gc,start       ] GC(163) Pause Cleanup
[2024-07-18T17:08:12.446+0800][info][gc             ] GC(163) Pause Cleanup 451M->451M(512M) 0.120ms
[2024-07-18T17:08:12.446+0800][info][gc,cpu         ] GC(163) User=0.00s Sys=0.00s Real=0.01s
[2024-07-18T17:08:12.446+0800][info][gc,marking     ] GC(163) Concurrent Cleanup for Next Mark
[2024-07-18T17:08:12.447+0800][info][gc,marking     ] GC(163) Concurrent Cleanup for Next Mark 0.487ms
[2024-07-18T17:08:12.447+0800][info][gc             ] GC(163) Concurrent Mark Cycle 2.486ms
[2024-07-18T17:08:12.448+0800][info][gc,start       ] GC(164) Pause Young (Prepare Mixed) (G1 Evacuation Pause)
[2024-07-18T17:08:12.448+0800][info][gc,task        ] GC(164) Using 12 workers of 13 for evacuation
[2024-07-18T17:08:12.449+0800][info][gc,phases      ] GC(164)   Pre Evacuate Collection Set: 0.0ms
[2024-07-18T17:08:12.449+0800][info][gc,phases      ] GC(164)   Merge Heap Roots: 0.1ms
[2024-07-18T17:08:12.449+0800][info][gc,phases      ] GC(164)   Evacuate Collection Set: 0.9ms
[2024-07-18T17:08:12.449+0800][info][gc,phases      ] GC(164)   Post Evacuate Collection Set: 0.1ms
[2024-07-18T17:08:12.449+0800][info][gc,phases      ] GC(164)   Other: 0.1ms
[2024-07-18T17:08:12.449+0800][info][gc,heap        ] GC(164) Eden regions: 24->0(21)
[2024-07-18T17:08:12.449+0800][info][gc,heap        ] GC(164) Survivor regions: 1->4(4)
[2024-07-18T17:08:12.449+0800][info][gc,heap        ] GC(164) Old regions: 256->264
[2024-07-18T17:08:12.449+0800][info][gc,heap        ] GC(164) Archive regions: 0->0
[2024-07-18T17:08:12.449+0800][info][gc,heap        ] GC(164) Humongous regions: 216->201
[2024-07-18T17:08:12.449+0800][info][gc,metaspace   ] GC(164) Metaspace: 194K(384K)->194K(384K) NonClass: 187K(256K)->187K(256K) Class: 7K(128K)->7K(128K)
[2024-07-18T17:08:12.449+0800][info][gc             ] GC(164) Pause Young (Prepare Mixed) (G1 Evacuation Pause) 471M->444M(512M) 1.299ms
[2024-07-18T17:08:12.449+0800][info][gc,cpu         ] GC(164) User=0.00s Sys=0.00s Real=0.00s
[2024-07-18T17:08:12.450+0800][info][gc,start       ] GC(165) Pause Young (Mixed) (G1 Preventive Collection)
[2024-07-18T17:08:12.450+0800][info][gc,task        ] GC(165) Using 12 workers of 13 for evacuation
[2024-07-18T17:08:12.450+0800][info][gc             ] GC(165) To-space exhausted
[2024-07-18T17:08:12.450+0800][info][gc,phases      ] GC(165)   Pre Evacuate Collection Set: 0.0ms
[2024-07-18T17:08:12.450+0800][info][gc,phases      ] GC(165)   Merge Heap Roots: 0.0ms
[2024-07-18T17:08:12.450+0800][info][gc,phases      ] GC(165)   Evacuate Collection Set: 1.0ms
[2024-07-18T17:08:12.450+0800][info][gc,phases      ] GC(165)   Post Evacuate Collection Set: 0.1ms
[2024-07-18T17:08:12.450+0800][info][gc,phases      ] GC(165)   Other: 0.1ms
[2024-07-18T17:08:12.450+0800][info][gc,heap        ] GC(165) Eden regions: 18->0(21)
[2024-07-18T17:08:12.450+0800][info][gc,heap        ] GC(165) Survivor regions: 4->4(4)
[2024-07-18T17:08:12.450+0800][info][gc,heap        ] GC(165) Old regions: 264->277
[2024-07-18T17:08:12.450+0800][info][gc,heap        ] GC(165) Archive regions: 0->0
[2024-07-18T17:08:12.450+0800][info][gc,heap        ] GC(165) Humongous regions: 213->201
[2024-07-18T17:08:12.450+0800][info][gc,metaspace   ] GC(165) Metaspace: 194K(384K)->194K(384K) NonClass: 187K(256K)->187K(256K) Class: 7K(128K)->7K(128K)
[2024-07-18T17:08:12.450+0800][info][gc             ] GC(165) Pause Young (Mixed) (G1 Preventive Collection) 474M->458M(512M) 1.347ms
[2024-07-18T17:08:12.450+0800][info][gc,cpu         ] GC(165) User=0.00s Sys=0.00s Real=0.00s
[2024-07-18T17:08:12.454+0800][info][gc,start       ] GC(166) Pause Young (Concurrent Start) (G1 Humongous Allocation)
[2024-07-18T17:08:12.454+0800][info][gc,task        ] GC(166) Using 12 workers of 13 for evacuation
[2024-07-18T17:08:12.454+0800][info][gc,phases      ] GC(166)   Pre Evacuate Collection Set: 0.0ms
[2024-07-18T17:08:12.455+0800][info][gc,phases      ] GC(166)   Merge Heap Roots: 0.0ms
[2024-07-18T17:08:12.455+0800][info][gc,phases      ] GC(166)   Evacuate Collection Set: 0.4ms
[2024-07-18T17:08:12.455+0800][info][gc,phases      ] GC(166)   Post Evacuate Collection Set: 0.1ms
[2024-07-18T17:08:12.455+0800][info][gc,phases      ] GC(166)   Other: 0.1ms
[2024-07-18T17:08:12.455+0800][info][gc,heap        ] GC(166) Eden regions: 5->0(22)
[2024-07-18T17:08:12.455+0800][info][gc,heap        ] GC(166) Survivor regions: 4->3(4)
[2024-07-18T17:08:12.455+0800][info][gc,heap        ] GC(166) Old regions: 277->281
[2024-07-18T17:08:12.455+0800][info][gc,heap        ] GC(166) Archive regions: 0->0
[2024-07-18T17:08:12.455+0800][info][gc,heap        ] GC(166) Humongous regions: 201->200
[2024-07-18T17:08:12.455+0800][info][gc,metaspace   ] GC(166) Metaspace: 194K(384K)->194K(384K) NonClass: 187K(256K)->187K(256K) Class: 7K(128K)->7K(128K)
[2024-07-18T17:08:12.455+0800][info][gc             ] GC(166) Pause Young (Concurrent Start) (G1 Humongous Allocation) 462M->459M(512M) 0.687ms
[2024-07-18T17:08:12.455+0800][info][gc,cpu         ] GC(166) User=0.00s Sys=0.00s Real=0.00s
[2024-07-18T17:08:12.455+0800][info][gc             ] GC(167) Concurrent Mark Cycle
[2024-07-18T17:08:12.455+0800][info][gc,marking     ] GC(167) Concurrent Clear Claimed Marks
[2024-07-18T17:08:12.455+0800][info][gc,marking     ] GC(167) Concurrent Clear Claimed Marks 0.008ms
[2024-07-18T17:08:12.455+0800][info][gc,marking     ] GC(167) Concurrent Scan Root Regions
[2024-07-18T17:08:12.455+0800][info][gc,marking     ] GC(167) Concurrent Scan Root Regions 0.025ms
[2024-07-18T17:08:12.455+0800][info][gc,marking     ] GC(167) Concurrent Mark
[2024-07-18T17:08:12.455+0800][info][gc,marking     ] GC(167) Concurrent Mark From Roots
[2024-07-18T17:08:12.455+0800][info][gc,task        ] GC(167) Using 3 workers of 3 for marking
[2024-07-18T17:08:12.455+0800][info][gc,marking     ] GC(167) Concurrent Mark From Roots 0.721ms
[2024-07-18T17:08:12.455+0800][info][gc,marking     ] GC(167) Concurrent Preclean
[2024-07-18T17:08:12.455+0800][info][gc,marking     ] GC(167) Concurrent Preclean 0.059ms
[2024-07-18T17:08:12.455+0800][info][gc,start       ] GC(167) Pause Remark
[2024-07-18T17:08:12.455+0800][info][gc             ] GC(167) Pause Remark 470M->470M(512M) 0.233ms
[2024-07-18T17:08:12.455+0800][info][gc,cpu         ] GC(167) User=0.00s Sys=0.00s Real=0.00s
[2024-07-18T17:08:12.455+0800][info][gc,marking     ] GC(167) Concurrent Mark 1.116ms
[2024-07-18T17:08:12.455+0800][info][gc,marking     ] GC(167) Concurrent Rebuild Remembered Sets
[2024-07-18T17:08:12.456+0800][info][gc,marking     ] GC(167) Concurrent Rebuild Remembered Sets 0.423ms
[2024-07-18T17:08:12.456+0800][info][gc,start       ] GC(167) Pause Cleanup
[2024-07-18T17:08:12.456+0800][info][gc             ] GC(167) Pause Cleanup 478M->478M(512M) 0.095ms
[2024-07-18T17:08:12.456+0800][info][gc,cpu         ] GC(167) User=0.00s Sys=0.00s Real=0.00s
[2024-07-18T17:08:12.456+0800][info][gc,marking     ] GC(167) Concurrent Cleanup for Next Mark
[2024-07-18T17:08:12.456+0800][info][gc,start       ] GC(168) Pause Young (Prepare Mixed) (G1 Preventive Collection)
[2024-07-18T17:08:12.456+0800][info][gc,task        ] GC(168) Using 12 workers of 13 for evacuation
[2024-07-18T17:08:12.456+0800][info][gc,phases      ] GC(168)   Pre Evacuate Collection Set: 0.0ms
[2024-07-18T17:08:12.456+0800][info][gc,phases      ] GC(168)   Merge Heap Roots: 0.1ms
[2024-07-18T17:08:12.456+0800][info][gc,phases      ] GC(168)   Evacuate Collection Set: 0.4ms
[2024-07-18T17:08:12.456+0800][info][gc,phases      ] GC(168)   Post Evacuate Collection Set: 0.1ms
[2024-07-18T17:08:12.456+0800][info][gc,phases      ] GC(168)   Other: 0.0ms
[2024-07-18T17:08:12.456+0800][info][gc,heap        ] GC(168) Eden regions: 12->0(21)
[2024-07-18T17:08:12.456+0800][info][gc,heap        ] GC(168) Survivor regions: 3->4(4)
[2024-07-18T17:08:12.456+0800][info][gc,heap        ] GC(168) Old regions: 281->284
[2024-07-18T17:08:12.456+0800][info][gc,heap        ] GC(168) Archive regions: 0->0
[2024-07-18T17:08:12.456+0800][info][gc,heap        ] GC(168) Humongous regions: 208->199
[2024-07-18T17:08:12.456+0800][info][gc,metaspace   ] GC(168) Metaspace: 194K(384K)->194K(384K) NonClass: 187K(256K)->187K(256K) Class: 7K(128K)->7K(128K)
[2024-07-18T17:08:12.456+0800][info][gc             ] GC(168) Pause Young (Prepare Mixed) (G1 Preventive Collection) 479M->463M(512M) 0.713ms
[2024-07-18T17:08:12.456+0800][info][gc,cpu         ] GC(168) User=0.00s Sys=0.00s Real=0.00s
[2024-07-18T17:08:12.458+0800][info][gc,marking     ] GC(167) Concurrent Cleanup for Next Mark 1.261ms
[2024-07-18T17:08:12.458+0800][info][gc             ] GC(167) Concurrent Mark Cycle 3.077ms
[2024-07-18T17:08:12.458+0800][info][gc,start       ] GC(169) Pause Young (Mixed) (G1 Preventive Collection)
[2024-07-18T17:08:12.458+0800][info][gc,task        ] GC(169) Using 12 workers of 13 for evacuation
[2024-07-18T17:08:12.458+0800][info][gc             ] GC(169) To-space exhausted
[2024-07-18T17:08:12.458+0800][info][gc,phases      ] GC(169)   Pre Evacuate Collection Set: 0.0ms
[2024-07-18T17:08:12.458+0800][info][gc,phases      ] GC(169)   Merge Heap Roots: 0.0ms
[2024-07-18T17:08:12.458+0800][info][gc,phases      ] GC(169)   Evacuate Collection Set: 0.9ms
[2024-07-18T17:08:12.458+0800][info][gc,phases      ] GC(169)   Post Evacuate Collection Set: 0.2ms
[2024-07-18T17:08:12.458+0800][info][gc,phases      ] GC(169)   Other: 0.1ms
[2024-07-18T17:08:12.458+0800][info][gc,heap        ] GC(169) Eden regions: 13->0(24)
[2024-07-18T17:08:12.458+0800][info][gc,heap        ] GC(169) Survivor regions: 4->1(4)
[2024-07-18T17:08:12.458+0800][info][gc,heap        ] GC(169) Old regions: 284->303
[2024-07-18T17:08:12.458+0800][info][gc,heap        ] GC(169) Archive regions: 0->0
[2024-07-18T17:08:12.458+0800][info][gc,heap        ] GC(169) Humongous regions: 200->197
[2024-07-18T17:08:12.458+0800][info][gc,metaspace   ] GC(169) Metaspace: 194K(384K)->194K(384K) NonClass: 187K(256K)->187K(256K) Class: 7K(128K)->7K(128K)
[2024-07-18T17:08:12.458+0800][info][gc             ] GC(169) Pause Young (Mixed) (G1 Preventive Collection) 476M->477M(512M) 1.222ms
[2024-07-18T17:08:12.458+0800][info][gc,cpu         ] GC(169) User=0.00s Sys=0.00s Real=0.00s
[2024-07-18T17:08:12.460+0800][info][gc,start       ] GC(170) Pause Young (Mixed) (G1 Preventive Collection)
[2024-07-18T17:08:12.460+0800][info][gc,task        ] GC(170) Using 12 workers of 13 for evacuation
[2024-07-18T17:08:12.460+0800][info][gc,phases      ] GC(170)   Pre Evacuate Collection Set: 0.0ms
[2024-07-18T17:08:12.460+0800][info][gc,phases      ] GC(170)   Merge Heap Roots: 0.0ms
[2024-07-18T17:08:12.460+0800][info][gc,phases      ] GC(170)   Evacuate Collection Set: 0.4ms
[2024-07-18T17:08:12.460+0800][info][gc,phases      ] GC(170)   Post Evacuate Collection Set: 0.1ms
[2024-07-18T17:08:12.460+0800][info][gc,phases      ] GC(170)   Other: 0.0ms
[2024-07-18T17:08:12.460+0800][info][gc,heap        ] GC(170) Eden regions: 3->0(23)
[2024-07-18T17:08:12.460+0800][info][gc,heap        ] GC(170) Survivor regions: 1->2(4)
[2024-07-18T17:08:12.460+0800][info][gc,heap        ] GC(170) Old regions: 303->302
[2024-07-18T17:08:12.460+0800][info][gc,heap        ] GC(170) Archive regions: 0->0
[2024-07-18T17:08:12.460+0800][info][gc,heap        ] GC(170) Humongous regions: 198->197
[2024-07-18T17:08:12.460+0800][info][gc,metaspace   ] GC(170) Metaspace: 194K(384K)->194K(384K) NonClass: 187K(256K)->187K(256K) Class: 7K(128K)->7K(128K)
[2024-07-18T17:08:12.460+0800][info][gc             ] GC(170) Pause Young (Mixed) (G1 Preventive Collection) 481M->478M(512M) 0.695ms
[2024-07-18T17:08:12.460+0800][info][gc,cpu         ] GC(170) User=0.00s Sys=0.00s Real=0.00s
[2024-07-18T17:08:12.460+0800][info][gc,start       ] GC(171) Pause Young (Concurrent Start) (G1 Humongous Allocation)
[2024-07-18T17:08:12.460+0800][info][gc,task        ] GC(171) Using 12 workers of 13 for evacuation
[2024-07-18T17:08:12.461+0800][info][gc,phases      ] GC(171)   Pre Evacuate Collection Set: 0.0ms
[2024-07-18T17:08:12.461+0800][info][gc,phases      ] GC(171)   Merge Heap Roots: 0.0ms
[2024-07-18T17:08:12.461+0800][info][gc,phases      ] GC(171)   Evacuate Collection Set: 0.2ms
[2024-07-18T17:08:12.461+0800][info][gc,phases      ] GC(171)   Post Evacuate Collection Set: 0.1ms
[2024-07-18T17:08:12.461+0800][info][gc,phases      ] GC(171)   Other: 0.1ms
[2024-07-18T17:08:12.461+0800][info][gc,heap        ] GC(171) Eden regions: 2->0(22)
[2024-07-18T17:08:12.461+0800][info][gc,heap        ] GC(171) Survivor regions: 2->3(4)
[2024-07-18T17:08:12.461+0800][info][gc,heap        ] GC(171) Old regions: 302->302
[2024-07-18T17:08:12.461+0800][info][gc,heap        ] GC(171) Archive regions: 0->0
[2024-07-18T17:08:12.461+0800][info][gc,heap        ] GC(171) Humongous regions: 197->197
[2024-07-18T17:08:12.461+0800][info][gc,metaspace   ] GC(171) Metaspace: 194K(384K)->194K(384K) NonClass: 187K(256K)->187K(256K) Class: 7K(128K)->7K(128K)
[2024-07-18T17:08:12.461+0800][info][gc             ] GC(171) Pause Young (Concurrent Start) (G1 Humongous Allocation) 479M->478M(512M) 0.425ms
[2024-07-18T17:08:12.461+0800][info][gc,cpu         ] GC(171) User=0.00s Sys=0.00s Real=0.00s
[2024-07-18T17:08:12.461+0800][info][gc             ] GC(172) Concurrent Mark Cycle
[2024-07-18T17:08:12.461+0800][info][gc,marking     ] GC(172) Concurrent Clear Claimed Marks
[2024-07-18T17:08:12.461+0800][info][gc,marking     ] GC(172) Concurrent Clear Claimed Marks 0.007ms
[2024-07-18T17:08:12.461+0800][info][gc,marking     ] GC(172) Concurrent Scan Root Regions
[2024-07-18T17:08:12.461+0800][info][gc,marking     ] GC(172) Concurrent Scan Root Regions 0.020ms
[2024-07-18T17:08:12.461+0800][info][gc,marking     ] GC(172) Concurrent Mark
[2024-07-18T17:08:12.461+0800][info][gc,marking     ] GC(172) Concurrent Mark From Roots
[2024-07-18T17:08:12.461+0800][info][gc,task        ] GC(172) Using 3 workers of 3 for marking
[2024-07-18T17:08:12.462+0800][info][gc,start       ] GC(173) Pause Young (Normal) (G1 Preventive Collection)
[2024-07-18T17:08:12.462+0800][info][gc,task        ] GC(173) Using 12 workers of 13 for evacuation
[2024-07-18T17:08:12.462+0800][info][gc,phases      ] GC(173)   Pre Evacuate Collection Set: 0.0ms
[2024-07-18T17:08:12.462+0800][info][gc,phases      ] GC(173)   Merge Heap Roots: 0.0ms
[2024-07-18T17:08:12.462+0800][info][gc,phases      ] GC(173)   Evacuate Collection Set: 0.2ms
[2024-07-18T17:08:12.462+0800][info][gc,phases      ] GC(173)   Post Evacuate Collection Set: 0.1ms
[2024-07-18T17:08:12.462+0800][info][gc,phases      ] GC(173)   Other: 0.0ms
[2024-07-18T17:08:12.462+0800][info][gc,heap        ] GC(173) Eden regions: 2->0(22)
[2024-07-18T17:08:12.462+0800][info][gc,heap        ] GC(173) Survivor regions: 3->3(4)
[2024-07-18T17:08:12.462+0800][info][gc,heap        ] GC(173) Old regions: 302->303
[2024-07-18T17:08:12.462+0800][info][gc,heap        ] GC(173) Archive regions: 0->0
[2024-07-18T17:08:12.462+0800][info][gc,heap        ] GC(173) Humongous regions: 201->199
[2024-07-18T17:08:12.462+0800][info][gc,metaspace   ] GC(173) Metaspace: 194K(384K)->194K(384K) NonClass: 187K(256K)->187K(256K) Class: 7K(128K)->7K(128K)
[2024-07-18T17:08:12.462+0800][info][gc             ] GC(173) Pause Young (Normal) (G1 Preventive Collection) 484M->481M(512M) 0.452ms
[2024-07-18T17:08:12.462+0800][info][gc,cpu         ] GC(173) User=0.00s Sys=0.00s Real=0.00s
[2024-07-18T17:08:12.463+0800][info][gc,start       ] GC(174) Pause Young (Normal) (G1 Preventive Collection)
[2024-07-18T17:08:12.463+0800][info][gc,task        ] GC(174) Using 12 workers of 13 for evacuation
[2024-07-18T17:08:12.463+0800][info][gc,phases      ] GC(174)   Pre Evacuate Collection Set: 0.0ms
[2024-07-18T17:08:12.463+0800][info][gc,phases      ] GC(174)   Merge Heap Roots: 0.0ms
[2024-07-18T17:08:12.463+0800][info][gc,phases      ] GC(174)   Evacuate Collection Set: 0.1ms
[2024-07-18T17:08:12.463+0800][info][gc,phases      ] GC(174)   Post Evacuate Collection Set: 0.1ms
[2024-07-18T17:08:12.463+0800][info][gc,phases      ] GC(174)   Other: 0.0ms
[2024-07-18T17:08:12.463+0800][info][gc,heap        ] GC(174) Eden regions: 2->0(22)
[2024-07-18T17:08:12.463+0800][info][gc,heap        ] GC(174) Survivor regions: 3->3(4)
[2024-07-18T17:08:12.463+0800][info][gc,heap        ] GC(174) Old regions: 303->304
[2024-07-18T17:08:12.463+0800][info][gc,heap        ] GC(174) Archive regions: 0->0
[2024-07-18T17:08:12.463+0800][info][gc,heap        ] GC(174) Humongous regions: 200->198
[2024-07-18T17:08:12.463+0800][info][gc,metaspace   ] GC(174) Metaspace: 194K(384K)->194K(384K) NonClass: 187K(256K)->187K(256K) Class: 7K(128K)->7K(128K)
[2024-07-18T17:08:12.463+0800][info][gc             ] GC(174) Pause Young (Normal) (G1 Preventive Collection) 484M->481M(512M) 0.369ms
[2024-07-18T17:08:12.463+0800][info][gc,cpu         ] GC(174) User=0.00s Sys=0.00s Real=0.00s
[2024-07-18T17:08:12.463+0800][info][gc,start       ] GC(175) Pause Young (Normal) (G1 Preventive Collection)
[2024-07-18T17:08:12.463+0800][info][gc,task        ] GC(175) Using 12 workers of 13 for evacuation
[2024-07-18T17:08:12.463+0800][info][gc,phases      ] GC(175)   Pre Evacuate Collection Set: 0.0ms
[2024-07-18T17:08:12.463+0800][info][gc,phases      ] GC(175)   Merge Heap Roots: 0.0ms
[2024-07-18T17:08:12.463+0800][info][gc,phases      ] GC(175)   Evacuate Collection Set: 0.2ms
[2024-07-18T17:08:12.463+0800][info][gc,phases      ] GC(175)   Post Evacuate Collection Set: 0.1ms
[2024-07-18T17:08:12.463+0800][info][gc,phases      ] GC(175)   Other: 0.0ms
[2024-07-18T17:08:12.463+0800][info][gc,heap        ] GC(175) Eden regions: 3->0(22)
[2024-07-18T17:08:12.463+0800][info][gc,heap        ] GC(175) Survivor regions: 3->3(4)
[2024-07-18T17:08:12.463+0800][info][gc,heap        ] GC(175) Old regions: 304->305
[2024-07-18T17:08:12.463+0800][info][gc,heap        ] GC(175) Archive regions: 0->0
[2024-07-18T17:08:12.463+0800][info][gc,heap        ] GC(175) Humongous regions: 198->198
[2024-07-18T17:08:12.463+0800][info][gc,metaspace   ] GC(175) Metaspace: 194K(384K)->194K(384K) NonClass: 187K(256K)->187K(256K) Class: 7K(128K)->7K(128K)
[2024-07-18T17:08:12.463+0800][info][gc             ] GC(175) Pause Young (Normal) (G1 Preventive Collection) 484M->483M(512M) 0.400ms
[2024-07-18T17:08:12.463+0800][info][gc,cpu         ] GC(175) User=0.00s Sys=0.00s Real=0.00s
[2024-07-18T17:08:12.463+0800][info][gc,marking     ] GC(172) Concurrent Mark From Roots 2.240ms
[2024-07-18T17:08:12.463+0800][info][gc,marking     ] GC(172) Concurrent Preclean
[2024-07-18T17:08:12.463+0800][info][gc,start       ] GC(176) Pause Young (Normal) (G1 Preventive Collection)
[2024-07-18T17:08:12.463+0800][info][gc,task        ] GC(176) Using 12 workers of 13 for evacuation
[2024-07-18T17:08:12.463+0800][info][gc,phases      ] GC(176)   Pre Evacuate Collection Set: 0.0ms
[2024-07-18T17:08:12.463+0800][info][gc,phases      ] GC(176)   Merge Heap Roots: 0.0ms
[2024-07-18T17:08:12.463+0800][info][gc,phases      ] GC(176)   Evacuate Collection Set: 0.1ms
[2024-07-18T17:08:12.463+0800][info][gc,phases      ] GC(176)   Post Evacuate Collection Set: 0.1ms
[2024-07-18T17:08:12.463+0800][info][gc,phases      ] GC(176)   Other: 0.0ms
[2024-07-18T17:08:12.463+0800][info][gc,heap        ] GC(176) Eden regions: 1->0(23)
[2024-07-18T17:08:12.463+0800][info][gc,heap        ] GC(176) Survivor regions: 3->2(4)
[2024-07-18T17:08:12.463+0800][info][gc,heap        ] GC(176) Old regions: 305->306
[2024-07-18T17:08:12.463+0800][info][gc,heap        ] GC(176) Archive regions: 0->0
[2024-07-18T17:08:12.463+0800][info][gc,heap        ] GC(176) Humongous regions: 199->198
[2024-07-18T17:08:12.463+0800][info][gc,metaspace   ] GC(176) Metaspace: 194K(384K)->194K(384K) NonClass: 187K(256K)->187K(256K) Class: 7K(128K)->7K(128K)
[2024-07-18T17:08:12.463+0800][info][gc             ] GC(176) Pause Young (Normal) (G1 Preventive Collection) 485M->483M(512M) 0.349ms
[2024-07-18T17:08:12.463+0800][info][gc,cpu         ] GC(176) User=0.00s Sys=0.00s Real=0.00s
[2024-07-18T17:08:12.463+0800][info][gc,marking     ] GC(172) Concurrent Preclean 0.440ms
[2024-07-18T17:08:12.463+0800][info][gc,start       ] GC(172) Pause Remark
[2024-07-18T17:08:12.463+0800][info][gc             ] GC(172) Pause Remark 484M->484M(512M) 0.238ms
[2024-07-18T17:08:12.463+0800][info][gc,cpu         ] GC(172) User=0.00s Sys=0.00s Real=0.00s
[2024-07-18T17:08:12.463+0800][info][gc,marking     ] GC(172) Concurrent Mark 3.015ms
[2024-07-18T17:08:12.463+0800][info][gc,marking     ] GC(172) Concurrent Rebuild Remembered Sets
[2024-07-18T17:08:12.464+0800][info][gc,start       ] GC(177) Pause Young (Normal) (G1 Preventive Collection)
[2024-07-18T17:08:12.464+0800][info][gc,task        ] GC(177) Using 12 workers of 13 for evacuation
[2024-07-18T17:08:12.464+0800][info][gc,phases      ] GC(177)   Pre Evacuate Collection Set: 0.0ms
[2024-07-18T17:08:12.464+0800][info][gc,phases      ] GC(177)   Merge Heap Roots: 0.0ms
[2024-07-18T17:08:12.464+0800][info][gc,phases      ] GC(177)   Evacuate Collection Set: 0.1ms
[2024-07-18T17:08:12.464+0800][info][gc,phases      ] GC(177)   Post Evacuate Collection Set: 0.1ms
[2024-07-18T17:08:12.464+0800][info][gc,phases      ] GC(177)   Other: 0.0ms
[2024-07-18T17:08:12.464+0800][info][gc,heap        ] GC(177) Eden regions: 2->0(22)
[2024-07-18T17:08:12.464+0800][info][gc,heap        ] GC(177) Survivor regions: 2->3(4)
[2024-07-18T17:08:12.464+0800][info][gc,heap        ] GC(177) Old regions: 306->306
[2024-07-18T17:08:12.464+0800][info][gc,heap        ] GC(177) Archive regions: 0->0
[2024-07-18T17:08:12.464+0800][info][gc,heap        ] GC(177) Humongous regions: 198->198
[2024-07-18T17:08:12.464+0800][info][gc,metaspace   ] GC(177) Metaspace: 194K(384K)->194K(384K) NonClass: 187K(256K)->187K(256K) Class: 7K(128K)->7K(128K)
[2024-07-18T17:08:12.464+0800][info][gc             ] GC(177) Pause Young (Normal) (G1 Preventive Collection) 484M->483M(512M) 0.358ms
[2024-07-18T17:08:12.464+0800][info][gc,cpu         ] GC(177) User=0.00s Sys=0.00s Real=0.00s
[2024-07-18T17:08:12.465+0800][info][gc,start       ] GC(178) Pause Young (Normal) (G1 Preventive Collection)
[2024-07-18T17:08:12.465+0800][info][gc,task        ] GC(178) Using 12 workers of 13 for evacuation
[2024-07-18T17:08:12.465+0800][info][gc,phases      ] GC(178)   Pre Evacuate Collection Set: 0.0ms
[2024-07-18T17:08:12.465+0800][info][gc,phases      ] GC(178)   Merge Heap Roots: 0.1ms
[2024-07-18T17:08:12.465+0800][info][gc,phases      ] GC(178)   Evacuate Collection Set: 0.1ms
[2024-07-18T17:08:12.465+0800][info][gc,phases      ] GC(178)   Post Evacuate Collection Set: 0.1ms
[2024-07-18T17:08:12.465+0800][info][gc,phases      ] GC(178)   Other: 0.0ms
[2024-07-18T17:08:12.465+0800][info][gc,heap        ] GC(178) Eden regions: 1->0(23)
[2024-07-18T17:08:12.465+0800][info][gc,heap        ] GC(178) Survivor regions: 3->2(3)
[2024-07-18T17:08:12.465+0800][info][gc,heap        ] GC(178) Old regions: 306->307
[2024-07-18T17:08:12.465+0800][info][gc,heap        ] GC(178) Archive regions: 0->0
[2024-07-18T17:08:12.465+0800][info][gc,heap        ] GC(178) Humongous regions: 199->198
[2024-07-18T17:08:12.465+0800][info][gc,metaspace   ] GC(178) Metaspace: 194K(384K)->194K(384K) NonClass: 187K(256K)->187K(256K) Class: 7K(128K)->7K(128K)
[2024-07-18T17:08:12.465+0800][info][gc             ] GC(178) Pause Young (Normal) (G1 Preventive Collection) 485M->483M(512M) 0.355ms
[2024-07-18T17:08:12.465+0800][info][gc,cpu         ] GC(178) User=0.00s Sys=0.00s Real=0.00s
[2024-07-18T17:08:12.465+0800][info][gc,start       ] GC(179) Pause Young (Normal) (G1 Preventive Collection)
[2024-07-18T17:08:12.465+0800][info][gc,task        ] GC(179) Using 12 workers of 13 for evacuation
[2024-07-18T17:08:12.465+0800][info][gc,phases      ] GC(179)   Pre Evacuate Collection Set: 0.0ms
[2024-07-18T17:08:12.465+0800][info][gc,phases      ] GC(179)   Merge Heap Roots: 0.0ms
[2024-07-18T17:08:12.465+0800][info][gc,phases      ] GC(179)   Evacuate Collection Set: 0.1ms
[2024-07-18T17:08:12.465+0800][info][gc,phases      ] GC(179)   Post Evacuate Collection Set: 0.1ms
[2024-07-18T17:08:12.465+0800][info][gc,phases      ] GC(179)   Other: 0.0ms
[2024-07-18T17:08:12.465+0800][info][gc,heap        ] GC(179) Eden regions: 1->0(23)
[2024-07-18T17:08:12.465+0800][info][gc,heap        ] GC(179) Survivor regions: 2->2(3)
[2024-07-18T17:08:12.465+0800][info][gc,heap        ] GC(179) Old regions: 307->307
[2024-07-18T17:08:12.465+0800][info][gc,heap        ] GC(179) Archive regions: 0->0
[2024-07-18T17:08:12.465+0800][info][gc,heap        ] GC(179) Humongous regions: 199->198
[2024-07-18T17:08:12.465+0800][info][gc,metaspace   ] GC(179) Metaspace: 194K(384K)->194K(384K) NonClass: 187K(256K)->187K(256K) Class: 7K(128K)->7K(128K)
[2024-07-18T17:08:12.465+0800][info][gc             ] GC(179) Pause Young (Normal) (G1 Preventive Collection) 485M->484M(512M) 0.310ms
[2024-07-18T17:08:12.465+0800][info][gc,cpu         ] GC(179) User=0.00s Sys=0.00s Real=0.00s
[2024-07-18T17:08:12.465+0800][info][gc,start       ] GC(180) Pause Young (Normal) (G1 Preventive Collection)
[2024-07-18T17:08:12.465+0800][info][gc,task        ] GC(180) Using 12 workers of 13 for evacuation
[2024-07-18T17:08:12.465+0800][info][gc,phases      ] GC(180)   Pre Evacuate Collection Set: 0.0ms
[2024-07-18T17:08:12.465+0800][info][gc,phases      ] GC(180)   Merge Heap Roots: 0.0ms
[2024-07-18T17:08:12.465+0800][info][gc,phases      ] GC(180)   Evacuate Collection Set: 0.1ms
[2024-07-18T17:08:12.465+0800][info][gc,phases      ] GC(180)   Post Evacuate Collection Set: 0.1ms
[2024-07-18T17:08:12.465+0800][info][gc,phases      ] GC(180)   Other: 0.0ms
[2024-07-18T17:08:12.465+0800][info][gc,heap        ] GC(180) Eden regions: 1->0(22)
[2024-07-18T17:08:12.465+0800][info][gc,heap        ] GC(180) Survivor regions: 2->3(3)
[2024-07-18T17:08:12.465+0800][info][gc,heap        ] GC(180) Old regions: 307->307
[2024-07-18T17:08:12.465+0800][info][gc,heap        ] GC(180) Archive regions: 0->0
[2024-07-18T17:08:12.465+0800][info][gc,heap        ] GC(180) Humongous regions: 199->199
[2024-07-18T17:08:12.465+0800][info][gc,metaspace   ] GC(180) Metaspace: 194K(384K)->194K(384K) NonClass: 187K(256K)->187K(256K) Class: 7K(128K)->7K(128K)
[2024-07-18T17:08:12.465+0800][info][gc             ] GC(180) Pause Young (Normal) (G1 Preventive Collection) 486M->485M(512M) 0.302ms
[2024-07-18T17:08:12.465+0800][info][gc,cpu         ] GC(180) User=0.00s Sys=0.00s Real=0.00s
[2024-07-18T17:08:12.465+0800][info][gc,start       ] GC(181) Pause Young (Normal) (G1 Preventive Collection)
[2024-07-18T17:08:12.465+0800][info][gc,task        ] GC(181) Using 12 workers of 13 for evacuation
[2024-07-18T17:08:12.465+0800][info][gc             ] GC(181) To-space exhausted
[2024-07-18T17:08:12.465+0800][info][gc,phases      ] GC(181)   Pre Evacuate Collection Set: 0.0ms
[2024-07-18T17:08:12.465+0800][info][gc,phases      ] GC(181)   Merge Heap Roots: 0.0ms
[2024-07-18T17:08:12.465+0800][info][gc,phases      ] GC(181)   Evacuate Collection Set: 0.1ms
[2024-07-18T17:08:12.465+0800][info][gc,phases      ] GC(181)   Post Evacuate Collection Set: 0.1ms
[2024-07-18T17:08:12.465+0800][info][gc,phases      ] GC(181)   Other: 0.0ms
[2024-07-18T17:08:12.465+0800][info][gc,heap        ] GC(181) Eden regions: 0->0(24)
[2024-07-18T17:08:12.465+0800][info][gc,heap        ] GC(181) Survivor regions: 3->1(2)
[2024-07-18T17:08:12.465+0800][info][gc,heap        ] GC(181) Old regions: 307->310
[2024-07-18T17:08:12.465+0800][info][gc,heap        ] GC(181) Archive regions: 0->0
[2024-07-18T17:08:12.465+0800][info][gc,heap        ] GC(181) Humongous regions: 200->199
[2024-07-18T17:08:12.465+0800][info][gc,metaspace   ] GC(181) Metaspace: 194K(384K)->194K(384K) NonClass: 187K(256K)->187K(256K) Class: 7K(128K)->7K(128K)
[2024-07-18T17:08:12.465+0800][info][gc             ] GC(181) Pause Young (Normal) (G1 Preventive Collection) 486M->486M(512M) 0.309ms
[2024-07-18T17:08:12.465+0800][info][gc,cpu         ] GC(181) User=0.00s Sys=0.00s Real=0.00s
[2024-07-18T17:08:12.465+0800][info][gc,marking     ] GC(172) Concurrent Rebuild Remembered Sets 2.395ms
[2024-07-18T17:08:12.465+0800][info][gc,start       ] GC(172) Pause Cleanup
[2024-07-18T17:08:12.465+0800][info][gc             ] GC(172) Pause Cleanup 487M->487M(512M) 0.092ms
[2024-07-18T17:08:12.465+0800][info][gc,cpu         ] GC(172) User=0.00s Sys=0.00s Real=0.00s
[2024-07-18T17:08:12.465+0800][info][gc,marking     ] GC(172) Concurrent Cleanup for Next Mark
[2024-07-18T17:08:12.465+0800][info][gc,start       ] GC(182) Pause Young (Prepare Mixed) (G1 Preventive Collection)
[2024-07-18T17:08:12.465+0800][info][gc,task        ] GC(182) Using 12 workers of 13 for evacuation
[2024-07-18T17:08:12.465+0800][info][gc             ] GC(182) To-space exhausted
[2024-07-18T17:08:12.465+0800][info][gc,phases      ] GC(182)   Pre Evacuate Collection Set: 0.0ms
[2024-07-18T17:08:12.465+0800][info][gc,phases      ] GC(182)   Merge Heap Roots: 0.0ms
[2024-07-18T17:08:12.465+0800][info][gc,phases      ] GC(182)   Evacuate Collection Set: 0.1ms
[2024-07-18T17:08:12.465+0800][info][gc,phases      ] GC(182)   Post Evacuate Collection Set: 0.1ms
[2024-07-18T17:08:12.465+0800][info][gc,phases      ] GC(182)   Other: 0.0ms
[2024-07-18T17:08:12.465+0800][info][gc,heap        ] GC(182) Eden regions: 1->0(24)
[2024-07-18T17:08:12.465+0800][info][gc,heap        ] GC(182) Survivor regions: 1->1(1)
[2024-07-18T17:08:12.465+0800][info][gc,heap        ] GC(182) Old regions: 310->312
[2024-07-18T17:08:12.465+0800][info][gc,heap        ] GC(182) Archive regions: 0->0
[2024-07-18T17:08:12.465+0800][info][gc,heap        ] GC(182) Humongous regions: 199->199
[2024-07-18T17:08:12.465+0800][info][gc,metaspace   ] GC(182) Metaspace: 194K(384K)->194K(384K) NonClass: 187K(256K)->187K(256K) Class: 7K(128K)->7K(128K)
[2024-07-18T17:08:12.465+0800][info][gc             ] GC(182) Pause Young (Prepare Mixed) (G1 Preventive Collection) 487M->488M(512M) 0.271ms
[2024-07-18T17:08:12.465+0800][info][gc,cpu         ] GC(182) User=0.00s Sys=0.00s Real=0.00s
[2024-07-18T17:08:12.465+0800][info][gc,ergo        ] Attempting full compaction
[2024-07-18T17:08:12.465+0800][info][gc,task        ] GC(183) Using 12 workers of 13 for full compaction
[2024-07-18T17:08:12.465+0800][info][gc,start       ] GC(183) Pause Full (G1 Compaction Pause)
[2024-07-18T17:08:12.465+0800][info][gc,phases,start] GC(183) Phase 1: Mark live objects
[2024-07-18T17:08:12.465+0800][info][gc,phases      ] GC(183) Phase 1: Mark live objects 0.389ms
[2024-07-18T17:08:12.465+0800][info][gc,phases,start] GC(183) Phase 2: Prepare for compaction
[2024-07-18T17:08:12.465+0800][info][gc,phases      ] GC(183) Phase 2: Prepare for compaction 0.140ms
[2024-07-18T17:08:12.465+0800][info][gc,phases,start] GC(183) Phase 3: Adjust pointers
[2024-07-18T17:08:12.465+0800][info][gc,phases      ] GC(183) Phase 3: Adjust pointers 0.152ms
[2024-07-18T17:08:12.465+0800][info][gc,phases,start] GC(183) Phase 4: Compact heap
[2024-07-18T17:08:12.480+0800][info][gc,phases      ] GC(183) Phase 4: Compact heap 14.224ms
[2024-07-18T17:08:12.480+0800][info][gc,heap        ] GC(183) Eden regions: 0->0(25)
[2024-07-18T17:08:12.480+0800][info][gc,heap        ] GC(183) Survivor regions: 1->0(1)
[2024-07-18T17:08:12.480+0800][info][gc,heap        ] GC(183) Old regions: 312->254
[2024-07-18T17:08:12.480+0800][info][gc,heap        ] GC(183) Archive regions: 0->0
[2024-07-18T17:08:12.480+0800][info][gc,heap        ] GC(183) Humongous regions: 199->199
[2024-07-18T17:08:12.480+0800][info][gc,metaspace   ] GC(183) Metaspace: 194K(384K)->194K(384K) NonClass: 187K(256K)->187K(256K) Class: 7K(128K)->7K(128K)
[2024-07-18T17:08:12.480+0800][info][gc             ] GC(183) Pause Full (G1 Compaction Pause) 488M->422M(512M) 15.840ms
[2024-07-18T17:08:12.480+0800][info][gc,cpu         ] GC(183) User=0.02s Sys=0.00s Real=0.02s
[2024-07-18T17:08:12.480+0800][info][gc,marking     ] GC(172) Concurrent Cleanup for Next Mark 16.463ms
[2024-07-18T17:08:12.480+0800][info][gc,marking     ] GC(172) Concurrent Mark Abort
[2024-07-18T17:08:12.480+0800][info][gc             ] GC(172) Concurrent Mark Cycle 22.144ms
[2024-07-18T17:08:12.480+0800][info][gc,start       ] GC(184) Pause Young (Concurrent Start) (G1 Humongous Allocation)
[2024-07-18T17:08:12.480+0800][info][gc,task        ] GC(184) Using 12 workers of 13 for evacuation
[2024-07-18T17:08:12.480+0800][info][gc,phases      ] GC(184)   Pre Evacuate Collection Set: 0.1ms
[2024-07-18T17:08:12.480+0800][info][gc,phases      ] GC(184)   Merge Heap Roots: 0.0ms
[2024-07-18T17:08:12.480+0800][info][gc,phases      ] GC(184)   Evacuate Collection Set: 0.1ms
[2024-07-18T17:08:12.480+0800][info][gc,phases      ] GC(184)   Post Evacuate Collection Set: 0.1ms
[2024-07-18T17:08:12.480+0800][info][gc,phases      ] GC(184)   Other: 0.1ms
[2024-07-18T17:08:12.480+0800][info][gc,heap        ] GC(184) Eden regions: 2->0(24)
[2024-07-18T17:08:12.480+0800][info][gc,heap        ] GC(184) Survivor regions: 0->1(4)
[2024-07-18T17:08:12.480+0800][info][gc,heap        ] GC(184) Old regions: 254->254
[2024-07-18T17:08:12.480+0800][info][gc,heap        ] GC(184) Archive regions: 0->0
[2024-07-18T17:08:12.480+0800][info][gc,heap        ] GC(184) Humongous regions: 200->200
[2024-07-18T17:08:12.480+0800][info][gc,metaspace   ] GC(184) Metaspace: 194K(384K)->194K(384K) NonClass: 187K(256K)->187K(256K) Class: 7K(128K)->7K(128K)
[2024-07-18T17:08:12.480+0800][info][gc             ] GC(184) Pause Young (Concurrent Start) (G1 Humongous Allocation) 425M->424M(512M) 0.482ms
[2024-07-18T17:08:12.480+0800][info][gc,cpu         ] GC(184) User=0.00s Sys=0.00s Real=0.00s
[2024-07-18T17:08:12.480+0800][info][gc             ] GC(185) Concurrent Mark Cycle
[2024-07-18T17:08:12.480+0800][info][gc,marking     ] GC(185) Concurrent Clear Claimed Marks
[2024-07-18T17:08:12.480+0800][info][gc,marking     ] GC(185) Concurrent Clear Claimed Marks 0.010ms
[2024-07-18T17:08:12.480+0800][info][gc,marking     ] GC(185) Concurrent Scan Root Regions
[2024-07-18T17:08:12.480+0800][info][gc,marking     ] GC(185) Concurrent Scan Root Regions 0.024ms
[2024-07-18T17:08:12.480+0800][info][gc,marking     ] GC(185) Concurrent Mark
[2024-07-18T17:08:12.480+0800][info][gc,marking     ] GC(185) Concurrent Mark From Roots
[2024-07-18T17:08:12.480+0800][info][gc,task        ] GC(185) Using 3 workers of 3 for marking
[2024-07-18T17:08:12.480+0800][info][gc,marking     ] GC(185) Concurrent Mark From Roots 0.631ms
[2024-07-18T17:08:12.480+0800][info][gc,marking     ] GC(185) Concurrent Preclean
[2024-07-18T17:08:12.480+0800][info][gc,marking     ] GC(185) Concurrent Preclean 0.058ms
[2024-07-18T17:08:12.480+0800][info][gc,start       ] GC(185) Pause Remark
[2024-07-18T17:08:12.480+0800][info][gc             ] GC(185) Pause Remark 436M->436M(512M) 0.210ms
[2024-07-18T17:08:12.480+0800][info][gc,cpu         ] GC(185) User=0.00s Sys=0.00s Real=0.00s
[2024-07-18T17:08:12.480+0800][info][gc,marking     ] GC(185) Concurrent Mark 0.987ms
[2024-07-18T17:08:12.480+0800][info][gc,marking     ] GC(185) Concurrent Rebuild Remembered Sets
[2024-07-18T17:08:12.480+0800][info][gc,marking     ] GC(185) Concurrent Rebuild Remembered Sets 0.395ms
[2024-07-18T17:08:12.480+0800][info][gc,start       ] GC(185) Pause Cleanup
[2024-07-18T17:08:12.480+0800][info][gc             ] GC(185) Pause Cleanup 443M->443M(512M) 0.095ms
[2024-07-18T17:08:12.480+0800][info][gc,cpu         ] GC(185) User=0.00s Sys=0.00s Real=0.00s
[2024-07-18T17:08:12.480+0800][info][gc,marking     ] GC(185) Concurrent Cleanup for Next Mark
[2024-07-18T17:08:12.480+0800][info][gc,marking     ] GC(185) Concurrent Cleanup for Next Mark 0.469ms
[2024-07-18T17:08:12.480+0800][info][gc             ] GC(185) Concurrent Mark Cycle 2.180ms
[2024-07-18T17:08:12.480+0800][info][gc,start       ] GC(186) Pause Young (Prepare Mixed) (G1 Evacuation Pause)
[2024-07-18T17:08:12.480+0800][info][gc,task        ] GC(186) Using 12 workers of 13 for evacuation
[2024-07-18T17:08:12.480+0800][info][gc,phases      ] GC(186)   Pre Evacuate Collection Set: 0.0ms
[2024-07-18T17:08:12.480+0800][info][gc,phases      ] GC(186)   Merge Heap Roots: 0.1ms
[2024-07-18T17:08:12.480+0800][info][gc,phases      ] GC(186)   Evacuate Collection Set: 0.7ms
[2024-07-18T17:08:12.480+0800][info][gc,phases      ] GC(186)   Post Evacuate Collection Set: 0.1ms
[2024-07-18T17:08:12.480+0800][info][gc,phases      ] GC(186)   Other: 0.1ms
[2024-07-18T17:08:12.480+0800][info][gc,heap        ] GC(186) Eden regions: 24->0(21)
[2024-07-18T17:08:12.480+0800][info][gc,heap        ] GC(186) Survivor regions: 1->4(4)
[2024-07-18T17:08:12.480+0800][info][gc,heap        ] GC(186) Old regions: 254->260
[2024-07-18T17:08:12.480+0800][info][gc,heap        ] GC(186) Archive regions: 0->0
[2024-07-18T17:08:12.480+0800][info][gc,heap        ] GC(186) Humongous regions: 222->207
[2024-07-18T17:08:12.480+0800][info][gc,metaspace   ] GC(186) Metaspace: 194K(384K)->194K(384K) NonClass: 187K(256K)->187K(256K) Class: 7K(128K)->7K(128K)
[2024-07-18T17:08:12.480+0800][info][gc             ] GC(186) Pause Young (Prepare Mixed) (G1 Evacuation Pause) 470M->440M(512M) 1.167ms
[2024-07-18T17:08:12.480+0800][info][gc,cpu         ] GC(186) User=0.00s Sys=0.00s Real=0.00s
[2024-07-18T17:08:12.480+0800][info][gc,start       ] GC(187) Pause Young (Mixed) (G1 Preventive Collection)
[2024-07-18T17:08:12.480+0800][info][gc,task        ] GC(187) Using 12 workers of 13 for evacuation
[2024-07-18T17:08:12.480+0800][info][gc             ] GC(187) To-space exhausted
[2024-07-18T17:08:12.480+0800][info][gc,phases      ] GC(187)   Pre Evacuate Collection Set: 0.0ms
[2024-07-18T17:08:12.480+0800][info][gc,phases      ] GC(187)   Merge Heap Roots: 0.0ms
[2024-07-18T17:08:12.480+0800][info][gc,phases      ] GC(187)   Evacuate Collection Set: 0.7ms
[2024-07-18T17:08:12.480+0800][info][gc,phases      ] GC(187)   Post Evacuate Collection Set: 0.1ms
[2024-07-18T17:08:12.480+0800][info][gc,phases      ] GC(187)   Other: 0.1ms
[2024-07-18T17:08:12.480+0800][info][gc,heap        ] GC(187) Eden regions: 19->0(21)
[2024-07-18T17:08:12.480+0800][info][gc,heap        ] GC(187) Survivor regions: 4->4(4)
[2024-07-18T17:08:12.480+0800][info][gc,heap        ] GC(187) Old regions: 260->280
[2024-07-18T17:08:12.480+0800][info][gc,heap        ] GC(187) Archive regions: 0->0
[2024-07-18T17:08:12.480+0800][info][gc,heap        ] GC(187) Humongous regions: 219->205
[2024-07-18T17:08:12.480+0800][info][gc,metaspace   ] GC(187) Metaspace: 194K(384K)->194K(384K) NonClass: 187K(256K)->187K(256K) Class: 7K(128K)->7K(128K)
[2024-07-18T17:08:12.480+0800][info][gc             ] GC(187) Pause Young (Mixed) (G1 Preventive Collection) 470M->459M(512M) 1.041ms
[2024-07-18T17:08:12.480+0800][info][gc,cpu         ] GC(187) User=0.00s Sys=0.00s Real=0.00s
[2024-07-18T17:08:12.480+0800][info][gc,start       ] GC(188) Pause Young (Concurrent Start) (G1 Humongous Allocation)
[2024-07-18T17:08:12.480+0800][info][gc,task        ] GC(188) Using 12 workers of 13 for evacuation
[2024-07-18T17:08:12.480+0800][info][gc,phases      ] GC(188)   Pre Evacuate Collection Set: 0.0ms
[2024-07-18T17:08:12.480+0800][info][gc,phases      ] GC(188)   Merge Heap Roots: 0.0ms
[2024-07-18T17:08:12.480+0800][info][gc,phases      ] GC(188)   Evacuate Collection Set: 0.2ms
[2024-07-18T17:08:12.480+0800][info][gc,phases      ] GC(188)   Post Evacuate Collection Set: 0.1ms
[2024-07-18T17:08:12.480+0800][info][gc,phases      ] GC(188)   Other: 0.1ms
[2024-07-18T17:08:12.480+0800][info][gc,heap        ] GC(188) Eden regions: 1->0(24)
[2024-07-18T17:08:12.480+0800][info][gc,heap        ] GC(188) Survivor regions: 4->1(4)
[2024-07-18T17:08:12.480+0800][info][gc,heap        ] GC(188) Old regions: 280->284
[2024-07-18T17:08:12.480+0800][info][gc,heap        ] GC(188) Archive regions: 0->0
[2024-07-18T17:08:12.480+0800][info][gc,heap        ] GC(188) Humongous regions: 206->205
[2024-07-18T17:08:12.480+0800][info][gc,metaspace   ] GC(188) Metaspace: 194K(384K)->194K(384K) NonClass: 187K(256K)->187K(256K) Class: 7K(128K)->7K(128K)
[2024-07-18T17:08:12.480+0800][info][gc             ] GC(188) Pause Young (Concurrent Start) (G1 Humongous Allocation) 460M->458M(512M) 0.454ms
[2024-07-18T17:08:12.480+0800][info][gc,cpu         ] GC(188) User=0.00s Sys=0.00s Real=0.00s
[2024-07-18T17:08:12.480+0800][info][gc             ] GC(189) Concurrent Mark Cycle
[2024-07-18T17:08:12.480+0800][info][gc,marking     ] GC(189) Concurrent Clear Claimed Marks
[2024-07-18T17:08:12.480+0800][info][gc,marking     ] GC(189) Concurrent Clear Claimed Marks 0.008ms
[2024-07-18T17:08:12.480+0800][info][gc,marking     ] GC(189) Concurrent Scan Root Regions
[2024-07-18T17:08:12.480+0800][info][gc,marking     ] GC(189) Concurrent Scan Root Regions 0.023ms
[2024-07-18T17:08:12.480+0800][info][gc,marking     ] GC(189) Concurrent Mark
[2024-07-18T17:08:12.480+0800][info][gc,marking     ] GC(189) Concurrent Mark From Roots
[2024-07-18T17:08:12.480+0800][info][gc,task        ] GC(189) Using 3 workers of 3 for marking
[2024-07-18T17:08:12.493+0800][info][gc,marking     ] GC(189) Concurrent Mark From Roots 0.718ms
[2024-07-18T17:08:12.493+0800][info][gc,marking     ] GC(189) Concurrent Preclean
[2024-07-18T17:08:12.493+0800][info][gc,marking     ] GC(189) Concurrent Preclean 0.063ms
[2024-07-18T17:08:12.493+0800][info][gc,start       ] GC(189) Pause Remark
[2024-07-18T17:08:12.493+0800][info][gc             ] GC(189) Pause Remark 469M->469M(512M) 0.204ms
[2024-07-18T17:08:12.493+0800][info][gc,cpu         ] GC(189) User=0.00s Sys=0.00s Real=0.00s
[2024-07-18T17:08:12.493+0800][info][gc,marking     ] GC(189) Concurrent Mark 1.091ms
[2024-07-18T17:08:12.493+0800][info][gc,marking     ] GC(189) Concurrent Rebuild Remembered Sets
[2024-07-18T17:08:12.493+0800][info][gc,marking     ] GC(189) Concurrent Rebuild Remembered Sets 0.293ms
[2024-07-18T17:08:12.493+0800][info][gc,start       ] GC(189) Pause Cleanup
[2024-07-18T17:08:12.493+0800][info][gc             ] GC(189) Pause Cleanup 471M->471M(512M) 0.081ms
[2024-07-18T17:08:12.493+0800][info][gc,cpu         ] GC(189) User=0.00s Sys=0.00s Real=0.00s
[2024-07-18T17:08:12.493+0800][info][gc,marking     ] GC(189) Concurrent Cleanup for Next Mark
[2024-07-18T17:08:12.493+0800][info][gc,marking     ] GC(189) Concurrent Cleanup for Next Mark 0.445ms
[2024-07-18T17:08:12.493+0800][info][gc             ] GC(189) Concurrent Mark Cycle 2.085ms
[2024-07-18T17:08:12.493+0800][info][gc,start       ] GC(190) Pause Young (Prepare Mixed) (G1 Preventive Collection)
[2024-07-18T17:08:12.493+0800][info][gc,task        ] GC(190) Using 12 workers of 13 for evacuation
[2024-07-18T17:08:12.493+0800][info][gc,phases      ] GC(190)   Pre Evacuate Collection Set: 0.0ms
[2024-07-18T17:08:12.493+0800][info][gc,phases      ] GC(190)   Merge Heap Roots: 0.1ms
[2024-07-18T17:08:12.493+0800][info][gc,phases      ] GC(190)   Evacuate Collection Set: 0.4ms
[2024-07-18T17:08:12.493+0800][info][gc,phases      ] GC(190)   Post Evacuate Collection Set: 0.1ms
[2024-07-18T17:08:12.493+0800][info][gc,phases      ] GC(190)   Other: 0.1ms
[2024-07-18T17:08:12.493+0800][info][gc,heap        ] GC(190) Eden regions: 14->0(21)
[2024-07-18T17:08:12.493+0800][info][gc,heap        ] GC(190) Survivor regions: 1->4(4)
[2024-07-18T17:08:12.493+0800][info][gc,heap        ] GC(190) Old regions: 284->285
[2024-07-18T17:08:12.493+0800][info][gc,heap        ] GC(190) Archive regions: 0->0
[2024-07-18T17:08:12.493+0800][info][gc,heap        ] GC(190) Humongous regions: 208->201
[2024-07-18T17:08:12.493+0800][info][gc,metaspace   ] GC(190) Metaspace: 194K(384K)->194K(384K) NonClass: 187K(256K)->187K(256K) Class: 7K(128K)->7K(128K)
[2024-07-18T17:08:12.493+0800][info][gc             ] GC(190) Pause Young (Prepare Mixed) (G1 Preventive Collection) 475M->460M(512M) 0.673ms
[2024-07-18T17:08:12.493+0800][info][gc,cpu         ] GC(190) User=0.00s Sys=0.00s Real=0.00s
[2024-07-18T17:08:12.496+0800][info][gc,start       ] GC(191) Pause Young (Mixed) (G1 Preventive Collection)
[2024-07-18T17:08:12.496+0800][info][gc,task        ] GC(191) Using 12 workers of 13 for evacuation
[2024-07-18T17:08:12.497+0800][info][gc             ] GC(191) To-space exhausted
[2024-07-18T17:08:12.497+0800][info][gc,phases      ] GC(191)   Pre Evacuate Collection Set: 0.0ms
[2024-07-18T17:08:12.497+0800][info][gc,phases      ] GC(191)   Merge Heap Roots: 0.0ms
[2024-07-18T17:08:12.497+0800][info][gc,phases      ] GC(191)   Evacuate Collection Set: 0.6ms
[2024-07-18T17:08:12.497+0800][info][gc,phases      ] GC(191)   Post Evacuate Collection Set: 0.1ms
[2024-07-18T17:08:12.497+0800][info][gc,phases      ] GC(191)   Other: 0.1ms
[2024-07-18T17:08:12.497+0800][info][gc,heap        ] GC(191) Eden regions: 10->0(23)
[2024-07-18T17:08:12.497+0800][info][gc,heap        ] GC(191) Survivor regions: 4->2(4)
[2024-07-18T17:08:12.497+0800][info][gc,heap        ] GC(191) Old regions: 285->295
[2024-07-18T17:08:12.497+0800][info][gc,heap        ] GC(191) Archive regions: 0->0
[2024-07-18T17:08:12.497+0800][info][gc,heap        ] GC(191) Humongous regions: 205->197
[2024-07-18T17:08:12.497+0800][info][gc,metaspace   ] GC(191) Metaspace: 194K(384K)->194K(384K) NonClass: 187K(256K)->187K(256K) Class: 7K(128K)->7K(128K)
[2024-07-18T17:08:12.497+0800][info][gc             ] GC(191) Pause Young (Mixed) (G1 Preventive Collection) 473M->464M(512M) 0.856ms
[2024-07-18T17:08:12.497+0800][info][gc,cpu         ] GC(191) User=0.00s Sys=0.00s Real=0.00s
[2024-07-18T17:08:12.497+0800][info][gc,start       ] GC(192) Pause Young (Concurrent Start) (G1 Humongous Allocation)
[2024-07-18T17:08:12.497+0800][info][gc,task        ] GC(192) Using 12 workers of 13 for evacuation
[2024-07-18T17:08:12.498+0800][info][gc,phases      ] GC(192)   Pre Evacuate Collection Set: 0.0ms
[2024-07-18T17:08:12.498+0800][info][gc,phases      ] GC(192)   Merge Heap Roots: 0.1ms
[2024-07-18T17:08:12.498+0800][info][gc,phases      ] GC(192)   Evacuate Collection Set: 0.2ms
[2024-07-18T17:08:12.498+0800][info][gc,phases      ] GC(192)   Post Evacuate Collection Set: 0.1ms
[2024-07-18T17:08:12.498+0800][info][gc,phases      ] GC(192)   Other: 0.1ms
[2024-07-18T17:08:12.498+0800][info][gc,heap        ] GC(192) Eden regions: 1->0(23)
[2024-07-18T17:08:12.498+0800][info][gc,heap        ] GC(192) Survivor regions: 2->2(4)
[2024-07-18T17:08:12.498+0800][info][gc,heap        ] GC(192) Old regions: 295->295
[2024-07-18T17:08:12.498+0800][info][gc,heap        ] GC(192) Archive regions: 0->0
[2024-07-18T17:08:12.498+0800][info][gc,heap        ] GC(192) Humongous regions: 198->197
[2024-07-18T17:08:12.498+0800][info][gc,metaspace   ] GC(192) Metaspace: 194K(384K)->194K(384K) NonClass: 187K(256K)->187K(256K) Class: 7K(128K)->7K(128K)
[2024-07-18T17:08:12.498+0800][info][gc             ] GC(192) Pause Young (Concurrent Start) (G1 Humongous Allocation) 466M->464M(512M) 0.511ms
[2024-07-18T17:08:12.498+0800][info][gc,cpu         ] GC(192) User=0.00s Sys=0.00s Real=0.00s
[2024-07-18T17:08:12.498+0800][info][gc             ] GC(193) Concurrent Mark Cycle
[2024-07-18T17:08:12.498+0800][info][gc,marking     ] GC(193) Concurrent Clear Claimed Marks
[2024-07-18T17:08:12.498+0800][info][gc,marking     ] GC(193) Concurrent Clear Claimed Marks 0.007ms
[2024-07-18T17:08:12.498+0800][info][gc,marking     ] GC(193) Concurrent Scan Root Regions
[2024-07-18T17:08:12.498+0800][info][gc,marking     ] GC(193) Concurrent Scan Root Regions 0.023ms
[2024-07-18T17:08:12.498+0800][info][gc,marking     ] GC(193) Concurrent Mark
[2024-07-18T17:08:12.498+0800][info][gc,marking     ] GC(193) Concurrent Mark From Roots
[2024-07-18T17:08:12.498+0800][info][gc,task        ] GC(193) Using 3 workers of 3 for marking
[2024-07-18T17:08:12.498+0800][info][gc,marking     ] GC(193) Concurrent Mark From Roots 0.726ms
[2024-07-18T17:08:12.498+0800][info][gc,marking     ] GC(193) Concurrent Preclean
[2024-07-18T17:08:12.498+0800][info][gc,marking     ] GC(193) Concurrent Preclean 0.057ms
[2024-07-18T17:08:12.498+0800][info][gc,start       ] GC(193) Pause Remark
[2024-07-18T17:08:12.498+0800][info][gc             ] GC(193) Pause Remark 474M->474M(512M) 0.241ms
[2024-07-18T17:08:12.498+0800][info][gc,cpu         ] GC(193) User=0.00s Sys=0.00s Real=0.00s
[2024-07-18T17:08:12.498+0800][info][gc,marking     ] GC(193) Concurrent Mark 1.132ms
[2024-07-18T17:08:12.498+0800][info][gc,marking     ] GC(193) Concurrent Rebuild Remembered Sets
[2024-07-18T17:08:12.498+0800][info][gc,start       ] GC(194) Pause Young (Normal) (G1 Preventive Collection)
[2024-07-18T17:08:12.498+0800][info][gc,task        ] GC(194) Using 12 workers of 13 for evacuation
[2024-07-18T17:08:12.498+0800][info][gc,phases      ] GC(194)   Pre Evacuate Collection Set: 0.0ms
[2024-07-18T17:08:12.498+0800][info][gc,phases      ] GC(194)   Merge Heap Roots: 0.1ms
[2024-07-18T17:08:12.498+0800][info][gc,phases      ] GC(194)   Evacuate Collection Set: 0.3ms
[2024-07-18T17:08:12.498+0800][info][gc,phases      ] GC(194)   Post Evacuate Collection Set: 0.1ms
[2024-07-18T17:08:12.498+0800][info][gc,phases      ] GC(194)   Other: 0.0ms
[2024-07-18T17:08:12.498+0800][info][gc,heap        ] GC(194) Eden regions: 10->0(21)
[2024-07-18T17:08:12.498+0800][info][gc,heap        ] GC(194) Survivor regions: 2->4(4)
[2024-07-18T17:08:12.498+0800][info][gc,heap        ] GC(194) Old regions: 295->296
[2024-07-18T17:08:12.498+0800][info][gc,heap        ] GC(194) Archive regions: 0->0
[2024-07-18T17:08:12.498+0800][info][gc,heap        ] GC(194) Humongous regions: 200->197
[2024-07-18T17:08:12.498+0800][info][gc,metaspace   ] GC(194) Metaspace: 194K(384K)->194K(384K) NonClass: 187K(256K)->187K(256K) Class: 7K(128K)->7K(128K)
[2024-07-18T17:08:12.498+0800][info][gc             ] GC(194) Pause Young (Normal) (G1 Preventive Collection) 477M->467M(512M) 0.665ms
[2024-07-18T17:08:12.498+0800][info][gc,cpu         ] GC(194) User=0.00s Sys=0.00s Real=0.00s
[2024-07-18T17:08:12.498+0800][info][gc,marking     ] GC(193) Concurrent Rebuild Remembered Sets 1.253ms
[2024-07-18T17:08:12.498+0800][info][gc,start       ] GC(193) Pause Cleanup
[2024-07-18T17:08:12.501+0800][info][gc             ] GC(193) Pause Cleanup 472M->472M(512M) 0.085ms
[2024-07-18T17:08:12.501+0800][info][gc,cpu         ] GC(193) User=0.00s Sys=0.00s Real=0.00s
[2024-07-18T17:08:12.501+0800][info][gc,marking     ] GC(193) Concurrent Cleanup for Next Mark
[2024-07-18T17:08:12.501+0800][info][gc,marking     ] GC(193) Concurrent Cleanup for Next Mark 0.425ms
[2024-07-18T17:08:12.501+0800][info][gc             ] GC(193) Concurrent Mark Cycle 3.064ms
[2024-07-18T17:08:12.501+0800][info][gc,start       ] GC(195) Pause Young (Prepare Mixed) (G1 Preventive Collection)
[2024-07-18T17:08:12.501+0800][info][gc,task        ] GC(195) Using 12 workers of 13 for evacuation
[2024-07-18T17:08:12.501+0800][info][gc             ] GC(195) To-space exhausted
[2024-07-18T17:08:12.501+0800][info][gc,phases      ] GC(195)   Pre Evacuate Collection Set: 0.0ms
[2024-07-18T17:08:12.501+0800][info][gc,phases      ] GC(195)   Merge Heap Roots: 0.0ms
[2024-07-18T17:08:12.501+0800][info][gc,phases      ] GC(195)   Evacuate Collection Set: 0.5ms
[2024-07-18T17:08:12.501+0800][info][gc,phases      ] GC(195)   Post Evacuate Collection Set: 0.1ms
[2024-07-18T17:08:12.501+0800][info][gc,phases      ] GC(195)   Other: 0.1ms
[2024-07-18T17:08:12.501+0800][info][gc,heap        ] GC(195) Eden regions: 7->0(21)
[2024-07-18T17:08:12.501+0800][info][gc,heap        ] GC(195) Survivor regions: 4->4(4)
[2024-07-18T17:08:12.501+0800][info][gc,heap        ] GC(195) Old regions: 296->301
[2024-07-18T17:08:12.501+0800][info][gc,heap        ] GC(195) Archive regions: 0->0
[2024-07-18T17:08:12.501+0800][info][gc,heap        ] GC(195) Humongous regions: 199->197
[2024-07-18T17:08:12.501+0800][info][gc,metaspace   ] GC(195) Metaspace: 194K(384K)->194K(384K) NonClass: 187K(256K)->187K(256K) Class: 7K(128K)->7K(128K)
[2024-07-18T17:08:12.501+0800][info][gc             ] GC(195) Pause Young (Prepare Mixed) (G1 Preventive Collection) 476M->472M(512M) 0.718ms
[2024-07-18T17:08:12.501+0800][info][gc,cpu         ] GC(195) User=0.00s Sys=0.00s Real=0.00s
[2024-07-18T17:08:12.501+0800][info][gc,start       ] GC(196) Pause Young (Mixed) (G1 Preventive Collection)
[2024-07-18T17:08:12.501+0800][info][gc,task        ] GC(196) Using 12 workers of 13 for evacuation
[2024-07-18T17:08:12.501+0800][info][gc             ] GC(196) To-space exhausted
[2024-07-18T17:08:12.501+0800][info][gc,phases      ] GC(196)   Pre Evacuate Collection Set: 0.0ms
[2024-07-18T17:08:12.501+0800][info][gc,phases      ] GC(196)   Merge Heap Roots: 0.0ms
[2024-07-18T17:08:12.501+0800][info][gc,phases      ] GC(196)   Evacuate Collection Set: 0.4ms
[2024-07-18T17:08:12.501+0800][info][gc,phases      ] GC(196)   Post Evacuate Collection Set: 0.1ms
[2024-07-18T17:08:12.501+0800][info][gc,phases      ] GC(196)   Other: 0.1ms
[2024-07-18T17:08:12.501+0800][info][gc,heap        ] GC(196) Eden regions: 3->0(24)
[2024-07-18T17:08:12.501+0800][info][gc,heap        ] GC(196) Survivor regions: 4->1(4)
[2024-07-18T17:08:12.501+0800][info][gc,heap        ] GC(196) Old regions: 301->306
[2024-07-18T17:08:12.501+0800][info][gc,heap        ] GC(196) Archive regions: 0->0
[2024-07-18T17:08:12.501+0800][info][gc,heap        ] GC(196) Humongous regions: 197->197
[2024-07-18T17:08:12.501+0800][info][gc,metaspace   ] GC(196) Metaspace: 194K(384K)->194K(384K) NonClass: 187K(256K)->187K(256K) Class: 7K(128K)->7K(128K)
[2024-07-18T17:08:12.501+0800][info][gc             ] GC(196) Pause Young (Mixed) (G1 Preventive Collection) 475M->475M(512M) 0.687ms
[2024-07-18T17:08:12.501+0800][info][gc,cpu         ] GC(196) User=0.00s Sys=0.00s Real=0.00s
[2024-07-18T17:08:12.501+0800][info][gc,start       ] GC(197) Pause Young (Mixed) (G1 Preventive Collection)
[2024-07-18T17:08:12.501+0800][info][gc,task        ] GC(197) Using 12 workers of 13 for evacuation
[2024-07-18T17:08:12.503+0800][info][gc,phases      ] GC(197)   Pre Evacuate Collection Set: 0.0ms
[2024-07-18T17:08:12.503+0800][info][gc,phases      ] GC(197)   Merge Heap Roots: 0.0ms
[2024-07-18T17:08:12.503+0800][info][gc,phases      ] GC(197)   Evacuate Collection Set: 0.3ms
[2024-07-18T17:08:12.503+0800][info][gc,phases      ] GC(197)   Post Evacuate Collection Set: 0.1ms
[2024-07-18T17:08:12.503+0800][info][gc,phases      ] GC(197)   Other: 0.0ms
[2024-07-18T17:08:12.503+0800][info][gc,heap        ] GC(197) Eden regions: 1->0(24)
[2024-07-18T17:08:12.503+0800][info][gc,heap        ] GC(197) Survivor regions: 1->1(4)
[2024-07-18T17:08:12.503+0800][info][gc,heap        ] GC(197) Old regions: 306->305
[2024-07-18T17:08:12.503+0800][info][gc,heap        ] GC(197) Archive regions: 0->0
[2024-07-18T17:08:12.503+0800][info][gc,heap        ] GC(197) Humongous regions: 198->197
[2024-07-18T17:08:12.503+0800][info][gc,metaspace   ] GC(197) Metaspace: 194K(384K)->194K(384K) NonClass: 187K(256K)->187K(256K) Class: 7K(128K)->7K(128K)
[2024-07-18T17:08:12.503+0800][info][gc             ] GC(197) Pause Young (Mixed) (G1 Preventive Collection) 477M->474M(512M) 0.571ms
[2024-07-18T17:08:12.503+0800][info][gc,cpu         ] GC(197) User=0.00s Sys=0.00s Real=0.00s
[2024-07-18T17:08:12.503+0800][info][gc,start       ] GC(198) Pause Young (Concurrent Start) (G1 Humongous Allocation)
[2024-07-18T17:08:12.503+0800][info][gc,task        ] GC(198) Using 12 workers of 13 for evacuation
[2024-07-18T17:08:12.503+0800][info][gc,phases      ] GC(198)   Pre Evacuate Collection Set: 0.0ms
[2024-07-18T17:08:12.503+0800][info][gc,phases      ] GC(198)   Merge Heap Roots: 0.0ms
[2024-07-18T17:08:12.503+0800][info][gc,phases      ] GC(198)   Evacuate Collection Set: 0.1ms
[2024-07-18T17:08:12.503+0800][info][gc,phases      ] GC(198)   Post Evacuate Collection Set: 0.1ms
[2024-07-18T17:08:12.503+0800][info][gc,phases      ] GC(198)   Other: 0.1ms
[2024-07-18T17:08:12.503+0800][info][gc,heap        ] GC(198) Eden regions: 2->0(23)
[2024-07-18T17:08:12.503+0800][info][gc,heap        ] GC(198) Survivor regions: 1->2(4)
[2024-07-18T17:08:12.503+0800][info][gc,heap        ] GC(198) Old regions: 305->305
[2024-07-18T17:08:12.503+0800][info][gc,heap        ] GC(198) Archive regions: 0->0
[2024-07-18T17:08:12.503+0800][info][gc,heap        ] GC(198) Humongous regions: 198->196
[2024-07-18T17:08:12.503+0800][info][gc,metaspace   ] GC(198) Metaspace: 194K(384K)->194K(384K) NonClass: 187K(256K)->187K(256K) Class: 7K(128K)->7K(128K)
[2024-07-18T17:08:12.503+0800][info][gc             ] GC(198) Pause Young (Concurrent Start) (G1 Humongous Allocation) 476M->473M(512M) 0.357ms
[2024-07-18T17:08:12.503+0800][info][gc,cpu         ] GC(198) User=0.00s Sys=0.00s Real=0.00s
[2024-07-18T17:08:12.503+0800][info][gc             ] GC(199) Concurrent Mark Cycle
[2024-07-18T17:08:12.503+0800][info][gc,marking     ] GC(199) Concurrent Clear Claimed Marks
[2024-07-18T17:08:12.503+0800][info][gc,marking     ] GC(199) Concurrent Clear Claimed Marks 0.007ms
[2024-07-18T17:08:12.503+0800][info][gc,marking     ] GC(199) Concurrent Scan Root Regions
[2024-07-18T17:08:12.503+0800][info][gc,marking     ] GC(199) Concurrent Scan Root Regions 0.022ms
[2024-07-18T17:08:12.503+0800][info][gc,marking     ] GC(199) Concurrent Mark
[2024-07-18T17:08:12.503+0800][info][gc,marking     ] GC(199) Concurrent Mark From Roots
[2024-07-18T17:08:12.503+0800][info][gc,task        ] GC(199) Using 3 workers of 3 for marking
[2024-07-18T17:08:12.503+0800][info][gc,start       ] GC(200) Pause Young (Normal) (G1 Preventive Collection)
[2024-07-18T17:08:12.503+0800][info][gc,task        ] GC(200) Using 12 workers of 13 for evacuation
[2024-07-18T17:08:12.503+0800][info][gc,phases      ] GC(200)   Pre Evacuate Collection Set: 0.0ms
[2024-07-18T17:08:12.503+0800][info][gc,phases      ] GC(200)   Merge Heap Roots: 0.0ms
[2024-07-18T17:08:12.503+0800][info][gc,phases      ] GC(200)   Evacuate Collection Set: 0.1ms
[2024-07-18T17:08:12.503+0800][info][gc,phases      ] GC(200)   Post Evacuate Collection Set: 0.1ms
[2024-07-18T17:08:12.503+0800][info][gc,phases      ] GC(200)   Other: 0.0ms
[2024-07-18T17:08:12.503+0800][info][gc,heap        ] GC(200) Eden regions: 2->0(23)
[2024-07-18T17:08:12.503+0800][info][gc,heap        ] GC(200) Survivor regions: 2->2(3)
[2024-07-18T17:08:12.503+0800][info][gc,heap        ] GC(200) Old regions: 305->305
[2024-07-18T17:08:12.503+0800][info][gc,heap        ] GC(200) Archive regions: 0->0
[2024-07-18T17:08:12.503+0800][info][gc,heap        ] GC(200) Humongous regions: 200->199
[2024-07-18T17:08:12.503+0800][info][gc,metaspace   ] GC(200) Metaspace: 194K(384K)->194K(384K) NonClass: 187K(256K)->187K(256K) Class: 7K(128K)->7K(128K)
[2024-07-18T17:08:12.503+0800][info][gc             ] GC(200) Pause Young (Normal) (G1 Preventive Collection) 479M->477M(512M) 0.316ms
[2024-07-18T17:08:12.503+0800][info][gc,cpu         ] GC(200) User=0.00s Sys=0.00s Real=0.00s
[2024-07-18T17:08:12.503+0800][info][gc,start       ] GC(201) Pause Young (Normal) (G1 Preventive Collection)
[2024-07-18T17:08:12.503+0800][info][gc,task        ] GC(201) Using 12 workers of 13 for evacuation
[2024-07-18T17:08:12.505+0800][info][gc,phases      ] GC(201)   Pre Evacuate Collection Set: 0.0ms
[2024-07-18T17:08:12.505+0800][info][gc,phases      ] GC(201)   Merge Heap Roots: 0.0ms
[2024-07-18T17:08:12.505+0800][info][gc,phases      ] GC(201)   Evacuate Collection Set: 0.1ms
[2024-07-18T17:08:12.505+0800][info][gc,phases      ] GC(201)   Post Evacuate Collection Set: 0.1ms
[2024-07-18T17:08:12.505+0800][info][gc,phases      ] GC(201)   Other: 0.0ms
[2024-07-18T17:08:12.505+0800][info][gc,heap        ] GC(201) Eden regions: 2->0(22)
[2024-07-18T17:08:12.505+0800][info][gc,heap        ] GC(201) Survivor regions: 2->3(3)
[2024-07-18T17:08:12.505+0800][info][gc,heap        ] GC(201) Old regions: 305->305
[2024-07-18T17:08:12.505+0800][info][gc,heap        ] GC(201) Archive regions: 0->0
[2024-07-18T17:08:12.505+0800][info][gc,heap        ] GC(201) Humongous regions: 200->200
[2024-07-18T17:08:12.505+0800][info][gc,metaspace   ] GC(201) Metaspace: 194K(384K)->194K(384K) NonClass: 187K(256K)->187K(256K) Class: 7K(128K)->7K(128K)
[2024-07-18T17:08:12.505+0800][info][gc             ] GC(201) Pause Young (Normal) (G1 Preventive Collection) 480M->478M(512M) 0.326ms
[2024-07-18T17:08:12.505+0800][info][gc,cpu         ] GC(201) User=0.00s Sys=0.00s Real=0.00s
[2024-07-18T17:08:12.505+0800][info][gc,start       ] GC(202) Pause Young (Normal) (G1 Preventive Collection)
[2024-07-18T17:08:12.505+0800][info][gc,task        ] GC(202) Using 12 workers of 13 for evacuation
[2024-07-18T17:08:12.505+0800][info][gc,phases      ] GC(202)   Pre Evacuate Collection Set: 0.0ms
[2024-07-18T17:08:12.505+0800][info][gc,phases      ] GC(202)   Merge Heap Roots: 0.0ms
[2024-07-18T17:08:12.505+0800][info][gc,phases      ] GC(202)   Evacuate Collection Set: 0.1ms
[2024-07-18T17:08:12.505+0800][info][gc,phases      ] GC(202)   Post Evacuate Collection Set: 0.1ms
[2024-07-18T17:08:12.505+0800][info][gc,phases      ] GC(202)   Other: 0.0ms
[2024-07-18T17:08:12.505+0800][info][gc,heap        ] GC(202) Eden regions: 0->0(23)
[2024-07-18T17:08:12.505+0800][info][gc,heap        ] GC(202) Survivor regions: 3->2(3)
[2024-07-18T17:08:12.505+0800][info][gc,heap        ] GC(202) Old regions: 305->305
[2024-07-18T17:08:12.505+0800][info][gc,heap        ] GC(202) Archive regions: 0->0
[2024-07-18T17:08:12.505+0800][info][gc,heap        ] GC(202) Humongous regions: 201->200
[2024-07-18T17:08:12.505+0800][info][gc,metaspace   ] GC(202) Metaspace: 194K(384K)->194K(384K) NonClass: 187K(256K)->187K(256K) Class: 7K(128K)->7K(128K)
[2024-07-18T17:08:12.505+0800][info][gc             ] GC(202) Pause Young (Normal) (G1 Preventive Collection) 479M->478M(512M) 0.296ms
[2024-07-18T17:08:12.505+0800][info][gc,cpu         ] GC(202) User=0.00s Sys=0.00s Real=0.00s
[2024-07-18T17:08:12.505+0800][info][gc,marking     ] GC(199) Concurrent Mark From Roots 1.708ms
[2024-07-18T17:08:12.505+0800][info][gc,marking     ] GC(199) Concurrent Preclean
[2024-07-18T17:08:12.505+0800][info][gc,marking     ] GC(199) Concurrent Preclean 0.056ms
[2024-07-18T17:08:12.505+0800][info][gc,start       ] GC(199) Pause Remark
[2024-07-18T17:08:12.505+0800][info][gc             ] GC(199) Pause Remark 480M->480M(512M) 0.176ms
[2024-07-18T17:08:12.505+0800][info][gc,cpu         ] GC(199) User=0.00s Sys=0.00s Real=0.00s
[2024-07-18T17:08:12.505+0800][info][gc,marking     ] GC(199) Concurrent Mark 2.020ms
[2024-07-18T17:08:12.505+0800][info][gc,marking     ] GC(199) Concurrent Rebuild Remembered Sets
[2024-07-18T17:08:12.505+0800][info][gc,start       ] GC(203) Pause Young (Normal) (G1 Preventive Collection)
[2024-07-18T17:08:12.505+0800][info][gc,task        ] GC(203) Using 12 workers of 13 for evacuation
[2024-07-18T17:08:12.505+0800][info][gc,phases      ] GC(203)   Pre Evacuate Collection Set: 0.0ms
[2024-07-18T17:08:12.505+0800][info][gc,phases      ] GC(203)   Merge Heap Roots: 0.0ms
[2024-07-18T17:08:12.505+0800][info][gc,phases      ] GC(203)   Evacuate Collection Set: 0.1ms
[2024-07-18T17:08:12.505+0800][info][gc,phases      ] GC(203)   Post Evacuate Collection Set: 0.1ms
[2024-07-18T17:08:12.505+0800][info][gc,phases      ] GC(203)   Other: 0.0ms
[2024-07-18T17:08:12.505+0800][info][gc,heap        ] GC(203) Eden regions: 2->0(23)
[2024-07-18T17:08:12.505+0800][info][gc,heap        ] GC(203) Survivor regions: 2->2(3)
[2024-07-18T17:08:12.505+0800][info][gc,heap        ] GC(203) Old regions: 305->305
[2024-07-18T17:08:12.505+0800][info][gc,heap        ] GC(203) Archive regions: 0->0
[2024-07-18T17:08:12.505+0800][info][gc,heap        ] GC(203) Humongous regions: 200->200
[2024-07-18T17:08:12.505+0800][info][gc,metaspace   ] GC(203) Metaspace: 194K(384K)->194K(384K) NonClass: 187K(256K)->187K(256K) Class: 7K(128K)->7K(128K)
[2024-07-18T17:08:12.505+0800][info][gc             ] GC(203) Pause Young (Normal) (G1 Preventive Collection) 480M->478M(512M) 0.316ms
[2024-07-18T17:08:12.505+0800][info][gc,cpu         ] GC(203) User=0.00s Sys=0.00s Real=0.00s
[2024-07-18T17:08:12.505+0800][info][gc,start       ] GC(204) Pause Young (Normal) (G1 Preventive Collection)
[2024-07-18T17:08:12.505+0800][info][gc,task        ] GC(204) Using 12 workers of 13 for evacuation
[2024-07-18T17:08:12.505+0800][info][gc             ] GC(204) To-space exhausted
[2024-07-18T17:08:12.505+0800][info][gc,phases      ] GC(204)   Pre Evacuate Collection Set: 0.0ms
[2024-07-18T17:08:12.505+0800][info][gc,phases      ] GC(204)   Merge Heap Roots: 0.1ms
[2024-07-18T17:08:12.505+0800][info][gc,phases      ] GC(204)   Evacuate Collection Set: 0.1ms
[2024-07-18T17:08:12.505+0800][info][gc,phases      ] GC(204)   Post Evacuate Collection Set: 0.1ms
[2024-07-18T17:08:12.505+0800][info][gc,phases      ] GC(204)   Other: 0.0ms
[2024-07-18T17:08:12.505+0800][info][gc,heap        ] GC(204) Eden regions: 1->0(23)
[2024-07-18T17:08:12.505+0800][info][gc,heap        ] GC(204) Survivor regions: 2->2(2)
[2024-07-18T17:08:12.505+0800][info][gc,heap        ] GC(204) Old regions: 305->306
[2024-07-18T17:08:12.505+0800][info][gc,heap        ] GC(204) Archive regions: 0->0
[2024-07-18T17:08:12.505+0800][info][gc,heap        ] GC(204) Humongous regions: 202->201
[2024-07-18T17:08:12.505+0800][info][gc,metaspace   ] GC(204) Metaspace: 194K(384K)->194K(384K) NonClass: 187K(256K)->187K(256K) Class: 7K(128K)->7K(128K)
[2024-07-18T17:08:12.505+0800][info][gc             ] GC(204) Pause Young (Normal) (G1 Preventive Collection) 481M->480M(512M) 0.337ms
[2024-07-18T17:08:12.505+0800][info][gc,cpu         ] GC(204) User=0.00s Sys=0.00s Real=0.00s
[2024-07-18T17:08:12.505+0800][info][gc,start       ] GC(205) Pause Young (Normal) (G1 Preventive Collection)
[2024-07-18T17:08:12.505+0800][info][gc,task        ] GC(205) Using 12 workers of 13 for evacuation
[2024-07-18T17:08:12.505+0800][info][gc             ] GC(205) To-space exhausted
[2024-07-18T17:08:12.505+0800][info][gc,phases      ] GC(205)   Pre Evacuate Collection Set: 0.0ms
[2024-07-18T17:08:12.505+0800][info][gc,phases      ] GC(205)   Merge Heap Roots: 0.0ms
[2024-07-18T17:08:12.505+0800][info][gc,phases      ] GC(205)   Evacuate Collection Set: 0.1ms
[2024-07-18T17:08:12.505+0800][info][gc,phases      ] GC(205)   Post Evacuate Collection Set: 0.1ms
[2024-07-18T17:08:12.505+0800][info][gc,phases      ] GC(205)   Other: 0.0ms
[2024-07-18T17:08:12.505+0800][info][gc,heap        ] GC(205) Eden regions: 1->0(23)
[2024-07-18T17:08:12.505+0800][info][gc,heap        ] GC(205) Survivor regions: 2->2(2)
[2024-07-18T17:08:12.505+0800][info][gc,heap        ] GC(205) Old regions: 306->307
[2024-07-18T17:08:12.505+0800][info][gc,heap        ] GC(205) Archive regions: 0->0
[2024-07-18T17:08:12.505+0800][info][gc,heap        ] GC(205) Humongous regions: 201->201
[2024-07-18T17:08:12.505+0800][info][gc,metaspace   ] GC(205) Metaspace: 194K(384K)->194K(384K) NonClass: 187K(256K)->187K(256K) Class: 7K(128K)->7K(128K)
[2024-07-18T17:08:12.505+0800][info][gc             ] GC(205) Pause Young (Normal) (G1 Preventive Collection) 481M->481M(512M) 0.279ms
[2024-07-18T17:08:12.505+0800][info][gc,cpu         ] GC(205) User=0.00s Sys=0.00s Real=0.00s
[2024-07-18T17:08:12.505+0800][info][gc,start       ] GC(206) Pause Young (Normal) (G1 Preventive Collection)
[2024-07-18T17:08:12.505+0800][info][gc,task        ] GC(206) Using 12 workers of 13 for evacuation
[2024-07-18T17:08:12.505+0800][info][gc             ] GC(206) To-space exhausted
[2024-07-18T17:08:12.505+0800][info][gc,phases      ] GC(206)   Pre Evacuate Collection Set: 0.0ms
[2024-07-18T17:08:12.505+0800][info][gc,phases      ] GC(206)   Merge Heap Roots: 0.0ms
[2024-07-18T17:08:12.505+0800][info][gc,phases      ] GC(206)   Evacuate Collection Set: 0.0ms
[2024-07-18T17:08:12.505+0800][info][gc,phases      ] GC(206)   Post Evacuate Collection Set: 0.1ms
[2024-07-18T17:08:12.505+0800][info][gc,phases      ] GC(206)   Other: 0.0ms
[2024-07-18T17:08:12.505+0800][info][gc,heap        ] GC(206) Eden regions: 0->0(24)
[2024-07-18T17:08:12.505+0800][info][gc,heap        ] GC(206) Survivor regions: 2->1(1)
[2024-07-18T17:08:12.505+0800][info][gc,heap        ] GC(206) Old regions: 307->309
[2024-07-18T17:08:12.505+0800][info][gc,heap        ] GC(206) Archive regions: 0->0
[2024-07-18T17:08:12.505+0800][info][gc,heap        ] GC(206) Humongous regions: 202->202
[2024-07-18T17:08:12.505+0800][info][gc,metaspace   ] GC(206) Metaspace: 194K(384K)->194K(384K) NonClass: 187K(256K)->187K(256K) Class: 7K(128K)->7K(128K)
[2024-07-18T17:08:12.505+0800][info][gc             ] GC(206) Pause Young (Normal) (G1 Preventive Collection) 482M->483M(512M) 0.259ms
[2024-07-18T17:08:12.505+0800][info][gc,cpu         ] GC(206) User=0.00s Sys=0.00s Real=0.00s
[2024-07-18T17:08:12.505+0800][info][gc,ergo        ] Attempting full compaction
[2024-07-18T17:08:12.505+0800][info][gc,task        ] GC(207) Using 12 workers of 13 for full compaction
[2024-07-18T17:08:12.505+0800][info][gc,start       ] GC(207) Pause Full (G1 Compaction Pause)
[2024-07-18T17:08:12.505+0800][info][gc,phases,start] GC(207) Phase 1: Mark live objects
[2024-07-18T17:08:12.505+0800][info][gc,phases      ] GC(207) Phase 1: Mark live objects 0.344ms
[2024-07-18T17:08:12.505+0800][info][gc,phases,start] GC(207) Phase 2: Prepare for compaction
[2024-07-18T17:08:12.505+0800][info][gc,phases      ] GC(207) Phase 2: Prepare for compaction 0.135ms
[2024-07-18T17:08:12.505+0800][info][gc,phases,start] GC(207) Phase 3: Adjust pointers
[2024-07-18T17:08:12.505+0800][info][gc,phases      ] GC(207) Phase 3: Adjust pointers 0.111ms
[2024-07-18T17:08:12.505+0800][info][gc,phases,start] GC(207) Phase 4: Compact heap
[2024-07-18T17:08:12.512+0800][info][gc,phases      ] GC(207) Phase 4: Compact heap 12.487ms
[2024-07-18T17:08:12.512+0800][info][gc,heap        ] GC(207) Eden regions: 0->0(25)
[2024-07-18T17:08:12.512+0800][info][gc,heap        ] GC(207) Survivor regions: 1->0(1)
[2024-07-18T17:08:12.512+0800][info][gc,heap        ] GC(207) Old regions: 309->255
[2024-07-18T17:08:12.512+0800][info][gc,heap        ] GC(207) Archive regions: 0->0
[2024-07-18T17:08:12.512+0800][info][gc,heap        ] GC(207) Humongous regions: 202->202
[2024-07-18T17:08:12.512+0800][info][gc,metaspace   ] GC(207) Metaspace: 194K(384K)->194K(384K) NonClass: 187K(256K)->187K(256K) Class: 7K(128K)->7K(128K)
[2024-07-18T17:08:12.512+0800][info][gc             ] GC(207) Pause Full (G1 Compaction Pause) 483M->427M(512M) 13.997ms
[2024-07-18T17:08:12.512+0800][info][gc,cpu         ] GC(207) User=0.06s Sys=0.00s Real=0.01s
[2024-07-18T17:08:12.512+0800][info][gc,marking     ] GC(199) Concurrent Rebuild Remembered Sets 15.986ms
[2024-07-18T17:08:12.512+0800][info][gc,marking     ] GC(199) Concurrent Mark Abort
[2024-07-18T17:08:12.512+0800][info][gc             ] GC(199) Concurrent Mark Cycle 18.122ms
[2024-07-18T17:08:12.512+0800][info][gc,start       ] GC(208) Pause Young (Concurrent Start) (G1 Humongous Allocation)
[2024-07-18T17:08:12.512+0800][info][gc,task        ] GC(208) Using 12 workers of 13 for evacuation
[2024-07-18T17:08:12.512+0800][info][gc,phases      ] GC(208)   Pre Evacuate Collection Set: 0.1ms
[2024-07-18T17:08:12.512+0800][info][gc,phases      ] GC(208)   Merge Heap Roots: 0.0ms
[2024-07-18T17:08:12.512+0800][info][gc,phases      ] GC(208)   Evacuate Collection Set: 0.1ms
[2024-07-18T17:08:12.512+0800][info][gc,phases      ] GC(208)   Post Evacuate Collection Set: 0.1ms
[2024-07-18T17:08:12.512+0800][info][gc,phases      ] GC(208)   Other: 0.1ms
[2024-07-18T17:08:12.512+0800][info][gc,heap        ] GC(208) Eden regions: 1->0(24)
[2024-07-18T17:08:12.512+0800][info][gc,heap        ] GC(208) Survivor regions: 0->1(4)
[2024-07-18T17:08:12.512+0800][info][gc,heap        ] GC(208) Old regions: 255->255
[2024-07-18T17:08:12.512+0800][info][gc,heap        ] GC(208) Archive regions: 0->0
[2024-07-18T17:08:12.512+0800][info][gc,heap        ] GC(208) Humongous regions: 203->202
[2024-07-18T17:08:12.512+0800][info][gc,metaspace   ] GC(208) Metaspace: 194K(384K)->194K(384K) NonClass: 187K(256K)->187K(256K) Class: 7K(128K)->7K(128K)
[2024-07-18T17:08:12.512+0800][info][gc             ] GC(208) Pause Young (Concurrent Start) (G1 Humongous Allocation) 429M->427M(512M) 0.400ms
[2024-07-18T17:08:12.512+0800][info][gc,cpu         ] GC(208) User=0.00s Sys=0.00s Real=0.00s
[2024-07-18T17:08:12.512+0800][info][gc             ] GC(209) Concurrent Mark Cycle
[2024-07-18T17:08:12.512+0800][info][gc,marking     ] GC(209) Concurrent Clear Claimed Marks
[2024-07-18T17:08:12.512+0800][info][gc,marking     ] GC(209) Concurrent Clear Claimed Marks 0.007ms
[2024-07-18T17:08:12.512+0800][info][gc,marking     ] GC(209) Concurrent Scan Root Regions
[2024-07-18T17:08:12.512+0800][info][gc,marking     ] GC(209) Concurrent Scan Root Regions 0.014ms
[2024-07-18T17:08:12.512+0800][info][gc,marking     ] GC(209) Concurrent Mark
[2024-07-18T17:08:12.512+0800][info][gc,marking     ] GC(209) Concurrent Mark From Roots
[2024-07-18T17:08:12.512+0800][info][gc,task        ] GC(209) Using 3 workers of 3 for marking
[2024-07-18T17:08:12.512+0800][info][gc,marking     ] GC(209) Concurrent Mark From Roots 0.607ms
[2024-07-18T17:08:12.512+0800][info][gc,marking     ] GC(209) Concurrent Preclean
[2024-07-18T17:08:12.512+0800][info][gc,marking     ] GC(209) Concurrent Preclean 0.057ms
[2024-07-18T17:08:12.512+0800][info][gc,start       ] GC(209) Pause Remark
[2024-07-18T17:08:12.512+0800][info][gc             ] GC(209) Pause Remark 437M->437M(512M) 0.221ms
[2024-07-18T17:08:12.512+0800][info][gc,cpu         ] GC(209) User=0.00s Sys=0.00s Real=0.00s
[2024-07-18T17:08:12.512+0800][info][gc,marking     ] GC(209) Concurrent Mark 0.993ms
[2024-07-18T17:08:12.512+0800][info][gc,marking     ] GC(209) Concurrent Rebuild Remembered Sets
[2024-07-18T17:08:12.512+0800][info][gc,marking     ] GC(209) Concurrent Rebuild Remembered Sets 0.306ms
[2024-07-18T17:08:12.512+0800][info][gc,start       ] GC(209) Pause Cleanup
[2024-07-18T17:08:12.512+0800][info][gc             ] GC(209) Pause Cleanup 440M->440M(512M) 0.086ms
[2024-07-18T17:08:12.512+0800][info][gc,cpu         ] GC(209) User=0.00s Sys=0.00s Real=0.00s
[2024-07-18T17:08:12.512+0800][info][gc,marking     ] GC(209) Concurrent Cleanup for Next Mark
[2024-07-18T17:08:12.512+0800][info][gc,marking     ] GC(209) Concurrent Cleanup for Next Mark 0.454ms
[2024-07-18T17:08:12.512+0800][info][gc             ] GC(209) Concurrent Mark Cycle 2.005ms
[2024-07-18T17:08:12.512+0800][info][gc,start       ] GC(210) Pause Young (Prepare Mixed) (G1 Evacuation Pause)
[2024-07-18T17:08:12.512+0800][info][gc,task        ] GC(210) Using 12 workers of 13 for evacuation
[2024-07-18T17:08:12.512+0800][info][gc,phases      ] GC(210)   Pre Evacuate Collection Set: 0.0ms
[2024-07-18T17:08:12.512+0800][info][gc,phases      ] GC(210)   Merge Heap Roots: 0.1ms
[2024-07-18T17:08:12.512+0800][info][gc,phases      ] GC(210)   Evacuate Collection Set: 0.6ms
[2024-07-18T17:08:12.512+0800][info][gc,phases      ] GC(210)   Post Evacuate Collection Set: 0.1ms
[2024-07-18T17:08:12.512+0800][info][gc,phases      ] GC(210)   Other: 0.1ms
[2024-07-18T17:08:12.512+0800][info][gc,heap        ] GC(210) Eden regions: 24->0(21)
[2024-07-18T17:08:12.512+0800][info][gc,heap        ] GC(210) Survivor regions: 1->4(4)
[2024-07-18T17:08:12.512+0800][info][gc,heap        ] GC(210) Old regions: 255->260
[2024-07-18T17:08:12.512+0800][info][gc,heap        ] GC(210) Archive regions: 0->0
[2024-07-18T17:08:12.512+0800][info][gc,heap        ] GC(210) Humongous regions: 213->204
[2024-07-18T17:08:12.512+0800][info][gc,metaspace   ] GC(210) Metaspace: 194K(384K)->194K(384K) NonClass: 187K(256K)->187K(256K) Class: 7K(128K)->7K(128K)
[2024-07-18T17:08:12.512+0800][info][gc             ] GC(210) Pause Young (Prepare Mixed) (G1 Evacuation Pause) 462M->438M(512M) 1.109ms
[2024-07-18T17:08:12.512+0800][info][gc,cpu         ] GC(210) User=0.00s Sys=0.00s Real=0.00s
[2024-07-18T17:08:12.528+0800][info][gc,start       ] GC(211) Pause Young (Mixed) (G1 Evacuation Pause)
[2024-07-18T17:08:12.528+0800][info][gc,task        ] GC(211) Using 12 workers of 13 for evacuation
[2024-07-18T17:08:12.528+0800][info][gc             ] GC(211) To-space exhausted
[2024-07-18T17:08:12.528+0800][info][gc,phases      ] GC(211)   Pre Evacuate Collection Set: 0.0ms
[2024-07-18T17:08:12.528+0800][info][gc,phases      ] GC(211)   Merge Heap Roots: 0.0ms
[2024-07-18T17:08:12.528+0800][info][gc,phases      ] GC(211)   Evacuate Collection Set: 0.7ms
[2024-07-18T17:08:12.528+0800][info][gc,phases      ] GC(211)   Post Evacuate Collection Set: 0.2ms
[2024-07-18T17:08:12.528+0800][info][gc,phases      ] GC(211)   Other: 0.1ms
[2024-07-18T17:08:12.528+0800][info][gc,heap        ] GC(211) Eden regions: 21->0(21)
[2024-07-18T17:08:12.528+0800][info][gc,heap        ] GC(211) Survivor regions: 4->4(4)
[2024-07-18T17:08:12.528+0800][info][gc,heap        ] GC(211) Old regions: 260->281
[2024-07-18T17:08:12.528+0800][info][gc,heap        ] GC(211) Archive regions: 0->0
[2024-07-18T17:08:12.528+0800][info][gc,heap        ] GC(211) Humongous regions: 217->198
[2024-07-18T17:08:12.528+0800][info][gc,metaspace   ] GC(211) Metaspace: 194K(384K)->194K(384K) NonClass: 187K(256K)->187K(256K) Class: 7K(128K)->7K(128K)
[2024-07-18T17:08:12.528+0800][info][gc             ] GC(211) Pause Young (Mixed) (G1 Evacuation Pause) 472M->456M(512M) 1.143ms
[2024-07-18T17:08:12.528+0800][info][gc,cpu         ] GC(211) User=0.00s Sys=0.00s Real=0.00s
[2024-07-18T17:08:12.531+0800][info][gc,start       ] GC(212) Pause Young (Concurrent Start) (G1 Humongous Allocation)
[2024-07-18T17:08:12.531+0800][info][gc,task        ] GC(212) Using 12 workers of 13 for evacuation
[2024-07-18T17:08:12.531+0800][info][gc,phases      ] GC(212)   Pre Evacuate Collection Set: 0.0ms
[2024-07-18T17:08:12.531+0800][info][gc,phases      ] GC(212)   Merge Heap Roots: 0.0ms
[2024-07-18T17:08:12.531+0800][info][gc,phases      ] GC(212)   Evacuate Collection Set: 0.3ms
[2024-07-18T17:08:12.531+0800][info][gc,phases      ] GC(212)   Post Evacuate Collection Set: 0.1ms
[2024-07-18T17:08:12.531+0800][info][gc,phases      ] GC(212)   Other: 0.1ms
[2024-07-18T17:08:12.531+0800][info][gc,heap        ] GC(212) Eden regions: 5->0(23)
[2024-07-18T17:08:12.531+0800][info][gc,heap        ] GC(212) Survivor regions: 4->2(4)
[2024-07-18T17:08:12.531+0800][info][gc,heap        ] GC(212) Old regions: 281->285
[2024-07-18T17:08:12.531+0800][info][gc,heap        ] GC(212) Archive regions: 0->0
[2024-07-18T17:08:12.531+0800][info][gc,heap        ] GC(212) Humongous regions: 198->197
[2024-07-18T17:08:12.531+0800][info][gc,metaspace   ] GC(212) Metaspace: 194K(384K)->194K(384K) NonClass: 187K(256K)->187K(256K) Class: 7K(128K)->7K(128K)
[2024-07-18T17:08:12.531+0800][info][gc             ] GC(212) Pause Young (Concurrent Start) (G1 Humongous Allocation) 461M->456M(512M) 0.606ms
[2024-07-18T17:08:12.531+0800][info][gc,cpu         ] GC(212) User=0.00s Sys=0.00s Real=0.00s
[2024-07-18T17:08:12.531+0800][info][gc             ] GC(213) Concurrent Mark Cycle
[2024-07-18T17:08:12.531+0800][info][gc,marking     ] GC(213) Concurrent Clear Claimed Marks
[2024-07-18T17:08:12.531+0800][info][gc,marking     ] GC(213) Concurrent Clear Claimed Marks 0.009ms
[2024-07-18T17:08:12.531+0800][info][gc,marking     ] GC(213) Concurrent Scan Root Regions
[2024-07-18T17:08:12.531+0800][info][gc,marking     ] GC(213) Concurrent Scan Root Regions 0.023ms
[2024-07-18T17:08:12.531+0800][info][gc,marking     ] GC(213) Concurrent Mark
[2024-07-18T17:08:12.531+0800][info][gc,marking     ] GC(213) Concurrent Mark From Roots
[2024-07-18T17:08:12.531+0800][info][gc,task        ] GC(213) Using 3 workers of 3 for marking
[2024-07-18T17:08:12.531+0800][info][gc,marking     ] GC(213) Concurrent Mark From Roots 0.745ms
[2024-07-18T17:08:12.531+0800][info][gc,marking     ] GC(213) Concurrent Preclean
[2024-07-18T17:08:12.531+0800][info][gc,marking     ] GC(213) Concurrent Preclean 0.058ms
[2024-07-18T17:08:12.531+0800][info][gc,start       ] GC(213) Pause Remark
[2024-07-18T17:08:12.531+0800][info][gc             ] GC(213) Pause Remark 472M->472M(512M) 0.244ms
[2024-07-18T17:08:12.531+0800][info][gc,cpu         ] GC(213) User=0.00s Sys=0.00s Real=0.00s
[2024-07-18T17:08:12.531+0800][info][gc,marking     ] GC(213) Concurrent Mark 1.155ms
[2024-07-18T17:08:12.531+0800][info][gc,marking     ] GC(213) Concurrent Rebuild Remembered Sets
[2024-07-18T17:08:12.534+0800][info][gc,start       ] GC(214) Pause Young (Normal) (G1 Preventive Collection)
[2024-07-18T17:08:12.534+0800][info][gc,task        ] GC(214) Using 12 workers of 13 for evacuation
[2024-07-18T17:08:12.534+0800][info][gc             ] GC(214) To-space exhausted
[2024-07-18T17:08:12.534+0800][info][gc,phases      ] GC(214)   Pre Evacuate Collection Set: 0.0ms
[2024-07-18T17:08:12.534+0800][info][gc,phases      ] GC(214)   Merge Heap Roots: 0.1ms
[2024-07-18T17:08:12.534+0800][info][gc,phases      ] GC(214)   Evacuate Collection Set: 0.4ms
[2024-07-18T17:08:12.534+0800][info][gc,phases      ] GC(214)   Post Evacuate Collection Set: 0.1ms
[2024-07-18T17:08:12.534+0800][info][gc,phases      ] GC(214)   Other: 0.1ms
[2024-07-18T17:08:12.534+0800][info][gc,heap        ] GC(214) Eden regions: 15->0(21)
[2024-07-18T17:08:12.534+0800][info][gc,heap        ] GC(214) Survivor regions: 2->4(4)
[2024-07-18T17:08:12.534+0800][info][gc,heap        ] GC(214) Old regions: 285->292
[2024-07-18T17:08:12.534+0800][info][gc,heap        ] GC(214) Archive regions: 0->0
[2024-07-18T17:08:12.534+0800][info][gc,heap        ] GC(214) Humongous regions: 203->193
[2024-07-18T17:08:12.534+0800][info][gc,metaspace   ] GC(214) Metaspace: 194K(384K)->194K(384K) NonClass: 187K(256K)->187K(256K) Class: 7K(128K)->7K(128K)
[2024-07-18T17:08:12.534+0800][info][gc             ] GC(214) Pause Young (Normal) (G1 Preventive Collection) 477M->461M(512M) 0.764ms
[2024-07-18T17:08:12.534+0800][info][gc,cpu         ] GC(214) User=0.00s Sys=0.00s Real=0.00s
[2024-07-18T17:08:12.534+0800][info][gc,marking     ] GC(213) Concurrent Rebuild Remembered Sets 1.318ms
[2024-07-18T17:08:12.534+0800][info][gc,start       ] GC(213) Pause Cleanup
[2024-07-18T17:08:12.534+0800][info][gc             ] GC(213) Pause Cleanup 464M->464M(512M) 0.095ms
[2024-07-18T17:08:12.534+0800][info][gc,cpu         ] GC(213) User=0.00s Sys=0.00s Real=0.00s
[2024-07-18T17:08:12.535+0800][info][gc,marking     ] GC(213) Concurrent Cleanup for Next Mark
[2024-07-18T17:08:12.535+0800][info][gc,marking     ] GC(213) Concurrent Cleanup for Next Mark 0.462ms
[2024-07-18T17:08:12.535+0800][info][gc             ] GC(213) Concurrent Mark Cycle 3.223ms
[2024-07-18T17:08:12.535+0800][info][gc,start       ] GC(215) Pause Young (Prepare Mixed) (G1 Preventive Collection)
[2024-07-18T17:08:12.535+0800][info][gc,task        ] GC(215) Using 12 workers of 13 for evacuation
[2024-07-18T17:08:12.537+0800][info][gc,phases      ] GC(215)   Pre Evacuate Collection Set: 0.0ms
[2024-07-18T17:08:12.537+0800][info][gc,phases      ] GC(215)   Merge Heap Roots: 0.0ms
[2024-07-18T17:08:12.537+0800][info][gc,phases      ] GC(215)   Evacuate Collection Set: 0.5ms
[2024-07-18T17:08:12.537+0800][info][gc,phases      ] GC(215)   Post Evacuate Collection Set: 0.1ms
[2024-07-18T17:08:12.537+0800][info][gc,phases      ] GC(215)   Other: 0.0ms
[2024-07-18T17:08:12.537+0800][info][gc,heap        ] GC(215) Eden regions: 8->0(21)
[2024-07-18T17:08:12.537+0800][info][gc,heap        ] GC(215) Survivor regions: 4->4(4)
[2024-07-18T17:08:12.537+0800][info][gc,heap        ] GC(215) Old regions: 292->296
[2024-07-18T17:08:12.537+0800][info][gc,heap        ] GC(215) Archive regions: 0->0
[2024-07-18T17:08:12.537+0800][info][gc,heap        ] GC(215) Humongous regions: 200->195
[2024-07-18T17:08:12.537+0800][info][gc,metaspace   ] GC(215) Metaspace: 194K(384K)->194K(384K) NonClass: 187K(256K)->187K(256K) Class: 7K(128K)->7K(128K)
[2024-07-18T17:08:12.537+0800][info][gc             ] GC(215) Pause Young (Prepare Mixed) (G1 Preventive Collection) 476M->467M(512M) 0.769ms
[2024-07-18T17:08:12.537+0800][info][gc,cpu         ] GC(215) User=0.00s Sys=0.00s Real=0.00s
[2024-07-18T17:08:12.537+0800][info][gc,start       ] GC(216) Pause Young (Mixed) (G1 Preventive Collection)
[2024-07-18T17:08:12.537+0800][info][gc,task        ] GC(216) Using 12 workers of 13 for evacuation
[2024-07-18T17:08:12.538+0800][info][gc             ] GC(216) To-space exhausted
[2024-07-18T17:08:12.538+0800][info][gc,phases      ] GC(216)   Pre Evacuate Collection Set: 0.0ms
[2024-07-18T17:08:12.538+0800][info][gc,phases      ] GC(216)   Merge Heap Roots: 0.0ms
[2024-07-18T17:08:12.538+0800][info][gc,phases      ] GC(216)   Evacuate Collection Set: 0.5ms
[2024-07-18T17:08:12.538+0800][info][gc,phases      ] GC(216)   Post Evacuate Collection Set: 0.1ms
[2024-07-18T17:08:12.538+0800][info][gc,phases      ] GC(216)   Other: 0.1ms
[2024-07-18T17:08:12.538+0800][info][gc,heap        ] GC(216) Eden regions: 6->0(24)
[2024-07-18T17:08:12.538+0800][info][gc,heap        ] GC(216) Survivor regions: 4->1(4)
[2024-07-18T17:08:12.538+0800][info][gc,heap        ] GC(216) Old regions: 296->303
[2024-07-18T17:08:12.538+0800][info][gc,heap        ] GC(216) Archive regions: 0->0
[2024-07-18T17:08:12.538+0800][info][gc,heap        ] GC(216) Humongous regions: 198->194
[2024-07-18T17:08:12.538+0800][info][gc,metaspace   ] GC(216) Metaspace: 194K(384K)->194K(384K) NonClass: 187K(256K)->187K(256K) Class: 7K(128K)->7K(128K)
[2024-07-18T17:08:12.538+0800][info][gc             ] GC(216) Pause Young (Mixed) (G1 Preventive Collection) 476M->470M(512M) 0.860ms
[2024-07-18T17:08:12.538+0800][info][gc,cpu         ] GC(216) User=0.00s Sys=0.00s Real=0.00s
[2024-07-18T17:08:12.539+0800][info][gc,start       ] GC(217) Pause Young (Concurrent Start) (G1 Humongous Allocation)
[2024-07-18T17:08:12.539+0800][info][gc,task        ] GC(217) Using 12 workers of 13 for evacuation
[2024-07-18T17:08:12.539+0800][info][gc,phases      ] GC(217)   Pre Evacuate Collection Set: 0.0ms
[2024-07-18T17:08:12.539+0800][info][gc,phases      ] GC(217)   Merge Heap Roots: 0.0ms
[2024-07-18T17:08:12.539+0800][info][gc,phases      ] GC(217)   Evacuate Collection Set: 0.2ms
[2024-07-18T17:08:12.539+0800][info][gc,phases      ] GC(217)   Post Evacuate Collection Set: 0.1ms
[2024-07-18T17:08:12.539+0800][info][gc,phases      ] GC(217)   Other: 0.1ms
[2024-07-18T17:08:12.539+0800][info][gc,heap        ] GC(217) Eden regions: 5->0(22)
[2024-07-18T17:08:12.539+0800][info][gc,heap        ] GC(217) Survivor regions: 1->3(4)
[2024-07-18T17:08:12.539+0800][info][gc,heap        ] GC(217) Old regions: 303->303
[2024-07-18T17:08:12.539+0800][info][gc,heap        ] GC(217) Archive regions: 0->0
[2024-07-18T17:08:12.539+0800][info][gc,heap        ] GC(217) Humongous regions: 194->191
[2024-07-18T17:08:12.539+0800][info][gc,metaspace   ] GC(217) Metaspace: 194K(384K)->194K(384K) NonClass: 187K(256K)->187K(256K) Class: 7K(128K)->7K(128K)
[2024-07-18T17:08:12.539+0800][info][gc             ] GC(217) Pause Young (Concurrent Start) (G1 Humongous Allocation) 475M->469M(512M) 0.465ms
[2024-07-18T17:08:12.539+0800][info][gc,cpu         ] GC(217) User=0.00s Sys=0.00s Real=0.00s
[2024-07-18T17:08:12.539+0800][info][gc             ] GC(218) Concurrent Mark Cycle
[2024-07-18T17:08:12.539+0800][info][gc,marking     ] GC(218) Concurrent Clear Claimed Marks
[2024-07-18T17:08:12.539+0800][info][gc,marking     ] GC(218) Concurrent Clear Claimed Marks 0.007ms
[2024-07-18T17:08:12.539+0800][info][gc,marking     ] GC(218) Concurrent Scan Root Regions
[2024-07-18T17:08:12.539+0800][info][gc,marking     ] GC(218) Concurrent Scan Root Regions 0.023ms
[2024-07-18T17:08:12.539+0800][info][gc,marking     ] GC(218) Concurrent Mark
[2024-07-18T17:08:12.539+0800][info][gc,marking     ] GC(218) Concurrent Mark From Roots
[2024-07-18T17:08:12.539+0800][info][gc,task        ] GC(218) Using 3 workers of 3 for marking
[2024-07-18T17:08:12.540+0800][info][gc,start       ] GC(219) Pause Young (Normal) (G1 Preventive Collection)
[2024-07-18T17:08:12.540+0800][info][gc,task        ] GC(219) Using 12 workers of 13 for evacuation
[2024-07-18T17:08:12.540+0800][info][gc,phases      ] GC(219)   Pre Evacuate Collection Set: 0.0ms
[2024-07-18T17:08:12.540+0800][info][gc,phases      ] GC(219)   Merge Heap Roots: 0.0ms
[2024-07-18T17:08:12.540+0800][info][gc,phases      ] GC(219)   Evacuate Collection Set: 0.3ms
[2024-07-18T17:08:12.540+0800][info][gc,phases      ] GC(219)   Post Evacuate Collection Set: 0.1ms
[2024-07-18T17:08:12.540+0800][info][gc,phases      ] GC(219)   Other: 0.0ms
[2024-07-18T17:08:12.540+0800][info][gc,heap        ] GC(219) Eden regions: 6->0(21)
[2024-07-18T17:08:12.540+0800][info][gc,heap        ] GC(219) Survivor regions: 3->4(4)
[2024-07-18T17:08:12.540+0800][info][gc,heap        ] GC(219) Old regions: 303->304
[2024-07-18T17:08:12.540+0800][info][gc,heap        ] GC(219) Archive regions: 0->0
[2024-07-18T17:08:12.540+0800][info][gc,heap        ] GC(219) Humongous regions: 195->191
[2024-07-18T17:08:12.540+0800][info][gc,metaspace   ] GC(219) Metaspace: 194K(384K)->194K(384K) NonClass: 187K(256K)->187K(256K) Class: 7K(128K)->7K(128K)
[2024-07-18T17:08:12.540+0800][info][gc             ] GC(219) Pause Young (Normal) (G1 Preventive Collection) 479M->471M(512M) 0.533ms
[2024-07-18T17:08:12.540+0800][info][gc,cpu         ] GC(219) User=0.00s Sys=0.00s Real=0.00s
[2024-07-18T17:08:12.540+0800][info][gc,marking     ] GC(218) Concurrent Mark From Roots 1.431ms
[2024-07-18T17:08:12.540+0800][info][gc,marking     ] GC(218) Concurrent Preclean
[2024-07-18T17:08:12.540+0800][info][gc,marking     ] GC(218) Concurrent Preclean 0.056ms
[2024-07-18T17:08:12.541+0800][info][gc,start       ] GC(218) Pause Remark
[2024-07-18T17:08:12.541+0800][info][gc             ] GC(218) Pause Remark 473M->473M(512M) 0.191ms
[2024-07-18T17:08:12.541+0800][info][gc,cpu         ] GC(218) User=0.00s Sys=0.00s Real=0.00s
[2024-07-18T17:08:12.541+0800][info][gc,marking     ] GC(218) Concurrent Mark 1.784ms
[2024-07-18T17:08:12.541+0800][info][gc,marking     ] GC(218) Concurrent Rebuild Remembered Sets
[2024-07-18T17:08:12.541+0800][info][gc,start       ] GC(220) Pause Young (Normal) (G1 Preventive Collection)
[2024-07-18T17:08:12.541+0800][info][gc,task        ] GC(220) Using 12 workers of 13 for evacuation
[2024-07-18T17:08:12.541+0800][info][gc,phases      ] GC(220)   Pre Evacuate Collection Set: 0.0ms
[2024-07-18T17:08:12.541+0800][info][gc,phases      ] GC(220)   Merge Heap Roots: 0.1ms
[2024-07-18T17:08:12.541+0800][info][gc,phases      ] GC(220)   Evacuate Collection Set: 0.3ms
[2024-07-18T17:08:12.541+0800][info][gc,phases      ] GC(220)   Post Evacuate Collection Set: 0.1ms
[2024-07-18T17:08:12.541+0800][info][gc,phases      ] GC(220)   Other: 0.1ms
[2024-07-18T17:08:12.541+0800][info][gc,heap        ] GC(220) Eden regions: 6->0(21)
[2024-07-18T17:08:12.541+0800][info][gc,heap        ] GC(220) Survivor regions: 4->4(4)
[2024-07-18T17:08:12.541+0800][info][gc,heap        ] GC(220) Old regions: 304->306
[2024-07-18T17:08:12.541+0800][info][gc,heap        ] GC(220) Archive regions: 0->0
[2024-07-18T17:08:12.541+0800][info][gc,heap        ] GC(220) Humongous regions: 191->189
[2024-07-18T17:08:12.541+0800][info][gc,metaspace   ] GC(220) Metaspace: 194K(384K)->194K(384K) NonClass: 187K(256K)->187K(256K) Class: 7K(128K)->7K(128K)
[2024-07-18T17:08:12.541+0800][info][gc             ] GC(220) Pause Young (Normal) (G1 Preventive Collection) 476M->471M(512M) 0.667ms
[2024-07-18T17:08:12.541+0800][info][gc,cpu         ] GC(220) User=0.00s Sys=0.00s Real=0.00s
[2024-07-18T17:08:12.541+0800][info][gc,marking     ] GC(218) Concurrent Rebuild Remembered Sets 1.290ms
[2024-07-18T17:08:12.542+0800][info][gc,start       ] GC(218) Pause Cleanup
[2024-07-18T17:08:12.542+0800][info][gc             ] GC(218) Pause Cleanup 475M->475M(512M) 0.115ms
[2024-07-18T17:08:12.542+0800][info][gc,cpu         ] GC(218) User=0.00s Sys=0.00s Real=0.00s
[2024-07-18T17:08:12.542+0800][info][gc,marking     ] GC(218) Concurrent Cleanup for Next Mark
[2024-07-18T17:08:12.542+0800][info][gc,start       ] GC(221) Pause Young (Prepare Mixed) (G1 Preventive Collection)
[2024-07-18T17:08:12.542+0800][info][gc,task        ] GC(221) Using 12 workers of 13 for evacuation
[2024-07-18T17:08:12.544+0800][info][gc,phases      ] GC(221)   Pre Evacuate Collection Set: 0.0ms
[2024-07-18T17:08:12.544+0800][info][gc,phases      ] GC(221)   Merge Heap Roots: 0.0ms
[2024-07-18T17:08:12.544+0800][info][gc,phases      ] GC(221)   Evacuate Collection Set: 0.4ms
[2024-07-18T17:08:12.544+0800][info][gc,phases      ] GC(221)   Post Evacuate Collection Set: 0.1ms
[2024-07-18T17:08:12.544+0800][info][gc,phases      ] GC(221)   Other: 0.1ms
[2024-07-18T17:08:12.544+0800][info][gc,heap        ] GC(221) Eden regions: 5->0(23)
[2024-07-18T17:08:12.544+0800][info][gc,heap        ] GC(221) Survivor regions: 4->2(4)
[2024-07-18T17:08:12.544+0800][info][gc,heap        ] GC(221) Old regions: 306->310
[2024-07-18T17:08:12.544+0800][info][gc,heap        ] GC(221) Archive regions: 0->0
[2024-07-18T17:08:12.544+0800][info][gc,heap        ] GC(221) Humongous regions: 191->190
[2024-07-18T17:08:12.544+0800][info][gc,metaspace   ] GC(221) Metaspace: 194K(384K)->194K(384K) NonClass: 187K(256K)->187K(256K) Class: 7K(128K)->7K(128K)
[2024-07-18T17:08:12.544+0800][info][gc             ] GC(221) Pause Young (Prepare Mixed) (G1 Preventive Collection) 477M->474M(512M) 0.734ms
[2024-07-18T17:08:12.544+0800][info][gc,cpu         ] GC(221) User=0.00s Sys=0.00s Real=0.00s
[2024-07-18T17:08:12.544+0800][info][gc,marking     ] GC(218) Concurrent Cleanup for Next Mark 1.188ms
[2024-07-18T17:08:12.544+0800][info][gc             ] GC(218) Concurrent Mark Cycle 4.571ms
[2024-07-18T17:08:12.544+0800][info][gc,start       ] GC(222) Pause Young (Mixed) (G1 Preventive Collection)
[2024-07-18T17:08:12.544+0800][info][gc,task        ] GC(222) Using 12 workers of 13 for evacuation
[2024-07-18T17:08:12.544+0800][info][gc             ] GC(222) To-space exhausted
[2024-07-18T17:08:12.544+0800][info][gc,phases      ] GC(222)   Pre Evacuate Collection Set: 0.0ms
[2024-07-18T17:08:12.544+0800][info][gc,phases      ] GC(222)   Merge Heap Roots: 0.0ms
[2024-07-18T17:08:12.544+0800][info][gc,phases      ] GC(222)   Evacuate Collection Set: 0.2ms
[2024-07-18T17:08:12.544+0800][info][gc,phases      ] GC(222)   Post Evacuate Collection Set: 0.1ms
[2024-07-18T17:08:12.544+0800][info][gc,phases      ] GC(222)   Other: 0.1ms
[2024-07-18T17:08:12.544+0800][info][gc,heap        ] GC(222) Eden regions: 2->0(23)
[2024-07-18T17:08:12.544+0800][info][gc,heap        ] GC(222) Survivor regions: 2->2(4)
[2024-07-18T17:08:12.544+0800][info][gc,heap        ] GC(222) Old regions: 310->310
[2024-07-18T17:08:12.544+0800][info][gc,heap        ] GC(222) Archive regions: 0->0
[2024-07-18T17:08:12.544+0800][info][gc,heap        ] GC(222) Humongous regions: 193->189
[2024-07-18T17:08:12.544+0800][info][gc,metaspace   ] GC(222) Metaspace: 194K(384K)->194K(384K) NonClass: 187K(256K)->187K(256K) Class: 7K(128K)->7K(128K)
[2024-07-18T17:08:12.544+0800][info][gc             ] GC(222) Pause Young (Mixed) (G1 Preventive Collection) 479M->474M(512M) 0.548ms
[2024-07-18T17:08:12.544+0800][info][gc,cpu         ] GC(222) User=0.00s Sys=0.00s Real=0.00s
[2024-07-18T17:08:12.545+0800][info][gc,start       ] GC(223) Pause Young (Mixed) (G1 Preventive Collection)
[2024-07-18T17:08:12.545+0800][info][gc,task        ] GC(223) Using 12 workers of 13 for evacuation
[2024-07-18T17:08:12.546+0800][info][gc             ] GC(223) To-space exhausted
[2024-07-18T17:08:12.546+0800][info][gc,phases      ] GC(223)   Pre Evacuate Collection Set: 0.2ms
[2024-07-18T17:08:12.546+0800][info][gc,phases      ] GC(223)   Merge Heap Roots: 0.1ms
[2024-07-18T17:08:12.546+0800][info][gc,phases      ] GC(223)   Evacuate Collection Set: 0.8ms
[2024-07-18T17:08:12.546+0800][info][gc,phases      ] GC(223)   Post Evacuate Collection Set: 0.1ms
[2024-07-18T17:08:12.546+0800][info][gc,phases      ] GC(223)   Other: 0.3ms
[2024-07-18T17:08:12.546+0800][info][gc,heap        ] GC(223) Eden regions: 1->0(23)
[2024-07-18T17:08:12.546+0800][info][gc,heap        ] GC(223) Survivor regions: 2->2(4)
[2024-07-18T17:08:12.546+0800][info][gc,heap        ] GC(223) Old regions: 310->315
[2024-07-18T17:08:12.546+0800][info][gc,heap        ] GC(223) Archive regions: 0->0
[2024-07-18T17:08:12.546+0800][info][gc,heap        ] GC(223) Humongous regions: 190->190
[2024-07-18T17:08:12.546+0800][info][gc,metaspace   ] GC(223) Metaspace: 194K(384K)->194K(384K) NonClass: 187K(256K)->187K(256K) Class: 7K(128K)->7K(128K)
[2024-07-18T17:08:12.546+0800][info][gc             ] GC(223) Pause Young (Mixed) (G1 Preventive Collection) 476M->480M(512M) 1.663ms
[2024-07-18T17:08:12.546+0800][info][gc,cpu         ] GC(223) User=0.00s Sys=0.00s Real=0.00s
[2024-07-18T17:08:12.546+0800][info][gc,start       ] GC(224) Pause Young (Concurrent Start) (G1 Humongous Allocation)
[2024-07-18T17:08:12.546+0800][info][gc,task        ] GC(224) Using 12 workers of 13 for evacuation
[2024-07-18T17:08:12.547+0800][info][gc,phases      ] GC(224)   Pre Evacuate Collection Set: 0.0ms
[2024-07-18T17:08:12.547+0800][info][gc,phases      ] GC(224)   Merge Heap Roots: 0.0ms
[2024-07-18T17:08:12.547+0800][info][gc,phases      ] GC(224)   Evacuate Collection Set: 0.2ms
[2024-07-18T17:08:12.547+0800][info][gc,phases      ] GC(224)   Post Evacuate Collection Set: 0.1ms
[2024-07-18T17:08:12.547+0800][info][gc,phases      ] GC(224)   Other: 0.1ms
[2024-07-18T17:08:12.547+0800][info][gc,heap        ] GC(224) Eden regions: 2->0(22)
[2024-07-18T17:08:12.547+0800][info][gc,heap        ] GC(224) Survivor regions: 2->3(3)
[2024-07-18T17:08:12.547+0800][info][gc,heap        ] GC(224) Old regions: 315->315
[2024-07-18T17:08:12.547+0800][info][gc,heap        ] GC(224) Archive regions: 0->0
[2024-07-18T17:08:12.547+0800][info][gc,heap        ] GC(224) Humongous regions: 190->190
[2024-07-18T17:08:12.547+0800][info][gc,metaspace   ] GC(224) Metaspace: 194K(384K)->194K(384K) NonClass: 187K(256K)->187K(256K) Class: 7K(128K)->7K(128K)
[2024-07-18T17:08:12.547+0800][info][gc             ] GC(224) Pause Young (Concurrent Start) (G1 Humongous Allocation) 481M->480M(512M) 0.510ms
[2024-07-18T17:08:12.547+0800][info][gc,cpu         ] GC(224) User=0.00s Sys=0.00s Real=0.00s
[2024-07-18T17:08:12.547+0800][info][gc             ] GC(225) Concurrent Mark Cycle
[2024-07-18T17:08:12.547+0800][info][gc,marking     ] GC(225) Concurrent Clear Claimed Marks
[2024-07-18T17:08:12.547+0800][info][gc,marking     ] GC(225) Concurrent Clear Claimed Marks 0.012ms
[2024-07-18T17:08:12.547+0800][info][gc,marking     ] GC(225) Concurrent Scan Root Regions
[2024-07-18T17:08:12.547+0800][info][gc,marking     ] GC(225) Concurrent Scan Root Regions 0.030ms
[2024-07-18T17:08:12.547+0800][info][gc,start       ] GC(226) Pause Young (Normal) (G1 Preventive Collection)
[2024-07-18T17:08:12.547+0800][info][gc,marking     ] GC(225) Concurrent Mark
[2024-07-18T17:08:12.547+0800][info][gc,task        ] GC(226) Using 12 workers of 13 for evacuation
[2024-07-18T17:08:12.547+0800][info][gc,marking     ] GC(225) Concurrent Mark From Roots
[2024-07-18T17:08:12.547+0800][info][gc,task        ] GC(225) Using 3 workers of 3 for marking
[2024-07-18T17:08:12.547+0800][info][gc,phases      ] GC(226)   Pre Evacuate Collection Set: 0.1ms
[2024-07-18T17:08:12.547+0800][info][gc,phases      ] GC(226)   Merge Heap Roots: 0.0ms
[2024-07-18T17:08:12.547+0800][info][gc,phases      ] GC(226)   Evacuate Collection Set: 0.1ms
[2024-07-18T17:08:12.547+0800][info][gc,phases      ] GC(226)   Post Evacuate Collection Set: 0.1ms
[2024-07-18T17:08:12.547+0800][info][gc,phases      ] GC(226)   Other: 0.1ms
[2024-07-18T17:08:12.547+0800][info][gc,heap        ] GC(226) Eden regions: 0->0(24)
[2024-07-18T17:08:12.547+0800][info][gc,heap        ] GC(226) Survivor regions: 3->1(3)
[2024-07-18T17:08:12.547+0800][info][gc,heap        ] GC(226) Old regions: 315->317
[2024-07-18T17:08:12.547+0800][info][gc,heap        ] GC(226) Archive regions: 0->0
[2024-07-18T17:08:12.547+0800][info][gc,heap        ] GC(226) Humongous regions: 191->190
[2024-07-18T17:08:12.547+0800][info][gc,metaspace   ] GC(226) Metaspace: 194K(384K)->194K(384K) NonClass: 187K(256K)->187K(256K) Class: 7K(128K)->7K(128K)
[2024-07-18T17:08:12.547+0800][info][gc             ] GC(226) Pause Young (Normal) (G1 Preventive Collection) 481M->480M(512M) 0.423ms
[2024-07-18T17:08:12.547+0800][info][gc,cpu         ] GC(226) User=0.00s Sys=0.00s Real=0.00s
[2024-07-18T17:08:12.547+0800][info][gc,start       ] GC(227) Pause Young (Normal) (G1 Preventive Collection)
[2024-07-18T17:08:12.547+0800][info][gc,task        ] GC(227) Using 12 workers of 13 for evacuation
[2024-07-18T17:08:12.547+0800][info][gc,phases      ] GC(227)   Pre Evacuate Collection Set: 0.0ms
[2024-07-18T17:08:12.547+0800][info][gc,phases      ] GC(227)   Merge Heap Roots: 0.0ms
[2024-07-18T17:08:12.547+0800][info][gc,phases      ] GC(227)   Evacuate Collection Set: 0.1ms
[2024-07-18T17:08:12.547+0800][info][gc,phases      ] GC(227)   Post Evacuate Collection Set: 0.1ms
[2024-07-18T17:08:12.547+0800][info][gc,phases      ] GC(227)   Other: 0.0ms
[2024-07-18T17:08:12.547+0800][info][gc,heap        ] GC(227) Eden regions: 2->0(23)
[2024-07-18T17:08:12.547+0800][info][gc,heap        ] GC(227) Survivor regions: 1->2(2)
[2024-07-18T17:08:12.547+0800][info][gc,heap        ] GC(227) Old regions: 317->317
[2024-07-18T17:08:12.547+0800][info][gc,heap        ] GC(227) Archive regions: 0->0
[2024-07-18T17:08:12.547+0800][info][gc,heap        ] GC(227) Humongous regions: 190->189
[2024-07-18T17:08:12.547+0800][info][gc,metaspace   ] GC(227) Metaspace: 194K(384K)->194K(384K) NonClass: 187K(256K)->187K(256K) Class: 7K(128K)->7K(128K)
[2024-07-18T17:08:12.547+0800][info][gc             ] GC(227) Pause Young (Normal) (G1 Preventive Collection) 482M->480M(512M) 0.300ms
[2024-07-18T17:08:12.547+0800][info][gc,cpu         ] GC(227) User=0.00s Sys=0.00s Real=0.00s
[2024-07-18T17:08:12.547+0800][info][gc,start       ] GC(228) Pause Young (Normal) (G1 Preventive Collection)
[2024-07-18T17:08:12.547+0800][info][gc,task        ] GC(228) Using 12 workers of 13 for evacuation
[2024-07-18T17:08:12.547+0800][info][gc,phases      ] GC(228)   Pre Evacuate Collection Set: 0.0ms
[2024-07-18T17:08:12.547+0800][info][gc,phases      ] GC(228)   Merge Heap Roots: 0.0ms
[2024-07-18T17:08:12.547+0800][info][gc,phases      ] GC(228)   Evacuate Collection Set: 0.1ms
[2024-07-18T17:08:12.547+0800][info][gc,phases      ] GC(228)   Post Evacuate Collection Set: 0.1ms
[2024-07-18T17:08:12.547+0800][info][gc,phases      ] GC(228)   Other: 0.0ms
[2024-07-18T17:08:12.547+0800][info][gc,heap        ] GC(228) Eden regions: 1->0(23)
[2024-07-18T17:08:12.547+0800][info][gc,heap        ] GC(228) Survivor regions: 2->2(3)
[2024-07-18T17:08:12.547+0800][info][gc,heap        ] GC(228) Old regions: 317->317
[2024-07-18T17:08:12.547+0800][info][gc,heap        ] GC(228) Archive regions: 0->0
[2024-07-18T17:08:12.547+0800][info][gc,heap        ] GC(228) Humongous regions: 189->189
[2024-07-18T17:08:12.547+0800][info][gc,metaspace   ] GC(228) Metaspace: 194K(384K)->194K(384K) NonClass: 187K(256K)->187K(256K) Class: 7K(128K)->7K(128K)
[2024-07-18T17:08:12.547+0800][info][gc             ] GC(228) Pause Young (Normal) (G1 Preventive Collection) 481M->480M(512M) 0.274ms
[2024-07-18T17:08:12.547+0800][info][gc,cpu         ] GC(228) User=0.00s Sys=0.00s Real=0.00s
[2024-07-18T17:08:12.547+0800][info][gc,start       ] GC(229) Pause Young (Normal) (G1 Preventive Collection)
[2024-07-18T17:08:12.547+0800][info][gc,task        ] GC(229) Using 12 workers of 13 for evacuation
[2024-07-18T17:08:12.547+0800][info][gc,phases      ] GC(229)   Pre Evacuate Collection Set: 0.0ms
[2024-07-18T17:08:12.547+0800][info][gc,phases      ] GC(229)   Merge Heap Roots: 0.0ms
[2024-07-18T17:08:12.547+0800][info][gc,phases      ] GC(229)   Evacuate Collection Set: 0.1ms
[2024-07-18T17:08:12.547+0800][info][gc,phases      ] GC(229)   Post Evacuate Collection Set: 0.1ms
[2024-07-18T17:08:12.547+0800][info][gc,phases      ] GC(229)   Other: 0.0ms
[2024-07-18T17:08:12.547+0800][info][gc,heap        ] GC(229) Eden regions: 1->0(23)
[2024-07-18T17:08:12.547+0800][info][gc,heap        ] GC(229) Survivor regions: 2->2(3)
[2024-07-18T17:08:12.547+0800][info][gc,heap        ] GC(229) Old regions: 317->317
[2024-07-18T17:08:12.547+0800][info][gc,heap        ] GC(229) Archive regions: 0->0
[2024-07-18T17:08:12.547+0800][info][gc,heap        ] GC(229) Humongous regions: 189->189
[2024-07-18T17:08:12.547+0800][info][gc,metaspace   ] GC(229) Metaspace: 194K(384K)->194K(384K) NonClass: 187K(256K)->187K(256K) Class: 7K(128K)->7K(128K)
[2024-07-18T17:08:12.547+0800][info][gc             ] GC(229) Pause Young (Normal) (G1 Preventive Collection) 481M->480M(512M) 0.307ms
[2024-07-18T17:08:12.547+0800][info][gc,cpu         ] GC(229) User=0.00s Sys=0.00s Real=0.00s
[2024-07-18T17:08:12.547+0800][info][gc,start       ] GC(230) Pause Young (Normal) (G1 Preventive Collection)
[2024-07-18T17:08:12.547+0800][info][gc,task        ] GC(230) Using 12 workers of 13 for evacuation
[2024-07-18T17:08:12.547+0800][info][gc,phases      ] GC(230)   Pre Evacuate Collection Set: 0.0ms
[2024-07-18T17:08:12.547+0800][info][gc,phases      ] GC(230)   Merge Heap Roots: 0.0ms
[2024-07-18T17:08:12.547+0800][info][gc,phases      ] GC(230)   Evacuate Collection Set: 0.1ms
[2024-07-18T17:08:12.547+0800][info][gc,phases      ] GC(230)   Post Evacuate Collection Set: 0.1ms
[2024-07-18T17:08:12.547+0800][info][gc,phases      ] GC(230)   Other: 0.0ms
[2024-07-18T17:08:12.547+0800][info][gc,heap        ] GC(230) Eden regions: 1->0(22)
[2024-07-18T17:08:12.547+0800][info][gc,heap        ] GC(230) Survivor regions: 2->3(3)
[2024-07-18T17:08:12.547+0800][info][gc,heap        ] GC(230) Old regions: 317->317
[2024-07-18T17:08:12.547+0800][info][gc,heap        ] GC(230) Archive regions: 0->0
[2024-07-18T17:08:12.547+0800][info][gc,heap        ] GC(230) Humongous regions: 189->189
[2024-07-18T17:08:12.547+0800][info][gc,metaspace   ] GC(230) Metaspace: 194K(384K)->194K(384K) NonClass: 187K(256K)->187K(256K) Class: 7K(128K)->7K(128K)
[2024-07-18T17:08:12.547+0800][info][gc             ] GC(230) Pause Young (Normal) (G1 Preventive Collection) 481M->481M(512M) 0.299ms
[2024-07-18T17:08:12.547+0800][info][gc,cpu         ] GC(230) User=0.00s Sys=0.00s Real=0.00s
[2024-07-18T17:08:12.547+0800][info][gc,start       ] GC(231) Pause Young (Normal) (G1 Preventive Collection)
[2024-07-18T17:08:12.547+0800][info][gc,task        ] GC(231) Using 12 workers of 13 for evacuation
[2024-07-18T17:08:12.547+0800][info][gc,phases      ] GC(231)   Pre Evacuate Collection Set: 0.0ms
[2024-07-18T17:08:12.547+0800][info][gc,phases      ] GC(231)   Merge Heap Roots: 0.0ms
[2024-07-18T17:08:12.547+0800][info][gc,phases      ] GC(231)   Evacuate Collection Set: 0.1ms
[2024-07-18T17:08:12.547+0800][info][gc,phases      ] GC(231)   Post Evacuate Collection Set: 0.1ms
[2024-07-18T17:08:12.547+0800][info][gc,phases      ] GC(231)   Other: 0.0ms
[2024-07-18T17:08:12.547+0800][info][gc,heap        ] GC(231) Eden regions: 1->0(23)
[2024-07-18T17:08:12.547+0800][info][gc,heap        ] GC(231) Survivor regions: 3->2(2)
[2024-07-18T17:08:12.547+0800][info][gc,heap        ] GC(231) Old regions: 317->317
[2024-07-18T17:08:12.547+0800][info][gc,heap        ] GC(231) Archive regions: 0->0
[2024-07-18T17:08:12.547+0800][info][gc,heap        ] GC(231) Humongous regions: 189->189
[2024-07-18T17:08:12.547+0800][info][gc,metaspace   ] GC(231) Metaspace: 194K(384K)->194K(384K) NonClass: 187K(256K)->187K(256K) Class: 7K(128K)->7K(128K)
[2024-07-18T17:08:12.547+0800][info][gc             ] GC(231) Pause Young (Normal) (G1 Preventive Collection) 482M->481M(512M) 0.312ms
[2024-07-18T17:08:12.547+0800][info][gc,cpu         ] GC(231) User=0.00s Sys=0.00s Real=0.00s
[2024-07-18T17:08:12.547+0800][info][gc,start       ] GC(232) Pause Young (Normal) (G1 Preventive Collection)
[2024-07-18T17:08:12.547+0800][info][gc,task        ] GC(232) Using 12 workers of 13 for evacuation
[2024-07-18T17:08:12.547+0800][info][gc,phases      ] GC(232)   Pre Evacuate Collection Set: 0.0ms
[2024-07-18T17:08:12.547+0800][info][gc,phases      ] GC(232)   Merge Heap Roots: 0.0ms
[2024-07-18T17:08:12.547+0800][info][gc,phases      ] GC(232)   Evacuate Collection Set: 0.1ms
[2024-07-18T17:08:12.547+0800][info][gc,phases      ] GC(232)   Post Evacuate Collection Set: 0.1ms
[2024-07-18T17:08:12.547+0800][info][gc,phases      ] GC(232)   Other: 0.0ms
[2024-07-18T17:08:12.547+0800][info][gc,heap        ] GC(232) Eden regions: 1->0(22)
[2024-07-18T17:08:12.547+0800][info][gc,heap        ] GC(232) Survivor regions: 2->3(3)
[2024-07-18T17:08:12.547+0800][info][gc,heap        ] GC(232) Old regions: 317->317
[2024-07-18T17:08:12.547+0800][info][gc,heap        ] GC(232) Archive regions: 0->0
[2024-07-18T17:08:12.547+0800][info][gc,heap        ] GC(232) Humongous regions: 189->188
[2024-07-18T17:08:12.547+0800][info][gc,metaspace   ] GC(232) Metaspace: 194K(384K)->194K(384K) NonClass: 187K(256K)->187K(256K) Class: 7K(128K)->7K(128K)
[2024-07-18T17:08:12.547+0800][info][gc             ] GC(232) Pause Young (Normal) (G1 Preventive Collection) 482M->480M(512M) 0.296ms
[2024-07-18T17:08:12.547+0800][info][gc,cpu         ] GC(232) User=0.00s Sys=0.00s Real=0.00s
[2024-07-18T17:08:12.547+0800][info][gc,start       ] GC(233) Pause Young (Normal) (G1 Preventive Collection)
[2024-07-18T17:08:12.547+0800][info][gc,task        ] GC(233) Using 12 workers of 13 for evacuation
[2024-07-18T17:08:12.547+0800][info][gc,phases      ] GC(233)   Pre Evacuate Collection Set: 0.0ms
[2024-07-18T17:08:12.547+0800][info][gc,phases      ] GC(233)   Merge Heap Roots: 0.0ms
[2024-07-18T17:08:12.547+0800][info][gc,phases      ] GC(233)   Evacuate Collection Set: 0.1ms
[2024-07-18T17:08:12.547+0800][info][gc,phases      ] GC(233)   Post Evacuate Collection Set: 0.1ms
[2024-07-18T17:08:12.547+0800][info][gc,phases      ] GC(233)   Other: 0.0ms
[2024-07-18T17:08:12.547+0800][info][gc,heap        ] GC(233) Eden regions: 1->0(23)
[2024-07-18T17:08:12.547+0800][info][gc,heap        ] GC(233) Survivor regions: 3->2(3)
[2024-07-18T17:08:12.547+0800][info][gc,heap        ] GC(233) Old regions: 317->317
[2024-07-18T17:08:12.547+0800][info][gc,heap        ] GC(233) Archive regions: 0->0
[2024-07-18T17:08:12.547+0800][info][gc,heap        ] GC(233) Humongous regions: 188->188
[2024-07-18T17:08:12.547+0800][info][gc,metaspace   ] GC(233) Metaspace: 194K(384K)->194K(384K) NonClass: 187K(256K)->187K(256K) Class: 7K(128K)->7K(128K)
[2024-07-18T17:08:12.547+0800][info][gc             ] GC(233) Pause Young (Normal) (G1 Preventive Collection) 481M->480M(512M) 0.294ms
[2024-07-18T17:08:12.547+0800][info][gc,cpu         ] GC(233) User=0.00s Sys=0.00s Real=0.00s
[2024-07-18T17:08:12.547+0800][info][gc,marking     ] GC(225) Concurrent Mark From Roots 3.474ms
[2024-07-18T17:08:12.547+0800][info][gc,marking     ] GC(225) Concurrent Preclean
[2024-07-18T17:08:12.547+0800][info][gc,marking     ] GC(225) Concurrent Preclean 0.058ms
[2024-07-18T17:08:12.547+0800][info][gc,start       ] GC(225) Pause Remark
[2024-07-18T17:08:12.547+0800][info][gc             ] GC(225) Pause Remark 482M->482M(512M) 0.166ms
[2024-07-18T17:08:12.547+0800][info][gc,cpu         ] GC(225) User=0.00s Sys=0.00s Real=0.00s
[2024-07-18T17:08:12.547+0800][info][gc,marking     ] GC(225) Concurrent Mark 3.821ms
[2024-07-18T17:08:12.552+0800][info][gc,marking     ] GC(225) Concurrent Rebuild Remembered Sets
[2024-07-18T17:08:12.552+0800][info][gc,start       ] GC(234) Pause Young (Normal) (G1 Preventive Collection)
[2024-07-18T17:08:12.552+0800][info][gc,task        ] GC(234) Using 12 workers of 13 for evacuation
[2024-07-18T17:08:12.552+0800][info][gc,phases      ] GC(234)   Pre Evacuate Collection Set: 0.0ms
[2024-07-18T17:08:12.552+0800][info][gc,phases      ] GC(234)   Merge Heap Roots: 0.0ms
[2024-07-18T17:08:12.552+0800][info][gc,phases      ] GC(234)   Evacuate Collection Set: 0.1ms
[2024-07-18T17:08:12.552+0800][info][gc,phases      ] GC(234)   Post Evacuate Collection Set: 0.1ms
[2024-07-18T17:08:12.552+0800][info][gc,phases      ] GC(234)   Other: 0.0ms
[2024-07-18T17:08:12.552+0800][info][gc,heap        ] GC(234) Eden regions: 2->0(22)
[2024-07-18T17:08:12.552+0800][info][gc,heap        ] GC(234) Survivor regions: 2->3(3)
[2024-07-18T17:08:12.552+0800][info][gc,heap        ] GC(234) Old regions: 317->317
[2024-07-18T17:08:12.552+0800][info][gc,heap        ] GC(234) Archive regions: 0->0
[2024-07-18T17:08:12.552+0800][info][gc,heap        ] GC(234) Humongous regions: 188->188
[2024-07-18T17:08:12.552+0800][info][gc,metaspace   ] GC(234) Metaspace: 194K(384K)->194K(384K) NonClass: 187K(256K)->187K(256K) Class: 7K(128K)->7K(128K)
[2024-07-18T17:08:12.552+0800][info][gc             ] GC(234) Pause Young (Normal) (G1 Preventive Collection) 482M->481M(512M) 0.316ms
[2024-07-18T17:08:12.552+0800][info][gc,cpu         ] GC(234) User=0.00s Sys=0.00s Real=0.00s
[2024-07-18T17:08:12.552+0800][info][gc,start       ] GC(235) Pause Young (Normal) (G1 Preventive Collection)
[2024-07-18T17:08:12.552+0800][info][gc,task        ] GC(235) Using 12 workers of 13 for evacuation
[2024-07-18T17:08:12.552+0800][info][gc             ] GC(235) To-space exhausted
[2024-07-18T17:08:12.552+0800][info][gc,phases      ] GC(235)   Pre Evacuate Collection Set: 0.0ms
[2024-07-18T17:08:12.552+0800][info][gc,phases      ] GC(235)   Merge Heap Roots: 0.1ms
[2024-07-18T17:08:12.552+0800][info][gc,phases      ] GC(235)   Evacuate Collection Set: 0.1ms
[2024-07-18T17:08:12.552+0800][info][gc,phases      ] GC(235)   Post Evacuate Collection Set: 0.1ms
[2024-07-18T17:08:12.552+0800][info][gc,phases      ] GC(235)   Other: 0.1ms
[2024-07-18T17:08:12.552+0800][info][gc,heap        ] GC(235) Eden regions: 1->0(23)
[2024-07-18T17:08:12.552+0800][info][gc,heap        ] GC(235) Survivor regions: 3->2(3)
[2024-07-18T17:08:12.552+0800][info][gc,heap        ] GC(235) Old regions: 317->319
[2024-07-18T17:08:12.552+0800][info][gc,heap        ] GC(235) Archive regions: 0->0
[2024-07-18T17:08:12.552+0800][info][gc,heap        ] GC(235) Humongous regions: 188->188
[2024-07-18T17:08:12.552+0800][info][gc,metaspace   ] GC(235) Metaspace: 194K(384K)->194K(384K) NonClass: 187K(256K)->187K(256K) Class: 7K(128K)->7K(128K)
[2024-07-18T17:08:12.552+0800][info][gc             ] GC(235) Pause Young (Normal) (G1 Preventive Collection) 482M->482M(512M) 0.337ms
[2024-07-18T17:08:12.552+0800][info][gc,cpu         ] GC(235) User=0.00s Sys=0.00s Real=0.00s
[2024-07-18T17:08:12.552+0800][info][gc,start       ] GC(236) Pause Young (Normal) (G1 Preventive Collection)
[2024-07-18T17:08:12.552+0800][info][gc,task        ] GC(236) Using 12 workers of 13 for evacuation
[2024-07-18T17:08:12.552+0800][info][gc             ] GC(236) To-space exhausted
[2024-07-18T17:08:12.552+0800][info][gc,phases      ] GC(236)   Pre Evacuate Collection Set: 0.0ms
[2024-07-18T17:08:12.552+0800][info][gc,phases      ] GC(236)   Merge Heap Roots: 0.0ms
[2024-07-18T17:08:12.552+0800][info][gc,phases      ] GC(236)   Evacuate Collection Set: 0.1ms
[2024-07-18T17:08:12.552+0800][info][gc,phases      ] GC(236)   Post Evacuate Collection Set: 0.1ms
[2024-07-18T17:08:12.552+0800][info][gc,phases      ] GC(236)   Other: 0.0ms
[2024-07-18T17:08:12.552+0800][info][gc,heap        ] GC(236) Eden regions: 1->0(23)
[2024-07-18T17:08:12.552+0800][info][gc,heap        ] GC(236) Survivor regions: 2->2(2)
[2024-07-18T17:08:12.552+0800][info][gc,heap        ] GC(236) Old regions: 319->320
[2024-07-18T17:08:12.552+0800][info][gc,heap        ] GC(236) Archive regions: 0->0
[2024-07-18T17:08:12.552+0800][info][gc,heap        ] GC(236) Humongous regions: 188->188
[2024-07-18T17:08:12.552+0800][info][gc,metaspace   ] GC(236) Metaspace: 194K(384K)->194K(384K) NonClass: 187K(256K)->187K(256K) Class: 7K(128K)->7K(128K)
[2024-07-18T17:08:12.552+0800][info][gc             ] GC(236) Pause Young (Normal) (G1 Preventive Collection) 482M->483M(512M) 0.285ms
[2024-07-18T17:08:12.552+0800][info][gc,cpu         ] GC(236) User=0.00s Sys=0.00s Real=0.00s
[2024-07-18T17:08:12.552+0800][info][gc,start       ] GC(237) Pause Young (Normal) (G1 Preventive Collection)
[2024-07-18T17:08:12.552+0800][info][gc,task        ] GC(237) Using 12 workers of 13 for evacuation
[2024-07-18T17:08:12.552+0800][info][gc             ] GC(237) To-space exhausted
[2024-07-18T17:08:12.552+0800][info][gc,phases      ] GC(237)   Pre Evacuate Collection Set: 0.0ms
[2024-07-18T17:08:12.552+0800][info][gc,phases      ] GC(237)   Merge Heap Roots: 0.0ms
[2024-07-18T17:08:12.552+0800][info][gc,phases      ] GC(237)   Evacuate Collection Set: 0.1ms
[2024-07-18T17:08:12.552+0800][info][gc,phases      ] GC(237)   Post Evacuate Collection Set: 0.1ms
[2024-07-18T17:08:12.552+0800][info][gc,phases      ] GC(237)   Other: 0.1ms
[2024-07-18T17:08:12.552+0800][info][gc,heap        ] GC(237) Eden regions: 1->0(24)
[2024-07-18T17:08:12.552+0800][info][gc,heap        ] GC(237) Survivor regions: 2->1(1)
[2024-07-18T17:08:12.552+0800][info][gc,heap        ] GC(237) Old regions: 320->323
[2024-07-18T17:08:12.552+0800][info][gc,heap        ] GC(237) Archive regions: 0->0
[2024-07-18T17:08:12.552+0800][info][gc,heap        ] GC(237) Humongous regions: 188->188
[2024-07-18T17:08:12.552+0800][info][gc,metaspace   ] GC(237) Metaspace: 194K(384K)->194K(384K) NonClass: 187K(256K)->187K(256K) Class: 7K(128K)->7K(128K)
[2024-07-18T17:08:12.552+0800][info][gc             ] GC(237) Pause Young (Normal) (G1 Preventive Collection) 484M->485M(512M) 0.270ms
[2024-07-18T17:08:12.552+0800][info][gc,cpu         ] GC(237) User=0.00s Sys=0.00s Real=0.00s
[2024-07-18T17:08:12.552+0800][info][gc,ergo        ] Attempting full compaction
[2024-07-18T17:08:12.552+0800][info][gc,task        ] GC(238) Using 12 workers of 13 for full compaction
[2024-07-18T17:08:12.552+0800][info][gc,start       ] GC(238) Pause Full (G1 Compaction Pause)
[2024-07-18T17:08:12.554+0800][info][gc,phases,start] GC(238) Phase 1: Mark live objects
[2024-07-18T17:08:12.554+0800][info][gc,phases      ] GC(238) Phase 1: Mark live objects 0.349ms
[2024-07-18T17:08:12.554+0800][info][gc,phases,start] GC(238) Phase 2: Prepare for compaction
[2024-07-18T17:08:12.554+0800][info][gc,phases      ] GC(238) Phase 2: Prepare for compaction 0.139ms
[2024-07-18T17:08:12.554+0800][info][gc,phases,start] GC(238) Phase 3: Adjust pointers
[2024-07-18T17:08:12.554+0800][info][gc,phases      ] GC(238) Phase 3: Adjust pointers 0.117ms
[2024-07-18T17:08:12.554+0800][info][gc,phases,start] GC(238) Phase 4: Compact heap
[2024-07-18T17:08:12.560+0800][info][gc,phases      ] GC(238) Phase 4: Compact heap 12.305ms
[2024-07-18T17:08:12.560+0800][info][gc,heap        ] GC(238) Eden regions: 0->0(25)
[2024-07-18T17:08:12.560+0800][info][gc,heap        ] GC(238) Survivor regions: 1->0(1)
[2024-07-18T17:08:12.560+0800][info][gc,heap        ] GC(238) Old regions: 323->255
[2024-07-18T17:08:12.560+0800][info][gc,heap        ] GC(238) Archive regions: 0->0
[2024-07-18T17:08:12.560+0800][info][gc,heap        ] GC(238) Humongous regions: 188->188
[2024-07-18T17:08:12.560+0800][info][gc,metaspace   ] GC(238) Metaspace: 194K(384K)->194K(384K) NonClass: 187K(256K)->187K(256K) Class: 7K(128K)->7K(128K)
[2024-07-18T17:08:12.560+0800][info][gc             ] GC(238) Pause Full (G1 Compaction Pause) 485M->412M(512M) 13.818ms
[2024-07-18T17:08:12.560+0800][info][gc,cpu         ] GC(238) User=0.02s Sys=0.00s Real=0.01s
[2024-07-18T17:08:12.560+0800][info][gc,marking     ] GC(225) Concurrent Rebuild Remembered Sets 15.859ms
[2024-07-18T17:08:12.560+0800][info][gc,marking     ] GC(225) Concurrent Mark Abort
[2024-07-18T17:08:12.560+0800][info][gc             ] GC(225) Concurrent Mark Cycle 19.826ms
[2024-07-18T17:08:12.560+0800][info][gc,start       ] GC(239) Pause Young (Concurrent Start) (G1 Humongous Allocation)
[2024-07-18T17:08:12.560+0800][info][gc,task        ] GC(239) Using 12 workers of 13 for evacuation
[2024-07-18T17:08:12.560+0800][info][gc,phases      ] GC(239)   Pre Evacuate Collection Set: 0.1ms
[2024-07-18T17:08:12.560+0800][info][gc,phases      ] GC(239)   Merge Heap Roots: 0.0ms
[2024-07-18T17:08:12.560+0800][info][gc,phases      ] GC(239)   Evacuate Collection Set: 0.1ms
[2024-07-18T17:08:12.560+0800][info][gc,phases      ] GC(239)   Post Evacuate Collection Set: 0.1ms
[2024-07-18T17:08:12.560+0800][info][gc,phases      ] GC(239)   Other: 0.1ms
[2024-07-18T17:08:12.560+0800][info][gc,heap        ] GC(239) Eden regions: 2->0(24)
[2024-07-18T17:08:12.560+0800][info][gc,heap        ] GC(239) Survivor regions: 0->1(4)
[2024-07-18T17:08:12.560+0800][info][gc,heap        ] GC(239) Old regions: 255->255
[2024-07-18T17:08:12.560+0800][info][gc,heap        ] GC(239) Archive regions: 0->0
[2024-07-18T17:08:12.560+0800][info][gc,heap        ] GC(239) Humongous regions: 188->188
[2024-07-18T17:08:12.560+0800][info][gc,metaspace   ] GC(239) Metaspace: 194K(384K)->194K(384K) NonClass: 187K(256K)->187K(256K) Class: 7K(128K)->7K(128K)
[2024-07-18T17:08:12.560+0800][info][gc             ] GC(239) Pause Young (Concurrent Start) (G1 Humongous Allocation) 413M->412M(512M) 0.507ms
[2024-07-18T17:08:12.560+0800][info][gc,cpu         ] GC(239) User=0.00s Sys=0.00s Real=0.00s
[2024-07-18T17:08:12.560+0800][info][gc             ] GC(240) Concurrent Mark Cycle
[2024-07-18T17:08:12.560+0800][info][gc,marking     ] GC(240) Concurrent Clear Claimed Marks
[2024-07-18T17:08:12.560+0800][info][gc,marking     ] GC(240) Concurrent Clear Claimed Marks 0.007ms
[2024-07-18T17:08:12.560+0800][info][gc,marking     ] GC(240) Concurrent Scan Root Regions
[2024-07-18T17:08:12.560+0800][info][gc,marking     ] GC(240) Concurrent Scan Root Regions 0.025ms
[2024-07-18T17:08:12.560+0800][info][gc,marking     ] GC(240) Concurrent Mark
[2024-07-18T17:08:12.560+0800][info][gc,marking     ] GC(240) Concurrent Mark From Roots
[2024-07-18T17:08:12.560+0800][info][gc,task        ] GC(240) Using 3 workers of 3 for marking
[2024-07-18T17:08:12.569+0800][info][gc,marking     ] GC(240) Concurrent Mark From Roots 1.064ms
[2024-07-18T17:08:12.569+0800][info][gc,marking     ] GC(240) Concurrent Preclean
[2024-07-18T17:08:12.569+0800][info][gc,marking     ] GC(240) Concurrent Preclean 0.057ms
[2024-07-18T17:08:12.569+0800][info][gc,start       ] GC(240) Pause Remark
[2024-07-18T17:08:12.569+0800][info][gc             ] GC(240) Pause Remark 436M->435M(512M) 0.242ms
[2024-07-18T17:08:12.569+0800][info][gc,cpu         ] GC(240) User=0.00s Sys=0.00s Real=0.00s
[2024-07-18T17:08:12.569+0800][info][gc,marking     ] GC(240) Concurrent Mark 1.468ms
[2024-07-18T17:08:12.569+0800][info][gc,marking     ] GC(240) Concurrent Rebuild Remembered Sets
[2024-07-18T17:08:12.569+0800][info][gc,marking     ] GC(240) Concurrent Rebuild Remembered Sets 0.504ms
[2024-07-18T17:08:12.569+0800][info][gc,start       ] GC(240) Pause Cleanup
[2024-07-18T17:08:12.569+0800][info][gc             ] GC(240) Pause Cleanup 444M->444M(512M) 0.095ms
[2024-07-18T17:08:12.569+0800][info][gc,cpu         ] GC(240) User=0.00s Sys=0.00s Real=0.00s
[2024-07-18T17:08:12.569+0800][info][gc,marking     ] GC(240) Concurrent Cleanup for Next Mark
[2024-07-18T17:08:12.569+0800][info][gc,marking     ] GC(240) Concurrent Cleanup for Next Mark 0.477ms
[2024-07-18T17:08:12.569+0800][info][gc             ] GC(240) Concurrent Mark Cycle 2.730ms
[2024-07-18T17:08:12.569+0800][info][gc,start       ] GC(241) Pause Young (Prepare Mixed) (G1 Evacuation Pause)
[2024-07-18T17:08:12.569+0800][info][gc,task        ] GC(241) Using 12 workers of 13 for evacuation
[2024-07-18T17:08:12.572+0800][info][gc,phases      ] GC(241)   Pre Evacuate Collection Set: 0.0ms
[2024-07-18T17:08:12.572+0800][info][gc,phases      ] GC(241)   Merge Heap Roots: 0.1ms
[2024-07-18T17:08:12.572+0800][info][gc,phases      ] GC(241)   Evacuate Collection Set: 0.7ms
[2024-07-18T17:08:12.572+0800][info][gc,phases      ] GC(241)   Post Evacuate Collection Set: 0.1ms
[2024-07-18T17:08:12.572+0800][info][gc,phases      ] GC(241)   Other: 0.0ms
[2024-07-18T17:08:12.572+0800][info][gc,heap        ] GC(241) Eden regions: 24->0(21)
[2024-07-18T17:08:12.572+0800][info][gc,heap        ] GC(241) Survivor regions: 1->4(4)
[2024-07-18T17:08:12.572+0800][info][gc,heap        ] GC(241) Old regions: 255->260
[2024-07-18T17:08:12.572+0800][info][gc,heap        ] GC(241) Archive regions: 0->0
[2024-07-18T17:08:12.572+0800][info][gc,heap        ] GC(241) Humongous regions: 213->197
[2024-07-18T17:08:12.572+0800][info][gc,metaspace   ] GC(241) Metaspace: 194K(384K)->194K(384K) NonClass: 187K(256K)->187K(256K) Class: 7K(128K)->7K(128K)
[2024-07-18T17:08:12.572+0800][info][gc             ] GC(241) Pause Young (Prepare Mixed) (G1 Evacuation Pause) 461M->429M(512M) 1.085ms
[2024-07-18T17:08:12.572+0800][info][gc,cpu         ] GC(241) User=0.00s Sys=0.00s Real=0.00s
[2024-07-18T17:08:12.573+0800][info][gc,start       ] GC(242) Pause Young (Mixed) (G1 Evacuation Pause)
[2024-07-18T17:08:12.573+0800][info][gc,task        ] GC(242) Using 12 workers of 13 for evacuation
[2024-07-18T17:08:12.576+0800][info][gc,phases      ] GC(242)   Pre Evacuate Collection Set: 0.0ms
[2024-07-18T17:08:12.576+0800][info][gc,phases      ] GC(242)   Merge Heap Roots: 0.0ms
[2024-07-18T17:08:12.576+0800][info][gc,phases      ] GC(242)   Evacuate Collection Set: 1.5ms
[2024-07-18T17:08:12.576+0800][info][gc,phases      ] GC(242)   Post Evacuate Collection Set: 0.1ms
[2024-07-18T17:08:12.576+0800][info][gc,phases      ] GC(242)   Other: 0.1ms
[2024-07-18T17:08:12.576+0800][info][gc,heap        ] GC(242) Eden regions: 21->0(21)
[2024-07-18T17:08:12.576+0800][info][gc,heap        ] GC(242) Survivor regions: 4->4(4)
[2024-07-18T17:08:12.576+0800][info][gc,heap        ] GC(242) Old regions: 260->264
[2024-07-18T17:08:12.576+0800][info][gc,heap        ] GC(242) Archive regions: 0->0
[2024-07-18T17:08:12.576+0800][info][gc,heap        ] GC(242) Humongous regions: 204->193
[2024-07-18T17:08:12.576+0800][info][gc,metaspace   ] GC(242) Metaspace: 194K(384K)->194K(384K) NonClass: 187K(256K)->187K(256K) Class: 7K(128K)->7K(128K)
[2024-07-18T17:08:12.576+0800][info][gc             ] GC(242) Pause Young (Mixed) (G1 Evacuation Pause) 457M->435M(512M) 1.833ms
[2024-07-18T17:08:12.576+0800][info][gc,cpu         ] GC(242) User=0.00s Sys=0.00s Real=0.00s
[2024-07-18T17:08:12.576+0800][info][gc,start       ] GC(243) Pause Young (Concurrent Start) (G1 Humongous Allocation)
[2024-07-18T17:08:12.576+0800][info][gc,task        ] GC(243) Using 12 workers of 13 for evacuation
[2024-07-18T17:08:12.577+0800][info][gc,phases      ] GC(243)   Pre Evacuate Collection Set: 0.0ms
[2024-07-18T17:08:12.577+0800][info][gc,phases      ] GC(243)   Merge Heap Roots: 0.0ms
[2024-07-18T17:08:12.577+0800][info][gc,phases      ] GC(243)   Evacuate Collection Set: 0.3ms
[2024-07-18T17:08:12.577+0800][info][gc,phases      ] GC(243)   Post Evacuate Collection Set: 0.1ms
[2024-07-18T17:08:12.577+0800][info][gc,phases      ] GC(243)   Other: 0.1ms
[2024-07-18T17:08:12.577+0800][info][gc,heap        ] GC(243) Eden regions: 1->0(24)
[2024-07-18T17:08:12.577+0800][info][gc,heap        ] GC(243) Survivor regions: 4->1(4)
[2024-07-18T17:08:12.577+0800][info][gc,heap        ] GC(243) Old regions: 264->268
[2024-07-18T17:08:12.577+0800][info][gc,heap        ] GC(243) Archive regions: 0->0
[2024-07-18T17:08:12.577+0800][info][gc,heap        ] GC(243) Humongous regions: 193->192
[2024-07-18T17:08:12.577+0800][info][gc,metaspace   ] GC(243) Metaspace: 194K(384K)->194K(384K) NonClass: 187K(256K)->187K(256K) Class: 7K(128K)->7K(128K)
[2024-07-18T17:08:12.577+0800][info][gc             ] GC(243) Pause Young (Concurrent Start) (G1 Humongous Allocation) 436M->434M(512M) 0.551ms
[2024-07-18T17:08:12.577+0800][info][gc,cpu         ] GC(243) User=0.00s Sys=0.00s Real=0.00s
[2024-07-18T17:08:12.577+0800][info][gc             ] GC(244) Concurrent Mark Cycle
[2024-07-18T17:08:12.577+0800][info][gc,marking     ] GC(244) Concurrent Clear Claimed Marks
[2024-07-18T17:08:12.577+0800][info][gc,marking     ] GC(244) Concurrent Clear Claimed Marks 0.012ms
[2024-07-18T17:08:12.577+0800][info][gc,marking     ] GC(244) Concurrent Scan Root Regions
[2024-07-18T17:08:12.577+0800][info][gc,marking     ] GC(244) Concurrent Scan Root Regions 0.024ms
[2024-07-18T17:08:12.577+0800][info][gc,marking     ] GC(244) Concurrent Mark
[2024-07-18T17:08:12.577+0800][info][gc,marking     ] GC(244) Concurrent Mark From Roots
[2024-07-18T17:08:12.577+0800][info][gc,task        ] GC(244) Using 3 workers of 3 for marking
[2024-07-18T17:08:12.578+0800][info][gc,marking     ] GC(244) Concurrent Mark From Roots 0.696ms
[2024-07-18T17:08:12.578+0800][info][gc,marking     ] GC(244) Concurrent Preclean
[2024-07-18T17:08:12.578+0800][info][gc,marking     ] GC(244) Concurrent Preclean 0.056ms
[2024-07-18T17:08:12.578+0800][info][gc,start       ] GC(244) Pause Remark
[2024-07-18T17:08:12.578+0800][info][gc             ] GC(244) Pause Remark 444M->444M(512M) 0.211ms
[2024-07-18T17:08:12.578+0800][info][gc,cpu         ] GC(244) User=0.00s Sys=0.00s Real=0.00s
[2024-07-18T17:08:12.578+0800][info][gc,marking     ] GC(244) Concurrent Mark 1.075ms
[2024-07-18T17:08:12.578+0800][info][gc,marking     ] GC(244) Concurrent Rebuild Remembered Sets
[2024-07-18T17:08:12.578+0800][info][gc,marking     ] GC(244) Concurrent Rebuild Remembered Sets 0.552ms
[2024-07-18T17:08:12.578+0800][info][gc,start       ] GC(244) Pause Cleanup
[2024-07-18T17:08:12.578+0800][info][gc             ] GC(244) Pause Cleanup 454M->454M(512M) 0.092ms
[2024-07-18T17:08:12.578+0800][info][gc,cpu         ] GC(244) User=0.00s Sys=0.00s Real=0.00s
[2024-07-18T17:08:12.578+0800][info][gc,marking     ] GC(244) Concurrent Cleanup for Next Mark
[2024-07-18T17:08:12.578+0800][info][gc,marking     ] GC(244) Concurrent Cleanup for Next Mark 0.476ms
[2024-07-18T17:08:12.578+0800][info][gc             ] GC(244) Concurrent Mark Cycle 2.386ms
[2024-07-18T17:08:12.578+0800][info][gc,start       ] GC(245) Pause Young (Prepare Mixed) (G1 Preventive Collection)
[2024-07-18T17:08:12.578+0800][info][gc,task        ] GC(245) Using 12 workers of 13 for evacuation
[2024-07-18T17:08:12.578+0800][info][gc,phases      ] GC(245)   Pre Evacuate Collection Set: 0.0ms
[2024-07-18T17:08:12.578+0800][info][gc,phases      ] GC(245)   Merge Heap Roots: 0.1ms
[2024-07-18T17:08:12.578+0800][info][gc,phases      ] GC(245)   Evacuate Collection Set: 1.0ms
[2024-07-18T17:08:12.578+0800][info][gc,phases      ] GC(245)   Post Evacuate Collection Set: 0.1ms
[2024-07-18T17:08:12.578+0800][info][gc,phases      ] GC(245)   Other: 0.1ms
[2024-07-18T17:08:12.578+0800][info][gc,heap        ] GC(245) Eden regions: 24->0(21)
[2024-07-18T17:08:12.578+0800][info][gc,heap        ] GC(245) Survivor regions: 1->4(4)
[2024-07-18T17:08:12.578+0800][info][gc,heap        ] GC(245) Old regions: 268->274
[2024-07-18T17:08:12.578+0800][info][gc,heap        ] GC(245) Archive regions: 0->0
[2024-07-18T17:08:12.578+0800][info][gc,heap        ] GC(245) Humongous regions: 207->195
[2024-07-18T17:08:12.578+0800][info][gc,metaspace   ] GC(245) Metaspace: 194K(384K)->194K(384K) NonClass: 187K(256K)->187K(256K) Class: 7K(128K)->7K(128K)
[2024-07-18T17:08:12.578+0800][info][gc             ] GC(245) Pause Young (Prepare Mixed) (G1 Preventive Collection) 473M->447M(512M) 1.337ms
[2024-07-18T17:08:12.578+0800][info][gc,cpu         ] GC(245) User=0.00s Sys=0.00s Real=0.00s
[2024-07-18T17:08:12.578+0800][info][gc,start       ] GC(246) Pause Young (Mixed) (G1 Preventive Collection)
[2024-07-18T17:08:12.578+0800][info][gc,task        ] GC(246) Using 12 workers of 13 for evacuation
[2024-07-18T17:08:12.585+0800][info][gc             ] GC(246) To-space exhausted
[2024-07-18T17:08:12.585+0800][info][gc,phases      ] GC(246)   Pre Evacuate Collection Set: 0.0ms
[2024-07-18T17:08:12.585+0800][info][gc,phases      ] GC(246)   Merge Heap Roots: 0.0ms
[2024-07-18T17:08:12.585+0800][info][gc,phases      ] GC(246)   Evacuate Collection Set: 0.9ms
[2024-07-18T17:08:12.585+0800][info][gc,phases      ] GC(246)   Post Evacuate Collection Set: 0.2ms
[2024-07-18T17:08:12.585+0800][info][gc,phases      ] GC(246)   Other: 0.1ms
[2024-07-18T17:08:12.585+0800][info][gc,heap        ] GC(246) Eden regions: 15->0(21)
[2024-07-18T17:08:12.585+0800][info][gc,heap        ] GC(246) Survivor regions: 4->4(4)
[2024-07-18T17:08:12.585+0800][info][gc,heap        ] GC(246) Old regions: 274->293
[2024-07-18T17:08:12.585+0800][info][gc,heap        ] GC(246) Archive regions: 0->0
[2024-07-18T17:08:12.585+0800][info][gc,heap        ] GC(246) Humongous regions: 206->193
[2024-07-18T17:08:12.585+0800][info][gc,metaspace   ] GC(246) Metaspace: 194K(384K)->194K(384K) NonClass: 187K(256K)->187K(256K) Class: 7K(128K)->7K(128K)
[2024-07-18T17:08:12.585+0800][info][gc             ] GC(246) Pause Young (Mixed) (G1 Preventive Collection) 473M->465M(512M) 1.361ms
[2024-07-18T17:08:12.585+0800][info][gc,cpu         ] GC(246) User=0.00s Sys=0.00s Real=0.01s
[2024-07-18T17:08:12.585+0800][info][gc,start       ] GC(247) Pause Young (Concurrent Start) (G1 Humongous Allocation)
[2024-07-18T17:08:12.585+0800][info][gc,task        ] GC(247) Using 12 workers of 13 for evacuation
[2024-07-18T17:08:12.585+0800][info][gc,phases      ] GC(247)   Pre Evacuate Collection Set: 0.0ms
[2024-07-18T17:08:12.585+0800][info][gc,phases      ] GC(247)   Merge Heap Roots: 0.0ms
[2024-07-18T17:08:12.585+0800][info][gc,phases      ] GC(247)   Evacuate Collection Set: 0.2ms
[2024-07-18T17:08:12.585+0800][info][gc,phases      ] GC(247)   Post Evacuate Collection Set: 0.1ms
[2024-07-18T17:08:12.585+0800][info][gc,phases      ] GC(247)   Other: 0.1ms
[2024-07-18T17:08:12.585+0800][info][gc,heap        ] GC(247) Eden regions: 0->0(25)
[2024-07-18T17:08:12.585+0800][info][gc,heap        ] GC(247) Survivor regions: 4->0(4)
[2024-07-18T17:08:12.585+0800][info][gc,heap        ] GC(247) Old regions: 293->298
[2024-07-18T17:08:12.585+0800][info][gc,heap        ] GC(247) Archive regions: 0->0
[2024-07-18T17:08:12.585+0800][info][gc,heap        ] GC(247) Humongous regions: 194->194
[2024-07-18T17:08:12.585+0800][info][gc,metaspace   ] GC(247) Metaspace: 194K(384K)->194K(384K) NonClass: 187K(256K)->187K(256K) Class: 7K(128K)->7K(128K)
[2024-07-18T17:08:12.585+0800][info][gc             ] GC(247) Pause Young (Concurrent Start) (G1 Humongous Allocation) 466M->466M(512M) 0.549ms
[2024-07-18T17:08:12.585+0800][info][gc,cpu         ] GC(247) User=0.00s Sys=0.00s Real=0.00s
[2024-07-18T17:08:12.585+0800][info][gc             ] GC(248) Concurrent Mark Cycle
[2024-07-18T17:08:12.585+0800][info][gc,marking     ] GC(248) Concurrent Clear Claimed Marks
[2024-07-18T17:08:12.585+0800][info][gc,marking     ] GC(248) Concurrent Clear Claimed Marks 0.007ms
[2024-07-18T17:08:12.585+0800][info][gc,marking     ] GC(248) Concurrent Scan Root Regions
[2024-07-18T17:08:12.585+0800][info][gc,marking     ] GC(248) Concurrent Scan Root Regions 0.022ms
[2024-07-18T17:08:12.585+0800][info][gc,marking     ] GC(248) Concurrent Mark
[2024-07-18T17:08:12.585+0800][info][gc,marking     ] GC(248) Concurrent Mark From Roots
[2024-07-18T17:08:12.585+0800][info][gc,task        ] GC(248) Using 3 workers of 3 for marking
[2024-07-18T17:08:12.585+0800][info][gc,marking     ] GC(248) Concurrent Mark From Roots 0.814ms
[2024-07-18T17:08:12.585+0800][info][gc,marking     ] GC(248) Concurrent Preclean
[2024-07-18T17:08:12.585+0800][info][gc,start       ] GC(249) Pause Young (Normal) (G1 Preventive Collection)
[2024-07-18T17:08:12.585+0800][info][gc,task        ] GC(249) Using 12 workers of 13 for evacuation
[2024-07-18T17:08:12.585+0800][info][gc,phases      ] GC(249)   Pre Evacuate Collection Set: 0.0ms
[2024-07-18T17:08:12.585+0800][info][gc,phases      ] GC(249)   Merge Heap Roots: 0.0ms
[2024-07-18T17:08:12.585+0800][info][gc,phases      ] GC(249)   Evacuate Collection Set: 0.2ms
[2024-07-18T17:08:12.585+0800][info][gc,phases      ] GC(249)   Post Evacuate Collection Set: 0.1ms
[2024-07-18T17:08:12.585+0800][info][gc,phases      ] GC(249)   Other: 0.0ms
[2024-07-18T17:08:12.585+0800][info][gc,heap        ] GC(249) Eden regions: 8->0(22)
[2024-07-18T17:08:12.585+0800][info][gc,heap        ] GC(249) Survivor regions: 0->3(4)
[2024-07-18T17:08:12.585+0800][info][gc,heap        ] GC(249) Old regions: 298->298
[2024-07-18T17:08:12.585+0800][info][gc,heap        ] GC(249) Archive regions: 0->0
[2024-07-18T17:08:12.585+0800][info][gc,heap        ] GC(249) Humongous regions: 202->195
[2024-07-18T17:08:12.585+0800][info][gc,metaspace   ] GC(249) Metaspace: 194K(384K)->194K(384K) NonClass: 187K(256K)->187K(256K) Class: 7K(128K)->7K(128K)
[2024-07-18T17:08:12.585+0800][info][gc             ] GC(249) Pause Young (Normal) (G1 Preventive Collection) 482M->470M(512M) 0.534ms
[2024-07-18T17:08:12.585+0800][info][gc,cpu         ] GC(249) User=0.00s Sys=0.00s Real=0.00s
[2024-07-18T17:08:12.585+0800][info][gc,marking     ] GC(248) Concurrent Preclean 0.615ms
[2024-07-18T17:08:12.585+0800][info][gc,start       ] GC(248) Pause Remark
[2024-07-18T17:08:12.585+0800][info][gc             ] GC(248) Pause Remark 471M->471M(512M) 0.189ms
[2024-07-18T17:08:12.585+0800][info][gc,cpu         ] GC(248) User=0.00s Sys=0.00s Real=0.00s
[2024-07-18T17:08:12.585+0800][info][gc,marking     ] GC(248) Concurrent Mark 1.718ms
[2024-07-18T17:08:12.585+0800][info][gc,marking     ] GC(248) Concurrent Rebuild Remembered Sets
[2024-07-18T17:08:12.588+0800][info][gc,start       ] GC(250) Pause Young (Normal) (G1 Preventive Collection)
[2024-07-18T17:08:12.588+0800][info][gc,task        ] GC(250) Using 12 workers of 13 for evacuation
[2024-07-18T17:08:12.588+0800][info][gc,phases      ] GC(250)   Pre Evacuate Collection Set: 0.0ms
[2024-07-18T17:08:12.588+0800][info][gc,phases      ] GC(250)   Merge Heap Roots: 0.1ms
[2024-07-18T17:08:12.588+0800][info][gc,phases      ] GC(250)   Evacuate Collection Set: 0.2ms
[2024-07-18T17:08:12.588+0800][info][gc,phases      ] GC(250)   Post Evacuate Collection Set: 0.1ms
[2024-07-18T17:08:12.588+0800][info][gc,phases      ] GC(250)   Other: 0.0ms
[2024-07-18T17:08:12.588+0800][info][gc,heap        ] GC(250) Eden regions: 6->0(23)
[2024-07-18T17:08:12.588+0800][info][gc,heap        ] GC(250) Survivor regions: 3->2(4)
[2024-07-18T17:08:12.588+0800][info][gc,heap        ] GC(250) Old regions: 298->301
[2024-07-18T17:08:12.588+0800][info][gc,heap        ] GC(250) Archive regions: 0->0
[2024-07-18T17:08:12.588+0800][info][gc,heap        ] GC(250) Humongous regions: 198->196
[2024-07-18T17:08:12.588+0800][info][gc,metaspace   ] GC(250) Metaspace: 194K(384K)->194K(384K) NonClass: 187K(256K)->187K(256K) Class: 7K(128K)->7K(128K)
[2024-07-18T17:08:12.588+0800][info][gc             ] GC(250) Pause Young (Normal) (G1 Preventive Collection) 479M->473M(512M) 0.489ms
[2024-07-18T17:08:12.588+0800][info][gc,cpu         ] GC(250) User=0.00s Sys=0.00s Real=0.00s
[2024-07-18T17:08:12.588+0800][info][gc,marking     ] GC(248) Concurrent Rebuild Remembered Sets 1.031ms
[2024-07-18T17:08:12.588+0800][info][gc,start       ] GC(248) Pause Cleanup
[2024-07-18T17:08:12.588+0800][info][gc             ] GC(248) Pause Cleanup 476M->476M(512M) 0.089ms
[2024-07-18T17:08:12.588+0800][info][gc,cpu         ] GC(248) User=0.00s Sys=0.00s Real=0.00s
[2024-07-18T17:08:12.588+0800][info][gc,marking     ] GC(248) Concurrent Cleanup for Next Mark
[2024-07-18T17:08:12.589+0800][info][gc,marking     ] GC(248) Concurrent Cleanup for Next Mark 0.398ms
[2024-07-18T17:08:12.589+0800][info][gc             ] GC(248) Concurrent Mark Cycle 3.416ms
[2024-07-18T17:08:12.589+0800][info][gc,start       ] GC(251) Pause Young (Prepare Mixed) (G1 Preventive Collection)
[2024-07-18T17:08:12.589+0800][info][gc,task        ] GC(251) Using 12 workers of 13 for evacuation
[2024-07-18T17:08:12.589+0800][info][gc,phases      ] GC(251)   Pre Evacuate Collection Set: 0.0ms
[2024-07-18T17:08:12.589+0800][info][gc,phases      ] GC(251)   Merge Heap Roots: 0.0ms
[2024-07-18T17:08:12.589+0800][info][gc,phases      ] GC(251)   Evacuate Collection Set: 0.3ms
[2024-07-18T17:08:12.589+0800][info][gc,phases      ] GC(251)   Post Evacuate Collection Set: 0.1ms
[2024-07-18T17:08:12.589+0800][info][gc,phases      ] GC(251)   Other: 0.0ms
[2024-07-18T17:08:12.589+0800][info][gc,heap        ] GC(251) Eden regions: 6->0(21)
[2024-07-18T17:08:12.589+0800][info][gc,heap        ] GC(251) Survivor regions: 2->4(4)
[2024-07-18T17:08:12.589+0800][info][gc,heap        ] GC(251) Old regions: 301->301
[2024-07-18T17:08:12.589+0800][info][gc,heap        ] GC(251) Archive regions: 0->0
[2024-07-18T17:08:12.589+0800][info][gc,heap        ] GC(251) Humongous regions: 198->195
[2024-07-18T17:08:12.589+0800][info][gc,metaspace   ] GC(251) Metaspace: 194K(384K)->194K(384K) NonClass: 187K(256K)->187K(256K) Class: 7K(128K)->7K(128K)
[2024-07-18T17:08:12.589+0800][info][gc             ] GC(251) Pause Young (Prepare Mixed) (G1 Preventive Collection) 481M->474M(512M) 0.541ms
[2024-07-18T17:08:12.589+0800][info][gc,cpu         ] GC(251) User=0.00s Sys=0.00s Real=0.00s
[2024-07-18T17:08:12.589+0800][info][gc,start       ] GC(252) Pause Young (Mixed) (G1 Preventive Collection)
[2024-07-18T17:08:12.589+0800][info][gc,task        ] GC(252) Using 12 workers of 13 for evacuation
[2024-07-18T17:08:12.589+0800][info][gc             ] GC(252) To-space exhausted
[2024-07-18T17:08:12.589+0800][info][gc,phases      ] GC(252)   Pre Evacuate Collection Set: 0.0ms
[2024-07-18T17:08:12.589+0800][info][gc,phases      ] GC(252)   Merge Heap Roots: 0.0ms
[2024-07-18T17:08:12.591+0800][info][gc,phases      ] GC(252)   Evacuate Collection Set: 0.4ms
[2024-07-18T17:08:12.591+0800][info][gc,phases      ] GC(252)   Post Evacuate Collection Set: 0.1ms
[2024-07-18T17:08:12.591+0800][info][gc,phases      ] GC(252)   Other: 0.1ms
[2024-07-18T17:08:12.591+0800][info][gc,heap        ] GC(252) Eden regions: 2->0(24)
[2024-07-18T17:08:12.591+0800][info][gc,heap        ] GC(252) Survivor regions: 4->1(4)
[2024-07-18T17:08:12.591+0800][info][gc,heap        ] GC(252) Old regions: 301->301
[2024-07-18T17:08:12.591+0800][info][gc,heap        ] GC(252) Archive regions: 0->0
[2024-07-18T17:08:12.591+0800][info][gc,heap        ] GC(252) Humongous regions: 199->196
[2024-07-18T17:08:12.591+0800][info][gc,metaspace   ] GC(252) Metaspace: 194K(384K)->194K(384K) NonClass: 187K(256K)->187K(256K) Class: 7K(128K)->7K(128K)
[2024-07-18T17:08:12.591+0800][info][gc             ] GC(252) Pause Young (Mixed) (G1 Preventive Collection) 479M->473M(512M) 0.688ms
[2024-07-18T17:08:12.591+0800][info][gc,cpu         ] GC(252) User=0.00s Sys=0.00s Real=0.00s
[2024-07-18T17:08:12.591+0800][info][gc,start       ] GC(253) Pause Young (Mixed) (G1 Preventive Collection)
[2024-07-18T17:08:12.591+0800][info][gc,task        ] GC(253) Using 12 workers of 13 for evacuation
[2024-07-18T17:08:12.591+0800][info][gc             ] GC(253) To-space exhausted
[2024-07-18T17:08:12.591+0800][info][gc,phases      ] GC(253)   Pre Evacuate Collection Set: 0.0ms
[2024-07-18T17:08:12.591+0800][info][gc,phases      ] GC(253)   Merge Heap Roots: 0.0ms
[2024-07-18T17:08:12.591+0800][info][gc,phases      ] GC(253)   Evacuate Collection Set: 0.7ms
[2024-07-18T17:08:12.591+0800][info][gc,phases      ] GC(253)   Post Evacuate Collection Set: 0.1ms
[2024-07-18T17:08:12.591+0800][info][gc,phases      ] GC(253)   Other: 0.1ms
[2024-07-18T17:08:12.591+0800][info][gc,heap        ] GC(253) Eden regions: 3->0(24)
[2024-07-18T17:08:12.591+0800][info][gc,heap        ] GC(253) Survivor regions: 1->1(4)
[2024-07-18T17:08:12.591+0800][info][gc,heap        ] GC(253) Old regions: 301->308
[2024-07-18T17:08:12.591+0800][info][gc,heap        ] GC(253) Archive regions: 0->0
[2024-07-18T17:08:12.591+0800][info][gc,heap        ] GC(253) Humongous regions: 197->196
[2024-07-18T17:08:12.591+0800][info][gc,metaspace   ] GC(253) Metaspace: 194K(384K)->194K(384K) NonClass: 187K(256K)->187K(256K) Class: 7K(128K)->7K(128K)
[2024-07-18T17:08:12.591+0800][info][gc             ] GC(253) Pause Young (Mixed) (G1 Preventive Collection) 477M->481M(512M) 0.978ms
[2024-07-18T17:08:12.591+0800][info][gc,cpu         ] GC(253) User=0.00s Sys=0.00s Real=0.00s
[2024-07-18T17:08:12.593+0800][info][gc,start       ] GC(254) Pause Young (Concurrent Start) (G1 Preventive Collection)
[2024-07-18T17:08:12.593+0800][info][gc,task        ] GC(254) Using 12 workers of 13 for evacuation
[2024-07-18T17:08:12.593+0800][info][gc,phases      ] GC(254)   Pre Evacuate Collection Set: 0.0ms
[2024-07-18T17:08:12.593+0800][info][gc,phases      ] GC(254)   Merge Heap Roots: 0.0ms
[2024-07-18T17:08:12.593+0800][info][gc,phases      ] GC(254)   Evacuate Collection Set: 0.2ms
[2024-07-18T17:08:12.593+0800][info][gc,phases      ] GC(254)   Post Evacuate Collection Set: 0.1ms
[2024-07-18T17:08:12.593+0800][info][gc,phases      ] GC(254)   Other: 0.1ms
[2024-07-18T17:08:12.593+0800][info][gc,heap        ] GC(254) Eden regions: 3->0(22)
[2024-07-18T17:08:12.593+0800][info][gc,heap        ] GC(254) Survivor regions: 1->3(3)
[2024-07-18T17:08:12.593+0800][info][gc,heap        ] GC(254) Old regions: 308->308
[2024-07-18T17:08:12.593+0800][info][gc,heap        ] GC(254) Archive regions: 0->0
[2024-07-18T17:08:12.593+0800][info][gc,heap        ] GC(254) Humongous regions: 197->195
[2024-07-18T17:08:12.593+0800][info][gc,metaspace   ] GC(254) Metaspace: 194K(384K)->194K(384K) NonClass: 187K(256K)->187K(256K) Class: 7K(128K)->7K(128K)
[2024-07-18T17:08:12.593+0800][info][gc             ] GC(254) Pause Young (Concurrent Start) (G1 Preventive Collection) 485M->481M(512M) 0.440ms
[2024-07-18T17:08:12.593+0800][info][gc,cpu         ] GC(254) User=0.00s Sys=0.00s Real=0.00s
[2024-07-18T17:08:12.593+0800][info][gc             ] GC(255) Concurrent Mark Cycle
[2024-07-18T17:08:12.593+0800][info][gc,marking     ] GC(255) Concurrent Clear Claimed Marks
[2024-07-18T17:08:12.593+0800][info][gc,marking     ] GC(255) Concurrent Clear Claimed Marks 0.007ms
[2024-07-18T17:08:12.593+0800][info][gc,marking     ] GC(255) Concurrent Scan Root Regions
[2024-07-18T17:08:12.593+0800][info][gc,marking     ] GC(255) Concurrent Scan Root Regions 0.022ms
[2024-07-18T17:08:12.593+0800][info][gc,marking     ] GC(255) Concurrent Mark
[2024-07-18T17:08:12.593+0800][info][gc,marking     ] GC(255) Concurrent Mark From Roots
[2024-07-18T17:08:12.593+0800][info][gc,task        ] GC(255) Using 3 workers of 3 for marking
[2024-07-18T17:08:12.593+0800][info][gc,start       ] GC(256) Pause Young (Normal) (G1 Preventive Collection)
[2024-07-18T17:08:12.593+0800][info][gc,task        ] GC(256) Using 12 workers of 13 for evacuation
[2024-07-18T17:08:12.593+0800][info][gc,phases      ] GC(256)   Pre Evacuate Collection Set: 0.0ms
[2024-07-18T17:08:12.593+0800][info][gc,phases      ] GC(256)   Merge Heap Roots: 0.0ms
[2024-07-18T17:08:12.593+0800][info][gc,phases      ] GC(256)   Evacuate Collection Set: 0.1ms
[2024-07-18T17:08:12.593+0800][info][gc,phases      ] GC(256)   Post Evacuate Collection Set: 0.1ms
[2024-07-18T17:08:12.593+0800][info][gc,phases      ] GC(256)   Other: 0.0ms
[2024-07-18T17:08:12.593+0800][info][gc,heap        ] GC(256) Eden regions: 2->0(22)
[2024-07-18T17:08:12.593+0800][info][gc,heap        ] GC(256) Survivor regions: 3->3(4)
[2024-07-18T17:08:12.593+0800][info][gc,heap        ] GC(256) Old regions: 308->309
[2024-07-18T17:08:12.593+0800][info][gc,heap        ] GC(256) Archive regions: 0->0
[2024-07-18T17:08:12.593+0800][info][gc,heap        ] GC(256) Humongous regions: 195->195
[2024-07-18T17:08:12.593+0800][info][gc,metaspace   ] GC(256) Metaspace: 194K(384K)->194K(384K) NonClass: 187K(256K)->187K(256K) Class: 7K(128K)->7K(128K)
[2024-07-18T17:08:12.593+0800][info][gc             ] GC(256) Pause Young (Normal) (G1 Preventive Collection) 482M->481M(512M) 0.328ms
[2024-07-18T17:08:12.593+0800][info][gc,cpu         ] GC(256) User=0.00s Sys=0.00s Real=0.00s
[2024-07-18T17:08:12.593+0800][info][gc,start       ] GC(257) Pause Young (Normal) (G1 Preventive Collection)
[2024-07-18T17:08:12.594+0800][info][gc,task        ] GC(257) Using 12 workers of 13 for evacuation
[2024-07-18T17:08:12.594+0800][info][gc,phases      ] GC(257)   Pre Evacuate Collection Set: 0.0ms
[2024-07-18T17:08:12.594+0800][info][gc,phases      ] GC(257)   Merge Heap Roots: 0.0ms
[2024-07-18T17:08:12.598+0800][info][gc,phases      ] GC(257)   Evacuate Collection Set: 0.1ms
[2024-07-18T17:08:12.598+0800][info][gc,phases      ] GC(257)   Post Evacuate Collection Set: 0.1ms
[2024-07-18T17:08:12.598+0800][info][gc,phases      ] GC(257)   Other: 0.1ms
[2024-07-18T17:08:12.598+0800][info][gc,heap        ] GC(257) Eden regions: 1->0(22)
[2024-07-18T17:08:12.598+0800][info][gc,heap        ] GC(257) Survivor regions: 3->3(3)
[2024-07-18T17:08:12.598+0800][info][gc,heap        ] GC(257) Old regions: 309->309
[2024-07-18T17:08:12.598+0800][info][gc,heap        ] GC(257) Archive regions: 0->0
[2024-07-18T17:08:12.598+0800][info][gc,heap        ] GC(257) Humongous regions: 196->196
[2024-07-18T17:08:12.598+0800][info][gc,metaspace   ] GC(257) Metaspace: 194K(384K)->194K(384K) NonClass: 187K(256K)->187K(256K) Class: 7K(128K)->7K(128K)
[2024-07-18T17:08:12.598+0800][info][gc             ] GC(257) Pause Young (Normal) (G1 Preventive Collection) 483M->483M(512M) 3.884ms
[2024-07-18T17:08:12.598+0800][info][gc,cpu         ] GC(257) User=0.00s Sys=0.00s Real=0.01s
[2024-07-18T17:08:12.598+0800][info][gc,start       ] GC(258) Pause Young (Normal) (G1 Preventive Collection)
[2024-07-18T17:08:12.598+0800][info][gc,task        ] GC(258) Using 12 workers of 13 for evacuation
[2024-07-18T17:08:12.598+0800][info][gc,phases      ] GC(258)   Pre Evacuate Collection Set: 0.0ms
[2024-07-18T17:08:12.598+0800][info][gc,phases      ] GC(258)   Merge Heap Roots: 0.0ms
[2024-07-18T17:08:12.598+0800][info][gc,phases      ] GC(258)   Evacuate Collection Set: 0.1ms
[2024-07-18T17:08:12.598+0800][info][gc,phases      ] GC(258)   Post Evacuate Collection Set: 0.1ms
[2024-07-18T17:08:12.598+0800][info][gc,phases      ] GC(258)   Other: 0.1ms
[2024-07-18T17:08:12.598+0800][info][gc,heap        ] GC(258) Eden regions: 1->0(22)
[2024-07-18T17:08:12.598+0800][info][gc,heap        ] GC(258) Survivor regions: 3->3(3)
[2024-07-18T17:08:12.598+0800][info][gc,heap        ] GC(258) Old regions: 309->309
[2024-07-18T17:08:12.598+0800][info][gc,heap        ] GC(258) Archive regions: 0->0
[2024-07-18T17:08:12.598+0800][info][gc,heap        ] GC(258) Humongous regions: 196->196
[2024-07-18T17:08:12.598+0800][info][gc,metaspace   ] GC(258) Metaspace: 194K(384K)->194K(384K) NonClass: 187K(256K)->187K(256K) Class: 7K(128K)->7K(128K)
[2024-07-18T17:08:12.598+0800][info][gc             ] GC(258) Pause Young (Normal) (G1 Preventive Collection) 483M->483M(512M) 0.481ms
[2024-07-18T17:08:12.598+0800][info][gc,cpu         ] GC(258) User=0.00s Sys=0.00s Real=0.00s
[2024-07-18T17:08:12.598+0800][info][gc,start       ] GC(259) Pause Young (Normal) (G1 Preventive Collection)
[2024-07-18T17:08:12.598+0800][info][gc,task        ] GC(259) Using 12 workers of 13 for evacuation
[2024-07-18T17:08:12.598+0800][info][gc,phases      ] GC(259)   Pre Evacuate Collection Set: 0.0ms
[2024-07-18T17:08:12.598+0800][info][gc,phases      ] GC(259)   Merge Heap Roots: 0.0ms
[2024-07-18T17:08:12.598+0800][info][gc,phases      ] GC(259)   Evacuate Collection Set: 0.2ms
[2024-07-18T17:08:12.598+0800][info][gc,phases      ] GC(259)   Post Evacuate Collection Set: 0.1ms
[2024-07-18T17:08:12.598+0800][info][gc,phases      ] GC(259)   Other: 0.0ms
[2024-07-18T17:08:12.598+0800][info][gc,heap        ] GC(259) Eden regions: 1->0(23)
[2024-07-18T17:08:12.598+0800][info][gc,heap        ] GC(259) Survivor regions: 3->2(3)
[2024-07-18T17:08:12.598+0800][info][gc,heap        ] GC(259) Old regions: 309->309
[2024-07-18T17:08:12.598+0800][info][gc,heap        ] GC(259) Archive regions: 0->0
[2024-07-18T17:08:12.598+0800][info][gc,heap        ] GC(259) Humongous regions: 196->196
[2024-07-18T17:08:12.598+0800][info][gc,metaspace   ] GC(259) Metaspace: 194K(384K)->194K(384K) NonClass: 187K(256K)->187K(256K) Class: 7K(128K)->7K(128K)
[2024-07-18T17:08:12.598+0800][info][gc             ] GC(259) Pause Young (Normal) (G1 Preventive Collection) 484M->482M(512M) 0.418ms
[2024-07-18T17:08:12.598+0800][info][gc,cpu         ] GC(259) User=0.00s Sys=0.00s Real=0.00s
[2024-07-18T17:08:12.598+0800][info][gc,start       ] GC(260) Pause Young (Normal) (G1 Preventive Collection)
[2024-07-18T17:08:12.598+0800][info][gc,task        ] GC(260) Using 12 workers of 13 for evacuation
[2024-07-18T17:08:12.598+0800][info][gc,phases      ] GC(260)   Pre Evacuate Collection Set: 0.0ms
[2024-07-18T17:08:12.598+0800][info][gc,phases      ] GC(260)   Merge Heap Roots: 0.0ms
[2024-07-18T17:08:12.598+0800][info][gc,phases      ] GC(260)   Evacuate Collection Set: 0.1ms
[2024-07-18T17:08:12.598+0800][info][gc,phases      ] GC(260)   Post Evacuate Collection Set: 0.1ms
[2024-07-18T17:08:12.598+0800][info][gc,phases      ] GC(260)   Other: 0.0ms
[2024-07-18T17:08:12.598+0800][info][gc,heap        ] GC(260) Eden regions: 2->0(22)
[2024-07-18T17:08:12.598+0800][info][gc,heap        ] GC(260) Survivor regions: 2->3(3)
[2024-07-18T17:08:12.598+0800][info][gc,heap        ] GC(260) Old regions: 309->309
[2024-07-18T17:08:12.598+0800][info][gc,heap        ] GC(260) Archive regions: 0->0
[2024-07-18T17:08:12.598+0800][info][gc,heap        ] GC(260) Humongous regions: 196->196
[2024-07-18T17:08:12.598+0800][info][gc,metaspace   ] GC(260) Metaspace: 194K(384K)->194K(384K) NonClass: 187K(256K)->187K(256K) Class: 7K(128K)->7K(128K)
[2024-07-18T17:08:12.598+0800][info][gc             ] GC(260) Pause Young (Normal) (G1 Preventive Collection) 484M->484M(512M) 0.349ms
[2024-07-18T17:08:12.598+0800][info][gc,cpu         ] GC(260) User=0.00s Sys=0.00s Real=0.00s
[2024-07-18T17:08:12.598+0800][info][gc,start       ] GC(261) Pause Young (Normal) (G1 Preventive Collection)
[2024-07-18T17:08:12.598+0800][info][gc,task        ] GC(261) Using 12 workers of 13 for evacuation
[2024-07-18T17:08:12.598+0800][info][gc             ] GC(261) To-space exhausted
[2024-07-18T17:08:12.598+0800][info][gc,phases      ] GC(261)   Pre Evacuate Collection Set: 0.0ms
[2024-07-18T17:08:12.598+0800][info][gc,phases      ] GC(261)   Merge Heap Roots: 0.0ms
[2024-07-18T17:08:12.598+0800][info][gc,phases      ] GC(261)   Evacuate Collection Set: 0.1ms
[2024-07-18T17:08:12.598+0800][info][gc,phases      ] GC(261)   Post Evacuate Collection Set: 0.1ms
[2024-07-18T17:08:12.598+0800][info][gc,phases      ] GC(261)   Other: 0.1ms
[2024-07-18T17:08:12.598+0800][info][gc,heap        ] GC(261) Eden regions: 1->0(23)
[2024-07-18T17:08:12.598+0800][info][gc,heap        ] GC(261) Survivor regions: 3->2(3)
[2024-07-18T17:08:12.598+0800][info][gc,heap        ] GC(261) Old regions: 309->311
[2024-07-18T17:08:12.601+0800][info][gc,heap        ] GC(261) Archive regions: 0->0
[2024-07-18T17:08:12.601+0800][info][gc,heap        ] GC(261) Humongous regions: 196->196
[2024-07-18T17:08:12.601+0800][info][gc,metaspace   ] GC(261) Metaspace: 194K(384K)->194K(384K) NonClass: 187K(256K)->187K(256K) Class: 7K(128K)->7K(128K)
[2024-07-18T17:08:12.601+0800][info][gc             ] GC(261) Pause Young (Normal) (G1 Preventive Collection) 484M->484M(512M) 0.302ms
[2024-07-18T17:08:12.601+0800][info][gc,cpu         ] GC(261) User=0.00s Sys=0.00s Real=0.00s
[2024-07-18T17:08:12.601+0800][info][gc,marking     ] GC(255) Concurrent Mark From Roots 6.905ms
[2024-07-18T17:08:12.601+0800][info][gc,start       ] GC(262) Pause Young (Normal) (G1 Preventive Collection)
[2024-07-18T17:08:12.601+0800][info][gc,marking     ] GC(255) Concurrent Preclean
[2024-07-18T17:08:12.601+0800][info][gc,task        ] GC(262) Using 12 workers of 13 for evacuation
[2024-07-18T17:08:12.601+0800][info][gc             ] GC(262) To-space exhausted
[2024-07-18T17:08:12.601+0800][info][gc,phases      ] GC(262)   Pre Evacuate Collection Set: 0.0ms
[2024-07-18T17:08:12.601+0800][info][gc,phases      ] GC(262)   Merge Heap Roots: 0.0ms
[2024-07-18T17:08:12.601+0800][info][gc,phases      ] GC(262)   Evacuate Collection Set: 0.1ms
[2024-07-18T17:08:12.601+0800][info][gc,phases      ] GC(262)   Post Evacuate Collection Set: 0.1ms
[2024-07-18T17:08:12.601+0800][info][gc,phases      ] GC(262)   Other: 0.1ms
[2024-07-18T17:08:12.601+0800][info][gc,heap        ] GC(262) Eden regions: 1->0(23)
[2024-07-18T17:08:12.601+0800][info][gc,heap        ] GC(262) Survivor regions: 2->2(2)
[2024-07-18T17:08:12.601+0800][info][gc,heap        ] GC(262) Old regions: 311->314
[2024-07-18T17:08:12.601+0800][info][gc,heap        ] GC(262) Archive regions: 0->0
[2024-07-18T17:08:12.601+0800][info][gc,heap        ] GC(262) Humongous regions: 196->196
[2024-07-18T17:08:12.601+0800][info][gc,metaspace   ] GC(262) Metaspace: 194K(384K)->194K(384K) NonClass: 187K(256K)->187K(256K) Class: 7K(128K)->7K(128K)
[2024-07-18T17:08:12.601+0800][info][gc             ] GC(262) Pause Young (Normal) (G1 Preventive Collection) 485M->487M(512M) 0.343ms
[2024-07-18T17:08:12.601+0800][info][gc,cpu         ] GC(262) User=0.00s Sys=0.00s Real=0.00s
[2024-07-18T17:08:12.601+0800][info][gc,ergo        ] Attempting full compaction
[2024-07-18T17:08:12.601+0800][info][gc,task        ] GC(263) Using 12 workers of 13 for full compaction
[2024-07-18T17:08:12.601+0800][info][gc,start       ] GC(263) Pause Full (G1 Compaction Pause)
[2024-07-18T17:08:12.601+0800][info][gc,phases,start] GC(263) Phase 1: Mark live objects
[2024-07-18T17:08:12.601+0800][info][gc,phases      ] GC(263) Phase 1: Mark live objects 0.344ms
[2024-07-18T17:08:12.601+0800][info][gc,phases,start] GC(263) Phase 2: Prepare for compaction
[2024-07-18T17:08:12.601+0800][info][gc,phases      ] GC(263) Phase 2: Prepare for compaction 0.145ms
[2024-07-18T17:08:12.601+0800][info][gc,phases,start] GC(263) Phase 3: Adjust pointers
[2024-07-18T17:08:12.601+0800][info][gc,phases      ] GC(263) Phase 3: Adjust pointers 0.100ms
[2024-07-18T17:08:12.601+0800][info][gc,phases,start] GC(263) Phase 4: Compact heap
[2024-07-18T17:08:12.607+0800][info][gc,phases      ] GC(263) Phase 4: Compact heap 13.243ms
[2024-07-18T17:08:12.607+0800][info][gc,heap        ] GC(263) Eden regions: 0->0(25)
[2024-07-18T17:08:12.607+0800][info][gc,heap        ] GC(263) Survivor regions: 2->0(2)
[2024-07-18T17:08:12.607+0800][info][gc,heap        ] GC(263) Old regions: 314->247
[2024-07-18T17:08:12.607+0800][info][gc,heap        ] GC(263) Archive regions: 0->0
[2024-07-18T17:08:12.607+0800][info][gc,heap        ] GC(263) Humongous regions: 196->196
[2024-07-18T17:08:12.607+0800][info][gc,metaspace   ] GC(263) Metaspace: 194K(384K)->194K(384K) NonClass: 187K(256K)->187K(256K) Class: 7K(128K)->7K(128K)
[2024-07-18T17:08:12.607+0800][info][gc             ] GC(263) Pause Full (G1 Compaction Pause) 487M->414M(512M) 14.767ms
[2024-07-18T17:08:12.607+0800][info][gc,cpu         ] GC(263) User=0.02s Sys=0.00s Real=0.01s
[2024-07-18T17:08:12.607+0800][info][gc,marking     ] GC(255) Concurrent Preclean 15.498ms
[2024-07-18T17:08:12.607+0800][info][gc,marking     ] GC(255) Concurrent Mark Abort
[2024-07-18T17:08:12.607+0800][info][gc             ] GC(255) Concurrent Mark Cycle 22.538ms
[2024-07-18T17:08:12.607+0800][info][gc,start       ] GC(264) Pause Young (Concurrent Start) (G1 Humongous Allocation)
[2024-07-18T17:08:12.607+0800][info][gc,task        ] GC(264) Using 12 workers of 13 for evacuation
[2024-07-18T17:08:12.607+0800][info][gc,phases      ] GC(264)   Pre Evacuate Collection Set: 0.1ms
[2024-07-18T17:08:12.607+0800][info][gc,phases      ] GC(264)   Merge Heap Roots: 0.0ms
[2024-07-18T17:08:12.607+0800][info][gc,phases      ] GC(264)   Evacuate Collection Set: 0.1ms
[2024-07-18T17:08:12.607+0800][info][gc,phases      ] GC(264)   Post Evacuate Collection Set: 0.1ms
[2024-07-18T17:08:12.607+0800][info][gc,phases      ] GC(264)   Other: 0.1ms
[2024-07-18T17:08:12.607+0800][info][gc,heap        ] GC(264) Eden regions: 1->0(25)
[2024-07-18T17:08:12.607+0800][info][gc,heap        ] GC(264) Survivor regions: 0->0(4)
[2024-07-18T17:08:12.607+0800][info][gc,heap        ] GC(264) Old regions: 247->247
[2024-07-18T17:08:12.607+0800][info][gc,heap        ] GC(264) Archive regions: 0->0
[2024-07-18T17:08:12.607+0800][info][gc,heap        ] GC(264) Humongous regions: 196->196
[2024-07-18T17:08:12.607+0800][info][gc,metaspace   ] GC(264) Metaspace: 194K(384K)->194K(384K) NonClass: 187K(256K)->187K(256K) Class: 7K(128K)->7K(128K)
[2024-07-18T17:08:12.607+0800][info][gc             ] GC(264) Pause Young (Concurrent Start) (G1 Humongous Allocation) 414M->414M(512M) 0.559ms
[2024-07-18T17:08:12.607+0800][info][gc,cpu         ] GC(264) User=0.00s Sys=0.00s Real=0.00s
[2024-07-18T17:08:12.607+0800][info][gc             ] GC(265) Concurrent Mark Cycle
[2024-07-18T17:08:12.607+0800][info][gc,marking     ] GC(265) Concurrent Clear Claimed Marks
[2024-07-18T17:08:12.607+0800][info][gc,marking     ] GC(265) Concurrent Clear Claimed Marks 0.011ms
[2024-07-18T17:08:12.607+0800][info][gc,marking     ] GC(265) Concurrent Scan Root Regions
[2024-07-18T17:08:12.607+0800][info][gc,marking     ] GC(265) Concurrent Scan Root Regions 0.006ms
[2024-07-18T17:08:12.607+0800][info][gc,marking     ] GC(265) Concurrent Mark
[2024-07-18T17:08:12.607+0800][info][gc,marking     ] GC(265) Concurrent Mark From Roots
[2024-07-18T17:08:12.607+0800][info][gc,task        ] GC(265) Using 3 workers of 3 for marking
[2024-07-18T17:08:12.617+0800][info][gc,marking     ] GC(265) Concurrent Mark From Roots 0.797ms
[2024-07-18T17:08:12.617+0800][info][gc,marking     ] GC(265) Concurrent Preclean
[2024-07-18T17:08:12.617+0800][info][gc,marking     ] GC(265) Concurrent Preclean 0.060ms
[2024-07-18T17:08:12.617+0800][info][gc,start       ] GC(265) Pause Remark
[2024-07-18T17:08:12.617+0800][info][gc             ] GC(265) Pause Remark 429M->429M(512M) 0.213ms
[2024-07-18T17:08:12.617+0800][info][gc,cpu         ] GC(265) User=0.00s Sys=0.00s Real=0.00s
[2024-07-18T17:08:12.617+0800][info][gc,marking     ] GC(265) Concurrent Mark 1.174ms
[2024-07-18T17:08:12.617+0800][info][gc,marking     ] GC(265) Concurrent Rebuild Remembered Sets
[2024-07-18T17:08:12.617+0800][info][gc,marking     ] GC(265) Concurrent Rebuild Remembered Sets 0.381ms
[2024-07-18T17:08:12.617+0800][info][gc,start       ] GC(265) Pause Cleanup
[2024-07-18T17:08:12.617+0800][info][gc             ] GC(265) Pause Cleanup 435M->435M(512M) 0.089ms
[2024-07-18T17:08:12.617+0800][info][gc,cpu         ] GC(265) User=0.00s Sys=0.00s Real=0.00s
[2024-07-18T17:08:12.617+0800][info][gc,marking     ] GC(265) Concurrent Cleanup for Next Mark
[2024-07-18T17:08:12.617+0800][info][gc,marking     ] GC(265) Concurrent Cleanup for Next Mark 0.471ms
[2024-07-18T17:08:12.617+0800][info][gc             ] GC(265) Concurrent Mark Cycle 2.277ms
[2024-07-18T17:08:12.617+0800][info][gc,start       ] GC(266) Pause Young (Prepare Mixed) (G1 Evacuation Pause)
[2024-07-18T17:08:12.617+0800][info][gc,task        ] GC(266) Using 12 workers of 13 for evacuation
[2024-07-18T17:08:12.617+0800][info][gc,phases      ] GC(266)   Pre Evacuate Collection Set: 0.0ms
[2024-07-18T17:08:12.617+0800][info][gc,phases      ] GC(266)   Merge Heap Roots: 0.1ms
[2024-07-18T17:08:12.617+0800][info][gc,phases      ] GC(266)   Evacuate Collection Set: 0.8ms
[2024-07-18T17:08:12.617+0800][info][gc,phases      ] GC(266)   Post Evacuate Collection Set: 0.1ms
[2024-07-18T17:08:12.617+0800][info][gc,phases      ] GC(266)   Other: 0.1ms
[2024-07-18T17:08:12.617+0800][info][gc,heap        ] GC(266) Eden regions: 25->0(21)
[2024-07-18T17:08:12.617+0800][info][gc,heap        ] GC(266) Survivor regions: 0->4(4)
[2024-07-18T17:08:12.617+0800][info][gc,heap        ] GC(266) Old regions: 247->255
[2024-07-18T17:08:12.617+0800][info][gc,heap        ] GC(266) Archive regions: 0->0
[2024-07-18T17:08:12.617+0800][info][gc,heap        ] GC(266) Humongous regions: 210->197
[2024-07-18T17:08:12.617+0800][info][gc,metaspace   ] GC(266) Metaspace: 194K(384K)->194K(384K) NonClass: 187K(256K)->187K(256K) Class: 7K(128K)->7K(128K)
[2024-07-18T17:08:12.617+0800][info][gc             ] GC(266) Pause Young (Prepare Mixed) (G1 Evacuation Pause) 453M->426M(512M) 1.204ms
[2024-07-18T17:08:12.617+0800][info][gc,cpu         ] GC(266) User=0.00s Sys=0.00s Real=0.00s
[2024-07-18T17:08:12.623+0800][info][gc,start       ] GC(267) Pause Young (Mixed) (G1 Preventive Collection)
[2024-07-18T17:08:12.623+0800][info][gc,task        ] GC(267) Using 12 workers of 13 for evacuation
[2024-07-18T17:08:12.623+0800][info][gc             ] GC(267) To-space exhausted
[2024-07-18T17:08:12.623+0800][info][gc,phases      ] GC(267)   Pre Evacuate Collection Set: 0.0ms
[2024-07-18T17:08:12.623+0800][info][gc,phases      ] GC(267)   Merge Heap Roots: 0.0ms
[2024-07-18T17:08:12.623+0800][info][gc,phases      ] GC(267)   Evacuate Collection Set: 1.2ms
[2024-07-18T17:08:12.623+0800][info][gc,phases      ] GC(267)   Post Evacuate Collection Set: 0.1ms
[2024-07-18T17:08:12.623+0800][info][gc,phases      ] GC(267)   Other: 0.1ms
[2024-07-18T17:08:12.623+0800][info][gc,heap        ] GC(267) Eden regions: 21->0(21)
[2024-07-18T17:08:12.623+0800][info][gc,heap        ] GC(267) Survivor regions: 4->4(4)
[2024-07-18T17:08:12.623+0800][info][gc,heap        ] GC(267) Old regions: 255->264
[2024-07-18T17:08:12.623+0800][info][gc,heap        ] GC(267) Archive regions: 0->0
[2024-07-18T17:08:12.623+0800][info][gc,heap        ] GC(267) Humongous regions: 218->202
[2024-07-18T17:08:12.623+0800][info][gc,metaspace   ] GC(267) Metaspace: 194K(384K)->194K(384K) NonClass: 187K(256K)->187K(256K) Class: 7K(128K)->7K(128K)
[2024-07-18T17:08:12.623+0800][info][gc             ] GC(267) Pause Young (Mixed) (G1 Preventive Collection) 468M->445M(512M) 1.546ms
[2024-07-18T17:08:12.623+0800][info][gc,cpu         ] GC(267) User=0.00s Sys=0.00s Real=0.00s
[2024-07-18T17:08:12.623+0800][info][gc,start       ] GC(268) Pause Young (Concurrent Start) (G1 Humongous Allocation)
[2024-07-18T17:08:12.623+0800][info][gc,task        ] GC(268) Using 12 workers of 13 for evacuation
[2024-07-18T17:08:12.626+0800][info][gc,phases      ] GC(268)   Pre Evacuate Collection Set: 0.0ms
[2024-07-18T17:08:12.626+0800][info][gc,phases      ] GC(268)   Merge Heap Roots: 0.0ms
[2024-07-18T17:08:12.626+0800][info][gc,phases      ] GC(268)   Evacuate Collection Set: 0.3ms
[2024-07-18T17:08:12.626+0800][info][gc,phases      ] GC(268)   Post Evacuate Collection Set: 0.1ms
[2024-07-18T17:08:12.626+0800][info][gc,phases      ] GC(268)   Other: 0.1ms
[2024-07-18T17:08:12.626+0800][info][gc,heap        ] GC(268) Eden regions: 2->0(25)
[2024-07-18T17:08:12.626+0800][info][gc,heap        ] GC(268) Survivor regions: 4->0(4)
[2024-07-18T17:08:12.626+0800][info][gc,heap        ] GC(268) Old regions: 264->268
[2024-07-18T17:08:12.626+0800][info][gc,heap        ] GC(268) Archive regions: 0->0
[2024-07-18T17:08:12.626+0800][info][gc,heap        ] GC(268) Humongous regions: 202->202
[2024-07-18T17:08:12.626+0800][info][gc,metaspace   ] GC(268) Metaspace: 194K(384K)->194K(384K) NonClass: 187K(256K)->187K(256K) Class: 7K(128K)->7K(128K)
[2024-07-18T17:08:12.626+0800][info][gc             ] GC(268) Pause Young (Concurrent Start) (G1 Humongous Allocation) 446M->445M(512M) 0.585ms
[2024-07-18T17:08:12.626+0800][info][gc,cpu         ] GC(268) User=0.00s Sys=0.00s Real=0.00s
[2024-07-18T17:08:12.626+0800][info][gc             ] GC(269) Concurrent Mark Cycle
[2024-07-18T17:08:12.626+0800][info][gc,marking     ] GC(269) Concurrent Clear Claimed Marks
[2024-07-18T17:08:12.626+0800][info][gc,marking     ] GC(269) Concurrent Clear Claimed Marks 0.008ms
[2024-07-18T17:08:12.626+0800][info][gc,marking     ] GC(269) Concurrent Scan Root Regions
[2024-07-18T17:08:12.626+0800][info][gc,marking     ] GC(269) Concurrent Scan Root Regions 0.025ms
[2024-07-18T17:08:12.626+0800][info][gc,marking     ] GC(269) Concurrent Mark
[2024-07-18T17:08:12.626+0800][info][gc,marking     ] GC(269) Concurrent Mark From Roots
[2024-07-18T17:08:12.626+0800][info][gc,task        ] GC(269) Using 3 workers of 3 for marking
[2024-07-18T17:08:12.627+0800][info][gc,marking     ] GC(269) Concurrent Mark From Roots 0.739ms
[2024-07-18T17:08:12.627+0800][info][gc,marking     ] GC(269) Concurrent Preclean
[2024-07-18T17:08:12.627+0800][info][gc,marking     ] GC(269) Concurrent Preclean 0.058ms
[2024-07-18T17:08:12.627+0800][info][gc,start       ] GC(269) Pause Remark
[2024-07-18T17:08:12.627+0800][info][gc             ] GC(269) Pause Remark 460M->460M(512M) 0.227ms
[2024-07-18T17:08:12.627+0800][info][gc,cpu         ] GC(269) User=0.00s Sys=0.00s Real=0.00s
[2024-07-18T17:08:12.627+0800][info][gc,marking     ] GC(269) Concurrent Mark 1.136ms
[2024-07-18T17:08:12.627+0800][info][gc,marking     ] GC(269) Concurrent Rebuild Remembered Sets
[2024-07-18T17:08:12.628+0800][info][gc,marking     ] GC(269) Concurrent Rebuild Remembered Sets 0.493ms
[2024-07-18T17:08:12.628+0800][info][gc,start       ] GC(269) Pause Cleanup
[2024-07-18T17:08:12.628+0800][info][gc             ] GC(269) Pause Cleanup 468M->468M(512M) 0.087ms
[2024-07-18T17:08:12.628+0800][info][gc,cpu         ] GC(269) User=0.00s Sys=0.00s Real=0.00s
[2024-07-18T17:08:12.628+0800][info][gc,marking     ] GC(269) Concurrent Cleanup for Next Mark
[2024-07-18T17:08:12.629+0800][info][gc,marking     ] GC(269) Concurrent Cleanup for Next Mark 0.495ms
[2024-07-18T17:08:12.629+0800][info][gc             ] GC(269) Concurrent Mark Cycle 2.393ms
[2024-07-18T17:08:12.629+0800][info][gc,start       ] GC(270) Pause Young (Prepare Mixed) (G1 Preventive Collection)
[2024-07-18T17:08:12.629+0800][info][gc,task        ] GC(270) Using 12 workers of 13 for evacuation
[2024-07-18T17:08:12.629+0800][info][gc             ] GC(270) To-space exhausted
[2024-07-18T17:08:12.629+0800][info][gc,phases      ] GC(270)   Pre Evacuate Collection Set: 0.0ms
[2024-07-18T17:08:12.629+0800][info][gc,phases      ] GC(270)   Merge Heap Roots: 0.1ms
[2024-07-18T17:08:12.629+0800][info][gc,phases      ] GC(270)   Evacuate Collection Set: 0.6ms
[2024-07-18T17:08:12.629+0800][info][gc,phases      ] GC(270)   Post Evacuate Collection Set: 0.1ms
[2024-07-18T17:08:12.629+0800][info][gc,phases      ] GC(270)   Other: 0.1ms
[2024-07-18T17:08:12.629+0800][info][gc,heap        ] GC(270) Eden regions: 19->0(21)
[2024-07-18T17:08:12.629+0800][info][gc,heap        ] GC(270) Survivor regions: 0->4(4)
[2024-07-18T17:08:12.629+0800][info][gc,heap        ] GC(270) Old regions: 268->273
[2024-07-18T17:08:12.629+0800][info][gc,heap        ] GC(270) Archive regions: 0->0
[2024-07-18T17:08:12.629+0800][info][gc,heap        ] GC(270) Humongous regions: 217->200
[2024-07-18T17:08:12.629+0800][info][gc,metaspace   ] GC(270) Metaspace: 194K(384K)->194K(384K) NonClass: 187K(256K)->187K(256K) Class: 7K(128K)->7K(128K)
[2024-07-18T17:08:12.629+0800][info][gc             ] GC(270) Pause Young (Prepare Mixed) (G1 Preventive Collection) 478M->452M(512M) 1.011ms
[2024-07-18T17:08:12.629+0800][info][gc,cpu         ] GC(270) User=0.00s Sys=0.00s Real=0.00s
[2024-07-18T17:08:12.631+0800][info][gc,start       ] GC(271) Pause Young (Mixed) (G1 Preventive Collection)
[2024-07-18T17:08:12.631+0800][info][gc,task        ] GC(271) Using 12 workers of 13 for evacuation
[2024-07-18T17:08:12.631+0800][info][gc             ] GC(271) To-space exhausted
[2024-07-18T17:08:12.631+0800][info][gc,phases      ] GC(271)   Pre Evacuate Collection Set: 0.0ms
[2024-07-18T17:08:12.631+0800][info][gc,phases      ] GC(271)   Merge Heap Roots: 0.0ms
[2024-07-18T17:08:12.631+0800][info][gc,phases      ] GC(271)   Evacuate Collection Set: 0.9ms
[2024-07-18T17:08:12.631+0800][info][gc,phases      ] GC(271)   Post Evacuate Collection Set: 0.2ms
[2024-07-18T17:08:12.631+0800][info][gc,phases      ] GC(271)   Other: 0.1ms
[2024-07-18T17:08:12.631+0800][info][gc,heap        ] GC(271) Eden regions: 16->0(22)
[2024-07-18T17:08:12.631+0800][info][gc,heap        ] GC(271) Survivor regions: 4->3(4)
[2024-07-18T17:08:12.631+0800][info][gc,heap        ] GC(271) Old regions: 273->286
[2024-07-18T17:08:12.631+0800][info][gc,heap        ] GC(271) Archive regions: 0->0
[2024-07-18T17:08:12.631+0800][info][gc,heap        ] GC(271) Humongous regions: 206->201
[2024-07-18T17:08:12.631+0800][info][gc,metaspace   ] GC(271) Metaspace: 194K(384K)->194K(384K) NonClass: 187K(256K)->187K(256K) Class: 7K(128K)->7K(128K)
[2024-07-18T17:08:12.631+0800][info][gc             ] GC(271) Pause Young (Mixed) (G1 Preventive Collection) 474M->466M(512M) 1.351ms
[2024-07-18T17:08:12.631+0800][info][gc,cpu         ] GC(271) User=0.00s Sys=0.00s Real=0.00s
[2024-07-18T17:08:12.631+0800][info][gc,start       ] GC(272) Pause Young (Concurrent Start) (G1 Humongous Allocation)
[2024-07-18T17:08:12.631+0800][info][gc,task        ] GC(272) Using 12 workers of 13 for evacuation
[2024-07-18T17:08:12.631+0800][info][gc,phases      ] GC(272)   Pre Evacuate Collection Set: 0.0ms
[2024-07-18T17:08:12.631+0800][info][gc,phases      ] GC(272)   Merge Heap Roots: 0.0ms
[2024-07-18T17:08:12.631+0800][info][gc,phases      ] GC(272)   Evacuate Collection Set: 0.2ms
[2024-07-18T17:08:12.631+0800][info][gc,phases      ] GC(272)   Post Evacuate Collection Set: 0.1ms
[2024-07-18T17:08:12.631+0800][info][gc,phases      ] GC(272)   Other: 0.1ms
[2024-07-18T17:08:12.631+0800][info][gc,heap        ] GC(272) Eden regions: 4->0(24)
[2024-07-18T17:08:12.631+0800][info][gc,heap        ] GC(272) Survivor regions: 3->1(4)
[2024-07-18T17:08:12.631+0800][info][gc,heap        ] GC(272) Old regions: 286->289
[2024-07-18T17:08:12.631+0800][info][gc,heap        ] GC(272) Archive regions: 0->0
[2024-07-18T17:08:12.631+0800][info][gc,heap        ] GC(272) Humongous regions: 201->200
[2024-07-18T17:08:12.631+0800][info][gc,metaspace   ] GC(272) Metaspace: 194K(384K)->194K(384K) NonClass: 187K(256K)->187K(256K) Class: 7K(128K)->7K(128K)
[2024-07-18T17:08:12.631+0800][info][gc             ] GC(272) Pause Young (Concurrent Start) (G1 Humongous Allocation) 469M->465M(512M) 0.493ms
[2024-07-18T17:08:12.631+0800][info][gc,cpu         ] GC(272) User=0.00s Sys=0.00s Real=0.00s
[2024-07-18T17:08:12.631+0800][info][gc             ] GC(273) Concurrent Mark Cycle
[2024-07-18T17:08:12.631+0800][info][gc,marking     ] GC(273) Concurrent Clear Claimed Marks
[2024-07-18T17:08:12.631+0800][info][gc,marking     ] GC(273) Concurrent Clear Claimed Marks 0.008ms
[2024-07-18T17:08:12.631+0800][info][gc,marking     ] GC(273) Concurrent Scan Root Regions
[2024-07-18T17:08:12.631+0800][info][gc,marking     ] GC(273) Concurrent Scan Root Regions 0.028ms
[2024-07-18T17:08:12.631+0800][info][gc,marking     ] GC(273) Concurrent Mark
[2024-07-18T17:08:12.631+0800][info][gc,marking     ] GC(273) Concurrent Mark From Roots
[2024-07-18T17:08:12.631+0800][info][gc,task        ] GC(273) Using 3 workers of 3 for marking
[2024-07-18T17:08:12.635+0800][info][gc,marking     ] GC(273) Concurrent Mark From Roots 0.801ms
[2024-07-18T17:08:12.635+0800][info][gc,marking     ] GC(273) Concurrent Preclean
[2024-07-18T17:08:12.635+0800][info][gc,marking     ] GC(273) Concurrent Preclean 0.057ms
[2024-07-18T17:08:12.635+0800][info][gc,start       ] GC(273) Pause Remark
[2024-07-18T17:08:12.635+0800][info][gc             ] GC(273) Pause Remark 481M->481M(512M) 0.220ms
[2024-07-18T17:08:12.635+0800][info][gc,cpu         ] GC(273) User=0.00s Sys=0.00s Real=0.00s
[2024-07-18T17:08:12.635+0800][info][gc,marking     ] GC(273) Concurrent Mark 1.192ms
[2024-07-18T17:08:12.635+0800][info][gc,marking     ] GC(273) Concurrent Rebuild Remembered Sets
[2024-07-18T17:08:12.635+0800][info][gc,start       ] GC(274) Pause Young (Normal) (G1 Preventive Collection)
[2024-07-18T17:08:12.635+0800][info][gc,task        ] GC(274) Using 12 workers of 13 for evacuation
[2024-07-18T17:08:12.636+0800][info][gc             ] GC(274) To-space exhausted
[2024-07-18T17:08:12.636+0800][info][gc,phases      ] GC(274)   Pre Evacuate Collection Set: 0.0ms
[2024-07-18T17:08:12.636+0800][info][gc,phases      ] GC(274)   Merge Heap Roots: 0.1ms
[2024-07-18T17:08:12.636+0800][info][gc,phases      ] GC(274)   Evacuate Collection Set: 0.3ms
[2024-07-18T17:08:12.636+0800][info][gc,phases      ] GC(274)   Post Evacuate Collection Set: 0.1ms
[2024-07-18T17:08:12.636+0800][info][gc,phases      ] GC(274)   Other: 0.1ms
[2024-07-18T17:08:12.636+0800][info][gc,heap        ] GC(274) Eden regions: 10->0(21)
[2024-07-18T17:08:12.636+0800][info][gc,heap        ] GC(274) Survivor regions: 1->4(4)
[2024-07-18T17:08:12.636+0800][info][gc,heap        ] GC(274) Old regions: 289->291
[2024-07-18T17:08:12.636+0800][info][gc,heap        ] GC(274) Archive regions: 0->0
[2024-07-18T17:08:12.636+0800][info][gc,heap        ] GC(274) Humongous regions: 207->200
[2024-07-18T17:08:12.636+0800][info][gc,metaspace   ] GC(274) Metaspace: 194K(384K)->194K(384K) NonClass: 187K(256K)->187K(256K) Class: 7K(128K)->7K(128K)
[2024-07-18T17:08:12.636+0800][info][gc             ] GC(274) Pause Young (Normal) (G1 Preventive Collection) 482M->471M(512M) 0.594ms
[2024-07-18T17:08:12.636+0800][info][gc,cpu         ] GC(274) User=0.00s Sys=0.00s Real=0.00s
[2024-07-18T17:08:12.637+0800][info][gc,marking     ] GC(273) Concurrent Rebuild Remembered Sets 1.157ms
[2024-07-18T17:08:12.637+0800][info][gc,start       ] GC(273) Pause Cleanup
[2024-07-18T17:08:12.637+0800][info][gc             ] GC(273) Pause Cleanup 477M->477M(512M) 0.106ms
[2024-07-18T17:08:12.637+0800][info][gc,cpu         ] GC(273) User=0.00s Sys=0.00s Real=0.00s
[2024-07-18T17:08:12.637+0800][info][gc,marking     ] GC(273) Concurrent Cleanup for Next Mark
[2024-07-18T17:08:12.638+0800][info][gc,marking     ] GC(273) Concurrent Cleanup for Next Mark 0.436ms
[2024-07-18T17:08:12.638+0800][info][gc             ] GC(273) Concurrent Mark Cycle 3.083ms
[2024-07-18T17:08:12.638+0800][info][gc,start       ] GC(275) Pause Young (Prepare Mixed) (G1 Preventive Collection)
[2024-07-18T17:08:12.638+0800][info][gc,task        ] GC(275) Using 12 workers of 13 for evacuation
[2024-07-18T17:08:12.638+0800][info][gc,phases      ] GC(275)   Pre Evacuate Collection Set: 0.0ms
[2024-07-18T17:08:12.638+0800][info][gc,phases      ] GC(275)   Merge Heap Roots: 0.0ms
[2024-07-18T17:08:12.638+0800][info][gc,phases      ] GC(275)   Evacuate Collection Set: 0.4ms
[2024-07-18T17:08:12.638+0800][info][gc,phases      ] GC(275)   Post Evacuate Collection Set: 0.1ms
[2024-07-18T17:08:12.638+0800][info][gc,phases      ] GC(275)   Other: 0.0ms
[2024-07-18T17:08:12.638+0800][info][gc,heap        ] GC(275) Eden regions: 5->0(23)
[2024-07-18T17:08:12.638+0800][info][gc,heap        ] GC(275) Survivor regions: 4->2(4)
[2024-07-18T17:08:12.638+0800][info][gc,heap        ] GC(275) Old regions: 291->295
[2024-07-18T17:08:12.638+0800][info][gc,heap        ] GC(275) Archive regions: 0->0
[2024-07-18T17:08:12.638+0800][info][gc,heap        ] GC(275) Humongous regions: 205->204
[2024-07-18T17:08:12.638+0800][info][gc,metaspace   ] GC(275) Metaspace: 194K(384K)->194K(384K) NonClass: 187K(256K)->187K(256K) Class: 7K(128K)->7K(128K)
[2024-07-18T17:08:12.638+0800][info][gc             ] GC(275) Pause Young (Prepare Mixed) (G1 Preventive Collection) 481M->476M(512M) 0.599ms
[2024-07-18T17:08:12.638+0800][info][gc,cpu         ] GC(275) User=0.00s Sys=0.00s Real=0.00s
[2024-07-18T17:08:12.639+0800][info][gc,start       ] GC(276) Pause Young (Mixed) (G1 Preventive Collection)
[2024-07-18T17:08:12.639+0800][info][gc,task        ] GC(276) Using 12 workers of 13 for evacuation
[2024-07-18T17:08:12.639+0800][info][gc             ] GC(276) To-space exhausted
[2024-07-18T17:08:12.639+0800][info][gc,phases      ] GC(276)   Pre Evacuate Collection Set: 0.0ms
[2024-07-18T17:08:12.639+0800][info][gc,phases      ] GC(276)   Merge Heap Roots: 0.0ms
[2024-07-18T17:08:12.639+0800][info][gc,phases      ] GC(276)   Evacuate Collection Set: 0.4ms
[2024-07-18T17:08:12.639+0800][info][gc,phases      ] GC(276)   Post Evacuate Collection Set: 0.1ms
[2024-07-18T17:08:12.639+0800][info][gc,phases      ] GC(276)   Other: 0.1ms
[2024-07-18T17:08:12.639+0800][info][gc,heap        ] GC(276) Eden regions: 3->0(24)
[2024-07-18T17:08:12.639+0800][info][gc,heap        ] GC(276) Survivor regions: 2->1(4)
[2024-07-18T17:08:12.639+0800][info][gc,heap        ] GC(276) Old regions: 295->303
[2024-07-18T17:08:12.639+0800][info][gc,heap        ] GC(276) Archive regions: 0->0
[2024-07-18T17:08:12.639+0800][info][gc,heap        ] GC(276) Humongous regions: 207->205
[2024-07-18T17:08:12.639+0800][info][gc,metaspace   ] GC(276) Metaspace: 194K(384K)->194K(384K) NonClass: 187K(256K)->187K(256K) Class: 7K(128K)->7K(128K)
[2024-07-18T17:08:12.639+0800][info][gc             ] GC(276) Pause Young (Mixed) (G1 Preventive Collection) 482M->484M(512M) 0.717ms
[2024-07-18T17:08:12.639+0800][info][gc,cpu         ] GC(276) User=0.00s Sys=0.00s Real=0.00s
[2024-07-18T17:08:12.639+0800][info][gc,start       ] GC(277) Pause Young (Mixed) (G1 Preventive Collection)
[2024-07-18T17:08:12.639+0800][info][gc,task        ] GC(277) Using 12 workers of 13 for evacuation
[2024-07-18T17:08:12.639+0800][info][gc             ] GC(277) To-space exhausted
[2024-07-18T17:08:12.639+0800][info][gc,phases      ] GC(277)   Pre Evacuate Collection Set: 0.0ms
[2024-07-18T17:08:12.639+0800][info][gc,phases      ] GC(277)   Merge Heap Roots: 0.0ms
[2024-07-18T17:08:12.639+0800][info][gc,phases      ] GC(277)   Evacuate Collection Set: 0.1ms
[2024-07-18T17:08:12.639+0800][info][gc,phases      ] GC(277)   Post Evacuate Collection Set: 0.1ms
[2024-07-18T17:08:12.639+0800][info][gc,phases      ] GC(277)   Other: 0.1ms
[2024-07-18T17:08:12.639+0800][info][gc,heap        ] GC(277) Eden regions: 1->0(24)
[2024-07-18T17:08:12.639+0800][info][gc,heap        ] GC(277) Survivor regions: 1->1(2)
[2024-07-18T17:08:12.639+0800][info][gc,heap        ] GC(277) Old regions: 303->305
[2024-07-18T17:08:12.639+0800][info][gc,heap        ] GC(277) Archive regions: 0->0
[2024-07-18T17:08:12.639+0800][info][gc,heap        ] GC(277) Humongous regions: 205->205
[2024-07-18T17:08:12.639+0800][info][gc,metaspace   ] GC(277) Metaspace: 194K(384K)->194K(384K) NonClass: 187K(256K)->187K(256K) Class: 7K(128K)->7K(128K)
[2024-07-18T17:08:12.639+0800][info][gc             ] GC(277) Pause Young (Mixed) (G1 Preventive Collection) 485M->486M(512M) 0.384ms
[2024-07-18T17:08:12.639+0800][info][gc,cpu         ] GC(277) User=0.00s Sys=0.00s Real=0.00s
[2024-07-18T17:08:12.639+0800][info][gc,start       ] GC(278) Pause Young (Concurrent Start) (G1 Evacuation Pause)
[2024-07-18T17:08:12.639+0800][info][gc,task        ] GC(278) Using 12 workers of 13 for evacuation
[2024-07-18T17:08:12.639+0800][info][gc             ] GC(278) To-space exhausted
[2024-07-18T17:08:12.639+0800][info][gc,phases      ] GC(278)   Pre Evacuate Collection Set: 0.0ms
[2024-07-18T17:08:12.639+0800][info][gc,phases      ] GC(278)   Merge Heap Roots: 0.0ms
[2024-07-18T17:08:12.639+0800][info][gc,phases      ] GC(278)   Evacuate Collection Set: 0.1ms
[2024-07-18T17:08:12.639+0800][info][gc,phases      ] GC(278)   Post Evacuate Collection Set: 0.1ms
[2024-07-18T17:08:12.639+0800][info][gc,phases      ] GC(278)   Other: 0.1ms
[2024-07-18T17:08:12.639+0800][info][gc,heap        ] GC(278) Eden regions: 0->0(25)
[2024-07-18T17:08:12.639+0800][info][gc,heap        ] GC(278) Survivor regions: 1->0(0)
[2024-07-18T17:08:12.639+0800][info][gc,heap        ] GC(278) Old regions: 305->306
[2024-07-18T17:08:12.639+0800][info][gc,heap        ] GC(278) Archive regions: 0->0
[2024-07-18T17:08:12.639+0800][info][gc,heap        ] GC(278) Humongous regions: 206->205
[2024-07-18T17:08:12.639+0800][info][gc,metaspace   ] GC(278) Metaspace: 194K(384K)->194K(384K) NonClass: 187K(256K)->187K(256K) Class: 7K(128K)->7K(128K)
[2024-07-18T17:08:12.639+0800][info][gc             ] GC(278) Pause Young (Concurrent Start) (G1 Evacuation Pause) 487M->486M(512M) 0.317ms
[2024-07-18T17:08:12.639+0800][info][gc,cpu         ] GC(278) User=0.00s Sys=0.00s Real=0.00s
[2024-07-18T17:08:12.639+0800][info][gc             ] GC(279) Concurrent Mark Cycle
[2024-07-18T17:08:12.639+0800][info][gc,marking     ] GC(279) Concurrent Clear Claimed Marks
[2024-07-18T17:08:12.639+0800][info][gc,marking     ] GC(279) Concurrent Clear Claimed Marks 0.011ms
[2024-07-18T17:08:12.639+0800][info][gc,marking     ] GC(279) Concurrent Scan Root Regions
[2024-07-18T17:08:12.639+0800][info][gc,marking     ] GC(279) Concurrent Scan Root Regions 0.009ms
[2024-07-18T17:08:12.639+0800][info][gc,marking     ] GC(279) Concurrent Mark
[2024-07-18T17:08:12.639+0800][info][gc,marking     ] GC(279) Concurrent Mark From Roots
[2024-07-18T17:08:12.639+0800][info][gc,start       ] GC(280) Pause Young (Normal) (G1 Evacuation Pause)
[2024-07-18T17:08:12.639+0800][info][gc,task        ] GC(279) Using 3 workers of 3 for marking
[2024-07-18T17:08:12.639+0800][info][gc,task        ] GC(280) Using 12 workers of 13 for evacuation
[2024-07-18T17:08:12.639+0800][info][gc             ] GC(280) To-space exhausted
[2024-07-18T17:08:12.639+0800][info][gc,phases      ] GC(280)   Pre Evacuate Collection Set: 0.0ms
[2024-07-18T17:08:12.639+0800][info][gc,phases      ] GC(280)   Merge Heap Roots: 0.0ms
[2024-07-18T17:08:12.639+0800][info][gc,phases      ] GC(280)   Evacuate Collection Set: 0.1ms
[2024-07-18T17:08:12.639+0800][info][gc,phases      ] GC(280)   Post Evacuate Collection Set: 0.1ms
[2024-07-18T17:08:12.639+0800][info][gc,phases      ] GC(280)   Other: 0.1ms
[2024-07-18T17:08:12.639+0800][info][gc,heap        ] GC(280) Eden regions: 1->0(25)
[2024-07-18T17:08:12.639+0800][info][gc,heap        ] GC(280) Survivor regions: 0->0(0)
[2024-07-18T17:08:12.639+0800][info][gc,heap        ] GC(280) Old regions: 306->307
[2024-07-18T17:08:12.639+0800][info][gc,heap        ] GC(280) Archive regions: 0->0
[2024-07-18T17:08:12.639+0800][info][gc,heap        ] GC(280) Humongous regions: 205->205
[2024-07-18T17:08:12.639+0800][info][gc,metaspace   ] GC(280) Metaspace: 194K(384K)->194K(384K) NonClass: 187K(256K)->187K(256K) Class: 7K(128K)->7K(128K)
[2024-07-18T17:08:12.639+0800][info][gc             ] GC(280) Pause Young (Normal) (G1 Evacuation Pause) 487M->487M(512M) 0.328ms
[2024-07-18T17:08:12.639+0800][info][gc,cpu         ] GC(280) User=0.00s Sys=0.00s Real=0.00s
[2024-07-18T17:08:12.639+0800][info][gc,ergo        ] Attempting full compaction
[2024-07-18T17:08:12.639+0800][info][gc,task        ] GC(281) Using 12 workers of 13 for full compaction
[2024-07-18T17:08:12.639+0800][info][gc,start       ] GC(281) Pause Full (G1 Compaction Pause)
[2024-07-18T17:08:12.641+0800][info][gc,phases,start] GC(281) Phase 1: Mark live objects
[2024-07-18T17:08:12.641+0800][info][gc,phases      ] GC(281) Phase 1: Mark live objects 0.451ms
[2024-07-18T17:08:12.641+0800][info][gc,phases,start] GC(281) Phase 2: Prepare for compaction
[2024-07-18T17:08:12.641+0800][info][gc,phases      ] GC(281) Phase 2: Prepare for compaction 0.150ms
[2024-07-18T17:08:12.641+0800][info][gc,phases,start] GC(281) Phase 3: Adjust pointers
[2024-07-18T17:08:12.641+0800][info][gc,phases      ] GC(281) Phase 3: Adjust pointers 0.140ms
[2024-07-18T17:08:12.641+0800][info][gc,phases,start] GC(281) Phase 4: Compact heap
[2024-07-18T17:08:12.655+0800][info][gc,phases      ] GC(281) Phase 4: Compact heap 12.482ms
[2024-07-18T17:08:12.655+0800][info][gc,heap        ] GC(281) Eden regions: 0->0(25)
[2024-07-18T17:08:12.655+0800][info][gc,heap        ] GC(281) Survivor regions: 0->0(0)
[2024-07-18T17:08:12.655+0800][info][gc,heap        ] GC(281) Old regions: 307->247
[2024-07-18T17:08:12.655+0800][info][gc,heap        ] GC(281) Archive regions: 0->0
[2024-07-18T17:08:12.655+0800][info][gc,heap        ] GC(281) Humongous regions: 205->205
[2024-07-18T17:08:12.655+0800][info][gc,metaspace   ] GC(281) Metaspace: 194K(384K)->194K(384K) NonClass: 187K(256K)->187K(256K) Class: 7K(128K)->7K(128K)
[2024-07-18T17:08:12.655+0800][info][gc             ] GC(281) Pause Full (G1 Compaction Pause) 487M->424M(512M) 14.261ms
[2024-07-18T17:08:12.655+0800][info][gc,cpu         ] GC(281) User=0.00s Sys=0.00s Real=0.02s
[2024-07-18T17:08:12.655+0800][info][gc,marking     ] GC(279) Concurrent Mark From Roots 15.008ms
[2024-07-18T17:08:12.655+0800][info][gc,marking     ] GC(279) Concurrent Mark Abort
[2024-07-18T17:08:12.655+0800][info][gc             ] GC(279) Concurrent Mark Cycle 15.116ms
[2024-07-18T17:08:12.655+0800][info][gc,start       ] GC(282) Pause Young (Concurrent Start) (G1 Humongous Allocation)
[2024-07-18T17:08:12.655+0800][info][gc,task        ] GC(282) Using 12 workers of 13 for evacuation
[2024-07-18T17:08:12.655+0800][info][gc,phases      ] GC(282)   Pre Evacuate Collection Set: 0.1ms
[2024-07-18T17:08:12.655+0800][info][gc,phases      ] GC(282)   Merge Heap Roots: 0.0ms
[2024-07-18T17:08:12.655+0800][info][gc,phases      ] GC(282)   Evacuate Collection Set: 0.3ms
[2024-07-18T17:08:12.655+0800][info][gc,phases      ] GC(282)   Post Evacuate Collection Set: 0.2ms
[2024-07-18T17:08:12.655+0800][info][gc,phases      ] GC(282)   Other: 0.1ms
[2024-07-18T17:08:12.655+0800][info][gc,heap        ] GC(282) Eden regions: 14->0(21)
[2024-07-18T17:08:12.655+0800][info][gc,heap        ] GC(282) Survivor regions: 0->4(4)
[2024-07-18T17:08:12.655+0800][info][gc,heap        ] GC(282) Old regions: 247->248
[2024-07-18T17:08:12.655+0800][info][gc,heap        ] GC(282) Archive regions: 0->0
[2024-07-18T17:08:12.655+0800][info][gc,heap        ] GC(282) Humongous regions: 205->205
[2024-07-18T17:08:12.655+0800][info][gc,metaspace   ] GC(282) Metaspace: 194K(384K)->194K(384K) NonClass: 187K(256K)->187K(256K) Class: 7K(128K)->7K(128K)
[2024-07-18T17:08:12.655+0800][info][gc             ] GC(282) Pause Young (Concurrent Start) (G1 Humongous Allocation) 438M->428M(512M) 0.811ms
[2024-07-18T17:08:12.655+0800][info][gc,cpu         ] GC(282) User=0.00s Sys=0.00s Real=0.00s
[2024-07-18T17:08:12.655+0800][info][gc             ] GC(283) Concurrent Mark Cycle
[2024-07-18T17:08:12.655+0800][info][gc,marking     ] GC(283) Concurrent Clear Claimed Marks
[2024-07-18T17:08:12.655+0800][info][gc,marking     ] GC(283) Concurrent Clear Claimed Marks 0.011ms
[2024-07-18T17:08:12.655+0800][info][gc,marking     ] GC(283) Concurrent Scan Root Regions
[2024-07-18T17:08:12.655+0800][info][gc,marking     ] GC(283) Concurrent Scan Root Regions 0.033ms
[2024-07-18T17:08:12.655+0800][info][gc,marking     ] GC(283) Concurrent Mark
[2024-07-18T17:08:12.655+0800][info][gc,marking     ] GC(283) Concurrent Mark From Roots
[2024-07-18T17:08:12.655+0800][info][gc,task        ] GC(283) Using 3 workers of 3 for marking
[2024-07-18T17:08:12.658+0800][info][gc,marking     ] GC(283) Concurrent Mark From Roots 0.828ms
[2024-07-18T17:08:12.658+0800][info][gc,marking     ] GC(283) Concurrent Preclean
[2024-07-18T17:08:12.658+0800][info][gc,marking     ] GC(283) Concurrent Preclean 0.067ms
[2024-07-18T17:08:12.658+0800][info][gc,start       ] GC(283) Pause Remark
[2024-07-18T17:08:12.658+0800][info][gc             ] GC(283) Pause Remark 445M->445M(512M) 0.239ms
[2024-07-18T17:08:12.658+0800][info][gc,cpu         ] GC(283) User=0.00s Sys=0.00s Real=0.00s
[2024-07-18T17:08:12.658+0800][info][gc,marking     ] GC(283) Concurrent Mark 1.249ms
[2024-07-18T17:08:12.658+0800][info][gc,marking     ] GC(283) Concurrent Rebuild Remembered Sets
[2024-07-18T17:08:12.658+0800][info][gc,marking     ] GC(283) Concurrent Rebuild Remembered Sets 0.447ms
[2024-07-18T17:08:12.660+0800][info][gc,start       ] GC(283) Pause Cleanup
[2024-07-18T17:08:12.660+0800][info][gc             ] GC(283) Pause Cleanup 452M->452M(512M) 0.082ms
[2024-07-18T17:08:12.660+0800][info][gc,cpu         ] GC(283) User=0.00s Sys=0.00s Real=0.00s
[2024-07-18T17:08:12.660+0800][info][gc,marking     ] GC(283) Concurrent Cleanup for Next Mark
[2024-07-18T17:08:12.660+0800][info][gc,marking     ] GC(283) Concurrent Cleanup for Next Mark 0.470ms
[2024-07-18T17:08:12.660+0800][info][gc             ] GC(283) Concurrent Mark Cycle 2.461ms
[2024-07-18T17:08:12.660+0800][info][gc,start       ] GC(284) Pause Young (Prepare Mixed) (G1 Evacuation Pause)
[2024-07-18T17:08:12.660+0800][info][gc,task        ] GC(284) Using 12 workers of 13 for evacuation
[2024-07-18T17:08:12.662+0800][info][gc,phases      ] GC(284)   Pre Evacuate Collection Set: 0.0ms
[2024-07-18T17:08:12.662+0800][info][gc,phases      ] GC(284)   Merge Heap Roots: 0.1ms
[2024-07-18T17:08:12.662+0800][info][gc,phases      ] GC(284)   Evacuate Collection Set: 0.8ms
[2024-07-18T17:08:12.662+0800][info][gc,phases      ] GC(284)   Post Evacuate Collection Set: 0.1ms
[2024-07-18T17:08:12.662+0800][info][gc,phases      ] GC(284)   Other: 0.1ms
[2024-07-18T17:08:12.662+0800][info][gc,heap        ] GC(284) Eden regions: 21->0(21)
[2024-07-18T17:08:12.662+0800][info][gc,heap        ] GC(284) Survivor regions: 4->4(4)
[2024-07-18T17:08:12.662+0800][info][gc,heap        ] GC(284) Old regions: 248->255
[2024-07-18T17:08:12.662+0800][info][gc,heap        ] GC(284) Archive regions: 0->0
[2024-07-18T17:08:12.662+0800][info][gc,heap        ] GC(284) Humongous regions: 223->211
[2024-07-18T17:08:12.662+0800][info][gc,metaspace   ] GC(284) Metaspace: 194K(384K)->194K(384K) NonClass: 187K(256K)->187K(256K) Class: 7K(128K)->7K(128K)
[2024-07-18T17:08:12.662+0800][info][gc             ] GC(284) Pause Young (Prepare Mixed) (G1 Evacuation Pause) 467M->441M(512M) 1.253ms
[2024-07-18T17:08:12.662+0800][info][gc,cpu         ] GC(284) User=0.00s Sys=0.00s Real=0.00s
[2024-07-18T17:08:12.663+0800][info][gc,start       ] GC(285) Pause Young (Mixed) (G1 Preventive Collection)
[2024-07-18T17:08:12.663+0800][info][gc,task        ] GC(285) Using 12 workers of 13 for evacuation
[2024-07-18T17:08:12.663+0800][info][gc             ] GC(285) To-space exhausted
[2024-07-18T17:08:12.663+0800][info][gc,phases      ] GC(285)   Pre Evacuate Collection Set: 0.1ms
[2024-07-18T17:08:12.663+0800][info][gc,phases      ] GC(285)   Merge Heap Roots: 0.0ms
[2024-07-18T17:08:12.663+0800][info][gc,phases      ] GC(285)   Evacuate Collection Set: 1.1ms
[2024-07-18T17:08:12.663+0800][info][gc,phases      ] GC(285)   Post Evacuate Collection Set: 0.1ms
[2024-07-18T17:08:12.663+0800][info][gc,phases      ] GC(285)   Other: 0.1ms
[2024-07-18T17:08:12.663+0800][info][gc,heap        ] GC(285) Eden regions: 18->0(21)
[2024-07-18T17:08:12.663+0800][info][gc,heap        ] GC(285) Survivor regions: 4->4(4)
[2024-07-18T17:08:12.663+0800][info][gc,heap        ] GC(285) Old regions: 255->261
[2024-07-18T17:08:12.663+0800][info][gc,heap        ] GC(285) Archive regions: 0->0
[2024-07-18T17:08:12.663+0800][info][gc,heap        ] GC(285) Humongous regions: 221->207
[2024-07-18T17:08:12.663+0800][info][gc,metaspace   ] GC(285) Metaspace: 194K(384K)->194K(384K) NonClass: 187K(256K)->187K(256K) Class: 7K(128K)->7K(128K)
[2024-07-18T17:08:12.663+0800][info][gc             ] GC(285) Pause Young (Mixed) (G1 Preventive Collection) 469M->447M(512M) 1.468ms
[2024-07-18T17:08:12.663+0800][info][gc,cpu         ] GC(285) User=0.00s Sys=0.00s Real=0.00s
[2024-07-18T17:08:12.666+0800][info][gc,start       ] GC(286) Pause Young (Concurrent Start) (G1 Humongous Allocation)
[2024-07-18T17:08:12.666+0800][info][gc,task        ] GC(286) Using 12 workers of 13 for evacuation
[2024-07-18T17:08:12.666+0800][info][gc,phases      ] GC(286)   Pre Evacuate Collection Set: 0.0ms
[2024-07-18T17:08:12.666+0800][info][gc,phases      ] GC(286)   Merge Heap Roots: 0.0ms
[2024-07-18T17:08:12.666+0800][info][gc,phases      ] GC(286)   Evacuate Collection Set: 0.3ms
[2024-07-18T17:08:12.666+0800][info][gc,phases      ] GC(286)   Post Evacuate Collection Set: 0.1ms
[2024-07-18T17:08:12.666+0800][info][gc,phases      ] GC(286)   Other: 0.1ms
[2024-07-18T17:08:12.666+0800][info][gc,heap        ] GC(286) Eden regions: 4->0(23)
[2024-07-18T17:08:12.666+0800][info][gc,heap        ] GC(286) Survivor regions: 4->2(4)
[2024-07-18T17:08:12.666+0800][info][gc,heap        ] GC(286) Old regions: 261->266
[2024-07-18T17:08:12.666+0800][info][gc,heap        ] GC(286) Archive regions: 0->0
[2024-07-18T17:08:12.666+0800][info][gc,heap        ] GC(286) Humongous regions: 208->208
[2024-07-18T17:08:12.666+0800][info][gc,metaspace   ] GC(286) Metaspace: 194K(384K)->194K(384K) NonClass: 187K(256K)->187K(256K) Class: 7K(128K)->7K(128K)
[2024-07-18T17:08:12.666+0800][info][gc             ] GC(286) Pause Young (Concurrent Start) (G1 Humongous Allocation) 451M->449M(512M) 0.603ms
[2024-07-18T17:08:12.666+0800][info][gc,cpu         ] GC(286) User=0.00s Sys=0.00s Real=0.00s
[2024-07-18T17:08:12.666+0800][info][gc             ] GC(287) Concurrent Mark Cycle
[2024-07-18T17:08:12.666+0800][info][gc,marking     ] GC(287) Concurrent Clear Claimed Marks
[2024-07-18T17:08:12.666+0800][info][gc,marking     ] GC(287) Concurrent Clear Claimed Marks 0.007ms
[2024-07-18T17:08:12.666+0800][info][gc,marking     ] GC(287) Concurrent Scan Root Regions
[2024-07-18T17:08:12.666+0800][info][gc,marking     ] GC(287) Concurrent Scan Root Regions 0.024ms
[2024-07-18T17:08:12.666+0800][info][gc,marking     ] GC(287) Concurrent Mark
[2024-07-18T17:08:12.666+0800][info][gc,marking     ] GC(287) Concurrent Mark From Roots
[2024-07-18T17:08:12.666+0800][info][gc,task        ] GC(287) Using 3 workers of 3 for marking
[2024-07-18T17:08:12.667+0800][info][gc,marking     ] GC(287) Concurrent Mark From Roots 0.822ms
[2024-07-18T17:08:12.667+0800][info][gc,marking     ] GC(287) Concurrent Preclean
[2024-07-18T17:08:12.667+0800][info][gc,marking     ] GC(287) Concurrent Preclean 0.097ms
[2024-07-18T17:08:12.667+0800][info][gc,start       ] GC(287) Pause Remark
[2024-07-18T17:08:12.667+0800][info][gc             ] GC(287) Pause Remark 465M->465M(512M) 0.221ms
[2024-07-18T17:08:12.667+0800][info][gc,cpu         ] GC(287) User=0.00s Sys=0.00s Real=0.00s
[2024-07-18T17:08:12.667+0800][info][gc,marking     ] GC(287) Concurrent Mark 1.263ms
[2024-07-18T17:08:12.667+0800][info][gc,marking     ] GC(287) Concurrent Rebuild Remembered Sets
[2024-07-18T17:08:12.667+0800][info][gc,marking     ] GC(287) Concurrent Rebuild Remembered Sets 0.637ms
[2024-07-18T17:08:12.667+0800][info][gc,start       ] GC(288) Pause Young (Normal) (G1 Preventive Collection)
[2024-07-18T17:08:12.667+0800][info][gc,task        ] GC(288) Using 12 workers of 13 for evacuation
[2024-07-18T17:08:12.667+0800][info][gc,phases      ] GC(288)   Pre Evacuate Collection Set: 0.0ms
[2024-07-18T17:08:12.667+0800][info][gc,phases      ] GC(288)   Merge Heap Roots: 0.1ms
[2024-07-18T17:08:12.667+0800][info][gc,phases      ] GC(288)   Evacuate Collection Set: 0.5ms
[2024-07-18T17:08:12.667+0800][info][gc,phases      ] GC(288)   Post Evacuate Collection Set: 0.1ms
[2024-07-18T17:08:12.667+0800][info][gc,phases      ] GC(288)   Other: 0.0ms
[2024-07-18T17:08:12.667+0800][info][gc,heap        ] GC(288) Eden regions: 16->0(21)
[2024-07-18T17:08:12.667+0800][info][gc,heap        ] GC(288) Survivor regions: 2->4(4)
[2024-07-18T17:08:12.667+0800][info][gc,heap        ] GC(288) Old regions: 266->269
[2024-07-18T17:08:12.667+0800][info][gc,heap        ] GC(288) Archive regions: 0->0
[2024-07-18T17:08:12.667+0800][info][gc,heap        ] GC(288) Humongous regions: 218->201
[2024-07-18T17:08:12.667+0800][info][gc,metaspace   ] GC(288) Metaspace: 194K(384K)->194K(384K) NonClass: 187K(256K)->187K(256K) Class: 7K(128K)->7K(128K)
[2024-07-18T17:08:12.667+0800][info][gc             ] GC(288) Pause Young (Normal) (G1 Preventive Collection) 475M->449M(512M) 0.785ms
[2024-07-18T17:08:12.667+0800][info][gc,cpu         ] GC(288) User=0.00s Sys=0.00s Real=0.00s
[2024-07-18T17:08:12.667+0800][info][gc,start       ] GC(287) Pause Cleanup
[2024-07-18T17:08:12.667+0800][info][gc             ] GC(287) Pause Cleanup 449M->449M(512M) 0.093ms
[2024-07-18T17:08:12.667+0800][info][gc,cpu         ] GC(287) User=0.00s Sys=0.00s Real=0.00s
[2024-07-18T17:08:12.667+0800][info][gc,marking     ] GC(287) Concurrent Cleanup for Next Mark
[2024-07-18T17:08:12.671+0800][info][gc,marking     ] GC(287) Concurrent Cleanup for Next Mark 0.442ms
[2024-07-18T17:08:12.671+0800][info][gc             ] GC(287) Concurrent Mark Cycle 3.464ms
[2024-07-18T17:08:12.671+0800][info][gc,start       ] GC(289) Pause Young (Prepare Mixed) (G1 Preventive Collection)
[2024-07-18T17:08:12.671+0800][info][gc,task        ] GC(289) Using 12 workers of 13 for evacuation
[2024-07-18T17:08:12.671+0800][info][gc,phases      ] GC(289)   Pre Evacuate Collection Set: 0.0ms
[2024-07-18T17:08:12.671+0800][info][gc,phases      ] GC(289)   Merge Heap Roots: 0.0ms
[2024-07-18T17:08:12.671+0800][info][gc,phases      ] GC(289)   Evacuate Collection Set: 0.9ms
[2024-07-18T17:08:12.671+0800][info][gc,phases      ] GC(289)   Post Evacuate Collection Set: 0.1ms
[2024-07-18T17:08:12.671+0800][info][gc,phases      ] GC(289)   Other: 0.1ms
[2024-07-18T17:08:12.671+0800][info][gc,heap        ] GC(289) Eden regions: 18->0(21)
[2024-07-18T17:08:12.671+0800][info][gc,heap        ] GC(289) Survivor regions: 4->4(4)
[2024-07-18T17:08:12.671+0800][info][gc,heap        ] GC(289) Old regions: 269->278
[2024-07-18T17:08:12.671+0800][info][gc,heap        ] GC(289) Archive regions: 0->0
[2024-07-18T17:08:12.671+0800][info][gc,heap        ] GC(289) Humongous regions: 207->194
[2024-07-18T17:08:12.671+0800][info][gc,metaspace   ] GC(289) Metaspace: 194K(384K)->194K(384K) NonClass: 187K(256K)->187K(256K) Class: 7K(128K)->7K(128K)
[2024-07-18T17:08:12.671+0800][info][gc             ] GC(289) Pause Young (Prepare Mixed) (G1 Preventive Collection) 473M->451M(512M) 1.306ms
[2024-07-18T17:08:12.671+0800][info][gc,cpu         ] GC(289) User=0.00s Sys=0.00s Real=0.00s
[2024-07-18T17:08:12.674+0800][info][gc,start       ] GC(290) Pause Young (Mixed) (G1 Preventive Collection)
[2024-07-18T17:08:12.674+0800][info][gc,task        ] GC(290) Using 12 workers of 13 for evacuation
[2024-07-18T17:08:12.674+0800][info][gc             ] GC(290) To-space exhausted
[2024-07-18T17:08:12.674+0800][info][gc,phases      ] GC(290)   Pre Evacuate Collection Set: 0.0ms
[2024-07-18T17:08:12.674+0800][info][gc,phases      ] GC(290)   Merge Heap Roots: 0.0ms
[2024-07-18T17:08:12.674+0800][info][gc,phases      ] GC(290)   Evacuate Collection Set: 1.0ms
[2024-07-18T17:08:12.674+0800][info][gc,phases      ] GC(290)   Post Evacuate Collection Set: 0.2ms
[2024-07-18T17:08:12.674+0800][info][gc,phases      ] GC(290)   Other: 0.1ms
[2024-07-18T17:08:12.674+0800][info][gc,heap        ] GC(290) Eden regions: 13->0(22)
[2024-07-18T17:08:12.674+0800][info][gc,heap        ] GC(290) Survivor regions: 4->3(4)
[2024-07-18T17:08:12.674+0800][info][gc,heap        ] GC(290) Old regions: 278->288
[2024-07-18T17:08:12.674+0800][info][gc,heap        ] GC(290) Archive regions: 0->0
[2024-07-18T17:08:12.674+0800][info][gc,heap        ] GC(290) Humongous regions: 204->197
[2024-07-18T17:08:12.674+0800][info][gc,metaspace   ] GC(290) Metaspace: 194K(384K)->194K(384K) NonClass: 187K(256K)->187K(256K) Class: 7K(128K)->7K(128K)
[2024-07-18T17:08:12.674+0800][info][gc             ] GC(290) Pause Young (Mixed) (G1 Preventive Collection) 473M->464M(512M) 1.396ms
[2024-07-18T17:08:12.674+0800][info][gc,cpu         ] GC(290) User=0.00s Sys=0.00s Real=0.00s
[2024-07-18T17:08:12.674+0800][info][gc,start       ] GC(291) Pause Young (Concurrent Start) (G1 Humongous Allocation)
[2024-07-18T17:08:12.674+0800][info][gc,task        ] GC(291) Using 12 workers of 13 for evacuation
[2024-07-18T17:08:12.674+0800][info][gc,phases      ] GC(291)   Pre Evacuate Collection Set: 0.0ms
[2024-07-18T17:08:12.674+0800][info][gc,phases      ] GC(291)   Merge Heap Roots: 0.0ms
[2024-07-18T17:08:12.674+0800][info][gc,phases      ] GC(291)   Evacuate Collection Set: 0.2ms
[2024-07-18T17:08:12.674+0800][info][gc,phases      ] GC(291)   Post Evacuate Collection Set: 0.1ms
[2024-07-18T17:08:12.674+0800][info][gc,phases      ] GC(291)   Other: 0.1ms
[2024-07-18T17:08:12.674+0800][info][gc,heap        ] GC(291) Eden regions: 1->0(25)
[2024-07-18T17:08:12.674+0800][info][gc,heap        ] GC(291) Survivor regions: 3->0(4)
[2024-07-18T17:08:12.674+0800][info][gc,heap        ] GC(291) Old regions: 288->291
[2024-07-18T17:08:12.674+0800][info][gc,heap        ] GC(291) Archive regions: 0->0
[2024-07-18T17:08:12.674+0800][info][gc,heap        ] GC(291) Humongous regions: 197->197
[2024-07-18T17:08:12.674+0800][info][gc,metaspace   ] GC(291) Metaspace: 194K(384K)->194K(384K) NonClass: 187K(256K)->187K(256K) Class: 7K(128K)->7K(128K)
[2024-07-18T17:08:12.674+0800][info][gc             ] GC(291) Pause Young (Concurrent Start) (G1 Humongous Allocation) 464M->464M(512M) 0.546ms
[2024-07-18T17:08:12.674+0800][info][gc,cpu         ] GC(291) User=0.00s Sys=0.00s Real=0.00s
[2024-07-18T17:08:12.674+0800][info][gc             ] GC(292) Concurrent Mark Cycle
[2024-07-18T17:08:12.674+0800][info][gc,marking     ] GC(292) Concurrent Clear Claimed Marks
[2024-07-18T17:08:12.674+0800][info][gc,marking     ] GC(292) Concurrent Clear Claimed Marks 0.007ms
[2024-07-18T17:08:12.674+0800][info][gc,marking     ] GC(292) Concurrent Scan Root Regions
[2024-07-18T17:08:12.674+0800][info][gc,marking     ] GC(292) Concurrent Scan Root Regions 0.025ms
[2024-07-18T17:08:12.674+0800][info][gc,marking     ] GC(292) Concurrent Mark
[2024-07-18T17:08:12.674+0800][info][gc,marking     ] GC(292) Concurrent Mark From Roots
[2024-07-18T17:08:12.674+0800][info][gc,task        ] GC(292) Using 3 workers of 3 for marking
[2024-07-18T17:08:12.677+0800][info][gc,marking     ] GC(292) Concurrent Mark From Roots 0.914ms
[2024-07-18T17:08:12.677+0800][info][gc,marking     ] GC(292) Concurrent Preclean
[2024-07-18T17:08:12.677+0800][info][gc,start       ] GC(293) Pause Young (Normal) (G1 Preventive Collection)
[2024-07-18T17:08:12.677+0800][info][gc,task        ] GC(293) Using 12 workers of 13 for evacuation
[2024-07-18T17:08:12.677+0800][info][gc,phases      ] GC(293)   Pre Evacuate Collection Set: 0.0ms
[2024-07-18T17:08:12.677+0800][info][gc,phases      ] GC(293)   Merge Heap Roots: 0.0ms
[2024-07-18T17:08:12.677+0800][info][gc,phases      ] GC(293)   Evacuate Collection Set: 0.2ms
[2024-07-18T17:08:12.677+0800][info][gc,phases      ] GC(293)   Post Evacuate Collection Set: 0.1ms
[2024-07-18T17:08:12.677+0800][info][gc,phases      ] GC(293)   Other: 0.0ms
[2024-07-18T17:08:12.677+0800][info][gc,heap        ] GC(293) Eden regions: 9->0(21)
[2024-07-18T17:08:12.677+0800][info][gc,heap        ] GC(293) Survivor regions: 0->4(4)
[2024-07-18T17:08:12.677+0800][info][gc,heap        ] GC(293) Old regions: 291->291
[2024-07-18T17:08:12.677+0800][info][gc,heap        ] GC(293) Archive regions: 0->0
[2024-07-18T17:08:12.677+0800][info][gc,heap        ] GC(293) Humongous regions: 208->196
[2024-07-18T17:08:12.677+0800][info][gc,metaspace   ] GC(293) Metaspace: 194K(384K)->194K(384K) NonClass: 187K(256K)->187K(256K) Class: 7K(128K)->7K(128K)
[2024-07-18T17:08:12.677+0800][info][gc             ] GC(293) Pause Young (Normal) (G1 Preventive Collection) 484M->467M(512M) 0.467ms
[2024-07-18T17:08:12.677+0800][info][gc,cpu         ] GC(293) User=0.00s Sys=0.00s Real=0.00s
[2024-07-18T17:08:12.677+0800][info][gc,marking     ] GC(292) Concurrent Preclean 0.575ms
[2024-07-18T17:08:12.677+0800][info][gc,start       ] GC(292) Pause Remark
[2024-07-18T17:08:12.677+0800][info][gc             ] GC(292) Pause Remark 469M->469M(512M) 0.184ms
[2024-07-18T17:08:12.677+0800][info][gc,cpu         ] GC(292) User=0.00s Sys=0.00s Real=0.00s
[2024-07-18T17:08:12.677+0800][info][gc,marking     ] GC(292) Concurrent Mark 1.793ms
[2024-07-18T17:08:12.677+0800][info][gc,marking     ] GC(292) Concurrent Rebuild Remembered Sets
[2024-07-18T17:08:12.679+0800][info][gc,marking     ] GC(292) Concurrent Rebuild Remembered Sets 0.472ms
[2024-07-18T17:08:12.679+0800][info][gc,start       ] GC(292) Pause Cleanup
[2024-07-18T17:08:12.679+0800][info][gc             ] GC(292) Pause Cleanup 476M->476M(512M) 0.092ms
[2024-07-18T17:08:12.679+0800][info][gc,cpu         ] GC(292) User=0.00s Sys=0.00s Real=0.00s
[2024-07-18T17:08:12.679+0800][info][gc,marking     ] GC(292) Concurrent Cleanup for Next Mark
[2024-07-18T17:08:12.679+0800][info][gc,marking     ] GC(292) Concurrent Cleanup for Next Mark 0.459ms
[2024-07-18T17:08:12.679+0800][info][gc             ] GC(292) Concurrent Mark Cycle 3.007ms
[2024-07-18T17:08:12.679+0800][info][gc,start       ] GC(294) Pause Young (Prepare Mixed) (G1 Preventive Collection)
[2024-07-18T17:08:12.679+0800][info][gc,task        ] GC(294) Using 12 workers of 13 for evacuation
[2024-07-18T17:08:12.679+0800][info][gc,phases      ] GC(294)   Pre Evacuate Collection Set: 0.0ms
[2024-07-18T17:08:12.679+0800][info][gc,phases      ] GC(294)   Merge Heap Roots: 0.1ms
[2024-07-18T17:08:12.679+0800][info][gc,phases      ] GC(294)   Evacuate Collection Set: 0.4ms
[2024-07-18T17:08:12.679+0800][info][gc,phases      ] GC(294)   Post Evacuate Collection Set: 0.1ms
[2024-07-18T17:08:12.679+0800][info][gc,phases      ] GC(294)   Other: 0.0ms
[2024-07-18T17:08:12.679+0800][info][gc,heap        ] GC(294) Eden regions: 8->0(22)
[2024-07-18T17:08:12.679+0800][info][gc,heap        ] GC(294) Survivor regions: 4->3(4)
[2024-07-18T17:08:12.679+0800][info][gc,heap        ] GC(294) Old regions: 291->295
[2024-07-18T17:08:12.679+0800][info][gc,heap        ] GC(294) Archive regions: 0->0
[2024-07-18T17:08:12.679+0800][info][gc,heap        ] GC(294) Humongous regions: 202->198
[2024-07-18T17:08:12.679+0800][info][gc,metaspace   ] GC(294) Metaspace: 194K(384K)->194K(384K) NonClass: 187K(256K)->187K(256K) Class: 7K(128K)->7K(128K)
[2024-07-18T17:08:12.679+0800][info][gc             ] GC(294) Pause Young (Prepare Mixed) (G1 Preventive Collection) 480M->472M(512M) 0.839ms
[2024-07-18T17:08:12.679+0800][info][gc,cpu         ] GC(294) User=0.00s Sys=0.00s Real=0.00s
[2024-07-18T17:08:12.681+0800][info][gc,start       ] GC(295) Pause Young (Mixed) (G1 Preventive Collection)
[2024-07-18T17:08:12.681+0800][info][gc,task        ] GC(295) Using 12 workers of 13 for evacuation
[2024-07-18T17:08:12.681+0800][info][gc             ] GC(295) To-space exhausted
[2024-07-18T17:08:12.681+0800][info][gc,phases      ] GC(295)   Pre Evacuate Collection Set: 0.0ms
[2024-07-18T17:08:12.681+0800][info][gc,phases      ] GC(295)   Merge Heap Roots: 0.0ms
[2024-07-18T17:08:12.681+0800][info][gc,phases      ] GC(295)   Evacuate Collection Set: 0.4ms
[2024-07-18T17:08:12.681+0800][info][gc,phases      ] GC(295)   Post Evacuate Collection Set: 0.2ms
[2024-07-18T17:08:12.681+0800][info][gc,phases      ] GC(295)   Other: 0.1ms
[2024-07-18T17:08:12.681+0800][info][gc,heap        ] GC(295) Eden regions: 5->0(24)
[2024-07-18T17:08:12.681+0800][info][gc,heap        ] GC(295) Survivor regions: 3->1(4)
[2024-07-18T17:08:12.681+0800][info][gc,heap        ] GC(295) Old regions: 295->304
[2024-07-18T17:08:12.681+0800][info][gc,heap        ] GC(295) Archive regions: 0->0
[2024-07-18T17:08:12.681+0800][info][gc,heap        ] GC(295) Humongous regions: 202->197
[2024-07-18T17:08:12.681+0800][info][gc,metaspace   ] GC(295) Metaspace: 194K(384K)->194K(384K) NonClass: 187K(256K)->187K(256K) Class: 7K(128K)->7K(128K)
[2024-07-18T17:08:12.681+0800][info][gc             ] GC(295) Pause Young (Mixed) (G1 Preventive Collection) 480M->478M(512M) 0.845ms
[2024-07-18T17:08:12.681+0800][info][gc,cpu         ] GC(295) User=0.00s Sys=0.00s Real=0.00s
[2024-07-18T17:08:12.681+0800][info][gc,start       ] GC(296) Pause Young (Mixed) (G1 Preventive Collection)
[2024-07-18T17:08:12.681+0800][info][gc,task        ] GC(296) Using 12 workers of 13 for evacuation
[2024-07-18T17:08:12.683+0800][info][gc             ] GC(296) To-space exhausted
[2024-07-18T17:08:12.683+0800][info][gc,phases      ] GC(296)   Pre Evacuate Collection Set: 0.0ms
[2024-07-18T17:08:12.683+0800][info][gc,phases      ] GC(296)   Merge Heap Roots: 0.0ms
[2024-07-18T17:08:12.683+0800][info][gc,phases      ] GC(296)   Evacuate Collection Set: 0.5ms
[2024-07-18T17:08:12.683+0800][info][gc,phases      ] GC(296)   Post Evacuate Collection Set: 0.1ms
[2024-07-18T17:08:12.683+0800][info][gc,phases      ] GC(296)   Other: 0.1ms
[2024-07-18T17:08:12.683+0800][info][gc,heap        ] GC(296) Eden regions: 2->0(23)
[2024-07-18T17:08:12.683+0800][info][gc,heap        ] GC(296) Survivor regions: 1->2(4)
[2024-07-18T17:08:12.683+0800][info][gc,heap        ] GC(296) Old regions: 304->305
[2024-07-18T17:08:12.683+0800][info][gc,heap        ] GC(296) Archive regions: 0->0
[2024-07-18T17:08:12.683+0800][info][gc,heap        ] GC(296) Humongous regions: 197->197
[2024-07-18T17:08:12.683+0800][info][gc,metaspace   ] GC(296) Metaspace: 194K(384K)->194K(384K) NonClass: 187K(256K)->187K(256K) Class: 7K(128K)->7K(128K)
[2024-07-18T17:08:12.683+0800][info][gc             ] GC(296) Pause Young (Mixed) (G1 Preventive Collection) 479M->480M(512M) 0.831ms
[2024-07-18T17:08:12.683+0800][info][gc,cpu         ] GC(296) User=0.00s Sys=0.00s Real=0.00s
[2024-07-18T17:08:12.683+0800][info][gc,start       ] GC(297) Pause Young (Concurrent Start) (G1 Humongous Allocation)
[2024-07-18T17:08:12.683+0800][info][gc,task        ] GC(297) Using 12 workers of 13 for evacuation
[2024-07-18T17:08:12.683+0800][info][gc,phases      ] GC(297)   Pre Evacuate Collection Set: 0.0ms
[2024-07-18T17:08:12.683+0800][info][gc,phases      ] GC(297)   Merge Heap Roots: 0.0ms
[2024-07-18T17:08:12.683+0800][info][gc,phases      ] GC(297)   Evacuate Collection Set: 0.1ms
[2024-07-18T17:08:12.683+0800][info][gc,phases      ] GC(297)   Post Evacuate Collection Set: 0.1ms
[2024-07-18T17:08:12.683+0800][info][gc,phases      ] GC(297)   Other: 0.1ms
[2024-07-18T17:08:12.683+0800][info][gc,heap        ] GC(297) Eden regions: 2->0(22)
[2024-07-18T17:08:12.683+0800][info][gc,heap        ] GC(297) Survivor regions: 2->3(4)
[2024-07-18T17:08:12.683+0800][info][gc,heap        ] GC(297) Old regions: 305->305
[2024-07-18T17:08:12.683+0800][info][gc,heap        ] GC(297) Archive regions: 0->0
[2024-07-18T17:08:12.683+0800][info][gc,heap        ] GC(297) Humongous regions: 198->197
[2024-07-18T17:08:12.683+0800][info][gc,metaspace   ] GC(297) Metaspace: 194K(384K)->194K(384K) NonClass: 187K(256K)->187K(256K) Class: 7K(128K)->7K(128K)
[2024-07-18T17:08:12.683+0800][info][gc             ] GC(297) Pause Young (Concurrent Start) (G1 Humongous Allocation) 483M->481M(512M) 0.450ms
[2024-07-18T17:08:12.683+0800][info][gc,cpu         ] GC(297) User=0.00s Sys=0.00s Real=0.00s
[2024-07-18T17:08:12.683+0800][info][gc             ] GC(298) Concurrent Mark Cycle
[2024-07-18T17:08:12.683+0800][info][gc,marking     ] GC(298) Concurrent Clear Claimed Marks
[2024-07-18T17:08:12.683+0800][info][gc,marking     ] GC(298) Concurrent Clear Claimed Marks 0.007ms
[2024-07-18T17:08:12.683+0800][info][gc,marking     ] GC(298) Concurrent Scan Root Regions
[2024-07-18T17:08:12.683+0800][info][gc,marking     ] GC(298) Concurrent Scan Root Regions 0.022ms
[2024-07-18T17:08:12.683+0800][info][gc,marking     ] GC(298) Concurrent Mark
[2024-07-18T17:08:12.683+0800][info][gc,marking     ] GC(298) Concurrent Mark From Roots
[2024-07-18T17:08:12.683+0800][info][gc,task        ] GC(298) Using 3 workers of 3 for marking
[2024-07-18T17:08:12.684+0800][info][gc,start       ] GC(299) Pause Young (Normal) (G1 Preventive Collection)
[2024-07-18T17:08:12.684+0800][info][gc,task        ] GC(299) Using 12 workers of 13 for evacuation
[2024-07-18T17:08:12.684+0800][info][gc,phases      ] GC(299)   Pre Evacuate Collection Set: 0.0ms
[2024-07-18T17:08:12.684+0800][info][gc,phases      ] GC(299)   Merge Heap Roots: 0.0ms
[2024-07-18T17:08:12.684+0800][info][gc,phases      ] GC(299)   Evacuate Collection Set: 0.1ms
[2024-07-18T17:08:12.684+0800][info][gc,phases      ] GC(299)   Post Evacuate Collection Set: 0.1ms
[2024-07-18T17:08:12.684+0800][info][gc,phases      ] GC(299)   Other: 0.0ms
[2024-07-18T17:08:12.684+0800][info][gc,heap        ] GC(299) Eden regions: 1->0(23)
[2024-07-18T17:08:12.684+0800][info][gc,heap        ] GC(299) Survivor regions: 3->2(4)
[2024-07-18T17:08:12.684+0800][info][gc,heap        ] GC(299) Old regions: 305->306
[2024-07-18T17:08:12.684+0800][info][gc,heap        ] GC(299) Archive regions: 0->0
[2024-07-18T17:08:12.684+0800][info][gc,heap        ] GC(299) Humongous regions: 199->199
[2024-07-18T17:08:12.684+0800][info][gc,metaspace   ] GC(299) Metaspace: 194K(384K)->194K(384K) NonClass: 187K(256K)->187K(256K) Class: 7K(128K)->7K(128K)
[2024-07-18T17:08:12.684+0800][info][gc             ] GC(299) Pause Young (Normal) (G1 Preventive Collection) 484M->483M(512M) 0.434ms
[2024-07-18T17:08:12.684+0800][info][gc,cpu         ] GC(299) User=0.00s Sys=0.00s Real=0.00s
[2024-07-18T17:08:12.684+0800][info][gc,start       ] GC(300) Pause Young (Normal) (G1 Preventive Collection)
[2024-07-18T17:08:12.684+0800][info][gc,task        ] GC(300) Using 12 workers of 13 for evacuation
[2024-07-18T17:08:12.684+0800][info][gc,phases      ] GC(300)   Pre Evacuate Collection Set: 0.0ms
[2024-07-18T17:08:12.684+0800][info][gc,phases      ] GC(300)   Merge Heap Roots: 0.0ms
[2024-07-18T17:08:12.684+0800][info][gc,phases      ] GC(300)   Evacuate Collection Set: 0.1ms
[2024-07-18T17:08:12.684+0800][info][gc,phases      ] GC(300)   Post Evacuate Collection Set: 0.1ms
[2024-07-18T17:08:12.684+0800][info][gc,phases      ] GC(300)   Other: 0.0ms
[2024-07-18T17:08:12.684+0800][info][gc,heap        ] GC(300) Eden regions: 2->0(22)
[2024-07-18T17:08:12.684+0800][info][gc,heap        ] GC(300) Survivor regions: 2->3(3)
[2024-07-18T17:08:12.684+0800][info][gc,heap        ] GC(300) Old regions: 306->306
[2024-07-18T17:08:12.684+0800][info][gc,heap        ] GC(300) Archive regions: 0->0
[2024-07-18T17:08:12.684+0800][info][gc,heap        ] GC(300) Humongous regions: 199->198
[2024-07-18T17:08:12.684+0800][info][gc,metaspace   ] GC(300) Metaspace: 194K(384K)->194K(384K) NonClass: 187K(256K)->187K(256K) Class: 7K(128K)->7K(128K)
[2024-07-18T17:08:12.684+0800][info][gc             ] GC(300) Pause Young (Normal) (G1 Preventive Collection) 485M->483M(512M) 0.289ms
[2024-07-18T17:08:12.684+0800][info][gc,cpu         ] GC(300) User=0.00s Sys=0.00s Real=0.00s
[2024-07-18T17:08:12.684+0800][info][gc,start       ] GC(301) Pause Young (Normal) (G1 Preventive Collection)
[2024-07-18T17:08:12.684+0800][info][gc,task        ] GC(301) Using 12 workers of 13 for evacuation
[2024-07-18T17:08:12.684+0800][info][gc,phases      ] GC(301)   Pre Evacuate Collection Set: 0.0ms
[2024-07-18T17:08:12.684+0800][info][gc,phases      ] GC(301)   Merge Heap Roots: 0.0ms
[2024-07-18T17:08:12.684+0800][info][gc,phases      ] GC(301)   Evacuate Collection Set: 0.1ms
[2024-07-18T17:08:12.684+0800][info][gc,phases      ] GC(301)   Post Evacuate Collection Set: 0.1ms
[2024-07-18T17:08:12.684+0800][info][gc,phases      ] GC(301)   Other: 0.0ms
[2024-07-18T17:08:12.684+0800][info][gc,heap        ] GC(301) Eden regions: 1->0(23)
[2024-07-18T17:08:12.684+0800][info][gc,heap        ] GC(301) Survivor regions: 3->2(4)
[2024-07-18T17:08:12.684+0800][info][gc,heap        ] GC(301) Old regions: 306->307
[2024-07-18T17:08:12.684+0800][info][gc,heap        ] GC(301) Archive regions: 0->0
[2024-07-18T17:08:12.684+0800][info][gc,heap        ] GC(301) Humongous regions: 198->198
[2024-07-18T17:08:12.684+0800][info][gc,metaspace   ] GC(301) Metaspace: 194K(384K)->194K(384K) NonClass: 187K(256K)->187K(256K) Class: 7K(128K)->7K(128K)
[2024-07-18T17:08:12.684+0800][info][gc             ] GC(301) Pause Young (Normal) (G1 Preventive Collection) 484M->483M(512M) 0.320ms
[2024-07-18T17:08:12.684+0800][info][gc,cpu         ] GC(301) User=0.00s Sys=0.00s Real=0.00s
[2024-07-18T17:08:12.684+0800][info][gc,marking     ] GC(298) Concurrent Mark From Roots 1.950ms
[2024-07-18T17:08:12.684+0800][info][gc,start       ] GC(302) Pause Young (Normal) (G1 Preventive Collection)
[2024-07-18T17:08:12.684+0800][info][gc,marking     ] GC(298) Concurrent Preclean
[2024-07-18T17:08:12.684+0800][info][gc,task        ] GC(302) Using 12 workers of 13 for evacuation
[2024-07-18T17:08:12.684+0800][info][gc,phases      ] GC(302)   Pre Evacuate Collection Set: 0.0ms
[2024-07-18T17:08:12.684+0800][info][gc,phases      ] GC(302)   Merge Heap Roots: 0.0ms
[2024-07-18T17:08:12.684+0800][info][gc,phases      ] GC(302)   Evacuate Collection Set: 0.1ms
[2024-07-18T17:08:12.684+0800][info][gc,phases      ] GC(302)   Post Evacuate Collection Set: 0.1ms
[2024-07-18T17:08:12.684+0800][info][gc,phases      ] GC(302)   Other: 0.1ms
[2024-07-18T17:08:12.684+0800][info][gc,heap        ] GC(302) Eden regions: 2->0(23)
[2024-07-18T17:08:12.684+0800][info][gc,heap        ] GC(302) Survivor regions: 2->2(3)
[2024-07-18T17:08:12.684+0800][info][gc,heap        ] GC(302) Old regions: 307->307
[2024-07-18T17:08:12.684+0800][info][gc,heap        ] GC(302) Archive regions: 0->0
[2024-07-18T17:08:12.684+0800][info][gc,heap        ] GC(302) Humongous regions: 198->198
[2024-07-18T17:08:12.684+0800][info][gc,metaspace   ] GC(302) Metaspace: 194K(384K)->194K(384K) NonClass: 187K(256K)->187K(256K) Class: 7K(128K)->7K(128K)
[2024-07-18T17:08:12.687+0800][info][gc             ] GC(302) Pause Young (Normal) (G1 Preventive Collection) 485M->483M(512M) 0.320ms
[2024-07-18T17:08:12.687+0800][info][gc,cpu         ] GC(302) User=0.00s Sys=0.00s Real=0.00s
[2024-07-18T17:08:12.687+0800][info][gc,marking     ] GC(298) Concurrent Preclean 0.391ms
[2024-07-18T17:08:12.687+0800][info][gc,start       ] GC(298) Pause Remark
[2024-07-18T17:08:12.687+0800][info][gc             ] GC(298) Pause Remark 485M->485M(512M) 0.179ms
[2024-07-18T17:08:12.687+0800][info][gc,cpu         ] GC(298) User=0.00s Sys=0.00s Real=0.00s
[2024-07-18T17:08:12.687+0800][info][gc,marking     ] GC(298) Concurrent Mark 2.619ms
[2024-07-18T17:08:12.687+0800][info][gc,marking     ] GC(298) Concurrent Rebuild Remembered Sets
[2024-07-18T17:08:12.687+0800][info][gc,start       ] GC(303) Pause Young (Normal) (G1 Preventive Collection)
[2024-07-18T17:08:12.687+0800][info][gc,task        ] GC(303) Using 12 workers of 13 for evacuation
[2024-07-18T17:08:12.687+0800][info][gc,phases      ] GC(303)   Pre Evacuate Collection Set: 0.0ms
[2024-07-18T17:08:12.687+0800][info][gc,phases      ] GC(303)   Merge Heap Roots: 0.0ms
[2024-07-18T17:08:12.687+0800][info][gc,phases      ] GC(303)   Evacuate Collection Set: 0.1ms
[2024-07-18T17:08:12.687+0800][info][gc,phases      ] GC(303)   Post Evacuate Collection Set: 0.1ms
[2024-07-18T17:08:12.687+0800][info][gc,phases      ] GC(303)   Other: 0.0ms
[2024-07-18T17:08:12.687+0800][info][gc,heap        ] GC(303) Eden regions: 2->0(22)
[2024-07-18T17:08:12.687+0800][info][gc,heap        ] GC(303) Survivor regions: 2->3(3)
[2024-07-18T17:08:12.687+0800][info][gc,heap        ] GC(303) Old regions: 307->307
[2024-07-18T17:08:12.687+0800][info][gc,heap        ] GC(303) Archive regions: 0->0
[2024-07-18T17:08:12.687+0800][info][gc,heap        ] GC(303) Humongous regions: 198->198
[2024-07-18T17:08:12.687+0800][info][gc,metaspace   ] GC(303) Metaspace: 194K(384K)->194K(384K) NonClass: 187K(256K)->187K(256K) Class: 7K(128K)->7K(128K)
[2024-07-18T17:08:12.687+0800][info][gc             ] GC(303) Pause Young (Normal) (G1 Preventive Collection) 485M->484M(512M) 0.294ms
[2024-07-18T17:08:12.687+0800][info][gc,cpu         ] GC(303) User=0.00s Sys=0.00s Real=0.00s
[2024-07-18T17:08:12.687+0800][info][gc,start       ] GC(304) Pause Young (Normal) (G1 Preventive Collection)
[2024-07-18T17:08:12.687+0800][info][gc,task        ] GC(304) Using 12 workers of 13 for evacuation
[2024-07-18T17:08:12.687+0800][info][gc,phases      ] GC(304)   Pre Evacuate Collection Set: 0.0ms
[2024-07-18T17:08:12.687+0800][info][gc,phases      ] GC(304)   Merge Heap Roots: 0.1ms
[2024-07-18T17:08:12.687+0800][info][gc,phases      ] GC(304)   Evacuate Collection Set: 0.1ms
[2024-07-18T17:08:12.687+0800][info][gc,phases      ] GC(304)   Post Evacuate Collection Set: 0.1ms
[2024-07-18T17:08:12.687+0800][info][gc,phases      ] GC(304)   Other: 0.0ms
[2024-07-18T17:08:12.687+0800][info][gc,heap        ] GC(304) Eden regions: 1->0(23)
[2024-07-18T17:08:12.687+0800][info][gc,heap        ] GC(304) Survivor regions: 3->2(3)
[2024-07-18T17:08:12.687+0800][info][gc,heap        ] GC(304) Old regions: 307->308
[2024-07-18T17:08:12.687+0800][info][gc,heap        ] GC(304) Archive regions: 0->0
[2024-07-18T17:08:12.687+0800][info][gc,heap        ] GC(304) Humongous regions: 198->198
[2024-07-18T17:08:12.687+0800][info][gc,metaspace   ] GC(304) Metaspace: 194K(384K)->194K(384K) NonClass: 187K(256K)->187K(256K) Class: 7K(128K)->7K(128K)
[2024-07-18T17:08:12.687+0800][info][gc             ] GC(304) Pause Young (Normal) (G1 Preventive Collection) 485M->484M(512M) 0.331ms
[2024-07-18T17:08:12.687+0800][info][gc,cpu         ] GC(304) User=0.00s Sys=0.00s Real=0.00s
[2024-07-18T17:08:12.687+0800][info][gc,start       ] GC(305) Pause Young (Normal) (G1 Preventive Collection)
[2024-07-18T17:08:12.687+0800][info][gc,task        ] GC(305) Using 12 workers of 13 for evacuation
[2024-07-18T17:08:12.687+0800][info][gc,phases      ] GC(305)   Pre Evacuate Collection Set: 0.0ms
[2024-07-18T17:08:12.687+0800][info][gc,phases      ] GC(305)   Merge Heap Roots: 0.0ms
[2024-07-18T17:08:12.687+0800][info][gc,phases      ] GC(305)   Evacuate Collection Set: 0.1ms
[2024-07-18T17:08:12.687+0800][info][gc,phases      ] GC(305)   Post Evacuate Collection Set: 0.1ms
[2024-07-18T17:08:12.687+0800][info][gc,phases      ] GC(305)   Other: 0.0ms
[2024-07-18T17:08:12.687+0800][info][gc,heap        ] GC(305) Eden regions: 1->0(23)
[2024-07-18T17:08:12.687+0800][info][gc,heap        ] GC(305) Survivor regions: 2->2(2)
[2024-07-18T17:08:12.687+0800][info][gc,heap        ] GC(305) Old regions: 308->308
[2024-07-18T17:08:12.687+0800][info][gc,heap        ] GC(305) Archive regions: 0->0
[2024-07-18T17:08:12.687+0800][info][gc,heap        ] GC(305) Humongous regions: 199->197
[2024-07-18T17:08:12.687+0800][info][gc,metaspace   ] GC(305) Metaspace: 194K(384K)->194K(384K) NonClass: 187K(256K)->187K(256K) Class: 7K(128K)->7K(128K)
[2024-07-18T17:08:12.687+0800][info][gc             ] GC(305) Pause Young (Normal) (G1 Preventive Collection) 486M->483M(512M) 0.294ms
[2024-07-18T17:08:12.687+0800][info][gc,cpu         ] GC(305) User=0.00s Sys=0.00s Real=0.00s
[2024-07-18T17:08:12.687+0800][info][gc,start       ] GC(306) Pause Young (Normal) (G1 Preventive Collection)
[2024-07-18T17:08:12.687+0800][info][gc,task        ] GC(306) Using 12 workers of 13 for evacuation
[2024-07-18T17:08:12.687+0800][info][gc,phases      ] GC(306)   Pre Evacuate Collection Set: 0.0ms
[2024-07-18T17:08:12.687+0800][info][gc,phases      ] GC(306)   Merge Heap Roots: 0.0ms
[2024-07-18T17:08:12.687+0800][info][gc,phases      ] GC(306)   Evacuate Collection Set: 0.1ms
[2024-07-18T17:08:12.687+0800][info][gc,phases      ] GC(306)   Post Evacuate Collection Set: 0.1ms
[2024-07-18T17:08:12.687+0800][info][gc,phases      ] GC(306)   Other: 0.0ms
[2024-07-18T17:08:12.687+0800][info][gc,heap        ] GC(306) Eden regions: 2->0(22)
[2024-07-18T17:08:12.687+0800][info][gc,heap        ] GC(306) Survivor regions: 2->3(3)
[2024-07-18T17:08:12.687+0800][info][gc,heap        ] GC(306) Old regions: 308->308
[2024-07-18T17:08:12.687+0800][info][gc,heap        ] GC(306) Archive regions: 0->0
[2024-07-18T17:08:12.687+0800][info][gc,heap        ] GC(306) Humongous regions: 197->197
[2024-07-18T17:08:12.687+0800][info][gc,metaspace   ] GC(306) Metaspace: 194K(384K)->194K(384K) NonClass: 187K(256K)->187K(256K) Class: 7K(128K)->7K(128K)
[2024-07-18T17:08:12.687+0800][info][gc             ] GC(306) Pause Young (Normal) (G1 Preventive Collection) 484M->483M(512M) 0.303ms
[2024-07-18T17:08:12.687+0800][info][gc,cpu         ] GC(306) User=0.00s Sys=0.00s Real=0.00s
[2024-07-18T17:08:12.687+0800][info][gc,start       ] GC(307) Pause Young (Normal) (G1 Preventive Collection)
[2024-07-18T17:08:12.687+0800][info][gc,task        ] GC(307) Using 12 workers of 13 for evacuation
[2024-07-18T17:08:12.687+0800][info][gc             ] GC(307) To-space exhausted
[2024-07-18T17:08:12.687+0800][info][gc,phases      ] GC(307)   Pre Evacuate Collection Set: 0.0ms
[2024-07-18T17:08:12.687+0800][info][gc,phases      ] GC(307)   Merge Heap Roots: 0.0ms
[2024-07-18T17:08:12.687+0800][info][gc,phases      ] GC(307)   Evacuate Collection Set: 0.1ms
[2024-07-18T17:08:12.687+0800][info][gc,phases      ] GC(307)   Post Evacuate Collection Set: 0.1ms
[2024-07-18T17:08:12.687+0800][info][gc,phases      ] GC(307)   Other: 0.0ms
[2024-07-18T17:08:12.687+0800][info][gc,heap        ] GC(307) Eden regions: 1->0(22)
[2024-07-18T17:08:12.687+0800][info][gc,heap        ] GC(307) Survivor regions: 3->3(3)
[2024-07-18T17:08:12.687+0800][info][gc,heap        ] GC(307) Old regions: 308->309
[2024-07-18T17:08:12.687+0800][info][gc,heap        ] GC(307) Archive regions: 0->0
[2024-07-18T17:08:12.687+0800][info][gc,heap        ] GC(307) Humongous regions: 197->196
[2024-07-18T17:08:12.687+0800][info][gc,metaspace   ] GC(307) Metaspace: 194K(384K)->194K(384K) NonClass: 187K(256K)->187K(256K) Class: 7K(128K)->7K(128K)
[2024-07-18T17:08:12.687+0800][info][gc             ] GC(307) Pause Young (Normal) (G1 Preventive Collection) 484M->483M(512M) 0.308ms
[2024-07-18T17:08:12.687+0800][info][gc,cpu         ] GC(307) User=0.00s Sys=0.00s Real=0.00s
[2024-07-18T17:08:12.687+0800][info][gc,start       ] GC(308) Pause Young (Normal) (G1 Preventive Collection)
[2024-07-18T17:08:12.687+0800][info][gc,task        ] GC(308) Using 12 workers of 13 for evacuation
[2024-07-18T17:08:12.687+0800][info][gc,phases      ] GC(308)   Pre Evacuate Collection Set: 0.0ms
[2024-07-18T17:08:12.687+0800][info][gc,phases      ] GC(308)   Merge Heap Roots: 0.0ms
[2024-07-18T17:08:12.687+0800][info][gc,phases      ] GC(308)   Evacuate Collection Set: 0.1ms
[2024-07-18T17:08:12.687+0800][info][gc,phases      ] GC(308)   Post Evacuate Collection Set: 0.1ms
[2024-07-18T17:08:12.687+0800][info][gc,phases      ] GC(308)   Other: 0.0ms
[2024-07-18T17:08:12.687+0800][info][gc,heap        ] GC(308) Eden regions: 1->0(23)
[2024-07-18T17:08:12.687+0800][info][gc,heap        ] GC(308) Survivor regions: 3->2(3)
[2024-07-18T17:08:12.687+0800][info][gc,heap        ] GC(308) Old regions: 309->310
[2024-07-18T17:08:12.687+0800][info][gc,heap        ] GC(308) Archive regions: 0->0
[2024-07-18T17:08:12.687+0800][info][gc,heap        ] GC(308) Humongous regions: 196->196
[2024-07-18T17:08:12.687+0800][info][gc,metaspace   ] GC(308) Metaspace: 194K(384K)->194K(384K) NonClass: 187K(256K)->187K(256K) Class: 7K(128K)->7K(128K)
[2024-07-18T17:08:12.687+0800][info][gc             ] GC(308) Pause Young (Normal) (G1 Preventive Collection) 484M->483M(512M) 0.366ms
[2024-07-18T17:08:12.687+0800][info][gc,cpu         ] GC(308) User=0.00s Sys=0.00s Real=0.00s
[2024-07-18T17:08:12.687+0800][info][gc,start       ] GC(309) Pause Young (Normal) (G1 Preventive Collection)
[2024-07-18T17:08:12.687+0800][info][gc,task        ] GC(309) Using 12 workers of 13 for evacuation
[2024-07-18T17:08:12.687+0800][info][gc,phases      ] GC(309)   Pre Evacuate Collection Set: 0.0ms
[2024-07-18T17:08:12.687+0800][info][gc,phases      ] GC(309)   Merge Heap Roots: 0.0ms
[2024-07-18T17:08:12.687+0800][info][gc,phases      ] GC(309)   Evacuate Collection Set: 0.1ms
[2024-07-18T17:08:12.687+0800][info][gc,phases      ] GC(309)   Post Evacuate Collection Set: 0.1ms
[2024-07-18T17:08:12.687+0800][info][gc,phases      ] GC(309)   Other: 0.0ms
[2024-07-18T17:08:12.687+0800][info][gc,heap        ] GC(309) Eden regions: 1->0(23)
[2024-07-18T17:08:12.687+0800][info][gc,heap        ] GC(309) Survivor regions: 2->2(3)
[2024-07-18T17:08:12.687+0800][info][gc,heap        ] GC(309) Old regions: 310->310
[2024-07-18T17:08:12.687+0800][info][gc,heap        ] GC(309) Archive regions: 0->0
[2024-07-18T17:08:12.687+0800][info][gc,heap        ] GC(309) Humongous regions: 196->196
[2024-07-18T17:08:12.687+0800][info][gc,metaspace   ] GC(309) Metaspace: 194K(384K)->194K(384K) NonClass: 187K(256K)->187K(256K) Class: 7K(128K)->7K(128K)
[2024-07-18T17:08:12.687+0800][info][gc             ] GC(309) Pause Young (Normal) (G1 Preventive Collection) 484M->483M(512M) 0.285ms
[2024-07-18T17:08:12.687+0800][info][gc,cpu         ] GC(309) User=0.00s Sys=0.00s Real=0.00s
[2024-07-18T17:08:12.687+0800][info][gc,start       ] GC(310) Pause Young (Normal) (G1 Preventive Collection)
[2024-07-18T17:08:12.687+0800][info][gc,task        ] GC(310) Using 12 workers of 13 for evacuation
[2024-07-18T17:08:12.687+0800][info][gc,phases      ] GC(310)   Pre Evacuate Collection Set: 0.0ms
[2024-07-18T17:08:12.687+0800][info][gc,phases      ] GC(310)   Merge Heap Roots: 0.0ms
[2024-07-18T17:08:12.687+0800][info][gc,phases      ] GC(310)   Evacuate Collection Set: 0.1ms
[2024-07-18T17:08:12.687+0800][info][gc,phases      ] GC(310)   Post Evacuate Collection Set: 0.1ms
[2024-07-18T17:08:12.687+0800][info][gc,phases      ] GC(310)   Other: 0.0ms
[2024-07-18T17:08:12.687+0800][info][gc,heap        ] GC(310) Eden regions: 1->0(22)
[2024-07-18T17:08:12.687+0800][info][gc,heap        ] GC(310) Survivor regions: 2->3(3)
[2024-07-18T17:08:12.687+0800][info][gc,heap        ] GC(310) Old regions: 310->310
[2024-07-18T17:08:12.687+0800][info][gc,heap        ] GC(310) Archive regions: 0->0
[2024-07-18T17:08:12.687+0800][info][gc,heap        ] GC(310) Humongous regions: 196->195
[2024-07-18T17:08:12.687+0800][info][gc,metaspace   ] GC(310) Metaspace: 194K(384K)->194K(384K) NonClass: 187K(256K)->187K(256K) Class: 7K(128K)->7K(128K)
[2024-07-18T17:08:12.687+0800][info][gc             ] GC(310) Pause Young (Normal) (G1 Preventive Collection) 484M->483M(512M) 0.298ms
[2024-07-18T17:08:12.687+0800][info][gc,cpu         ] GC(310) User=0.00s Sys=0.00s Real=0.00s
[2024-07-18T17:08:12.687+0800][info][gc,marking     ] GC(298) Concurrent Rebuild Remembered Sets 3.353ms
[2024-07-18T17:08:12.687+0800][info][gc,start       ] GC(298) Pause Cleanup
[2024-07-18T17:08:12.687+0800][info][gc             ] GC(298) Pause Cleanup 484M->484M(512M) 0.091ms
[2024-07-18T17:08:12.687+0800][info][gc,cpu         ] GC(298) User=0.00s Sys=0.00s Real=0.00s
[2024-07-18T17:08:12.687+0800][info][gc,marking     ] GC(298) Concurrent Cleanup for Next Mark
[2024-07-18T17:08:12.687+0800][info][gc,start       ] GC(311) Pause Young (Prepare Mixed) (G1 Preventive Collection)
[2024-07-18T17:08:12.687+0800][info][gc,task        ] GC(311) Using 12 workers of 13 for evacuation
[2024-07-18T17:08:12.691+0800][info][gc,phases      ] GC(311)   Pre Evacuate Collection Set: 0.0ms
[2024-07-18T17:08:12.691+0800][info][gc,phases      ] GC(311)   Merge Heap Roots: 0.0ms
[2024-07-18T17:08:12.691+0800][info][gc,phases      ] GC(311)   Evacuate Collection Set: 0.1ms
[2024-07-18T17:08:12.691+0800][info][gc,phases      ] GC(311)   Post Evacuate Collection Set: 0.1ms
[2024-07-18T17:08:12.691+0800][info][gc,phases      ] GC(311)   Other: 0.0ms
[2024-07-18T17:08:12.691+0800][info][gc,heap        ] GC(311) Eden regions: 1->0(22)
[2024-07-18T17:08:12.691+0800][info][gc,heap        ] GC(311) Survivor regions: 3->3(3)
[2024-07-18T17:08:12.691+0800][info][gc,heap        ] GC(311) Old regions: 310->310
[2024-07-18T17:08:12.691+0800][info][gc,heap        ] GC(311) Archive regions: 0->0
[2024-07-18T17:08:12.691+0800][info][gc,heap        ] GC(311) Humongous regions: 195->195
[2024-07-18T17:08:12.691+0800][info][gc,metaspace   ] GC(311) Metaspace: 194K(384K)->194K(384K) NonClass: 187K(256K)->187K(256K) Class: 7K(128K)->7K(128K)
[2024-07-18T17:08:12.691+0800][info][gc             ] GC(311) Pause Young (Prepare Mixed) (G1 Preventive Collection) 484M->483M(512M) 0.312ms
[2024-07-18T17:08:12.691+0800][info][gc,cpu         ] GC(311) User=0.00s Sys=0.00s Real=0.00s
[2024-07-18T17:08:12.691+0800][info][gc,start       ] GC(312) Pause Young (Mixed) (G1 Preventive Collection)
[2024-07-18T17:08:12.691+0800][info][gc,task        ] GC(312) Using 12 workers of 13 for evacuation
[2024-07-18T17:08:12.691+0800][info][gc             ] GC(312) To-space exhausted
[2024-07-18T17:08:12.691+0800][info][gc,phases      ] GC(312)   Pre Evacuate Collection Set: 0.0ms
[2024-07-18T17:08:12.691+0800][info][gc,phases      ] GC(312)   Merge Heap Roots: 0.0ms
[2024-07-18T17:08:12.691+0800][info][gc,phases      ] GC(312)   Evacuate Collection Set: 0.2ms
[2024-07-18T17:08:12.691+0800][info][gc,phases      ] GC(312)   Post Evacuate Collection Set: 0.1ms
[2024-07-18T17:08:12.691+0800][info][gc,phases      ] GC(312)   Other: 0.0ms
[2024-07-18T17:08:12.691+0800][info][gc,heap        ] GC(312) Eden regions: 1->0(24)
[2024-07-18T17:08:12.691+0800][info][gc,heap        ] GC(312) Survivor regions: 3->1(3)
[2024-07-18T17:08:12.691+0800][info][gc,heap        ] GC(312) Old regions: 310->307
[2024-07-18T17:08:12.691+0800][info][gc,heap        ] GC(312) Archive regions: 0->0
[2024-07-18T17:08:12.691+0800][info][gc,heap        ] GC(312) Humongous regions: 195->195
[2024-07-18T17:08:12.691+0800][info][gc,metaspace   ] GC(312) Metaspace: 194K(384K)->194K(384K) NonClass: 187K(256K)->187K(256K) Class: 7K(128K)->7K(128K)
[2024-07-18T17:08:12.691+0800][info][gc             ] GC(312) Pause Young (Mixed) (G1 Preventive Collection) 484M->480M(512M) 0.466ms
[2024-07-18T17:08:12.691+0800][info][gc,cpu         ] GC(312) User=0.00s Sys=0.00s Real=0.00s
[2024-07-18T17:08:12.691+0800][info][gc,start       ] GC(313) Pause Young (Mixed) (G1 Preventive Collection)
[2024-07-18T17:08:12.691+0800][info][gc,task        ] GC(313) Using 12 workers of 13 for evacuation
[2024-07-18T17:08:12.692+0800][info][gc             ] GC(313) To-space exhausted
[2024-07-18T17:08:12.692+0800][info][gc,phases      ] GC(313)   Pre Evacuate Collection Set: 0.0ms
[2024-07-18T17:08:12.692+0800][info][gc,phases      ] GC(313)   Merge Heap Roots: 0.0ms
[2024-07-18T17:08:12.692+0800][info][gc,phases      ] GC(313)   Evacuate Collection Set: 0.6ms
[2024-07-18T17:08:12.692+0800][info][gc,phases      ] GC(313)   Post Evacuate Collection Set: 0.1ms
[2024-07-18T17:08:12.692+0800][info][gc,phases      ] GC(313)   Other: 0.1ms
[2024-07-18T17:08:12.692+0800][info][gc,heap        ] GC(313) Eden regions: 1->0(24)
[2024-07-18T17:08:12.692+0800][info][gc,heap        ] GC(313) Survivor regions: 1->1(4)
[2024-07-18T17:08:12.692+0800][info][gc,heap        ] GC(313) Old regions: 307->311
[2024-07-18T17:08:12.692+0800][info][gc,heap        ] GC(313) Archive regions: 0->0
[2024-07-18T17:08:12.692+0800][info][gc,heap        ] GC(313) Humongous regions: 195->195
[2024-07-18T17:08:12.692+0800][info][gc,metaspace   ] GC(313) Metaspace: 194K(384K)->194K(384K) NonClass: 187K(256K)->187K(256K) Class: 7K(128K)->7K(128K)
[2024-07-18T17:08:12.692+0800][info][gc             ] GC(313) Pause Young (Mixed) (G1 Preventive Collection) 480M->484M(512M) 0.873ms
[2024-07-18T17:08:12.692+0800][info][gc,cpu         ] GC(313) User=0.00s Sys=0.00s Real=0.00s
[2024-07-18T17:08:12.692+0800][info][gc,start       ] GC(314) Pause Young (Normal) (G1 Preventive Collection)
[2024-07-18T17:08:12.692+0800][info][gc,task        ] GC(314) Using 12 workers of 13 for evacuation
[2024-07-18T17:08:12.692+0800][info][gc,phases      ] GC(314)   Pre Evacuate Collection Set: 0.0ms
[2024-07-18T17:08:12.692+0800][info][gc,phases      ] GC(314)   Merge Heap Roots: 0.0ms
[2024-07-18T17:08:12.692+0800][info][gc,phases      ] GC(314)   Evacuate Collection Set: 0.1ms
[2024-07-18T17:08:12.692+0800][info][gc,phases      ] GC(314)   Post Evacuate Collection Set: 0.1ms
[2024-07-18T17:08:12.692+0800][info][gc,phases      ] GC(314)   Other: 0.0ms
[2024-07-18T17:08:12.692+0800][info][gc,heap        ] GC(314) Eden regions: 2->0(23)
[2024-07-18T17:08:12.692+0800][info][gc,heap        ] GC(314) Survivor regions: 1->2(2)
[2024-07-18T17:08:12.692+0800][info][gc,heap        ] GC(314) Old regions: 311->311
[2024-07-18T17:08:12.692+0800][info][gc,heap        ] GC(314) Archive regions: 0->0
[2024-07-18T17:08:12.692+0800][info][gc,heap        ] GC(314) Humongous regions: 196->196
[2024-07-18T17:08:12.692+0800][info][gc,metaspace   ] GC(314) Metaspace: 194K(384K)->194K(384K) NonClass: 187K(256K)->187K(256K) Class: 7K(128K)->7K(128K)
[2024-07-18T17:08:12.692+0800][info][gc             ] GC(314) Pause Young (Normal) (G1 Preventive Collection) 486M->486M(512M) 0.346ms
[2024-07-18T17:08:12.692+0800][info][gc,cpu         ] GC(314) User=0.00s Sys=0.00s Real=0.00s
[2024-07-18T17:08:12.692+0800][info][gc,marking     ] GC(298) Concurrent Cleanup for Next Mark 2.472ms
[2024-07-18T17:08:12.692+0800][info][gc,start       ] GC(315) Pause Young (Normal) (G1 Preventive Collection)
[2024-07-18T17:08:12.692+0800][info][gc,task        ] GC(315) Using 12 workers of 13 for evacuation
[2024-07-18T17:08:12.692+0800][info][gc,phases      ] GC(315)   Pre Evacuate Collection Set: 0.0ms
[2024-07-18T17:08:12.692+0800][info][gc,phases      ] GC(315)   Merge Heap Roots: 0.0ms
[2024-07-18T17:08:12.692+0800][info][gc,phases      ] GC(315)   Evacuate Collection Set: 0.1ms
[2024-07-18T17:08:12.692+0800][info][gc,phases      ] GC(315)   Post Evacuate Collection Set: 0.1ms
[2024-07-18T17:08:12.692+0800][info][gc,phases      ] GC(315)   Other: 0.0ms
[2024-07-18T17:08:12.692+0800][info][gc,heap        ] GC(315) Eden regions: 0->0(23)
[2024-07-18T17:08:12.692+0800][info][gc,heap        ] GC(315) Survivor regions: 2->2(2)
[2024-07-18T17:08:12.692+0800][info][gc,heap        ] GC(315) Old regions: 311->311
[2024-07-18T17:08:12.692+0800][info][gc,heap        ] GC(315) Archive regions: 0->0
[2024-07-18T17:08:12.692+0800][info][gc,heap        ] GC(315) Humongous regions: 197->197
[2024-07-18T17:08:12.692+0800][info][gc,metaspace   ] GC(315) Metaspace: 194K(384K)->194K(384K) NonClass: 187K(256K)->187K(256K) Class: 7K(128K)->7K(128K)
[2024-07-18T17:08:12.692+0800][info][gc             ] GC(315) Pause Young (Normal) (G1 Preventive Collection) 487M->487M(512M) 0.309ms
[2024-07-18T17:08:12.692+0800][info][gc,cpu         ] GC(315) User=0.00s Sys=0.00s Real=0.00s
[2024-07-18T17:08:12.692+0800][info][gc             ] GC(298) Concurrent Mark Cycle 9.034ms
[2024-07-18T17:08:12.692+0800][info][gc,start       ] GC(316) Pause Young (Normal) (G1 Preventive Collection)
[2024-07-18T17:08:12.692+0800][info][gc,task        ] GC(316) Using 12 workers of 13 for evacuation
[2024-07-18T17:08:12.692+0800][info][gc             ] GC(316) To-space exhausted
[2024-07-18T17:08:12.692+0800][info][gc,phases      ] GC(316)   Pre Evacuate Collection Set: 0.0ms
[2024-07-18T17:08:12.692+0800][info][gc,phases      ] GC(316)   Merge Heap Roots: 0.0ms
[2024-07-18T17:08:12.692+0800][info][gc,phases      ] GC(316)   Evacuate Collection Set: 0.1ms
[2024-07-18T17:08:12.692+0800][info][gc,phases      ] GC(316)   Post Evacuate Collection Set: 0.1ms
[2024-07-18T17:08:12.692+0800][info][gc,phases      ] GC(316)   Other: 0.0ms
[2024-07-18T17:08:12.692+0800][info][gc,heap        ] GC(316) Eden regions: 1->0(24)
[2024-07-18T17:08:12.692+0800][info][gc,heap        ] GC(316) Survivor regions: 2->1(1)
[2024-07-18T17:08:12.692+0800][info][gc,heap        ] GC(316) Old regions: 311->314
[2024-07-18T17:08:12.692+0800][info][gc,heap        ] GC(316) Archive regions: 0->0
[2024-07-18T17:08:12.692+0800][info][gc,heap        ] GC(316) Humongous regions: 197->197
[2024-07-18T17:08:12.692+0800][info][gc,metaspace   ] GC(316) Metaspace: 194K(384K)->194K(384K) NonClass: 187K(256K)->187K(256K) Class: 7K(128K)->7K(128K)
[2024-07-18T17:08:12.692+0800][info][gc             ] GC(316) Pause Young (Normal) (G1 Preventive Collection) 487M->488M(512M) 0.263ms
[2024-07-18T17:08:12.692+0800][info][gc,cpu         ] GC(316) User=0.00s Sys=0.00s Real=0.00s
[2024-07-18T17:08:12.692+0800][info][gc,ergo        ] Attempting full compaction
[2024-07-18T17:08:12.692+0800][info][gc,task        ] GC(317) Using 12 workers of 13 for full compaction
[2024-07-18T17:08:12.692+0800][info][gc,start       ] GC(317) Pause Full (G1 Compaction Pause)
[2024-07-18T17:08:12.692+0800][info][gc,phases,start] GC(317) Phase 1: Mark live objects
[2024-07-18T17:08:12.692+0800][info][gc,phases      ] GC(317) Phase 1: Mark live objects 0.434ms
[2024-07-18T17:08:12.692+0800][info][gc,phases,start] GC(317) Phase 2: Prepare for compaction
[2024-07-18T17:08:12.692+0800][info][gc,phases      ] GC(317) Phase 2: Prepare for compaction 0.153ms
[2024-07-18T17:08:12.692+0800][info][gc,phases,start] GC(317) Phase 3: Adjust pointers
[2024-07-18T17:08:12.692+0800][info][gc,phases      ] GC(317) Phase 3: Adjust pointers 0.105ms
[2024-07-18T17:08:12.692+0800][info][gc,phases,start] GC(317) Phase 4: Compact heap
[2024-07-18T17:08:12.703+0800][info][gc,phases      ] GC(317) Phase 4: Compact heap 13.960ms
[2024-07-18T17:08:12.703+0800][info][gc,heap        ] GC(317) Eden regions: 0->0(25)
[2024-07-18T17:08:12.703+0800][info][gc,heap        ] GC(317) Survivor regions: 1->0(1)
[2024-07-18T17:08:12.703+0800][info][gc,heap        ] GC(317) Old regions: 314->241
[2024-07-18T17:08:12.703+0800][info][gc,heap        ] GC(317) Archive regions: 0->0
[2024-07-18T17:08:12.703+0800][info][gc,heap        ] GC(317) Humongous regions: 197->197
[2024-07-18T17:08:12.703+0800][info][gc,metaspace   ] GC(317) Metaspace: 194K(384K)->194K(384K) NonClass: 187K(256K)->187K(256K) Class: 7K(128K)->7K(128K)
[2024-07-18T17:08:12.703+0800][info][gc             ] GC(317) Pause Full (G1 Compaction Pause) 488M->413M(512M) 15.299ms
[2024-07-18T17:08:12.703+0800][info][gc,cpu         ] GC(317) User=0.06s Sys=0.00s Real=0.01s
[2024-07-18T17:08:12.703+0800][info][gc,start       ] GC(318) Pause Young (Concurrent Start) (G1 Humongous Allocation)
[2024-07-18T17:08:12.703+0800][info][gc,task        ] GC(318) Using 12 workers of 13 for evacuation
[2024-07-18T17:08:12.703+0800][info][gc,phases      ] GC(318)   Pre Evacuate Collection Set: 0.0ms
[2024-07-18T17:08:12.703+0800][info][gc,phases      ] GC(318)   Merge Heap Roots: 0.0ms
[2024-07-18T17:08:12.703+0800][info][gc,phases      ] GC(318)   Evacuate Collection Set: 0.2ms
[2024-07-18T17:08:12.703+0800][info][gc,phases      ] GC(318)   Post Evacuate Collection Set: 0.1ms
[2024-07-18T17:08:12.703+0800][info][gc,phases      ] GC(318)   Other: 0.1ms
[2024-07-18T17:08:12.703+0800][info][gc,heap        ] GC(318) Eden regions: 5->0(23)
[2024-07-18T17:08:12.703+0800][info][gc,heap        ] GC(318) Survivor regions: 0->2(4)
[2024-07-18T17:08:12.703+0800][info][gc,heap        ] GC(318) Old regions: 241->241
[2024-07-18T17:08:12.703+0800][info][gc,heap        ] GC(318) Archive regions: 0->0
[2024-07-18T17:08:12.703+0800][info][gc,heap        ] GC(318) Humongous regions: 197->197
[2024-07-18T17:08:12.703+0800][info][gc,metaspace   ] GC(318) Metaspace: 194K(384K)->194K(384K) NonClass: 187K(256K)->187K(256K) Class: 7K(128K)->7K(128K)
[2024-07-18T17:08:12.703+0800][info][gc             ] GC(318) Pause Young (Concurrent Start) (G1 Humongous Allocation) 417M->414M(512M) 0.512ms
[2024-07-18T17:08:12.703+0800][info][gc,cpu         ] GC(318) User=0.00s Sys=0.00s Real=0.00s
[2024-07-18T17:08:12.703+0800][info][gc             ] GC(319) Concurrent Mark Cycle
[2024-07-18T17:08:12.703+0800][info][gc,marking     ] GC(319) Concurrent Clear Claimed Marks
[2024-07-18T17:08:12.703+0800][info][gc,marking     ] GC(319) Concurrent Clear Claimed Marks 0.008ms
[2024-07-18T17:08:12.703+0800][info][gc,marking     ] GC(319) Concurrent Scan Root Regions
[2024-07-18T17:08:12.703+0800][info][gc,marking     ] GC(319) Concurrent Scan Root Regions 0.023ms
[2024-07-18T17:08:12.703+0800][info][gc,marking     ] GC(319) Concurrent Mark
[2024-07-18T17:08:12.703+0800][info][gc,marking     ] GC(319) Concurrent Mark From Roots
[2024-07-18T17:08:12.703+0800][info][gc,task        ] GC(319) Using 3 workers of 3 for marking
[2024-07-18T17:08:12.703+0800][info][gc,marking     ] GC(319) Concurrent Mark From Roots 0.675ms
[2024-07-18T17:08:12.703+0800][info][gc,marking     ] GC(319) Concurrent Preclean
[2024-07-18T17:08:12.703+0800][info][gc,marking     ] GC(319) Concurrent Preclean 0.056ms
[2024-07-18T17:08:12.703+0800][info][gc,start       ] GC(319) Pause Remark
[2024-07-18T17:08:12.703+0800][info][gc             ] GC(319) Pause Remark 429M->429M(512M) 0.245ms
[2024-07-18T17:08:12.703+0800][info][gc,cpu         ] GC(319) User=0.00s Sys=0.00s Real=0.00s
[2024-07-18T17:08:12.703+0800][info][gc,marking     ] GC(319) Concurrent Mark 1.102ms
[2024-07-18T17:08:12.703+0800][info][gc,marking     ] GC(319) Concurrent Rebuild Remembered Sets
[2024-07-18T17:08:12.712+0800][info][gc,marking     ] GC(319) Concurrent Rebuild Remembered Sets 0.480ms
[2024-07-18T17:08:12.712+0800][info][gc,start       ] GC(319) Pause Cleanup
[2024-07-18T17:08:12.712+0800][info][gc             ] GC(319) Pause Cleanup 436M->436M(512M) 0.083ms
[2024-07-18T17:08:12.712+0800][info][gc,cpu         ] GC(319) User=0.00s Sys=0.00s Real=0.00s
[2024-07-18T17:08:12.712+0800][info][gc,marking     ] GC(319) Concurrent Cleanup for Next Mark
[2024-07-18T17:08:12.712+0800][info][gc,marking     ] GC(319) Concurrent Cleanup for Next Mark 0.436ms
[2024-07-18T17:08:12.713+0800][info][gc             ] GC(319) Concurrent Mark Cycle 2.289ms
[2024-07-18T17:08:12.713+0800][info][gc,start       ] GC(320) Pause Young (Prepare Mixed) (G1 Evacuation Pause)
[2024-07-18T17:08:12.713+0800][info][gc,task        ] GC(320) Using 12 workers of 13 for evacuation
[2024-07-18T17:08:12.713+0800][info][gc,phases      ] GC(320)   Pre Evacuate Collection Set: 0.0ms
[2024-07-18T17:08:12.713+0800][info][gc,phases      ] GC(320)   Merge Heap Roots: 0.1ms
[2024-07-18T17:08:12.713+0800][info][gc,phases      ] GC(320)   Evacuate Collection Set: 1.0ms
[2024-07-18T17:08:12.713+0800][info][gc,phases      ] GC(320)   Post Evacuate Collection Set: 0.1ms
[2024-07-18T17:08:12.713+0800][info][gc,phases      ] GC(320)   Other: 0.1ms
[2024-07-18T17:08:12.713+0800][info][gc,heap        ] GC(320) Eden regions: 23->0(21)
[2024-07-18T17:08:12.713+0800][info][gc,heap        ] GC(320) Survivor regions: 2->4(4)
[2024-07-18T17:08:12.713+0800][info][gc,heap        ] GC(320) Old regions: 241->249
[2024-07-18T17:08:12.713+0800][info][gc,heap        ] GC(320) Archive regions: 0->0
[2024-07-18T17:08:12.713+0800][info][gc,heap        ] GC(320) Humongous regions: 207->198
[2024-07-18T17:08:12.713+0800][info][gc,metaspace   ] GC(320) Metaspace: 194K(384K)->194K(384K) NonClass: 187K(256K)->187K(256K) Class: 7K(128K)->7K(128K)
[2024-07-18T17:08:12.713+0800][info][gc             ] GC(320) Pause Young (Prepare Mixed) (G1 Evacuation Pause) 447M->425M(512M) 1.357ms
[2024-07-18T17:08:12.713+0800][info][gc,cpu         ] GC(320) User=0.00s Sys=0.00s Real=0.00s
[2024-07-18T17:08:12.713+0800][info][gc,start       ] GC(321) Pause Young (Mixed) (G1 Evacuation Pause)
[2024-07-18T17:08:12.713+0800][info][gc,task        ] GC(321) Using 12 workers of 13 for evacuation
[2024-07-18T17:08:12.713+0800][info][gc,phases      ] GC(321)   Pre Evacuate Collection Set: 0.0ms
[2024-07-18T17:08:12.713+0800][info][gc,phases      ] GC(321)   Merge Heap Roots: 0.0ms
[2024-07-18T17:08:12.713+0800][info][gc,phases      ] GC(321)   Evacuate Collection Set: 1.1ms
[2024-07-18T17:08:12.713+0800][info][gc,phases      ] GC(321)   Post Evacuate Collection Set: 0.1ms
[2024-07-18T17:08:12.713+0800][info][gc,phases      ] GC(321)   Other: 0.1ms
[2024-07-18T17:08:12.713+0800][info][gc,heap        ] GC(321) Eden regions: 21->0(21)
[2024-07-18T17:08:12.713+0800][info][gc,heap        ] GC(321) Survivor regions: 4->4(4)
[2024-07-18T17:08:12.713+0800][info][gc,heap        ] GC(321) Old regions: 249->253
[2024-07-18T17:08:12.713+0800][info][gc,heap        ] GC(321) Archive regions: 0->0
[2024-07-18T17:08:12.713+0800][info][gc,heap        ] GC(321) Humongous regions: 206->197
[2024-07-18T17:08:12.713+0800][info][gc,metaspace   ] GC(321) Metaspace: 194K(384K)->194K(384K) NonClass: 187K(256K)->187K(256K) Class: 7K(128K)->7K(128K)
[2024-07-18T17:08:12.713+0800][info][gc             ] GC(321) Pause Young (Mixed) (G1 Evacuation Pause) 454M->432M(512M) 1.462ms
[2024-07-18T17:08:12.713+0800][info][gc,cpu         ] GC(321) User=0.00s Sys=0.00s Real=0.00s
[2024-07-18T17:08:12.713+0800][info][gc,start       ] GC(322) Pause Young (Concurrent Start) (G1 Humongous Allocation)
[2024-07-18T17:08:12.713+0800][info][gc,task        ] GC(322) Using 12 workers of 13 for evacuation
[2024-07-18T17:08:12.719+0800][info][gc,phases      ] GC(322)   Pre Evacuate Collection Set: 0.0ms
[2024-07-18T17:08:12.719+0800][info][gc,phases      ] GC(322)   Merge Heap Roots: 0.0ms
[2024-07-18T17:08:12.719+0800][info][gc,phases      ] GC(322)   Evacuate Collection Set: 0.3ms
[2024-07-18T17:08:12.719+0800][info][gc,phases      ] GC(322)   Post Evacuate Collection Set: 0.1ms
[2024-07-18T17:08:12.719+0800][info][gc,phases      ] GC(322)   Other: 0.1ms
[2024-07-18T17:08:12.719+0800][info][gc,heap        ] GC(322) Eden regions: 2->0(24)
[2024-07-18T17:08:12.719+0800][info][gc,heap        ] GC(322) Survivor regions: 4->1(4)
[2024-07-18T17:08:12.719+0800][info][gc,heap        ] GC(322) Old regions: 253->257
[2024-07-18T17:08:12.719+0800][info][gc,heap        ] GC(322) Archive regions: 0->0
[2024-07-18T17:08:12.719+0800][info][gc,heap        ] GC(322) Humongous regions: 197->196
[2024-07-18T17:08:12.719+0800][info][gc,metaspace   ] GC(322) Metaspace: 194K(384K)->194K(384K) NonClass: 187K(256K)->187K(256K) Class: 7K(128K)->7K(128K)
[2024-07-18T17:08:12.719+0800][info][gc             ] GC(322) Pause Young (Concurrent Start) (G1 Humongous Allocation) 434M->432M(512M) 0.632ms
[2024-07-18T17:08:12.719+0800][info][gc,cpu         ] GC(322) User=0.00s Sys=0.00s Real=0.01s
[2024-07-18T17:08:12.719+0800][info][gc             ] GC(323) Concurrent Mark Cycle
[2024-07-18T17:08:12.719+0800][info][gc,marking     ] GC(323) Concurrent Clear Claimed Marks
[2024-07-18T17:08:12.719+0800][info][gc,marking     ] GC(323) Concurrent Clear Claimed Marks 0.015ms
[2024-07-18T17:08:12.719+0800][info][gc,marking     ] GC(323) Concurrent Scan Root Regions
[2024-07-18T17:08:12.719+0800][info][gc,marking     ] GC(323) Concurrent Scan Root Regions 0.034ms
[2024-07-18T17:08:12.719+0800][info][gc,marking     ] GC(323) Concurrent Mark
[2024-07-18T17:08:12.719+0800][info][gc,marking     ] GC(323) Concurrent Mark From Roots
[2024-07-18T17:08:12.719+0800][info][gc,task        ] GC(323) Using 3 workers of 3 for marking
[2024-07-18T17:08:12.719+0800][info][gc,marking     ] GC(323) Concurrent Mark From Roots 0.802ms
[2024-07-18T17:08:12.719+0800][info][gc,marking     ] GC(323) Concurrent Preclean
[2024-07-18T17:08:12.719+0800][info][gc,marking     ] GC(323) Concurrent Preclean 0.097ms
[2024-07-18T17:08:12.719+0800][info][gc,start       ] GC(323) Pause Remark
[2024-07-18T17:08:12.719+0800][info][gc             ] GC(323) Pause Remark 448M->448M(512M) 0.226ms
[2024-07-18T17:08:12.719+0800][info][gc,cpu         ] GC(323) User=0.00s Sys=0.00s Real=0.00s
[2024-07-18T17:08:12.719+0800][info][gc,marking     ] GC(323) Concurrent Mark 1.247ms
[2024-07-18T17:08:12.719+0800][info][gc,marking     ] GC(323) Concurrent Rebuild Remembered Sets
[2024-07-18T17:08:12.719+0800][info][gc,marking     ] GC(323) Concurrent Rebuild Remembered Sets 0.392ms
[2024-07-18T17:08:12.719+0800][info][gc,start       ] GC(323) Pause Cleanup
[2024-07-18T17:08:12.719+0800][info][gc             ] GC(323) Pause Cleanup 452M->452M(512M) 0.092ms
[2024-07-18T17:08:12.719+0800][info][gc,cpu         ] GC(323) User=0.00s Sys=0.00s Real=0.00s
[2024-07-18T17:08:12.719+0800][info][gc,marking     ] GC(323) Concurrent Cleanup for Next Mark
[2024-07-18T17:08:12.719+0800][info][gc,marking     ] GC(323) Concurrent Cleanup for Next Mark 0.511ms
[2024-07-18T17:08:12.719+0800][info][gc             ] GC(323) Concurrent Mark Cycle 2.507ms
[2024-07-18T17:08:12.719+0800][info][gc,start       ] GC(324) Pause Young (Prepare Mixed) (G1 Evacuation Pause)
[2024-07-18T17:08:12.719+0800][info][gc,task        ] GC(324) Using 12 workers of 13 for evacuation
[2024-07-18T17:08:12.719+0800][info][gc,phases      ] GC(324)   Pre Evacuate Collection Set: 0.0ms
[2024-07-18T17:08:12.719+0800][info][gc,phases      ] GC(324)   Merge Heap Roots: 0.1ms
[2024-07-18T17:08:12.719+0800][info][gc,phases      ] GC(324)   Evacuate Collection Set: 1.0ms
[2024-07-18T17:08:12.719+0800][info][gc,phases      ] GC(324)   Post Evacuate Collection Set: 0.1ms
[2024-07-18T17:08:12.719+0800][info][gc,phases      ] GC(324)   Other: 0.1ms
[2024-07-18T17:08:12.719+0800][info][gc,heap        ] GC(324) Eden regions: 24->0(21)
[2024-07-18T17:08:12.719+0800][info][gc,heap        ] GC(324) Survivor regions: 1->4(4)
[2024-07-18T17:08:12.719+0800][info][gc,heap        ] GC(324) Old regions: 257->265
[2024-07-18T17:08:12.719+0800][info][gc,heap        ] GC(324) Archive regions: 0->0
[2024-07-18T17:08:12.719+0800][info][gc,heap        ] GC(324) Humongous regions: 206->190
[2024-07-18T17:08:12.719+0800][info][gc,metaspace   ] GC(324) Metaspace: 194K(384K)->194K(384K) NonClass: 187K(256K)->187K(256K) Class: 7K(128K)->7K(128K)
[2024-07-18T17:08:12.719+0800][info][gc             ] GC(324) Pause Young (Prepare Mixed) (G1 Evacuation Pause) 466M->437M(512M) 1.449ms
[2024-07-18T17:08:12.719+0800][info][gc,cpu         ] GC(324) User=0.00s Sys=0.00s Real=0.00s
[2024-07-18T17:08:12.719+0800][info][gc,start       ] GC(325) Pause Young (Mixed) (G1 Evacuation Pause)
[2024-07-18T17:08:12.719+0800][info][gc,task        ] GC(325) Using 12 workers of 13 for evacuation
[2024-07-18T17:08:12.719+0800][info][gc,phases      ] GC(325)   Pre Evacuate Collection Set: 0.0ms
[2024-07-18T17:08:12.719+0800][info][gc,phases      ] GC(325)   Merge Heap Roots: 0.0ms
[2024-07-18T17:08:12.719+0800][info][gc,phases      ] GC(325)   Evacuate Collection Set: 1.4ms
[2024-07-18T17:08:12.719+0800][info][gc,phases      ] GC(325)   Post Evacuate Collection Set: 0.1ms
[2024-07-18T17:08:12.719+0800][info][gc,phases      ] GC(325)   Other: 0.1ms
[2024-07-18T17:08:12.719+0800][info][gc,heap        ] GC(325) Eden regions: 21->0(21)
[2024-07-18T17:08:12.719+0800][info][gc,heap        ] GC(325) Survivor regions: 4->4(4)
[2024-07-18T17:08:12.719+0800][info][gc,heap        ] GC(325) Old regions: 265->267
[2024-07-18T17:08:12.719+0800][info][gc,heap        ] GC(325) Archive regions: 0->0
[2024-07-18T17:08:12.719+0800][info][gc,heap        ] GC(325) Humongous regions: 201->192
[2024-07-18T17:08:12.719+0800][info][gc,metaspace   ] GC(325) Metaspace: 194K(384K)->194K(384K) NonClass: 187K(256K)->187K(256K) Class: 7K(128K)->7K(128K)
[2024-07-18T17:08:12.719+0800][info][gc             ] GC(325) Pause Young (Mixed) (G1 Evacuation Pause) 469M->443M(512M) 1.769ms
[2024-07-18T17:08:12.719+0800][info][gc,cpu         ] GC(325) User=0.00s Sys=0.00s Real=0.00s
[2024-07-18T17:08:12.719+0800][info][gc,start       ] GC(326) Pause Young (Concurrent Start) (G1 Humongous Allocation)
[2024-07-18T17:08:12.719+0800][info][gc,task        ] GC(326) Using 12 workers of 13 for evacuation
[2024-07-18T17:08:12.719+0800][info][gc,phases      ] GC(326)   Pre Evacuate Collection Set: 0.0ms
[2024-07-18T17:08:12.719+0800][info][gc,phases      ] GC(326)   Merge Heap Roots: 0.0ms
[2024-07-18T17:08:12.719+0800][info][gc,phases      ] GC(326)   Evacuate Collection Set: 0.3ms
[2024-07-18T17:08:12.719+0800][info][gc,phases      ] GC(326)   Post Evacuate Collection Set: 0.1ms
[2024-07-18T17:08:12.719+0800][info][gc,phases      ] GC(326)   Other: 0.1ms
[2024-07-18T17:08:12.719+0800][info][gc,heap        ] GC(326) Eden regions: 1->0(24)
[2024-07-18T17:08:12.719+0800][info][gc,heap        ] GC(326) Survivor regions: 4->1(4)
[2024-07-18T17:08:12.719+0800][info][gc,heap        ] GC(326) Old regions: 267->271
[2024-07-18T17:08:12.719+0800][info][gc,heap        ] GC(326) Archive regions: 0->0
[2024-07-18T17:08:12.719+0800][info][gc,heap        ] GC(326) Humongous regions: 192->191
[2024-07-18T17:08:12.719+0800][info][gc,metaspace   ] GC(326) Metaspace: 194K(384K)->194K(384K) NonClass: 187K(256K)->187K(256K) Class: 7K(128K)->7K(128K)
[2024-07-18T17:08:12.719+0800][info][gc             ] GC(326) Pause Young (Concurrent Start) (G1 Humongous Allocation) 444M->442M(512M) 0.560ms
[2024-07-18T17:08:12.719+0800][info][gc,cpu         ] GC(326) User=0.00s Sys=0.00s Real=0.00s
[2024-07-18T17:08:12.719+0800][info][gc             ] GC(327) Concurrent Mark Cycle
[2024-07-18T17:08:12.719+0800][info][gc,marking     ] GC(327) Concurrent Clear Claimed Marks
[2024-07-18T17:08:12.719+0800][info][gc,marking     ] GC(327) Concurrent Clear Claimed Marks 0.008ms
[2024-07-18T17:08:12.719+0800][info][gc,marking     ] GC(327) Concurrent Scan Root Regions
[2024-07-18T17:08:12.719+0800][info][gc,marking     ] GC(327) Concurrent Scan Root Regions 0.024ms
[2024-07-18T17:08:12.719+0800][info][gc,marking     ] GC(327) Concurrent Mark
[2024-07-18T17:08:12.719+0800][info][gc,marking     ] GC(327) Concurrent Mark From Roots
[2024-07-18T17:08:12.719+0800][info][gc,task        ] GC(327) Using 3 workers of 3 for marking
[2024-07-18T17:08:12.729+0800][info][gc,marking     ] GC(327) Concurrent Mark From Roots 0.774ms
[2024-07-18T17:08:12.729+0800][info][gc,marking     ] GC(327) Concurrent Preclean
[2024-07-18T17:08:12.729+0800][info][gc,marking     ] GC(327) Concurrent Preclean 0.058ms
[2024-07-18T17:08:12.729+0800][info][gc,start       ] GC(327) Pause Remark
[2024-07-18T17:08:12.729+0800][info][gc             ] GC(327) Pause Remark 455M->455M(512M) 0.270ms
[2024-07-18T17:08:12.729+0800][info][gc,cpu         ] GC(327) User=0.00s Sys=0.00s Real=0.00s
[2024-07-18T17:08:12.729+0800][info][gc,marking     ] GC(327) Concurrent Mark 1.204ms
[2024-07-18T17:08:12.729+0800][info][gc,marking     ] GC(327) Concurrent Rebuild Remembered Sets
[2024-07-18T17:08:12.730+0800][info][gc,marking     ] GC(327) Concurrent Rebuild Remembered Sets 0.621ms
[2024-07-18T17:08:12.730+0800][info][gc,start       ] GC(327) Pause Cleanup
[2024-07-18T17:08:12.730+0800][info][gc             ] GC(327) Pause Cleanup 467M->467M(512M) 0.101ms
[2024-07-18T17:08:12.730+0800][info][gc,cpu         ] GC(327) User=0.00s Sys=0.00s Real=0.00s
[2024-07-18T17:08:12.730+0800][info][gc,marking     ] GC(327) Concurrent Cleanup for Next Mark
[2024-07-18T17:08:12.730+0800][info][gc,marking     ] GC(327) Concurrent Cleanup for Next Mark 0.467ms
[2024-07-18T17:08:12.730+0800][info][gc             ] GC(327) Concurrent Mark Cycle 2.563ms
[2024-07-18T17:08:12.730+0800][info][gc,start       ] GC(328) Pause Young (Prepare Mixed) (G1 Evacuation Pause)
[2024-07-18T17:08:12.730+0800][info][gc,task        ] GC(328) Using 12 workers of 13 for evacuation
[2024-07-18T17:08:12.732+0800][info][gc             ] GC(328) To-space exhausted
[2024-07-18T17:08:12.732+0800][info][gc,phases      ] GC(328)   Pre Evacuate Collection Set: 0.0ms
[2024-07-18T17:08:12.732+0800][info][gc,phases      ] GC(328)   Merge Heap Roots: 0.1ms
[2024-07-18T17:08:12.732+0800][info][gc,phases      ] GC(328)   Evacuate Collection Set: 1.0ms
[2024-07-18T17:08:12.732+0800][info][gc,phases      ] GC(328)   Post Evacuate Collection Set: 0.1ms
[2024-07-18T17:08:12.732+0800][info][gc,phases      ] GC(328)   Other: 0.1ms
[2024-07-18T17:08:12.732+0800][info][gc,heap        ] GC(328) Eden regions: 24->0(21)
[2024-07-18T17:08:12.732+0800][info][gc,heap        ] GC(328) Survivor regions: 1->4(4)
[2024-07-18T17:08:12.732+0800][info][gc,heap        ] GC(328) Old regions: 271->286
[2024-07-18T17:08:12.732+0800][info][gc,heap        ] GC(328) Archive regions: 0->0
[2024-07-18T17:08:12.732+0800][info][gc,heap        ] GC(328) Humongous regions: 203->183
[2024-07-18T17:08:12.732+0800][info][gc,metaspace   ] GC(328) Metaspace: 194K(384K)->194K(384K) NonClass: 187K(256K)->187K(256K) Class: 7K(128K)->7K(128K)
[2024-07-18T17:08:12.732+0800][info][gc             ] GC(328) Pause Young (Prepare Mixed) (G1 Evacuation Pause) 478M->454M(512M) 1.364ms
[2024-07-18T17:08:12.732+0800][info][gc,cpu         ] GC(328) User=0.00s Sys=0.00s Real=0.00s
[2024-07-18T17:08:12.734+0800][info][gc,start       ] GC(329) Pause Young (Mixed) (G1 Preventive Collection)
[2024-07-18T17:08:12.734+0800][info][gc,task        ] GC(329) Using 12 workers of 13 for evacuation
[2024-07-18T17:08:12.734+0800][info][gc             ] GC(329) To-space exhausted
[2024-07-18T17:08:12.734+0800][info][gc,phases      ] GC(329)   Pre Evacuate Collection Set: 0.0ms
[2024-07-18T17:08:12.734+0800][info][gc,phases      ] GC(329)   Merge Heap Roots: 0.0ms
[2024-07-18T17:08:12.734+0800][info][gc,phases      ] GC(329)   Evacuate Collection Set: 1.2ms
[2024-07-18T17:08:12.734+0800][info][gc,phases      ] GC(329)   Post Evacuate Collection Set: 0.2ms
[2024-07-18T17:08:12.734+0800][info][gc,phases      ] GC(329)   Other: 0.1ms
[2024-07-18T17:08:12.734+0800][info][gc,heap        ] GC(329) Eden regions: 16->0(22)
[2024-07-18T17:08:12.734+0800][info][gc,heap        ] GC(329) Survivor regions: 4->3(4)
[2024-07-18T17:08:12.734+0800][info][gc,heap        ] GC(329) Old regions: 286->311
[2024-07-18T17:08:12.734+0800][info][gc,heap        ] GC(329) Archive regions: 0->0
[2024-07-18T17:08:12.734+0800][info][gc,heap        ] GC(329) Humongous regions: 191->183
[2024-07-18T17:08:12.734+0800][info][gc,metaspace   ] GC(329) Metaspace: 194K(384K)->194K(384K) NonClass: 187K(256K)->187K(256K) Class: 7K(128K)->7K(128K)
[2024-07-18T17:08:12.734+0800][info][gc             ] GC(329) Pause Young (Mixed) (G1 Preventive Collection) 478M->478M(512M) 1.561ms
[2024-07-18T17:08:12.734+0800][info][gc,cpu         ] GC(329) User=0.00s Sys=0.00s Real=0.00s
[2024-07-18T17:08:12.734+0800][info][gc,start       ] GC(330) Pause Young (Concurrent Start) (G1 Humongous Allocation)
[2024-07-18T17:08:12.734+0800][info][gc,task        ] GC(330) Using 12 workers of 13 for evacuation
[2024-07-18T17:08:12.734+0800][info][gc,phases      ] GC(330)   Pre Evacuate Collection Set: 0.0ms
[2024-07-18T17:08:12.734+0800][info][gc,phases      ] GC(330)   Merge Heap Roots: 0.0ms
[2024-07-18T17:08:12.734+0800][info][gc,phases      ] GC(330)   Evacuate Collection Set: 0.2ms
[2024-07-18T17:08:12.734+0800][info][gc,phases      ] GC(330)   Post Evacuate Collection Set: 0.1ms
[2024-07-18T17:08:12.734+0800][info][gc,phases      ] GC(330)   Other: 0.1ms
[2024-07-18T17:08:12.734+0800][info][gc,heap        ] GC(330) Eden regions: 2->0(24)
[2024-07-18T17:08:12.734+0800][info][gc,heap        ] GC(330) Survivor regions: 3->1(4)
[2024-07-18T17:08:12.734+0800][info][gc,heap        ] GC(330) Old regions: 311->314
[2024-07-18T17:08:12.734+0800][info][gc,heap        ] GC(330) Archive regions: 0->0
[2024-07-18T17:08:12.734+0800][info][gc,heap        ] GC(330) Humongous regions: 183->183
[2024-07-18T17:08:12.734+0800][info][gc,metaspace   ] GC(330) Metaspace: 194K(384K)->194K(384K) NonClass: 187K(256K)->187K(256K) Class: 7K(128K)->7K(128K)
[2024-07-18T17:08:12.734+0800][info][gc             ] GC(330) Pause Young (Concurrent Start) (G1 Humongous Allocation) 479M->478M(512M) 0.609ms
[2024-07-18T17:08:12.734+0800][info][gc,cpu         ] GC(330) User=0.00s Sys=0.00s Real=0.00s
[2024-07-18T17:08:12.734+0800][info][gc             ] GC(331) Concurrent Mark Cycle
[2024-07-18T17:08:12.734+0800][info][gc,marking     ] GC(331) Concurrent Clear Claimed Marks
[2024-07-18T17:08:12.734+0800][info][gc,marking     ] GC(331) Concurrent Clear Claimed Marks 0.008ms
[2024-07-18T17:08:12.734+0800][info][gc,marking     ] GC(331) Concurrent Scan Root Regions
[2024-07-18T17:08:12.734+0800][info][gc,marking     ] GC(331) Concurrent Scan Root Regions 0.031ms
[2024-07-18T17:08:12.734+0800][info][gc,marking     ] GC(331) Concurrent Mark
[2024-07-18T17:08:12.734+0800][info][gc,marking     ] GC(331) Concurrent Mark From Roots
[2024-07-18T17:08:12.734+0800][info][gc,task        ] GC(331) Using 3 workers of 3 for marking
[2024-07-18T17:08:12.738+0800][info][gc,start       ] GC(332) Pause Young (Normal) (G1 Preventive Collection)
[2024-07-18T17:08:12.738+0800][info][gc,task        ] GC(332) Using 12 workers of 13 for evacuation
[2024-07-18T17:08:12.738+0800][info][gc,phases      ] GC(332)   Pre Evacuate Collection Set: 0.0ms
[2024-07-18T17:08:12.738+0800][info][gc,phases      ] GC(332)   Merge Heap Roots: 0.0ms
[2024-07-18T17:08:12.738+0800][info][gc,phases      ] GC(332)   Evacuate Collection Set: 0.2ms
[2024-07-18T17:08:12.738+0800][info][gc,phases      ] GC(332)   Post Evacuate Collection Set: 0.1ms
[2024-07-18T17:08:12.738+0800][info][gc,phases      ] GC(332)   Other: 0.1ms
[2024-07-18T17:08:12.738+0800][info][gc,heap        ] GC(332) Eden regions: 7->0(21)
[2024-07-18T17:08:12.738+0800][info][gc,heap        ] GC(332) Survivor regions: 1->4(4)
[2024-07-18T17:08:12.738+0800][info][gc,heap        ] GC(332) Old regions: 314->314
[2024-07-18T17:08:12.738+0800][info][gc,heap        ] GC(332) Archive regions: 0->0
[2024-07-18T17:08:12.738+0800][info][gc,heap        ] GC(332) Humongous regions: 186->182
[2024-07-18T17:08:12.738+0800][info][gc,metaspace   ] GC(332) Metaspace: 194K(384K)->194K(384K) NonClass: 187K(256K)->187K(256K) Class: 7K(128K)->7K(128K)
[2024-07-18T17:08:12.738+0800][info][gc             ] GC(332) Pause Young (Normal) (G1 Preventive Collection) 487M->480M(512M) 0.473ms
[2024-07-18T17:08:12.738+0800][info][gc,cpu         ] GC(332) User=0.00s Sys=0.00s Real=0.00s
[2024-07-18T17:08:12.738+0800][info][gc,marking     ] GC(331) Concurrent Mark From Roots 1.271ms
[2024-07-18T17:08:12.738+0800][info][gc,marking     ] GC(331) Concurrent Preclean
[2024-07-18T17:08:12.738+0800][info][gc,marking     ] GC(331) Concurrent Preclean 0.056ms
[2024-07-18T17:08:12.739+0800][info][gc,start       ] GC(331) Pause Remark
[2024-07-18T17:08:12.739+0800][info][gc             ] GC(331) Pause Remark 486M->486M(512M) 0.197ms
[2024-07-18T17:08:12.739+0800][info][gc,cpu         ] GC(331) User=0.00s Sys=0.00s Real=0.00s
[2024-07-18T17:08:12.739+0800][info][gc,marking     ] GC(331) Concurrent Mark 1.611ms
[2024-07-18T17:08:12.739+0800][info][gc,marking     ] GC(331) Concurrent Rebuild Remembered Sets
[2024-07-18T17:08:12.739+0800][info][gc,start       ] GC(333) Pause Young (Normal) (G1 Preventive Collection)
[2024-07-18T17:08:12.739+0800][info][gc,task        ] GC(333) Using 12 workers of 13 for evacuation
[2024-07-18T17:08:12.739+0800][info][gc,phases      ] GC(333)   Pre Evacuate Collection Set: 0.1ms
[2024-07-18T17:08:12.739+0800][info][gc,phases      ] GC(333)   Merge Heap Roots: 0.1ms
[2024-07-18T17:08:12.739+0800][info][gc,phases      ] GC(333)   Evacuate Collection Set: 0.2ms
[2024-07-18T17:08:12.739+0800][info][gc,phases      ] GC(333)   Post Evacuate Collection Set: 0.1ms
[2024-07-18T17:08:12.739+0800][info][gc,phases      ] GC(333)   Other: 0.1ms
[2024-07-18T17:08:12.739+0800][info][gc,heap        ] GC(333) Eden regions: 3->0(24)
[2024-07-18T17:08:12.739+0800][info][gc,heap        ] GC(333) Survivor regions: 4->1(4)
[2024-07-18T17:08:12.739+0800][info][gc,heap        ] GC(333) Old regions: 314->317
[2024-07-18T17:08:12.739+0800][info][gc,heap        ] GC(333) Archive regions: 0->0
[2024-07-18T17:08:12.739+0800][info][gc,heap        ] GC(333) Humongous regions: 186->182
[2024-07-18T17:08:12.739+0800][info][gc,metaspace   ] GC(333) Metaspace: 194K(384K)->194K(384K) NonClass: 187K(256K)->187K(256K) Class: 7K(128K)->7K(128K)
[2024-07-18T17:08:12.739+0800][info][gc             ] GC(333) Pause Young (Normal) (G1 Preventive Collection) 487M->481M(512M) 0.560ms
[2024-07-18T17:08:12.739+0800][info][gc,cpu         ] GC(333) User=0.00s Sys=0.00s Real=0.00s
[2024-07-18T17:08:12.739+0800][info][gc,marking     ] GC(331) Concurrent Rebuild Remembered Sets 1.200ms
[2024-07-18T17:08:12.739+0800][info][gc,start       ] GC(331) Pause Cleanup
[2024-07-18T17:08:12.739+0800][info][gc             ] GC(331) Pause Cleanup 487M->487M(512M) 0.104ms
[2024-07-18T17:08:12.739+0800][info][gc,cpu         ] GC(331) User=0.00s Sys=0.00s Real=0.00s
[2024-07-18T17:08:12.739+0800][info][gc,marking     ] GC(331) Concurrent Cleanup for Next Mark
[2024-07-18T17:08:12.739+0800][info][gc,start       ] GC(334) Pause Young (Prepare Mixed) (G1 Preventive Collection)
[2024-07-18T17:08:12.739+0800][info][gc,task        ] GC(334) Using 12 workers of 13 for evacuation
[2024-07-18T17:08:12.739+0800][info][gc,phases      ] GC(334)   Pre Evacuate Collection Set: 0.0ms
[2024-07-18T17:08:12.739+0800][info][gc,phases      ] GC(334)   Merge Heap Roots: 0.0ms
[2024-07-18T17:08:12.739+0800][info][gc,phases      ] GC(334)   Evacuate Collection Set: 0.1ms
[2024-07-18T17:08:12.739+0800][info][gc,phases      ] GC(334)   Post Evacuate Collection Set: 0.1ms
[2024-07-18T17:08:12.739+0800][info][gc,phases      ] GC(334)   Other: 0.1ms
[2024-07-18T17:08:12.739+0800][info][gc,heap        ] GC(334) Eden regions: 6->0(23)
[2024-07-18T17:08:12.739+0800][info][gc,heap        ] GC(334) Survivor regions: 1->2(4)
[2024-07-18T17:08:12.739+0800][info][gc,heap        ] GC(334) Old regions: 317->317
[2024-07-18T17:08:12.739+0800][info][gc,heap        ] GC(334) Archive regions: 0->0
[2024-07-18T17:08:12.739+0800][info][gc,heap        ] GC(334) Humongous regions: 184->180
[2024-07-18T17:08:12.739+0800][info][gc,metaspace   ] GC(334) Metaspace: 194K(384K)->194K(384K) NonClass: 187K(256K)->187K(256K) Class: 7K(128K)->7K(128K)
[2024-07-18T17:08:12.739+0800][info][gc             ] GC(334) Pause Young (Prepare Mixed) (G1 Preventive Collection) 489M->480M(512M) 0.379ms
[2024-07-18T17:08:12.739+0800][info][gc,cpu         ] GC(334) User=0.00s Sys=0.00s Real=0.00s
[2024-07-18T17:08:12.739+0800][info][gc,marking     ] GC(331) Concurrent Cleanup for Next Mark 0.783ms
[2024-07-18T17:08:12.739+0800][info][gc             ] GC(331) Concurrent Mark Cycle 3.895ms
[2024-07-18T17:08:12.739+0800][info][gc,start       ] GC(335) Pause Young (Mixed) (G1 Preventive Collection)
[2024-07-18T17:08:12.739+0800][info][gc,task        ] GC(335) Using 12 workers of 13 for evacuation
[2024-07-18T17:08:12.739+0800][info][gc             ] GC(335) To-space exhausted
[2024-07-18T17:08:12.739+0800][info][gc,phases      ] GC(335)   Pre Evacuate Collection Set: 0.0ms
[2024-07-18T17:08:12.739+0800][info][gc,phases      ] GC(335)   Merge Heap Roots: 0.0ms
[2024-07-18T17:08:12.739+0800][info][gc,phases      ] GC(335)   Evacuate Collection Set: 0.3ms
[2024-07-18T17:08:12.739+0800][info][gc,phases      ] GC(335)   Post Evacuate Collection Set: 0.2ms
[2024-07-18T17:08:12.739+0800][info][gc,phases      ] GC(335)   Other: 0.1ms
[2024-07-18T17:08:12.739+0800][info][gc,heap        ] GC(335) Eden regions: 6->0(22)
[2024-07-18T17:08:12.739+0800][info][gc,heap        ] GC(335) Survivor regions: 2->3(4)
[2024-07-18T17:08:12.739+0800][info][gc,heap        ] GC(335) Old regions: 317->317
[2024-07-18T17:08:12.739+0800][info][gc,heap        ] GC(335) Archive regions: 0->0
[2024-07-18T17:08:12.739+0800][info][gc,heap        ] GC(335) Humongous regions: 182->182
[2024-07-18T17:08:12.739+0800][info][gc,metaspace   ] GC(335) Metaspace: 194K(384K)->194K(384K) NonClass: 187K(256K)->187K(256K) Class: 7K(128K)->7K(128K)
[2024-07-18T17:08:12.739+0800][info][gc             ] GC(335) Pause Young (Mixed) (G1 Preventive Collection) 487M->482M(512M) 0.816ms
[2024-07-18T17:08:12.739+0800][info][gc,cpu         ] GC(335) User=0.00s Sys=0.00s Real=0.00s
[2024-07-18T17:08:12.739+0800][info][gc,start       ] GC(336) Pause Young (Mixed) (G1 Preventive Collection)
[2024-07-18T17:08:12.739+0800][info][gc,task        ] GC(336) Using 12 workers of 13 for evacuation
[2024-07-18T17:08:12.743+0800][info][gc             ] GC(336) To-space exhausted
[2024-07-18T17:08:12.743+0800][info][gc,phases      ] GC(336)   Pre Evacuate Collection Set: 0.0ms
[2024-07-18T17:08:12.743+0800][info][gc,phases      ] GC(336)   Merge Heap Roots: 0.0ms
[2024-07-18T17:08:12.743+0800][info][gc,phases      ] GC(336)   Evacuate Collection Set: 0.6ms
[2024-07-18T17:08:12.743+0800][info][gc,phases      ] GC(336)   Post Evacuate Collection Set: 0.1ms
[2024-07-18T17:08:12.743+0800][info][gc,phases      ] GC(336)   Other: 0.1ms
[2024-07-18T17:08:12.743+0800][info][gc,heap        ] GC(336) Eden regions: 1->0(24)
[2024-07-18T17:08:12.743+0800][info][gc,heap        ] GC(336) Survivor regions: 3->1(4)
[2024-07-18T17:08:12.743+0800][info][gc,heap        ] GC(336) Old regions: 317->329
[2024-07-18T17:08:12.743+0800][info][gc,heap        ] GC(336) Archive regions: 0->0
[2024-07-18T17:08:12.743+0800][info][gc,heap        ] GC(336) Humongous regions: 182->182
[2024-07-18T17:08:12.743+0800][info][gc,metaspace   ] GC(336) Metaspace: 194K(384K)->194K(384K) NonClass: 187K(256K)->187K(256K) Class: 7K(128K)->7K(128K)
[2024-07-18T17:08:12.743+0800][info][gc             ] GC(336) Pause Young (Mixed) (G1 Preventive Collection) 483M->492M(512M) 0.881ms
[2024-07-18T17:08:12.743+0800][info][gc,cpu         ] GC(336) User=0.00s Sys=0.00s Real=0.00s
[2024-07-18T17:08:12.743+0800][info][gc,ergo        ] Attempting full compaction
[2024-07-18T17:08:12.743+0800][info][gc,task        ] GC(337) Using 12 workers of 13 for full compaction
[2024-07-18T17:08:12.743+0800][info][gc,start       ] GC(337) Pause Full (G1 Compaction Pause)
[2024-07-18T17:08:12.743+0800][info][gc,phases,start] GC(337) Phase 1: Mark live objects
[2024-07-18T17:08:12.743+0800][info][gc,phases      ] GC(337) Phase 1: Mark live objects 0.556ms
[2024-07-18T17:08:12.743+0800][info][gc,phases,start] GC(337) Phase 2: Prepare for compaction
[2024-07-18T17:08:12.743+0800][info][gc,phases      ] GC(337) Phase 2: Prepare for compaction 0.176ms
[2024-07-18T17:08:12.743+0800][info][gc,phases,start] GC(337) Phase 3: Adjust pointers
[2024-07-18T17:08:12.743+0800][info][gc,phases      ] GC(337) Phase 3: Adjust pointers 0.131ms
[2024-07-18T17:08:12.743+0800][info][gc,phases,start] GC(337) Phase 4: Compact heap
[2024-07-18T17:08:12.750+0800][info][gc,phases      ] GC(337) Phase 4: Compact heap 13.877ms
[2024-07-18T17:08:12.750+0800][info][gc,heap        ] GC(337) Eden regions: 0->0(25)
[2024-07-18T17:08:12.750+0800][info][gc,heap        ] GC(337) Survivor regions: 1->0(4)
[2024-07-18T17:08:12.750+0800][info][gc,heap        ] GC(337) Old regions: 329->250
[2024-07-18T17:08:12.750+0800][info][gc,heap        ] GC(337) Archive regions: 0->0
[2024-07-18T17:08:12.750+0800][info][gc,heap        ] GC(337) Humongous regions: 182->182
[2024-07-18T17:08:12.750+0800][info][gc,metaspace   ] GC(337) Metaspace: 194K(384K)->194K(384K) NonClass: 187K(256K)->187K(256K) Class: 7K(128K)->7K(128K)
[2024-07-18T17:08:12.750+0800][info][gc             ] GC(337) Pause Full (G1 Compaction Pause) 492M->404M(512M) 15.448ms
[2024-07-18T17:08:12.750+0800][info][gc,cpu         ] GC(337) User=0.06s Sys=0.00s Real=0.01s
[2024-07-18T17:08:12.750+0800][info][gc,start       ] GC(338) Pause Young (Concurrent Start) (G1 Humongous Allocation)
[2024-07-18T17:08:12.750+0800][info][gc,task        ] GC(338) Using 12 workers of 13 for evacuation
[2024-07-18T17:08:12.750+0800][info][gc,phases      ] GC(338)   Pre Evacuate Collection Set: 0.1ms
[2024-07-18T17:08:12.750+0800][info][gc,phases      ] GC(338)   Merge Heap Roots: 0.0ms
[2024-07-18T17:08:12.750+0800][info][gc,phases      ] GC(338)   Evacuate Collection Set: 0.1ms
[2024-07-18T17:08:12.750+0800][info][gc,phases      ] GC(338)   Post Evacuate Collection Set: 0.1ms
[2024-07-18T17:08:12.750+0800][info][gc,phases      ] GC(338)   Other: 0.1ms
[2024-07-18T17:08:12.750+0800][info][gc,heap        ] GC(338) Eden regions: 0->0(25)
[2024-07-18T17:08:12.750+0800][info][gc,heap        ] GC(338) Survivor regions: 0->0(4)
[2024-07-18T17:08:12.750+0800][info][gc,heap        ] GC(338) Old regions: 250->250
[2024-07-18T17:08:12.750+0800][info][gc,heap        ] GC(338) Archive regions: 0->0
[2024-07-18T17:08:12.750+0800][info][gc,heap        ] GC(338) Humongous regions: 183->182
[2024-07-18T17:08:12.750+0800][info][gc,metaspace   ] GC(338) Metaspace: 194K(384K)->194K(384K) NonClass: 187K(256K)->187K(256K) Class: 7K(128K)->7K(128K)
[2024-07-18T17:08:12.750+0800][info][gc             ] GC(338) Pause Young (Concurrent Start) (G1 Humongous Allocation) 405M->404M(512M) 0.549ms
[2024-07-18T17:08:12.750+0800][info][gc,cpu         ] GC(338) User=0.00s Sys=0.00s Real=0.00s
[2024-07-18T17:08:12.750+0800][info][gc             ] GC(339) Concurrent Mark Cycle
[2024-07-18T17:08:12.750+0800][info][gc,marking     ] GC(339) Concurrent Clear Claimed Marks
[2024-07-18T17:08:12.750+0800][info][gc,marking     ] GC(339) Concurrent Clear Claimed Marks 0.007ms
[2024-07-18T17:08:12.750+0800][info][gc,marking     ] GC(339) Concurrent Scan Root Regions
[2024-07-18T17:08:12.750+0800][info][gc,marking     ] GC(339) Concurrent Scan Root Regions 0.005ms
[2024-07-18T17:08:12.750+0800][info][gc,marking     ] GC(339) Concurrent Mark
[2024-07-18T17:08:12.750+0800][info][gc,marking     ] GC(339) Concurrent Mark From Roots
[2024-07-18T17:08:12.750+0800][info][gc,task        ] GC(339) Using 3 workers of 3 for marking
[2024-07-18T17:08:12.761+0800][info][gc,marking     ] GC(339) Concurrent Mark From Roots 0.764ms
[2024-07-18T17:08:12.761+0800][info][gc,marking     ] GC(339) Concurrent Preclean
[2024-07-18T17:08:12.761+0800][info][gc,marking     ] GC(339) Concurrent Preclean 0.097ms
[2024-07-18T17:08:12.761+0800][info][gc,start       ] GC(339) Pause Remark
[2024-07-18T17:08:12.761+0800][info][gc             ] GC(339) Pause Remark 415M->415M(512M) 0.222ms
[2024-07-18T17:08:12.761+0800][info][gc,cpu         ] GC(339) User=0.00s Sys=0.00s Real=0.00s
[2024-07-18T17:08:12.761+0800][info][gc,marking     ] GC(339) Concurrent Mark 1.209ms
[2024-07-18T17:08:12.761+0800][info][gc,marking     ] GC(339) Concurrent Rebuild Remembered Sets
[2024-07-18T17:08:12.761+0800][info][gc,marking     ] GC(339) Concurrent Rebuild Remembered Sets 0.401ms
[2024-07-18T17:08:12.761+0800][info][gc,start       ] GC(339) Pause Cleanup
[2024-07-18T17:08:12.761+0800][info][gc             ] GC(339) Pause Cleanup 420M->420M(512M) 0.095ms
[2024-07-18T17:08:12.761+0800][info][gc,cpu         ] GC(339) User=0.00s Sys=0.00s Real=0.00s
[2024-07-18T17:08:12.761+0800][info][gc,marking     ] GC(339) Concurrent Cleanup for Next Mark
[2024-07-18T17:08:12.761+0800][info][gc,marking     ] GC(339) Concurrent Cleanup for Next Mark 0.399ms
[2024-07-18T17:08:12.761+0800][info][gc             ] GC(339) Concurrent Mark Cycle 2.259ms
[2024-07-18T17:08:12.761+0800][info][gc,start       ] GC(340) Pause Young (Prepare Mixed) (G1 Evacuation Pause)
[2024-07-18T17:08:12.761+0800][info][gc,task        ] GC(340) Using 12 workers of 13 for evacuation
[2024-07-18T17:08:12.761+0800][info][gc,phases      ] GC(340)   Pre Evacuate Collection Set: 0.0ms
[2024-07-18T17:08:12.761+0800][info][gc,phases      ] GC(340)   Merge Heap Roots: 0.1ms
[2024-07-18T17:08:12.761+0800][info][gc,phases      ] GC(340)   Evacuate Collection Set: 0.9ms
[2024-07-18T17:08:12.761+0800][info][gc,phases      ] GC(340)   Post Evacuate Collection Set: 0.1ms
[2024-07-18T17:08:12.761+0800][info][gc,phases      ] GC(340)   Other: 0.1ms
[2024-07-18T17:08:12.761+0800][info][gc,heap        ] GC(340) Eden regions: 25->0(21)
[2024-07-18T17:08:12.761+0800][info][gc,heap        ] GC(340) Survivor regions: 0->4(4)
[2024-07-18T17:08:12.761+0800][info][gc,heap        ] GC(340) Old regions: 250->258
[2024-07-18T17:08:12.761+0800][info][gc,heap        ] GC(340) Archive regions: 0->0
[2024-07-18T17:08:12.761+0800][info][gc,heap        ] GC(340) Humongous regions: 201->177
[2024-07-18T17:08:12.761+0800][info][gc,metaspace   ] GC(340) Metaspace: 194K(384K)->194K(384K) NonClass: 187K(256K)->187K(256K) Class: 7K(128K)->7K(128K)
[2024-07-18T17:08:12.761+0800][info][gc             ] GC(340) Pause Young (Prepare Mixed) (G1 Evacuation Pause) 448M->411M(512M) 1.333ms
[2024-07-18T17:08:12.761+0800][info][gc,cpu         ] GC(340) User=0.00s Sys=0.00s Real=0.00s
[2024-07-18T17:08:12.766+0800][info][gc,start       ] GC(341) Pause Young (Mixed) (G1 Evacuation Pause)
[2024-07-18T17:08:12.766+0800][info][gc,task        ] GC(341) Using 12 workers of 13 for evacuation
[2024-07-18T17:08:12.766+0800][info][gc,phases      ] GC(341)   Pre Evacuate Collection Set: 0.0ms
[2024-07-18T17:08:12.766+0800][info][gc,phases      ] GC(341)   Merge Heap Roots: 0.0ms
[2024-07-18T17:08:12.766+0800][info][gc,phases      ] GC(341)   Evacuate Collection Set: 0.9ms
[2024-07-18T17:08:12.766+0800][info][gc,phases      ] GC(341)   Post Evacuate Collection Set: 0.1ms
[2024-07-18T17:08:12.766+0800][info][gc,phases      ] GC(341)   Other: 0.1ms
[2024-07-18T17:08:12.766+0800][info][gc,heap        ] GC(341) Eden regions: 21->0(21)
[2024-07-18T17:08:12.766+0800][info][gc,heap        ] GC(341) Survivor regions: 4->4(4)
[2024-07-18T17:08:12.766+0800][info][gc,heap        ] GC(341) Old regions: 258->260
[2024-07-18T17:08:12.766+0800][info][gc,heap        ] GC(341) Archive regions: 0->0
[2024-07-18T17:08:12.766+0800][info][gc,heap        ] GC(341) Humongous regions: 188->172
[2024-07-18T17:08:12.766+0800][info][gc,metaspace   ] GC(341) Metaspace: 194K(384K)->194K(384K) NonClass: 187K(256K)->187K(256K) Class: 7K(128K)->7K(128K)
[2024-07-18T17:08:12.766+0800][info][gc             ] GC(341) Pause Young (Mixed) (G1 Evacuation Pause) 443M->412M(512M) 1.241ms
[2024-07-18T17:08:12.766+0800][info][gc,cpu         ] GC(341) User=0.00s Sys=0.00s Real=0.00s
[2024-07-18T17:08:12.766+0800][info][gc,start       ] GC(342) Pause Young (Concurrent Start) (G1 Humongous Allocation)
[2024-07-18T17:08:12.766+0800][info][gc,task        ] GC(342) Using 12 workers of 13 for evacuation
[2024-07-18T17:08:12.769+0800][info][gc,phases      ] GC(342)   Pre Evacuate Collection Set: 0.0ms
[2024-07-18T17:08:12.769+0800][info][gc,phases      ] GC(342)   Merge Heap Roots: 0.0ms
[2024-07-18T17:08:12.769+0800][info][gc,phases      ] GC(342)   Evacuate Collection Set: 0.3ms
[2024-07-18T17:08:12.769+0800][info][gc,phases      ] GC(342)   Post Evacuate Collection Set: 0.1ms
[2024-07-18T17:08:12.769+0800][info][gc,phases      ] GC(342)   Other: 0.1ms
[2024-07-18T17:08:12.769+0800][info][gc,heap        ] GC(342) Eden regions: 1->0(25)
[2024-07-18T17:08:12.769+0800][info][gc,heap        ] GC(342) Survivor regions: 4->0(4)
[2024-07-18T17:08:12.769+0800][info][gc,heap        ] GC(342) Old regions: 260->264
[2024-07-18T17:08:12.769+0800][info][gc,heap        ] GC(342) Archive regions: 0->0
[2024-07-18T17:08:12.769+0800][info][gc,heap        ] GC(342) Humongous regions: 172->172
[2024-07-18T17:08:12.769+0800][info][gc,metaspace   ] GC(342) Metaspace: 194K(384K)->194K(384K) NonClass: 187K(256K)->187K(256K) Class: 7K(128K)->7K(128K)
[2024-07-18T17:08:12.769+0800][info][gc             ] GC(342) Pause Young (Concurrent Start) (G1 Humongous Allocation) 413M->412M(512M) 0.543ms
[2024-07-18T17:08:12.769+0800][info][gc,cpu         ] GC(342) User=0.00s Sys=0.00s Real=0.00s
[2024-07-18T17:08:12.769+0800][info][gc             ] GC(343) Concurrent Mark Cycle
[2024-07-18T17:08:12.769+0800][info][gc,marking     ] GC(343) Concurrent Clear Claimed Marks
[2024-07-18T17:08:12.769+0800][info][gc,marking     ] GC(343) Concurrent Clear Claimed Marks 0.007ms
[2024-07-18T17:08:12.769+0800][info][gc,marking     ] GC(343) Concurrent Scan Root Regions
[2024-07-18T17:08:12.769+0800][info][gc,marking     ] GC(343) Concurrent Scan Root Regions 0.022ms
[2024-07-18T17:08:12.769+0800][info][gc,marking     ] GC(343) Concurrent Mark
[2024-07-18T17:08:12.769+0800][info][gc,marking     ] GC(343) Concurrent Mark From Roots
[2024-07-18T17:08:12.769+0800][info][gc,task        ] GC(343) Using 3 workers of 3 for marking
[2024-07-18T17:08:12.770+0800][info][gc,marking     ] GC(343) Concurrent Mark From Roots 0.765ms
[2024-07-18T17:08:12.770+0800][info][gc,marking     ] GC(343) Concurrent Preclean
[2024-07-18T17:08:12.770+0800][info][gc,marking     ] GC(343) Concurrent Preclean 0.096ms
[2024-07-18T17:08:12.770+0800][info][gc,start       ] GC(343) Pause Remark
[2024-07-18T17:08:12.770+0800][info][gc             ] GC(343) Pause Remark 424M->424M(512M) 0.192ms
[2024-07-18T17:08:12.770+0800][info][gc,cpu         ] GC(343) User=0.00s Sys=0.00s Real=0.00s
[2024-07-18T17:08:12.770+0800][info][gc,marking     ] GC(343) Concurrent Mark 1.169ms
[2024-07-18T17:08:12.770+0800][info][gc,marking     ] GC(343) Concurrent Rebuild Remembered Sets
[2024-07-18T17:08:12.771+0800][info][gc,marking     ] GC(343) Concurrent Rebuild Remembered Sets 0.495ms
[2024-07-18T17:08:12.771+0800][info][gc,start       ] GC(343) Pause Cleanup
[2024-07-18T17:08:12.771+0800][info][gc             ] GC(343) Pause Cleanup 433M->433M(512M) 0.086ms
[2024-07-18T17:08:12.771+0800][info][gc,cpu         ] GC(343) User=0.00s Sys=0.00s Real=0.00s
[2024-07-18T17:08:12.771+0800][info][gc,marking     ] GC(343) Concurrent Cleanup for Next Mark
[2024-07-18T17:08:12.772+0800][info][gc,marking     ] GC(343) Concurrent Cleanup for Next Mark 0.435ms
[2024-07-18T17:08:12.772+0800][info][gc             ] GC(343) Concurrent Mark Cycle 2.361ms
[2024-07-18T17:08:12.772+0800][info][gc,start       ] GC(344) Pause Young (Prepare Mixed) (G1 Evacuation Pause)
[2024-07-18T17:08:12.772+0800][info][gc,task        ] GC(344) Using 12 workers of 13 for evacuation
[2024-07-18T17:08:12.772+0800][info][gc,phases      ] GC(344)   Pre Evacuate Collection Set: 0.0ms
[2024-07-18T17:08:12.772+0800][info][gc,phases      ] GC(344)   Merge Heap Roots: 0.1ms
[2024-07-18T17:08:12.772+0800][info][gc,phases      ] GC(344)   Evacuate Collection Set: 0.6ms
[2024-07-18T17:08:12.772+0800][info][gc,phases      ] GC(344)   Post Evacuate Collection Set: 0.1ms
[2024-07-18T17:08:12.772+0800][info][gc,phases      ] GC(344)   Other: 0.1ms
[2024-07-18T17:08:12.772+0800][info][gc,heap        ] GC(344) Eden regions: 25->0(21)
[2024-07-18T17:08:12.772+0800][info][gc,heap        ] GC(344) Survivor regions: 0->4(4)
[2024-07-18T17:08:12.772+0800][info][gc,heap        ] GC(344) Old regions: 264->269
[2024-07-18T17:08:12.772+0800][info][gc,heap        ] GC(344) Archive regions: 0->0
[2024-07-18T17:08:12.772+0800][info][gc,heap        ] GC(344) Humongous regions: 182->171
[2024-07-18T17:08:12.772+0800][info][gc,metaspace   ] GC(344) Metaspace: 194K(384K)->194K(384K) NonClass: 187K(256K)->187K(256K) Class: 7K(128K)->7K(128K)
[2024-07-18T17:08:12.772+0800][info][gc             ] GC(344) Pause Young (Prepare Mixed) (G1 Evacuation Pause) 447M->420M(512M) 1.062ms
[2024-07-18T17:08:12.772+0800][info][gc,cpu         ] GC(344) User=0.00s Sys=0.00s Real=0.00s
[2024-07-18T17:08:12.772+0800][info][gc,start       ] GC(345) Pause Young (Mixed) (G1 Evacuation Pause)
[2024-07-18T17:08:12.772+0800][info][gc,task        ] GC(345) Using 12 workers of 13 for evacuation
[2024-07-18T17:08:12.772+0800][info][gc,phases      ] GC(345)   Pre Evacuate Collection Set: 0.0ms
[2024-07-18T17:08:12.772+0800][info][gc,phases      ] GC(345)   Merge Heap Roots: 0.0ms
[2024-07-18T17:08:12.772+0800][info][gc,phases      ] GC(345)   Evacuate Collection Set: 1.0ms
[2024-07-18T17:08:12.772+0800][info][gc,phases      ] GC(345)   Post Evacuate Collection Set: 0.1ms
[2024-07-18T17:08:12.772+0800][info][gc,phases      ] GC(345)   Other: 0.1ms
[2024-07-18T17:08:12.772+0800][info][gc,heap        ] GC(345) Eden regions: 21->0(21)
[2024-07-18T17:08:12.772+0800][info][gc,heap        ] GC(345) Survivor regions: 4->4(4)
[2024-07-18T17:08:12.772+0800][info][gc,heap        ] GC(345) Old regions: 269->268
[2024-07-18T17:08:12.772+0800][info][gc,heap        ] GC(345) Archive regions: 0->0
[2024-07-18T17:08:12.772+0800][info][gc,heap        ] GC(345) Humongous regions: 180->172
[2024-07-18T17:08:12.772+0800][info][gc,metaspace   ] GC(345) Metaspace: 194K(384K)->194K(384K) NonClass: 187K(256K)->187K(256K) Class: 7K(128K)->7K(128K)
[2024-07-18T17:08:12.772+0800][info][gc             ] GC(345) Pause Young (Mixed) (G1 Evacuation Pause) 449M->421M(512M) 1.401ms
[2024-07-18T17:08:12.772+0800][info][gc,cpu         ] GC(345) User=0.00s Sys=0.00s Real=0.00s
[2024-07-18T17:08:12.772+0800][info][gc,start       ] GC(346) Pause Young (Concurrent Start) (G1 Humongous Allocation)
[2024-07-18T17:08:12.772+0800][info][gc,task        ] GC(346) Using 12 workers of 13 for evacuation
[2024-07-18T17:08:12.772+0800][info][gc,phases      ] GC(346)   Pre Evacuate Collection Set: 0.0ms
[2024-07-18T17:08:12.772+0800][info][gc,phases      ] GC(346)   Merge Heap Roots: 0.0ms
[2024-07-18T17:08:12.772+0800][info][gc,phases      ] GC(346)   Evacuate Collection Set: 0.3ms
[2024-07-18T17:08:12.772+0800][info][gc,phases      ] GC(346)   Post Evacuate Collection Set: 0.1ms
[2024-07-18T17:08:12.772+0800][info][gc,phases      ] GC(346)   Other: 0.1ms
[2024-07-18T17:08:12.772+0800][info][gc,heap        ] GC(346) Eden regions: 1->0(24)
[2024-07-18T17:08:12.772+0800][info][gc,heap        ] GC(346) Survivor regions: 4->1(4)
[2024-07-18T17:08:12.772+0800][info][gc,heap        ] GC(346) Old regions: 268->272
[2024-07-18T17:08:12.772+0800][info][gc,heap        ] GC(346) Archive regions: 0->0
[2024-07-18T17:08:12.772+0800][info][gc,heap        ] GC(346) Humongous regions: 172->172
[2024-07-18T17:08:12.772+0800][info][gc,metaspace   ] GC(346) Metaspace: 194K(384K)->194K(384K) NonClass: 187K(256K)->187K(256K) Class: 7K(128K)->7K(128K)
[2024-07-18T17:08:12.772+0800][info][gc             ] GC(346) Pause Young (Concurrent Start) (G1 Humongous Allocation) 422M->422M(512M) 0.550ms
[2024-07-18T17:08:12.772+0800][info][gc,cpu         ] GC(346) User=0.00s Sys=0.00s Real=0.00s
[2024-07-18T17:08:12.772+0800][info][gc             ] GC(347) Concurrent Mark Cycle
[2024-07-18T17:08:12.772+0800][info][gc,marking     ] GC(347) Concurrent Clear Claimed Marks
[2024-07-18T17:08:12.772+0800][info][gc,marking     ] GC(347) Concurrent Clear Claimed Marks 0.007ms
[2024-07-18T17:08:12.772+0800][info][gc,marking     ] GC(347) Concurrent Scan Root Regions
[2024-07-18T17:08:12.772+0800][info][gc,marking     ] GC(347) Concurrent Scan Root Regions 0.021ms
[2024-07-18T17:08:12.772+0800][info][gc,marking     ] GC(347) Concurrent Mark
[2024-07-18T17:08:12.772+0800][info][gc,marking     ] GC(347) Concurrent Mark From Roots
[2024-07-18T17:08:12.772+0800][info][gc,task        ] GC(347) Using 3 workers of 3 for marking
[2024-07-18T17:08:12.779+0800][info][gc,marking     ] GC(347) Concurrent Mark From Roots 0.685ms
[2024-07-18T17:08:12.779+0800][info][gc,marking     ] GC(347) Concurrent Preclean
[2024-07-18T17:08:12.779+0800][info][gc,marking     ] GC(347) Concurrent Preclean 0.056ms
[2024-07-18T17:08:12.779+0800][info][gc,start       ] GC(347) Pause Remark
[2024-07-18T17:08:12.779+0800][info][gc             ] GC(347) Pause Remark 434M->434M(512M) 0.208ms
[2024-07-18T17:08:12.779+0800][info][gc,cpu         ] GC(347) User=0.00s Sys=0.00s Real=0.00s
[2024-07-18T17:08:12.779+0800][info][gc,marking     ] GC(347) Concurrent Mark 1.054ms
[2024-07-18T17:08:12.779+0800][info][gc,marking     ] GC(347) Concurrent Rebuild Remembered Sets
[2024-07-18T17:08:12.780+0800][info][gc,marking     ] GC(347) Concurrent Rebuild Remembered Sets 0.535ms
[2024-07-18T17:08:12.780+0800][info][gc,start       ] GC(347) Pause Cleanup
[2024-07-18T17:08:12.780+0800][info][gc             ] GC(347) Pause Cleanup 445M->445M(512M) 0.106ms
[2024-07-18T17:08:12.780+0800][info][gc,cpu         ] GC(347) User=0.00s Sys=0.00s Real=0.00s
[2024-07-18T17:08:12.780+0800][info][gc,marking     ] GC(347) Concurrent Cleanup for Next Mark
[2024-07-18T17:08:12.780+0800][info][gc,marking     ] GC(347) Concurrent Cleanup for Next Mark 0.458ms
[2024-07-18T17:08:12.780+0800][info][gc             ] GC(347) Concurrent Mark Cycle 2.348ms
[2024-07-18T17:08:12.780+0800][info][gc,start       ] GC(348) Pause Young (Prepare Mixed) (G1 Evacuation Pause)
[2024-07-18T17:08:12.780+0800][info][gc,task        ] GC(348) Using 12 workers of 13 for evacuation
[2024-07-18T17:08:12.782+0800][info][gc,phases      ] GC(348)   Pre Evacuate Collection Set: 0.0ms
[2024-07-18T17:08:12.782+0800][info][gc,phases      ] GC(348)   Merge Heap Roots: 0.1ms
[2024-07-18T17:08:12.782+0800][info][gc,phases      ] GC(348)   Evacuate Collection Set: 0.8ms
[2024-07-18T17:08:12.782+0800][info][gc,phases      ] GC(348)   Post Evacuate Collection Set: 0.1ms
[2024-07-18T17:08:12.782+0800][info][gc,phases      ] GC(348)   Other: 0.0ms
[2024-07-18T17:08:12.782+0800][info][gc,heap        ] GC(348) Eden regions: 24->0(21)
[2024-07-18T17:08:12.782+0800][info][gc,heap        ] GC(348) Survivor regions: 1->4(4)
[2024-07-18T17:08:12.782+0800][info][gc,heap        ] GC(348) Old regions: 272->280
[2024-07-18T17:08:12.782+0800][info][gc,heap        ] GC(348) Archive regions: 0->0
[2024-07-18T17:08:12.782+0800][info][gc,heap        ] GC(348) Humongous regions: 192->169
[2024-07-18T17:08:12.782+0800][info][gc,metaspace   ] GC(348) Metaspace: 194K(384K)->194K(384K) NonClass: 187K(256K)->187K(256K) Class: 7K(128K)->7K(128K)
[2024-07-18T17:08:12.782+0800][info][gc             ] GC(348) Pause Young (Prepare Mixed) (G1 Evacuation Pause) 466M->430M(512M) 1.177ms
[2024-07-18T17:08:12.782+0800][info][gc,cpu         ] GC(348) User=0.00s Sys=0.00s Real=0.00s
[2024-07-18T17:08:12.783+0800][info][gc,start       ] GC(349) Pause Young (Mixed) (G1 Evacuation Pause)
[2024-07-18T17:08:12.783+0800][info][gc,task        ] GC(349) Using 12 workers of 13 for evacuation
[2024-07-18T17:08:12.786+0800][info][gc             ] GC(349) To-space exhausted
[2024-07-18T17:08:12.786+0800][info][gc,phases      ] GC(349)   Pre Evacuate Collection Set: 0.0ms
[2024-07-18T17:08:12.786+0800][info][gc,phases      ] GC(349)   Merge Heap Roots: 0.0ms
[2024-07-18T17:08:12.786+0800][info][gc,phases      ] GC(349)   Evacuate Collection Set: 1.6ms
[2024-07-18T17:08:12.786+0800][info][gc,phases      ] GC(349)   Post Evacuate Collection Set: 0.2ms
[2024-07-18T17:08:12.786+0800][info][gc,phases      ] GC(349)   Other: 0.1ms
[2024-07-18T17:08:12.786+0800][info][gc,heap        ] GC(349) Eden regions: 21->0(21)
[2024-07-18T17:08:12.786+0800][info][gc,heap        ] GC(349) Survivor regions: 4->4(4)
[2024-07-18T17:08:12.786+0800][info][gc,heap        ] GC(349) Old regions: 280->303
[2024-07-18T17:08:12.786+0800][info][gc,heap        ] GC(349) Archive regions: 0->0
[2024-07-18T17:08:12.786+0800][info][gc,heap        ] GC(349) Humongous regions: 185->170
[2024-07-18T17:08:12.786+0800][info][gc,metaspace   ] GC(349) Metaspace: 194K(384K)->194K(384K) NonClass: 187K(256K)->187K(256K) Class: 7K(128K)->7K(128K)
[2024-07-18T17:08:12.786+0800][info][gc             ] GC(349) Pause Young (Mixed) (G1 Evacuation Pause) 467M->456M(512M) 1.969ms
[2024-07-18T17:08:12.786+0800][info][gc,cpu         ] GC(349) User=0.00s Sys=0.00s Real=0.00s
[2024-07-18T17:08:12.788+0800][info][gc,start       ] GC(350) Pause Young (Concurrent Start) (G1 Humongous Allocation)
[2024-07-18T17:08:12.788+0800][info][gc,task        ] GC(350) Using 12 workers of 13 for evacuation
[2024-07-18T17:08:12.788+0800][info][gc,phases      ] GC(350)   Pre Evacuate Collection Set: 0.0ms
[2024-07-18T17:08:12.788+0800][info][gc,phases      ] GC(350)   Merge Heap Roots: 0.0ms
[2024-07-18T17:08:12.788+0800][info][gc,phases      ] GC(350)   Evacuate Collection Set: 0.4ms
[2024-07-18T17:08:12.788+0800][info][gc,phases      ] GC(350)   Post Evacuate Collection Set: 0.1ms
[2024-07-18T17:08:12.788+0800][info][gc,phases      ] GC(350)   Other: 0.1ms
[2024-07-18T17:08:12.788+0800][info][gc,heap        ] GC(350) Eden regions: 4->0(23)
[2024-07-18T17:08:12.788+0800][info][gc,heap        ] GC(350) Survivor regions: 4->2(4)
[2024-07-18T17:08:12.788+0800][info][gc,heap        ] GC(350) Old regions: 303->307
[2024-07-18T17:08:12.788+0800][info][gc,heap        ] GC(350) Archive regions: 0->0
[2024-07-18T17:08:12.788+0800][info][gc,heap        ] GC(350) Humongous regions: 170->170
[2024-07-18T17:08:12.788+0800][info][gc,metaspace   ] GC(350) Metaspace: 194K(384K)->194K(384K) NonClass: 187K(256K)->187K(256K) Class: 7K(128K)->7K(128K)
[2024-07-18T17:08:12.788+0800][info][gc             ] GC(350) Pause Young (Concurrent Start) (G1 Humongous Allocation) 460M->458M(512M) 0.709ms
[2024-07-18T17:08:12.788+0800][info][gc,cpu         ] GC(350) User=0.00s Sys=0.00s Real=0.00s
[2024-07-18T17:08:12.788+0800][info][gc             ] GC(351) Concurrent Mark Cycle
[2024-07-18T17:08:12.788+0800][info][gc,marking     ] GC(351) Concurrent Clear Claimed Marks
[2024-07-18T17:08:12.788+0800][info][gc,marking     ] GC(351) Concurrent Clear Claimed Marks 0.009ms
[2024-07-18T17:08:12.788+0800][info][gc,marking     ] GC(351) Concurrent Scan Root Regions
[2024-07-18T17:08:12.788+0800][info][gc,marking     ] GC(351) Concurrent Scan Root Regions 0.029ms
[2024-07-18T17:08:12.788+0800][info][gc,marking     ] GC(351) Concurrent Mark
[2024-07-18T17:08:12.788+0800][info][gc,marking     ] GC(351) Concurrent Mark From Roots
[2024-07-18T17:08:12.788+0800][info][gc,task        ] GC(351) Using 3 workers of 3 for marking
[2024-07-18T17:08:12.790+0800][info][gc,marking     ] GC(351) Concurrent Mark From Roots 0.899ms
[2024-07-18T17:08:12.790+0800][info][gc,marking     ] GC(351) Concurrent Preclean
[2024-07-18T17:08:12.790+0800][info][gc,marking     ] GC(351) Concurrent Preclean 0.056ms
[2024-07-18T17:08:12.790+0800][info][gc,start       ] GC(351) Pause Remark
[2024-07-18T17:08:12.790+0800][info][gc             ] GC(351) Pause Remark 473M->473M(512M) 0.219ms
[2024-07-18T17:08:12.790+0800][info][gc,cpu         ] GC(351) User=0.00s Sys=0.00s Real=0.00s
[2024-07-18T17:08:12.790+0800][info][gc,marking     ] GC(351) Concurrent Mark 1.267ms
[2024-07-18T17:08:12.790+0800][info][gc,marking     ] GC(351) Concurrent Rebuild Remembered Sets
[2024-07-18T17:08:12.791+0800][info][gc,marking     ] GC(351) Concurrent Rebuild Remembered Sets 0.752ms
[2024-07-18T17:08:12.791+0800][info][gc,start       ] GC(352) Pause Young (Normal) (G1 Preventive Collection)
[2024-07-18T17:08:12.791+0800][info][gc,task        ] GC(352) Using 12 workers of 13 for evacuation
[2024-07-18T17:08:12.791+0800][info][gc             ] GC(352) To-space exhausted
[2024-07-18T17:08:12.791+0800][info][gc,phases      ] GC(352)   Pre Evacuate Collection Set: 0.0ms
[2024-07-18T17:08:12.791+0800][info][gc,phases      ] GC(352)   Merge Heap Roots: 0.1ms
[2024-07-18T17:08:12.791+0800][info][gc,phases      ] GC(352)   Evacuate Collection Set: 0.5ms
[2024-07-18T17:08:12.791+0800][info][gc,phases      ] GC(352)   Post Evacuate Collection Set: 0.1ms
[2024-07-18T17:08:12.791+0800][info][gc,phases      ] GC(352)   Other: 0.1ms
[2024-07-18T17:08:12.791+0800][info][gc,heap        ] GC(352) Eden regions: 17->0(21)
[2024-07-18T17:08:12.791+0800][info][gc,heap        ] GC(352) Survivor regions: 2->4(4)
[2024-07-18T17:08:12.791+0800][info][gc,heap        ] GC(352) Old regions: 306->314
[2024-07-18T17:08:12.791+0800][info][gc,heap        ] GC(352) Archive regions: 0->0
[2024-07-18T17:08:12.791+0800][info][gc,heap        ] GC(352) Humongous regions: 179->174
[2024-07-18T17:08:12.791+0800][info][gc,metaspace   ] GC(352) Metaspace: 194K(384K)->194K(384K) NonClass: 187K(256K)->187K(256K) Class: 7K(128K)->7K(128K)
[2024-07-18T17:08:12.791+0800][info][gc             ] GC(352) Pause Young (Normal) (G1 Preventive Collection) 483M->471M(512M) 0.898ms
[2024-07-18T17:08:12.791+0800][info][gc,cpu         ] GC(352) User=0.00s Sys=0.00s Real=0.00s
[2024-07-18T17:08:12.791+0800][info][gc,start       ] GC(351) Pause Cleanup
[2024-07-18T17:08:12.791+0800][info][gc             ] GC(351) Pause Cleanup 471M->471M(512M) 0.107ms
[2024-07-18T17:08:12.791+0800][info][gc,cpu         ] GC(351) User=0.00s Sys=0.00s Real=0.00s
[2024-07-18T17:08:12.791+0800][info][gc,marking     ] GC(351) Concurrent Cleanup for Next Mark
[2024-07-18T17:08:12.792+0800][info][gc,marking     ] GC(351) Concurrent Cleanup for Next Mark 0.439ms
[2024-07-18T17:08:12.792+0800][info][gc             ] GC(351) Concurrent Mark Cycle 3.718ms
[2024-07-18T17:08:12.792+0800][info][gc,start       ] GC(353) Pause Young (Prepare Mixed) (G1 Preventive Collection)
[2024-07-18T17:08:12.792+0800][info][gc,task        ] GC(353) Using 12 workers of 13 for evacuation
[2024-07-18T17:08:12.792+0800][info][gc,phases      ] GC(353)   Pre Evacuate Collection Set: 0.0ms
[2024-07-18T17:08:12.792+0800][info][gc,phases      ] GC(353)   Merge Heap Roots: 0.0ms
[2024-07-18T17:08:12.792+0800][info][gc,phases      ] GC(353)   Evacuate Collection Set: 0.4ms
[2024-07-18T17:08:12.792+0800][info][gc,phases      ] GC(353)   Post Evacuate Collection Set: 0.1ms
[2024-07-18T17:08:12.792+0800][info][gc,phases      ] GC(353)   Other: 0.1ms
[2024-07-18T17:08:12.792+0800][info][gc,heap        ] GC(353) Eden regions: 9->0(23)
[2024-07-18T17:08:12.792+0800][info][gc,heap        ] GC(353) Survivor regions: 4->2(4)
[2024-07-18T17:08:12.792+0800][info][gc,heap        ] GC(353) Old regions: 314->318
[2024-07-18T17:08:12.792+0800][info][gc,heap        ] GC(353) Archive regions: 0->0
[2024-07-18T17:08:12.792+0800][info][gc,heap        ] GC(353) Humongous regions: 178->177
[2024-07-18T17:08:12.792+0800][info][gc,metaspace   ] GC(353) Metaspace: 194K(384K)->194K(384K) NonClass: 187K(256K)->187K(256K) Class: 7K(128K)->7K(128K)
[2024-07-18T17:08:12.792+0800][info][gc             ] GC(353) Pause Young (Prepare Mixed) (G1 Preventive Collection) 483M->476M(512M) 0.763ms
[2024-07-18T17:08:12.792+0800][info][gc,cpu         ] GC(353) User=0.00s Sys=0.00s Real=0.00s
[2024-07-18T17:08:12.792+0800][info][gc,start       ] GC(354) Pause Young (Mixed) (G1 Preventive Collection)
[2024-07-18T17:08:12.792+0800][info][gc,task        ] GC(354) Using 12 workers of 13 for evacuation
[2024-07-18T17:08:12.792+0800][info][gc             ] GC(354) To-space exhausted
[2024-07-18T17:08:12.792+0800][info][gc,phases      ] GC(354)   Pre Evacuate Collection Set: 0.0ms
[2024-07-18T17:08:12.792+0800][info][gc,phases      ] GC(354)   Merge Heap Roots: 0.0ms
[2024-07-18T17:08:12.792+0800][info][gc,phases      ] GC(354)   Evacuate Collection Set: 0.4ms
[2024-07-18T17:08:12.792+0800][info][gc,phases      ] GC(354)   Post Evacuate Collection Set: 0.2ms
[2024-07-18T17:08:12.792+0800][info][gc,phases      ] GC(354)   Other: 0.1ms
[2024-07-18T17:08:12.792+0800][info][gc,heap        ] GC(354) Eden regions: 6->0(22)
[2024-07-18T17:08:12.792+0800][info][gc,heap        ] GC(354) Survivor regions: 2->3(4)
[2024-07-18T17:08:12.792+0800][info][gc,heap        ] GC(354) Old regions: 318->323
[2024-07-18T17:08:12.792+0800][info][gc,heap        ] GC(354) Archive regions: 0->0
[2024-07-18T17:08:12.792+0800][info][gc,heap        ] GC(354) Humongous regions: 181->177
[2024-07-18T17:08:12.792+0800][info][gc,metaspace   ] GC(354) Metaspace: 194K(384K)->194K(384K) NonClass: 187K(256K)->187K(256K) Class: 7K(128K)->7K(128K)
[2024-07-18T17:08:12.792+0800][info][gc             ] GC(354) Pause Young (Mixed) (G1 Preventive Collection) 485M->482M(512M) 0.767ms
[2024-07-18T17:08:12.792+0800][info][gc,cpu         ] GC(354) User=0.00s Sys=0.00s Real=0.00s
[2024-07-18T17:08:12.792+0800][info][gc,start       ] GC(355) Pause Young (Mixed) (G1 Preventive Collection)
[2024-07-18T17:08:12.792+0800][info][gc,task        ] GC(355) Using 12 workers of 13 for evacuation
[2024-07-18T17:08:12.792+0800][info][gc             ] GC(355) To-space exhausted
[2024-07-18T17:08:12.792+0800][info][gc,phases      ] GC(355)   Pre Evacuate Collection Set: 0.0ms
[2024-07-18T17:08:12.792+0800][info][gc,phases      ] GC(355)   Merge Heap Roots: 0.0ms
[2024-07-18T17:08:12.792+0800][info][gc,phases      ] GC(355)   Evacuate Collection Set: 0.5ms
[2024-07-18T17:08:12.792+0800][info][gc,phases      ] GC(355)   Post Evacuate Collection Set: 0.1ms
[2024-07-18T17:08:12.792+0800][info][gc,phases      ] GC(355)   Other: 0.1ms
[2024-07-18T17:08:12.792+0800][info][gc,heap        ] GC(355) Eden regions: 0->0(23)
[2024-07-18T17:08:12.792+0800][info][gc,heap        ] GC(355) Survivor regions: 3->2(4)
[2024-07-18T17:08:12.792+0800][info][gc,heap        ] GC(355) Old regions: 323->328
[2024-07-18T17:08:12.792+0800][info][gc,heap        ] GC(355) Archive regions: 0->0
[2024-07-18T17:08:12.792+0800][info][gc,heap        ] GC(355) Humongous regions: 178->177
[2024-07-18T17:08:12.792+0800][info][gc,metaspace   ] GC(355) Metaspace: 194K(384K)->194K(384K) NonClass: 187K(256K)->187K(256K) Class: 7K(128K)->7K(128K)
[2024-07-18T17:08:12.792+0800][info][gc             ] GC(355) Pause Young (Mixed) (G1 Preventive Collection) 483M->486M(512M) 0.806ms
[2024-07-18T17:08:12.792+0800][info][gc,cpu         ] GC(355) User=0.00s Sys=0.00s Real=0.00s
[2024-07-18T17:08:12.792+0800][info][gc,start       ] GC(356) Pause Young (Concurrent Start) (G1 Humongous Allocation)
[2024-07-18T17:08:12.792+0800][info][gc,task        ] GC(356) Using 12 workers of 13 for evacuation
[2024-07-18T17:08:12.796+0800][info][gc,phases      ] GC(356)   Pre Evacuate Collection Set: 0.0ms
[2024-07-18T17:08:12.796+0800][info][gc,phases      ] GC(356)   Merge Heap Roots: 0.0ms
[2024-07-18T17:08:12.796+0800][info][gc,phases      ] GC(356)   Evacuate Collection Set: 0.1ms
[2024-07-18T17:08:12.796+0800][info][gc,phases      ] GC(356)   Post Evacuate Collection Set: 0.1ms
[2024-07-18T17:08:12.796+0800][info][gc,phases      ] GC(356)   Other: 0.1ms
[2024-07-18T17:08:12.796+0800][info][gc,heap        ] GC(356) Eden regions: 1->0(22)
[2024-07-18T17:08:12.796+0800][info][gc,heap        ] GC(356) Survivor regions: 2->3(4)
[2024-07-18T17:08:12.796+0800][info][gc,heap        ] GC(356) Old regions: 328->328
[2024-07-18T17:08:12.796+0800][info][gc,heap        ] GC(356) Archive regions: 0->0
[2024-07-18T17:08:12.796+0800][info][gc,heap        ] GC(356) Humongous regions: 177->177
[2024-07-18T17:08:12.796+0800][info][gc,metaspace   ] GC(356) Metaspace: 194K(384K)->194K(384K) NonClass: 187K(256K)->187K(256K) Class: 7K(128K)->7K(128K)
[2024-07-18T17:08:12.796+0800][info][gc             ] GC(356) Pause Young (Concurrent Start) (G1 Humongous Allocation) 487M->486M(512M) 0.389ms
[2024-07-18T17:08:12.796+0800][info][gc,cpu         ] GC(356) User=0.00s Sys=0.00s Real=0.00s
[2024-07-18T17:08:12.796+0800][info][gc             ] GC(357) Concurrent Mark Cycle
[2024-07-18T17:08:12.796+0800][info][gc,marking     ] GC(357) Concurrent Clear Claimed Marks
[2024-07-18T17:08:12.796+0800][info][gc,marking     ] GC(357) Concurrent Clear Claimed Marks 0.008ms
[2024-07-18T17:08:12.796+0800][info][gc,marking     ] GC(357) Concurrent Scan Root Regions
[2024-07-18T17:08:12.796+0800][info][gc,marking     ] GC(357) Concurrent Scan Root Regions 0.024ms
[2024-07-18T17:08:12.796+0800][info][gc,start       ] GC(358) Pause Young (Normal) (G1 Preventive Collection)
[2024-07-18T17:08:12.796+0800][info][gc,marking     ] GC(357) Concurrent Mark
[2024-07-18T17:08:12.796+0800][info][gc,task        ] GC(358) Using 12 workers of 13 for evacuation
[2024-07-18T17:08:12.796+0800][info][gc,marking     ] GC(357) Concurrent Mark From Roots
[2024-07-18T17:08:12.796+0800][info][gc,task        ] GC(357) Using 3 workers of 3 for marking
[2024-07-18T17:08:12.796+0800][info][gc,phases      ] GC(358)   Pre Evacuate Collection Set: 0.0ms
[2024-07-18T17:08:12.796+0800][info][gc,phases      ] GC(358)   Merge Heap Roots: 0.0ms
[2024-07-18T17:08:12.796+0800][info][gc,phases      ] GC(358)   Evacuate Collection Set: 0.1ms
[2024-07-18T17:08:12.796+0800][info][gc,phases      ] GC(358)   Post Evacuate Collection Set: 0.1ms
[2024-07-18T17:08:12.796+0800][info][gc,phases      ] GC(358)   Other: 0.1ms
[2024-07-18T17:08:12.796+0800][info][gc,heap        ] GC(358) Eden regions: 0->0(22)
[2024-07-18T17:08:12.796+0800][info][gc,heap        ] GC(358) Survivor regions: 3->3(3)
[2024-07-18T17:08:12.796+0800][info][gc,heap        ] GC(358) Old regions: 328->328
[2024-07-18T17:08:12.796+0800][info][gc,heap        ] GC(358) Archive regions: 0->0
[2024-07-18T17:08:12.796+0800][info][gc,heap        ] GC(358) Humongous regions: 178->178
[2024-07-18T17:08:12.796+0800][info][gc,metaspace   ] GC(358) Metaspace: 194K(384K)->194K(384K) NonClass: 187K(256K)->187K(256K) Class: 7K(128K)->7K(128K)
[2024-07-18T17:08:12.796+0800][info][gc             ] GC(358) Pause Young (Normal) (G1 Preventive Collection) 487M->487M(512M) 0.347ms
[2024-07-18T17:08:12.796+0800][info][gc,cpu         ] GC(358) User=0.00s Sys=0.00s Real=0.00s
[2024-07-18T17:08:12.796+0800][info][gc,start       ] GC(359) Pause Young (Normal) (G1 Preventive Collection)
[2024-07-18T17:08:12.796+0800][info][gc,task        ] GC(359) Using 12 workers of 13 for evacuation
[2024-07-18T17:08:12.796+0800][info][gc             ] GC(359) To-space exhausted
[2024-07-18T17:08:12.796+0800][info][gc,phases      ] GC(359)   Pre Evacuate Collection Set: 0.0ms
[2024-07-18T17:08:12.796+0800][info][gc,phases      ] GC(359)   Merge Heap Roots: 0.0ms
[2024-07-18T17:08:12.796+0800][info][gc,phases      ] GC(359)   Evacuate Collection Set: 0.1ms
[2024-07-18T17:08:12.796+0800][info][gc,phases      ] GC(359)   Post Evacuate Collection Set: 0.1ms
[2024-07-18T17:08:12.796+0800][info][gc,phases      ] GC(359)   Other: 0.1ms
[2024-07-18T17:08:12.796+0800][info][gc,heap        ] GC(359) Eden regions: 1->0(23)
[2024-07-18T17:08:12.796+0800][info][gc,heap        ] GC(359) Survivor regions: 3->2(2)
[2024-07-18T17:08:12.796+0800][info][gc,heap        ] GC(359) Old regions: 328->330
[2024-07-18T17:08:12.796+0800][info][gc,heap        ] GC(359) Archive regions: 0->0
[2024-07-18T17:08:12.796+0800][info][gc,heap        ] GC(359) Humongous regions: 178->178
[2024-07-18T17:08:12.796+0800][info][gc,metaspace   ] GC(359) Metaspace: 194K(384K)->194K(384K) NonClass: 187K(256K)->187K(256K) Class: 7K(128K)->7K(128K)
[2024-07-18T17:08:12.796+0800][info][gc             ] GC(359) Pause Young (Normal) (G1 Preventive Collection) 488M->488M(512M) 0.302ms
[2024-07-18T17:08:12.796+0800][info][gc,cpu         ] GC(359) User=0.00s Sys=0.00s Real=0.00s
[2024-07-18T17:08:12.796+0800][info][gc,start       ] GC(360) Pause Young (Normal) (G1 Preventive Collection)
[2024-07-18T17:08:12.796+0800][info][gc,task        ] GC(360) Using 12 workers of 13 for evacuation
[2024-07-18T17:08:12.796+0800][info][gc             ] GC(360) To-space exhausted
[2024-07-18T17:08:12.796+0800][info][gc,phases      ] GC(360)   Pre Evacuate Collection Set: 0.0ms
[2024-07-18T17:08:12.796+0800][info][gc,phases      ] GC(360)   Merge Heap Roots: 0.0ms
[2024-07-18T17:08:12.796+0800][info][gc,phases      ] GC(360)   Evacuate Collection Set: 0.1ms
[2024-07-18T17:08:12.796+0800][info][gc,phases      ] GC(360)   Post Evacuate Collection Set: 0.1ms
[2024-07-18T17:08:12.796+0800][info][gc,phases      ] GC(360)   Other: 0.0ms
[2024-07-18T17:08:12.796+0800][info][gc,heap        ] GC(360) Eden regions: 1->0(24)
[2024-07-18T17:08:12.796+0800][info][gc,heap        ] GC(360) Survivor regions: 2->1(1)
[2024-07-18T17:08:12.796+0800][info][gc,heap        ] GC(360) Old regions: 330->332
[2024-07-18T17:08:12.796+0800][info][gc,heap        ] GC(360) Archive regions: 0->0
[2024-07-18T17:08:12.796+0800][info][gc,heap        ] GC(360) Humongous regions: 178->178
[2024-07-18T17:08:12.796+0800][info][gc,metaspace   ] GC(360) Metaspace: 194K(384K)->194K(384K) NonClass: 187K(256K)->187K(256K) Class: 7K(128K)->7K(128K)
[2024-07-18T17:08:12.796+0800][info][gc             ] GC(360) Pause Young (Normal) (G1 Preventive Collection) 489M->489M(512M) 0.314ms
[2024-07-18T17:08:12.796+0800][info][gc,cpu         ] GC(360) User=0.00s Sys=0.00s Real=0.00s
[2024-07-18T17:08:12.796+0800][info][gc,start       ] GC(361) Pause Young (Normal) (G1 Evacuation Pause)
[2024-07-18T17:08:12.796+0800][info][gc,task        ] GC(361) Using 12 workers of 13 for evacuation
[2024-07-18T17:08:12.796+0800][info][gc             ] GC(361) To-space exhausted
[2024-07-18T17:08:12.796+0800][info][gc,phases      ] GC(361)   Pre Evacuate Collection Set: 0.0ms
[2024-07-18T17:08:12.796+0800][info][gc,phases      ] GC(361)   Merge Heap Roots: 0.0ms
[2024-07-18T17:08:12.796+0800][info][gc,phases      ] GC(361)   Evacuate Collection Set: 0.0ms
[2024-07-18T17:08:12.796+0800][info][gc,phases      ] GC(361)   Post Evacuate Collection Set: 0.1ms
[2024-07-18T17:08:12.796+0800][info][gc,phases      ] GC(361)   Other: 0.0ms
[2024-07-18T17:08:12.796+0800][info][gc,heap        ] GC(361) Eden regions: 1->0(25)
[2024-07-18T17:08:12.796+0800][info][gc,heap        ] GC(361) Survivor regions: 1->0(0)
[2024-07-18T17:08:12.796+0800][info][gc,heap        ] GC(361) Old regions: 332->334
[2024-07-18T17:08:12.796+0800][info][gc,heap        ] GC(361) Archive regions: 0->0
[2024-07-18T17:08:12.798+0800][info][gc,heap        ] GC(361) Humongous regions: 178->178
[2024-07-18T17:08:12.798+0800][info][gc,metaspace   ] GC(361) Metaspace: 194K(384K)->194K(384K) NonClass: 187K(256K)->187K(256K) Class: 7K(128K)->7K(128K)
[2024-07-18T17:08:12.798+0800][info][gc             ] GC(361) Pause Young (Normal) (G1 Evacuation Pause) 490M->490M(512M) 0.267ms
[2024-07-18T17:08:12.798+0800][info][gc,cpu         ] GC(361) User=0.00s Sys=0.00s Real=0.00s
[2024-07-18T17:08:12.798+0800][info][gc,ergo        ] Attempting full compaction
[2024-07-18T17:08:12.798+0800][info][gc,task        ] GC(362) Using 12 workers of 13 for full compaction
[2024-07-18T17:08:12.798+0800][info][gc,start       ] GC(362) Pause Full (G1 Compaction Pause)
[2024-07-18T17:08:12.798+0800][info][gc,phases,start] GC(362) Phase 1: Mark live objects
[2024-07-18T17:08:12.799+0800][info][gc,phases      ] GC(362) Phase 1: Mark live objects 0.449ms
[2024-07-18T17:08:12.799+0800][info][gc,phases,start] GC(362) Phase 2: Prepare for compaction
[2024-07-18T17:08:12.799+0800][info][gc,phases      ] GC(362) Phase 2: Prepare for compaction 0.160ms
[2024-07-18T17:08:12.799+0800][info][gc,phases,start] GC(362) Phase 3: Adjust pointers
[2024-07-18T17:08:12.799+0800][info][gc,phases      ] GC(362) Phase 3: Adjust pointers 0.112ms
[2024-07-18T17:08:12.799+0800][info][gc,phases,start] GC(362) Phase 4: Compact heap
[2024-07-18T17:08:12.800+0800][info][gc,phases      ] GC(362) Phase 4: Compact heap 14.195ms
[2024-07-18T17:08:12.814+0800][info][gc,heap        ] GC(362) Eden regions: 0->0(25)
[2024-07-18T17:08:12.814+0800][info][gc,heap        ] GC(362) Survivor regions: 0->0(0)
[2024-07-18T17:08:12.814+0800][info][gc,heap        ] GC(362) Old regions: 334->248
[2024-07-18T17:08:12.814+0800][info][gc,heap        ] GC(362) Archive regions: 0->0
[2024-07-18T17:08:12.814+0800][info][gc,heap        ] GC(362) Humongous regions: 178->178
[2024-07-18T17:08:12.814+0800][info][gc,metaspace   ] GC(362) Metaspace: 194K(384K)->194K(384K) NonClass: 187K(256K)->187K(256K) Class: 7K(128K)->7K(128K)
[2024-07-18T17:08:12.814+0800][info][gc             ] GC(362) Pause Full (G1 Compaction Pause) 490M->396M(512M) 15.902ms
[2024-07-18T17:08:12.814+0800][info][gc,cpu         ] GC(362) User=0.02s Sys=0.00s Real=0.02s
[2024-07-18T17:08:12.814+0800][info][gc,marking     ] GC(357) Concurrent Mark From Roots 17.962ms
[2024-07-18T17:08:12.814+0800][info][gc,marking     ] GC(357) Concurrent Mark Abort
[2024-07-18T17:08:12.814+0800][info][gc             ] GC(357) Concurrent Mark Cycle 18.095ms
[2024-07-18T17:08:12.814+0800][info][gc,start       ] GC(363) Pause Young (Concurrent Start) (G1 Humongous Allocation)
[2024-07-18T17:08:12.814+0800][info][gc,task        ] GC(363) Using 12 workers of 13 for evacuation
[2024-07-18T17:08:12.814+0800][info][gc,phases      ] GC(363)   Pre Evacuate Collection Set: 0.1ms
[2024-07-18T17:08:12.814+0800][info][gc,phases      ] GC(363)   Merge Heap Roots: 0.0ms
[2024-07-18T17:08:12.814+0800][info][gc,phases      ] GC(363)   Evacuate Collection Set: 0.1ms
[2024-07-18T17:08:12.814+0800][info][gc,phases      ] GC(363)   Post Evacuate Collection Set: 0.1ms
[2024-07-18T17:08:12.814+0800][info][gc,phases      ] GC(363)   Other: 0.1ms
[2024-07-18T17:08:12.814+0800][info][gc,heap        ] GC(363) Eden regions: 2->0(23)
[2024-07-18T17:08:12.814+0800][info][gc,heap        ] GC(363) Survivor regions: 0->2(4)
[2024-07-18T17:08:12.814+0800][info][gc,heap        ] GC(363) Old regions: 248->248
[2024-07-18T17:08:12.814+0800][info][gc,heap        ] GC(363) Archive regions: 0->0
[2024-07-18T17:08:12.814+0800][info][gc,heap        ] GC(363) Humongous regions: 178->178
[2024-07-18T17:08:12.814+0800][info][gc,metaspace   ] GC(363) Metaspace: 194K(384K)->194K(384K) NonClass: 187K(256K)->187K(256K) Class: 7K(128K)->7K(128K)
[2024-07-18T17:08:12.814+0800][info][gc             ] GC(363) Pause Young (Concurrent Start) (G1 Humongous Allocation) 397M->397M(512M) 0.483ms
[2024-07-18T17:08:12.814+0800][info][gc,cpu         ] GC(363) User=0.00s Sys=0.00s Real=0.00s
[2024-07-18T17:08:12.814+0800][info][gc             ] GC(364) Concurrent Mark Cycle
[2024-07-18T17:08:12.814+0800][info][gc,marking     ] GC(364) Concurrent Clear Claimed Marks
[2024-07-18T17:08:12.814+0800][info][gc,marking     ] GC(364) Concurrent Clear Claimed Marks 0.010ms
[2024-07-18T17:08:12.814+0800][info][gc,marking     ] GC(364) Concurrent Scan Root Regions
[2024-07-18T17:08:12.814+0800][info][gc,marking     ] GC(364) Concurrent Scan Root Regions 0.020ms
[2024-07-18T17:08:12.814+0800][info][gc,marking     ] GC(364) Concurrent Mark
[2024-07-18T17:08:12.814+0800][info][gc,marking     ] GC(364) Concurrent Mark From Roots
[2024-07-18T17:08:12.814+0800][info][gc,task        ] GC(364) Using 3 workers of 3 for marking
[2024-07-18T17:08:12.816+0800][info][gc,marking     ] GC(364) Concurrent Mark From Roots 0.720ms
[2024-07-18T17:08:12.816+0800][info][gc,marking     ] GC(364) Concurrent Preclean
[2024-07-18T17:08:12.816+0800][info][gc,marking     ] GC(364) Concurrent Preclean 0.056ms
[2024-07-18T17:08:12.816+0800][info][gc,start       ] GC(364) Pause Remark
[2024-07-18T17:08:12.816+0800][info][gc             ] GC(364) Pause Remark 412M->412M(512M) 0.240ms
[2024-07-18T17:08:12.816+0800][info][gc,cpu         ] GC(364) User=0.00s Sys=0.00s Real=0.00s
[2024-07-18T17:08:12.816+0800][info][gc,marking     ] GC(364) Concurrent Mark 1.117ms
[2024-07-18T17:08:12.816+0800][info][gc,marking     ] GC(364) Concurrent Rebuild Remembered Sets
[2024-07-18T17:08:12.816+0800][info][gc,marking     ] GC(364) Concurrent Rebuild Remembered Sets 0.400ms
[2024-07-18T17:08:12.816+0800][info][gc,start       ] GC(364) Pause Cleanup
[2024-07-18T17:08:12.816+0800][info][gc             ] GC(364) Pause Cleanup 417M->417M(512M) 0.090ms
[2024-07-18T17:08:12.816+0800][info][gc,cpu         ] GC(364) User=0.00s Sys=0.00s Real=0.00s
[2024-07-18T17:08:12.816+0800][info][gc,marking     ] GC(364) Concurrent Cleanup for Next Mark
[2024-07-18T17:08:12.816+0800][info][gc,marking     ] GC(364) Concurrent Cleanup for Next Mark 0.437ms
[2024-07-18T17:08:12.816+0800][info][gc             ] GC(364) Concurrent Mark Cycle 2.230ms
[2024-07-18T17:08:12.816+0800][info][gc,start       ] GC(365) Pause Young (Prepare Mixed) (G1 Evacuation Pause)
[2024-07-18T17:08:12.816+0800][info][gc,task        ] GC(365) Using 12 workers of 13 for evacuation
[2024-07-18T17:08:12.820+0800][info][gc,phases      ] GC(365)   Pre Evacuate Collection Set: 0.0ms
[2024-07-18T17:08:12.820+0800][info][gc,phases      ] GC(365)   Merge Heap Roots: 0.1ms
[2024-07-18T17:08:12.820+0800][info][gc,phases      ] GC(365)   Evacuate Collection Set: 0.9ms
[2024-07-18T17:08:12.820+0800][info][gc,phases      ] GC(365)   Post Evacuate Collection Set: 0.1ms
[2024-07-18T17:08:12.820+0800][info][gc,phases      ] GC(365)   Other: 0.1ms
[2024-07-18T17:08:12.820+0800][info][gc,heap        ] GC(365) Eden regions: 23->0(21)
[2024-07-18T17:08:12.820+0800][info][gc,heap        ] GC(365) Survivor regions: 2->4(4)
[2024-07-18T17:08:12.820+0800][info][gc,heap        ] GC(365) Old regions: 248->257
[2024-07-18T17:08:12.820+0800][info][gc,heap        ] GC(365) Archive regions: 0->0
[2024-07-18T17:08:12.820+0800][info][gc,heap        ] GC(365) Humongous regions: 197->175
[2024-07-18T17:08:12.820+0800][info][gc,metaspace   ] GC(365) Metaspace: 194K(384K)->194K(384K) NonClass: 187K(256K)->187K(256K) Class: 7K(128K)->7K(128K)
[2024-07-18T17:08:12.820+0800][info][gc             ] GC(365) Pause Young (Prepare Mixed) (G1 Evacuation Pause) 439M->405M(512M) 1.363ms
[2024-07-18T17:08:12.820+0800][info][gc,cpu         ] GC(365) User=0.00s Sys=0.00s Real=0.00s
[2024-07-18T17:08:12.820+0800][info][gc,start       ] GC(366) Pause Young (Mixed) (G1 Evacuation Pause)
[2024-07-18T17:08:12.820+0800][info][gc,task        ] GC(366) Using 12 workers of 13 for evacuation
[2024-07-18T17:08:12.820+0800][info][gc,phases      ] GC(366)   Pre Evacuate Collection Set: 0.1ms
[2024-07-18T17:08:12.820+0800][info][gc,phases      ] GC(366)   Merge Heap Roots: 0.0ms
[2024-07-18T17:08:12.820+0800][info][gc,phases      ] GC(366)   Evacuate Collection Set: 1.4ms
[2024-07-18T17:08:12.820+0800][info][gc,phases      ] GC(366)   Post Evacuate Collection Set: 0.1ms
[2024-07-18T17:08:12.820+0800][info][gc,phases      ] GC(366)   Other: 0.1ms
[2024-07-18T17:08:12.820+0800][info][gc,heap        ] GC(366) Eden regions: 21->0(21)
[2024-07-18T17:08:12.820+0800][info][gc,heap        ] GC(366) Survivor regions: 4->4(4)
[2024-07-18T17:08:12.820+0800][info][gc,heap        ] GC(366) Old regions: 257->260
[2024-07-18T17:08:12.820+0800][info][gc,heap        ] GC(366) Archive regions: 0->0
[2024-07-18T17:08:12.820+0800][info][gc,heap        ] GC(366) Humongous regions: 195->180
[2024-07-18T17:08:12.820+0800][info][gc,metaspace   ] GC(366) Metaspace: 194K(384K)->194K(384K) NonClass: 187K(256K)->187K(256K) Class: 7K(128K)->7K(128K)
[2024-07-18T17:08:12.820+0800][info][gc             ] GC(366) Pause Young (Mixed) (G1 Evacuation Pause) 446M->419M(512M) 1.740ms
[2024-07-18T17:08:12.820+0800][info][gc,cpu         ] GC(366) User=0.00s Sys=0.00s Real=0.00s
[2024-07-18T17:08:12.820+0800][info][gc,start       ] GC(367) Pause Young (Concurrent Start) (G1 Humongous Allocation)
[2024-07-18T17:08:12.820+0800][info][gc,task        ] GC(367) Using 12 workers of 13 for evacuation
[2024-07-18T17:08:12.825+0800][info][gc,phases      ] GC(367)   Pre Evacuate Collection Set: 0.0ms
[2024-07-18T17:08:12.825+0800][info][gc,phases      ] GC(367)   Merge Heap Roots: 0.0ms
[2024-07-18T17:08:12.825+0800][info][gc,phases      ] GC(367)   Evacuate Collection Set: 0.3ms
[2024-07-18T17:08:12.825+0800][info][gc,phases      ] GC(367)   Post Evacuate Collection Set: 0.1ms
[2024-07-18T17:08:12.825+0800][info][gc,phases      ] GC(367)   Other: 0.1ms
[2024-07-18T17:08:12.825+0800][info][gc,heap        ] GC(367) Eden regions: 1->0(24)
[2024-07-18T17:08:12.825+0800][info][gc,heap        ] GC(367) Survivor regions: 4->1(4)
[2024-07-18T17:08:12.825+0800][info][gc,heap        ] GC(367) Old regions: 260->264
[2024-07-18T17:08:12.825+0800][info][gc,heap        ] GC(367) Archive regions: 0->0
[2024-07-18T17:08:12.825+0800][info][gc,heap        ] GC(367) Humongous regions: 180->180
[2024-07-18T17:08:12.825+0800][info][gc,metaspace   ] GC(367) Metaspace: 194K(384K)->194K(384K) NonClass: 187K(256K)->187K(256K) Class: 7K(128K)->7K(128K)
[2024-07-18T17:08:12.825+0800][info][gc             ] GC(367) Pause Young (Concurrent Start) (G1 Humongous Allocation) 420M->420M(512M) 0.591ms
[2024-07-18T17:08:12.825+0800][info][gc,cpu         ] GC(367) User=0.02s Sys=0.00s Real=0.01s
[2024-07-18T17:08:12.825+0800][info][gc             ] GC(368) Concurrent Mark Cycle
[2024-07-18T17:08:12.825+0800][info][gc,marking     ] GC(368) Concurrent Clear Claimed Marks
[2024-07-18T17:08:12.825+0800][info][gc,marking     ] GC(368) Concurrent Clear Claimed Marks 0.007ms
[2024-07-18T17:08:12.825+0800][info][gc,marking     ] GC(368) Concurrent Scan Root Regions
[2024-07-18T17:08:12.825+0800][info][gc,marking     ] GC(368) Concurrent Scan Root Regions 0.023ms
[2024-07-18T17:08:12.825+0800][info][gc,marking     ] GC(368) Concurrent Mark
[2024-07-18T17:08:12.825+0800][info][gc,marking     ] GC(368) Concurrent Mark From Roots
[2024-07-18T17:08:12.825+0800][info][gc,task        ] GC(368) Using 3 workers of 3 for marking
[2024-07-18T17:08:12.826+0800][info][gc,marking     ] GC(368) Concurrent Mark From Roots 0.869ms
[2024-07-18T17:08:12.826+0800][info][gc,marking     ] GC(368) Concurrent Preclean
[2024-07-18T17:08:12.826+0800][info][gc,marking     ] GC(368) Concurrent Preclean 0.061ms
[2024-07-18T17:08:12.826+0800][info][gc,start       ] GC(368) Pause Remark
[2024-07-18T17:08:12.826+0800][info][gc             ] GC(368) Pause Remark 436M->436M(512M) 0.196ms
[2024-07-18T17:08:12.826+0800][info][gc,cpu         ] GC(368) User=0.00s Sys=0.00s Real=0.00s
[2024-07-18T17:08:12.826+0800][info][gc,marking     ] GC(368) Concurrent Mark 1.223ms
[2024-07-18T17:08:12.826+0800][info][gc,marking     ] GC(368) Concurrent Rebuild Remembered Sets
[2024-07-18T17:08:12.827+0800][info][gc,marking     ] GC(368) Concurrent Rebuild Remembered Sets 0.610ms
[2024-07-18T17:08:12.827+0800][info][gc,start       ] GC(368) Pause Cleanup
[2024-07-18T17:08:12.827+0800][info][gc             ] GC(368) Pause Cleanup 448M->448M(512M) 0.092ms
[2024-07-18T17:08:12.827+0800][info][gc,cpu         ] GC(368) User=0.00s Sys=0.00s Real=0.00s
[2024-07-18T17:08:12.827+0800][info][gc,marking     ] GC(368) Concurrent Cleanup for Next Mark
[2024-07-18T17:08:12.828+0800][info][gc,marking     ] GC(368) Concurrent Cleanup for Next Mark 0.463ms
[2024-07-18T17:08:12.828+0800][info][gc             ] GC(368) Concurrent Mark Cycle 2.573ms
[2024-07-18T17:08:12.828+0800][info][gc,start       ] GC(369) Pause Young (Prepare Mixed) (G1 Evacuation Pause)
[2024-07-18T17:08:12.828+0800][info][gc,task        ] GC(369) Using 12 workers of 13 for evacuation
[2024-07-18T17:08:12.829+0800][info][gc,phases      ] GC(369)   Pre Evacuate Collection Set: 0.0ms
[2024-07-18T17:08:12.829+0800][info][gc,phases      ] GC(369)   Merge Heap Roots: 0.1ms
[2024-07-18T17:08:12.829+0800][info][gc,phases      ] GC(369)   Evacuate Collection Set: 0.9ms
[2024-07-18T17:08:12.829+0800][info][gc,phases      ] GC(369)   Post Evacuate Collection Set: 0.1ms
[2024-07-18T17:08:12.829+0800][info][gc,phases      ] GC(369)   Other: 0.0ms
[2024-07-18T17:08:12.829+0800][info][gc,heap        ] GC(369) Eden regions: 24->0(21)
[2024-07-18T17:08:12.829+0800][info][gc,heap        ] GC(369) Survivor regions: 1->4(4)
[2024-07-18T17:08:12.829+0800][info][gc,heap        ] GC(369) Old regions: 264->273
[2024-07-18T17:08:12.829+0800][info][gc,heap        ] GC(369) Archive regions: 0->0
[2024-07-18T17:08:12.829+0800][info][gc,heap        ] GC(369) Humongous regions: 195->180
[2024-07-18T17:08:12.829+0800][info][gc,metaspace   ] GC(369) Metaspace: 194K(384K)->194K(384K) NonClass: 187K(256K)->187K(256K) Class: 7K(128K)->7K(128K)
[2024-07-18T17:08:12.829+0800][info][gc             ] GC(369) Pause Young (Prepare Mixed) (G1 Evacuation Pause) 458M->432M(512M) 1.157ms
[2024-07-18T17:08:12.829+0800][info][gc,cpu         ] GC(369) User=0.00s Sys=0.00s Real=0.00s
[2024-07-18T17:08:12.830+0800][info][gc,start       ] GC(370) Pause Young (Mixed) (G1 Evacuation Pause)
[2024-07-18T17:08:12.830+0800][info][gc,task        ] GC(370) Using 12 workers of 13 for evacuation
[2024-07-18T17:08:12.830+0800][info][gc             ] GC(370) To-space exhausted
[2024-07-18T17:08:12.830+0800][info][gc,phases      ] GC(370)   Pre Evacuate Collection Set: 0.0ms
[2024-07-18T17:08:12.830+0800][info][gc,phases      ] GC(370)   Merge Heap Roots: 0.0ms
[2024-07-18T17:08:12.830+0800][info][gc,phases      ] GC(370)   Evacuate Collection Set: 1.7ms
[2024-07-18T17:08:12.830+0800][info][gc,phases      ] GC(370)   Post Evacuate Collection Set: 0.1ms
[2024-07-18T17:08:12.830+0800][info][gc,phases      ] GC(370)   Other: 0.1ms
[2024-07-18T17:08:12.830+0800][info][gc,heap        ] GC(370) Eden regions: 21->0(21)
[2024-07-18T17:08:12.830+0800][info][gc,heap        ] GC(370) Survivor regions: 4->4(4)
[2024-07-18T17:08:12.830+0800][info][gc,heap        ] GC(370) Old regions: 273->294
[2024-07-18T17:08:12.830+0800][info][gc,heap        ] GC(370) Archive regions: 0->0
[2024-07-18T17:08:12.830+0800][info][gc,heap        ] GC(370) Humongous regions: 189->176
[2024-07-18T17:08:12.830+0800][info][gc,metaspace   ] GC(370) Metaspace: 194K(384K)->194K(384K) NonClass: 187K(256K)->187K(256K) Class: 7K(128K)->7K(128K)
[2024-07-18T17:08:12.830+0800][info][gc             ] GC(370) Pause Young (Mixed) (G1 Evacuation Pause) 462M->451M(512M) 2.053ms
[2024-07-18T17:08:12.830+0800][info][gc,cpu         ] GC(370) User=0.00s Sys=0.00s Real=0.00s
[2024-07-18T17:08:12.830+0800][info][gc,start       ] GC(371) Pause Young (Concurrent Start) (G1 Humongous Allocation)
[2024-07-18T17:08:12.830+0800][info][gc,task        ] GC(371) Using 12 workers of 13 for evacuation
[2024-07-18T17:08:12.834+0800][info][gc,phases      ] GC(371)   Pre Evacuate Collection Set: 0.0ms
[2024-07-18T17:08:12.834+0800][info][gc,phases      ] GC(371)   Merge Heap Roots: 0.0ms
[2024-07-18T17:08:12.834+0800][info][gc,phases      ] GC(371)   Evacuate Collection Set: 0.3ms
[2024-07-18T17:08:12.834+0800][info][gc,phases      ] GC(371)   Post Evacuate Collection Set: 0.1ms
[2024-07-18T17:08:12.834+0800][info][gc,phases      ] GC(371)   Other: 0.1ms
[2024-07-18T17:08:12.834+0800][info][gc,heap        ] GC(371) Eden regions: 1->0(24)
[2024-07-18T17:08:12.834+0800][info][gc,heap        ] GC(371) Survivor regions: 4->1(4)
[2024-07-18T17:08:12.834+0800][info][gc,heap        ] GC(371) Old regions: 294->297
[2024-07-18T17:08:12.834+0800][info][gc,heap        ] GC(371) Archive regions: 0->0
[2024-07-18T17:08:12.834+0800][info][gc,heap        ] GC(371) Humongous regions: 176->174
[2024-07-18T17:08:12.834+0800][info][gc,metaspace   ] GC(371) Metaspace: 194K(384K)->194K(384K) NonClass: 187K(256K)->187K(256K) Class: 7K(128K)->7K(128K)
[2024-07-18T17:08:12.834+0800][info][gc             ] GC(371) Pause Young (Concurrent Start) (G1 Humongous Allocation) 452M->448M(512M) 0.554ms
[2024-07-18T17:08:12.834+0800][info][gc,cpu         ] GC(371) User=0.00s Sys=0.00s Real=0.00s
[2024-07-18T17:08:12.834+0800][info][gc             ] GC(372) Concurrent Mark Cycle
[2024-07-18T17:08:12.834+0800][info][gc,marking     ] GC(372) Concurrent Clear Claimed Marks
[2024-07-18T17:08:12.834+0800][info][gc,marking     ] GC(372) Concurrent Clear Claimed Marks 0.011ms
[2024-07-18T17:08:12.834+0800][info][gc,marking     ] GC(372) Concurrent Scan Root Regions
[2024-07-18T17:08:12.834+0800][info][gc,marking     ] GC(372) Concurrent Scan Root Regions 0.029ms
[2024-07-18T17:08:12.834+0800][info][gc,marking     ] GC(372) Concurrent Mark
[2024-07-18T17:08:12.834+0800][info][gc,marking     ] GC(372) Concurrent Mark From Roots
[2024-07-18T17:08:12.834+0800][info][gc,task        ] GC(372) Using 3 workers of 3 for marking
[2024-07-18T17:08:12.835+0800][info][gc,marking     ] GC(372) Concurrent Mark From Roots 0.772ms
[2024-07-18T17:08:12.835+0800][info][gc,marking     ] GC(372) Concurrent Preclean
[2024-07-18T17:08:12.835+0800][info][gc,marking     ] GC(372) Concurrent Preclean 0.096ms
[2024-07-18T17:08:12.835+0800][info][gc,start       ] GC(372) Pause Remark
[2024-07-18T17:08:12.835+0800][info][gc             ] GC(372) Pause Remark 457M->457M(512M) 0.240ms
[2024-07-18T17:08:12.835+0800][info][gc,cpu         ] GC(372) User=0.00s Sys=0.00s Real=0.00s
[2024-07-18T17:08:12.835+0800][info][gc,marking     ] GC(372) Concurrent Mark 1.210ms
[2024-07-18T17:08:12.835+0800][info][gc,marking     ] GC(372) Concurrent Rebuild Remembered Sets
[2024-07-18T17:08:12.836+0800][info][gc,marking     ] GC(372) Concurrent Rebuild Remembered Sets 0.602ms
[2024-07-18T17:08:12.836+0800][info][gc,start       ] GC(372) Pause Cleanup
[2024-07-18T17:08:12.836+0800][info][gc             ] GC(372) Pause Cleanup 470M->470M(512M) 0.102ms
[2024-07-18T17:08:12.836+0800][info][gc,cpu         ] GC(372) User=0.00s Sys=0.00s Real=0.00s
[2024-07-18T17:08:12.836+0800][info][gc,marking     ] GC(372) Concurrent Cleanup for Next Mark
[2024-07-18T17:08:12.836+0800][info][gc,marking     ] GC(372) Concurrent Cleanup for Next Mark 0.459ms
[2024-07-18T17:08:12.836+0800][info][gc             ] GC(372) Concurrent Mark Cycle 2.580ms
[2024-07-18T17:08:12.836+0800][info][gc,start       ] GC(373) Pause Young (Prepare Mixed) (G1 Preventive Collection)
[2024-07-18T17:08:12.836+0800][info][gc,task        ] GC(373) Using 12 workers of 13 for evacuation
[2024-07-18T17:08:12.836+0800][info][gc,phases      ] GC(373)   Pre Evacuate Collection Set: 0.0ms
[2024-07-18T17:08:12.836+0800][info][gc,phases      ] GC(373)   Merge Heap Roots: 0.1ms
[2024-07-18T17:08:12.836+0800][info][gc,phases      ] GC(373)   Evacuate Collection Set: 0.6ms
[2024-07-18T17:08:12.836+0800][info][gc,phases      ] GC(373)   Post Evacuate Collection Set: 0.1ms
[2024-07-18T17:08:12.836+0800][info][gc,phases      ] GC(373)   Other: 0.1ms
[2024-07-18T17:08:12.836+0800][info][gc,heap        ] GC(373) Eden regions: 19->0(21)
[2024-07-18T17:08:12.836+0800][info][gc,heap        ] GC(373) Survivor regions: 1->4(4)
[2024-07-18T17:08:12.836+0800][info][gc,heap        ] GC(373) Old regions: 297->302
[2024-07-18T17:08:12.836+0800][info][gc,heap        ] GC(373) Archive regions: 0->0
[2024-07-18T17:08:12.836+0800][info][gc,heap        ] GC(373) Humongous regions: 184->172
[2024-07-18T17:08:12.836+0800][info][gc,metaspace   ] GC(373) Metaspace: 194K(384K)->194K(384K) NonClass: 187K(256K)->187K(256K) Class: 7K(128K)->7K(128K)
[2024-07-18T17:08:12.836+0800][info][gc             ] GC(373) Pause Young (Prepare Mixed) (G1 Preventive Collection) 477M->455M(512M) 1.049ms
[2024-07-18T17:08:12.836+0800][info][gc,cpu         ] GC(373) User=0.00s Sys=0.00s Real=0.00s
[2024-07-18T17:08:12.839+0800][info][gc,start       ] GC(374) Pause Young (Mixed) (G1 Preventive Collection)
[2024-07-18T17:08:12.839+0800][info][gc,task        ] GC(374) Using 12 workers of 13 for evacuation
[2024-07-18T17:08:12.839+0800][info][gc             ] GC(374) To-space exhausted
[2024-07-18T17:08:12.839+0800][info][gc,phases      ] GC(374)   Pre Evacuate Collection Set: 0.0ms
[2024-07-18T17:08:12.839+0800][info][gc,phases      ] GC(374)   Merge Heap Roots: 0.0ms
[2024-07-18T17:08:12.839+0800][info][gc,phases      ] GC(374)   Evacuate Collection Set: 0.9ms
[2024-07-18T17:08:12.839+0800][info][gc,phases      ] GC(374)   Post Evacuate Collection Set: 0.2ms
[2024-07-18T17:08:12.839+0800][info][gc,phases      ] GC(374)   Other: 0.1ms
[2024-07-18T17:08:12.839+0800][info][gc,heap        ] GC(374) Eden regions: 14->0(22)
[2024-07-18T17:08:12.839+0800][info][gc,heap        ] GC(374) Survivor regions: 4->3(4)
[2024-07-18T17:08:12.839+0800][info][gc,heap        ] GC(374) Old regions: 302->317
[2024-07-18T17:08:12.839+0800][info][gc,heap        ] GC(374) Archive regions: 0->0
[2024-07-18T17:08:12.839+0800][info][gc,heap        ] GC(374) Humongous regions: 180->172
[2024-07-18T17:08:12.839+0800][info][gc,metaspace   ] GC(374) Metaspace: 194K(384K)->194K(384K) NonClass: 187K(256K)->187K(256K) Class: 7K(128K)->7K(128K)
[2024-07-18T17:08:12.839+0800][info][gc             ] GC(374) Pause Young (Mixed) (G1 Preventive Collection) 477M->470M(512M) 1.281ms
[2024-07-18T17:08:12.839+0800][info][gc,cpu         ] GC(374) User=0.00s Sys=0.00s Real=0.00s
[2024-07-18T17:08:12.839+0800][info][gc,start       ] GC(375) Pause Young (Mixed) (G1 Preventive Collection)
[2024-07-18T17:08:12.839+0800][info][gc,task        ] GC(375) Using 12 workers of 13 for evacuation
[2024-07-18T17:08:12.842+0800][info][gc             ] GC(375) To-space exhausted
[2024-07-18T17:08:12.842+0800][info][gc,phases      ] GC(375)   Pre Evacuate Collection Set: 0.0ms
[2024-07-18T17:08:12.842+0800][info][gc,phases      ] GC(375)   Merge Heap Roots: 0.0ms
[2024-07-18T17:08:12.842+0800][info][gc,phases      ] GC(375)   Evacuate Collection Set: 0.9ms
[2024-07-18T17:08:12.842+0800][info][gc,phases      ] GC(375)   Post Evacuate Collection Set: 0.1ms
[2024-07-18T17:08:12.842+0800][info][gc,phases      ] GC(375)   Other: 0.1ms
[2024-07-18T17:08:12.842+0800][info][gc,heap        ] GC(375) Eden regions: 7->0(23)
[2024-07-18T17:08:12.842+0800][info][gc,heap        ] GC(375) Survivor regions: 3->2(4)
[2024-07-18T17:08:12.842+0800][info][gc,heap        ] GC(375) Old regions: 317->332
[2024-07-18T17:08:12.842+0800][info][gc,heap        ] GC(375) Archive regions: 0->0
[2024-07-18T17:08:12.842+0800][info][gc,heap        ] GC(375) Humongous regions: 172->170
[2024-07-18T17:08:12.842+0800][info][gc,metaspace   ] GC(375) Metaspace: 194K(384K)->194K(384K) NonClass: 187K(256K)->187K(256K) Class: 7K(128K)->7K(128K)
[2024-07-18T17:08:12.842+0800][info][gc             ] GC(375) Pause Young (Mixed) (G1 Preventive Collection) 476M->482M(512M) 1.223ms
[2024-07-18T17:08:12.842+0800][info][gc,cpu         ] GC(375) User=0.00s Sys=0.00s Real=0.00s
[2024-07-18T17:08:12.842+0800][info][gc,start       ] GC(376) Pause Young (Concurrent Start) (G1 Humongous Allocation)
[2024-07-18T17:08:12.842+0800][info][gc,task        ] GC(376) Using 12 workers of 13 for evacuation
[2024-07-18T17:08:12.843+0800][info][gc,phases      ] GC(376)   Pre Evacuate Collection Set: 0.0ms
[2024-07-18T17:08:12.843+0800][info][gc,phases      ] GC(376)   Merge Heap Roots: 0.0ms
[2024-07-18T17:08:12.843+0800][info][gc,phases      ] GC(376)   Evacuate Collection Set: 0.2ms
[2024-07-18T17:08:12.843+0800][info][gc,phases      ] GC(376)   Post Evacuate Collection Set: 0.1ms
[2024-07-18T17:08:12.843+0800][info][gc,phases      ] GC(376)   Other: 0.1ms
[2024-07-18T17:08:12.843+0800][info][gc,heap        ] GC(376) Eden regions: 1->0(22)
[2024-07-18T17:08:12.843+0800][info][gc,heap        ] GC(376) Survivor regions: 2->3(4)
[2024-07-18T17:08:12.843+0800][info][gc,heap        ] GC(376) Old regions: 332->332
[2024-07-18T17:08:12.843+0800][info][gc,heap        ] GC(376) Archive regions: 0->0
[2024-07-18T17:08:12.843+0800][info][gc,heap        ] GC(376) Humongous regions: 171->171
[2024-07-18T17:08:12.843+0800][info][gc,metaspace   ] GC(376) Metaspace: 194K(384K)->194K(384K) NonClass: 187K(256K)->187K(256K) Class: 7K(128K)->7K(128K)
[2024-07-18T17:08:12.843+0800][info][gc             ] GC(376) Pause Young (Concurrent Start) (G1 Humongous Allocation) 484M->483M(512M) 0.425ms
[2024-07-18T17:08:12.843+0800][info][gc,cpu         ] GC(376) User=0.00s Sys=0.00s Real=0.00s
[2024-07-18T17:08:12.843+0800][info][gc             ] GC(377) Concurrent Mark Cycle
[2024-07-18T17:08:12.843+0800][info][gc,marking     ] GC(377) Concurrent Clear Claimed Marks
[2024-07-18T17:08:12.843+0800][info][gc,marking     ] GC(377) Concurrent Clear Claimed Marks 0.007ms
[2024-07-18T17:08:12.843+0800][info][gc,marking     ] GC(377) Concurrent Scan Root Regions
[2024-07-18T17:08:12.843+0800][info][gc,marking     ] GC(377) Concurrent Scan Root Regions 0.022ms
[2024-07-18T17:08:12.843+0800][info][gc,marking     ] GC(377) Concurrent Mark
[2024-07-18T17:08:12.843+0800][info][gc,marking     ] GC(377) Concurrent Mark From Roots
[2024-07-18T17:08:12.843+0800][info][gc,task        ] GC(377) Using 3 workers of 3 for marking
[2024-07-18T17:08:12.844+0800][info][gc,start       ] GC(378) Pause Young (Normal) (G1 Preventive Collection)
[2024-07-18T17:08:12.844+0800][info][gc,task        ] GC(378) Using 12 workers of 13 for evacuation
[2024-07-18T17:08:12.844+0800][info][gc,phases      ] GC(378)   Pre Evacuate Collection Set: 0.0ms
[2024-07-18T17:08:12.844+0800][info][gc,phases      ] GC(378)   Merge Heap Roots: 0.0ms
[2024-07-18T17:08:12.844+0800][info][gc,phases      ] GC(378)   Evacuate Collection Set: 0.1ms
[2024-07-18T17:08:12.844+0800][info][gc,phases      ] GC(378)   Post Evacuate Collection Set: 0.1ms
[2024-07-18T17:08:12.844+0800][info][gc,phases      ] GC(378)   Other: 0.0ms
[2024-07-18T17:08:12.844+0800][info][gc,heap        ] GC(378) Eden regions: 1->0(24)
[2024-07-18T17:08:12.844+0800][info][gc,heap        ] GC(378) Survivor regions: 3->1(4)
[2024-07-18T17:08:12.844+0800][info][gc,heap        ] GC(378) Old regions: 332->335
[2024-07-18T17:08:12.844+0800][info][gc,heap        ] GC(378) Archive regions: 0->0
[2024-07-18T17:08:12.844+0800][info][gc,heap        ] GC(378) Humongous regions: 172->172
[2024-07-18T17:08:12.844+0800][info][gc,metaspace   ] GC(378) Metaspace: 194K(384K)->194K(384K) NonClass: 187K(256K)->187K(256K) Class: 7K(128K)->7K(128K)
[2024-07-18T17:08:12.844+0800][info][gc             ] GC(378) Pause Young (Normal) (G1 Preventive Collection) 485M->485M(512M) 0.380ms
[2024-07-18T17:08:12.844+0800][info][gc,cpu         ] GC(378) User=0.00s Sys=0.00s Real=0.00s
[2024-07-18T17:08:12.844+0800][info][gc,start       ] GC(379) Pause Young (Normal) (G1 Preventive Collection)
[2024-07-18T17:08:12.844+0800][info][gc,task        ] GC(379) Using 12 workers of 13 for evacuation
[2024-07-18T17:08:12.845+0800][info][gc,phases      ] GC(379)   Pre Evacuate Collection Set: 0.0ms
[2024-07-18T17:08:12.845+0800][info][gc,phases      ] GC(379)   Merge Heap Roots: 0.0ms
[2024-07-18T17:08:12.845+0800][info][gc,phases      ] GC(379)   Evacuate Collection Set: 0.1ms
[2024-07-18T17:08:12.845+0800][info][gc,phases      ] GC(379)   Post Evacuate Collection Set: 0.1ms
[2024-07-18T17:08:12.845+0800][info][gc,phases      ] GC(379)   Other: 0.0ms
[2024-07-18T17:08:12.845+0800][info][gc,heap        ] GC(379) Eden regions: 2->0(23)
[2024-07-18T17:08:12.845+0800][info][gc,heap        ] GC(379) Survivor regions: 1->2(2)
[2024-07-18T17:08:12.845+0800][info][gc,heap        ] GC(379) Old regions: 335->335
[2024-07-18T17:08:12.845+0800][info][gc,heap        ] GC(379) Archive regions: 0->0
[2024-07-18T17:08:12.845+0800][info][gc,heap        ] GC(379) Humongous regions: 172->172
[2024-07-18T17:08:12.845+0800][info][gc,metaspace   ] GC(379) Metaspace: 194K(384K)->194K(384K) NonClass: 187K(256K)->187K(256K) Class: 7K(128K)->7K(128K)
[2024-07-18T17:08:12.845+0800][info][gc             ] GC(379) Pause Young (Normal) (G1 Preventive Collection) 486M->485M(512M) 0.317ms
[2024-07-18T17:08:12.845+0800][info][gc,cpu         ] GC(379) User=0.00s Sys=0.00s Real=0.00s
[2024-07-18T17:08:12.845+0800][info][gc,start       ] GC(380) Pause Young (Normal) (G1 Preventive Collection)
[2024-07-18T17:08:12.845+0800][info][gc,task        ] GC(380) Using 12 workers of 13 for evacuation
[2024-07-18T17:08:12.845+0800][info][gc,phases      ] GC(380)   Pre Evacuate Collection Set: 0.0ms
[2024-07-18T17:08:12.845+0800][info][gc,phases      ] GC(380)   Merge Heap Roots: 0.0ms
[2024-07-18T17:08:12.845+0800][info][gc,phases      ] GC(380)   Evacuate Collection Set: 0.1ms
[2024-07-18T17:08:12.845+0800][info][gc,phases      ] GC(380)   Post Evacuate Collection Set: 0.1ms
[2024-07-18T17:08:12.845+0800][info][gc,phases      ] GC(380)   Other: 0.0ms
[2024-07-18T17:08:12.845+0800][info][gc,heap        ] GC(380) Eden regions: 0->0(23)
[2024-07-18T17:08:12.845+0800][info][gc,heap        ] GC(380) Survivor regions: 2->2(2)
[2024-07-18T17:08:12.845+0800][info][gc,heap        ] GC(380) Old regions: 335->335
[2024-07-18T17:08:12.845+0800][info][gc,heap        ] GC(380) Archive regions: 0->0
[2024-07-18T17:08:12.845+0800][info][gc,heap        ] GC(380) Humongous regions: 173->173
[2024-07-18T17:08:12.845+0800][info][gc,metaspace   ] GC(380) Metaspace: 194K(384K)->194K(384K) NonClass: 187K(256K)->187K(256K) Class: 7K(128K)->7K(128K)
[2024-07-18T17:08:12.845+0800][info][gc             ] GC(380) Pause Young (Normal) (G1 Preventive Collection) 486M->486M(512M) 0.277ms
[2024-07-18T17:08:12.845+0800][info][gc,cpu         ] GC(380) User=0.00s Sys=0.00s Real=0.00s
[2024-07-18T17:08:12.845+0800][info][gc,start       ] GC(381) Pause Young (Normal) (G1 Preventive Collection)
[2024-07-18T17:08:12.845+0800][info][gc,task        ] GC(381) Using 12 workers of 13 for evacuation
[2024-07-18T17:08:12.845+0800][info][gc,phases      ] GC(381)   Pre Evacuate Collection Set: 0.0ms
[2024-07-18T17:08:12.845+0800][info][gc,phases      ] GC(381)   Merge Heap Roots: 0.0ms
[2024-07-18T17:08:12.845+0800][info][gc,phases      ] GC(381)   Evacuate Collection Set: 0.1ms
[2024-07-18T17:08:12.845+0800][info][gc,phases      ] GC(381)   Post Evacuate Collection Set: 0.1ms
[2024-07-18T17:08:12.845+0800][info][gc,phases      ] GC(381)   Other: 0.0ms
[2024-07-18T17:08:12.845+0800][info][gc,heap        ] GC(381) Eden regions: 1->0(24)
[2024-07-18T17:08:12.845+0800][info][gc,heap        ] GC(381) Survivor regions: 2->1(1)
[2024-07-18T17:08:12.845+0800][info][gc,heap        ] GC(381) Old regions: 335->335
[2024-07-18T17:08:12.845+0800][info][gc,heap        ] GC(381) Archive regions: 0->0
[2024-07-18T17:08:12.845+0800][info][gc,heap        ] GC(381) Humongous regions: 173->173
[2024-07-18T17:08:12.845+0800][info][gc,metaspace   ] GC(381) Metaspace: 194K(384K)->194K(384K) NonClass: 187K(256K)->187K(256K) Class: 7K(128K)->7K(128K)
[2024-07-18T17:08:12.845+0800][info][gc             ] GC(381) Pause Young (Normal) (G1 Preventive Collection) 487M->486M(512M) 0.280ms
[2024-07-18T17:08:12.845+0800][info][gc,cpu         ] GC(381) User=0.00s Sys=0.00s Real=0.00s
[2024-07-18T17:08:12.845+0800][info][gc,start       ] GC(382) Pause Young (Normal) (G1 Preventive Collection)
[2024-07-18T17:08:12.845+0800][info][gc,task        ] GC(382) Using 12 workers of 13 for evacuation
[2024-07-18T17:08:12.845+0800][info][gc,phases      ] GC(382)   Pre Evacuate Collection Set: 0.0ms
[2024-07-18T17:08:12.845+0800][info][gc,phases      ] GC(382)   Merge Heap Roots: 0.0ms
[2024-07-18T17:08:12.845+0800][info][gc,phases      ] GC(382)   Evacuate Collection Set: 0.0ms
[2024-07-18T17:08:12.845+0800][info][gc,phases      ] GC(382)   Post Evacuate Collection Set: 0.1ms
[2024-07-18T17:08:12.846+0800][info][gc,phases      ] GC(382)   Other: 0.0ms
[2024-07-18T17:08:12.846+0800][info][gc,heap        ] GC(382) Eden regions: 0->0(24)
[2024-07-18T17:08:12.846+0800][info][gc,heap        ] GC(382) Survivor regions: 1->1(2)
[2024-07-18T17:08:12.846+0800][info][gc,heap        ] GC(382) Old regions: 335->335
[2024-07-18T17:08:12.846+0800][info][gc,heap        ] GC(382) Archive regions: 0->0
[2024-07-18T17:08:12.846+0800][info][gc,heap        ] GC(382) Humongous regions: 174->174
[2024-07-18T17:08:12.846+0800][info][gc,metaspace   ] GC(382) Metaspace: 194K(384K)->194K(384K) NonClass: 187K(256K)->187K(256K) Class: 7K(128K)->7K(128K)
[2024-07-18T17:08:12.846+0800][info][gc             ] GC(382) Pause Young (Normal) (G1 Preventive Collection) 487M->487M(512M) 0.251ms
[2024-07-18T17:08:12.846+0800][info][gc,cpu         ] GC(382) User=0.00s Sys=0.00s Real=0.00s
[2024-07-18T17:08:12.846+0800][info][gc,start       ] GC(383) Pause Young (Normal) (G1 Preventive Collection)
[2024-07-18T17:08:12.846+0800][info][gc,task        ] GC(383) Using 12 workers of 13 for evacuation
[2024-07-18T17:08:12.846+0800][info][gc,phases      ] GC(383)   Pre Evacuate Collection Set: 0.0ms
[2024-07-18T17:08:12.846+0800][info][gc,phases      ] GC(383)   Merge Heap Roots: 0.0ms
[2024-07-18T17:08:12.846+0800][info][gc,phases      ] GC(383)   Evacuate Collection Set: 0.1ms
[2024-07-18T17:08:12.846+0800][info][gc,phases      ] GC(383)   Post Evacuate Collection Set: 0.1ms
[2024-07-18T17:08:12.846+0800][info][gc,phases      ] GC(383)   Other: 0.0ms
[2024-07-18T17:08:12.846+0800][info][gc,heap        ] GC(383) Eden regions: 1->0(24)
[2024-07-18T17:08:12.846+0800][info][gc,heap        ] GC(383) Survivor regions: 1->1(1)
[2024-07-18T17:08:12.846+0800][info][gc,heap        ] GC(383) Old regions: 335->335
[2024-07-18T17:08:12.846+0800][info][gc,heap        ] GC(383) Archive regions: 0->0
[2024-07-18T17:08:12.846+0800][info][gc,heap        ] GC(383) Humongous regions: 174->173
[2024-07-18T17:08:12.846+0800][info][gc,metaspace   ] GC(383) Metaspace: 194K(384K)->194K(384K) NonClass: 187K(256K)->187K(256K) Class: 7K(128K)->7K(128K)
[2024-07-18T17:08:12.846+0800][info][gc             ] GC(383) Pause Young (Normal) (G1 Preventive Collection) 488M->487M(512M) 0.293ms
[2024-07-18T17:08:12.846+0800][info][gc,cpu         ] GC(383) User=0.00s Sys=0.00s Real=0.00s
[2024-07-18T17:08:12.846+0800][info][gc,marking     ] GC(377) Concurrent Mark From Roots 2.787ms
[2024-07-18T17:08:12.846+0800][info][gc,start       ] GC(384) Pause Young (Normal) (G1 Preventive Collection)
[2024-07-18T17:08:12.846+0800][info][gc,marking     ] GC(377) Concurrent Preclean
[2024-07-18T17:08:12.846+0800][info][gc,task        ] GC(384) Using 12 workers of 13 for evacuation
[2024-07-18T17:08:12.846+0800][info][gc,phases      ] GC(384)   Pre Evacuate Collection Set: 0.0ms
[2024-07-18T17:08:12.846+0800][info][gc,phases      ] GC(384)   Merge Heap Roots: 0.0ms
[2024-07-18T17:08:12.846+0800][info][gc,phases      ] GC(384)   Evacuate Collection Set: 0.0ms
[2024-07-18T17:08:12.846+0800][info][gc,phases      ] GC(384)   Post Evacuate Collection Set: 0.1ms
[2024-07-18T17:08:12.846+0800][info][gc,phases      ] GC(384)   Other: 0.1ms
[2024-07-18T17:08:12.846+0800][info][gc,heap        ] GC(384) Eden regions: 1->0(24)
[2024-07-18T17:08:12.846+0800][info][gc,heap        ] GC(384) Survivor regions: 1->1(2)
[2024-07-18T17:08:12.846+0800][info][gc,heap        ] GC(384) Old regions: 335->335
[2024-07-18T17:08:12.846+0800][info][gc,heap        ] GC(384) Archive regions: 0->0
[2024-07-18T17:08:12.846+0800][info][gc,heap        ] GC(384) Humongous regions: 173->173
[2024-07-18T17:08:12.846+0800][info][gc,metaspace   ] GC(384) Metaspace: 194K(384K)->194K(384K) NonClass: 187K(256K)->187K(256K) Class: 7K(128K)->7K(128K)
[2024-07-18T17:08:12.846+0800][info][gc             ] GC(384) Pause Young (Normal) (G1 Preventive Collection) 487M->486M(512M) 0.285ms
[2024-07-18T17:08:12.846+0800][info][gc,cpu         ] GC(384) User=0.00s Sys=0.00s Real=0.00s
[2024-07-18T17:08:12.846+0800][info][gc,marking     ] GC(377) Concurrent Preclean 0.353ms
[2024-07-18T17:08:12.846+0800][info][gc,start       ] GC(385) Pause Young (Normal) (G1 Preventive Collection)
[2024-07-18T17:08:12.846+0800][info][gc,task        ] GC(385) Using 12 workers of 13 for evacuation
[2024-07-18T17:08:12.846+0800][info][gc,phases      ] GC(385)   Pre Evacuate Collection Set: 0.0ms
[2024-07-18T17:08:12.846+0800][info][gc,phases      ] GC(385)   Merge Heap Roots: 0.0ms
[2024-07-18T17:08:12.846+0800][info][gc,phases      ] GC(385)   Evacuate Collection Set: 0.1ms
[2024-07-18T17:08:12.846+0800][info][gc,phases      ] GC(385)   Post Evacuate Collection Set: 0.1ms
[2024-07-18T17:08:12.846+0800][info][gc,phases      ] GC(385)   Other: 0.0ms
[2024-07-18T17:08:12.846+0800][info][gc,heap        ] GC(385) Eden regions: 0->0(24)
[2024-07-18T17:08:12.846+0800][info][gc,heap        ] GC(385) Survivor regions: 1->1(2)
[2024-07-18T17:08:12.846+0800][info][gc,heap        ] GC(385) Old regions: 335->335
[2024-07-18T17:08:12.846+0800][info][gc,heap        ] GC(385) Archive regions: 0->0
[2024-07-18T17:08:12.846+0800][info][gc,heap        ] GC(385) Humongous regions: 174->173
[2024-07-18T17:08:12.846+0800][info][gc,metaspace   ] GC(385) Metaspace: 194K(384K)->194K(384K) NonClass: 187K(256K)->187K(256K) Class: 7K(128K)->7K(128K)
[2024-07-18T17:08:12.846+0800][info][gc             ] GC(385) Pause Young (Normal) (G1 Preventive Collection) 487M->486M(512M) 0.265ms
[2024-07-18T17:08:12.846+0800][info][gc,cpu         ] GC(385) User=0.00s Sys=0.00s Real=0.00s
[2024-07-18T17:08:12.846+0800][info][gc,start       ] GC(377) Pause Remark
[2024-07-18T17:08:12.846+0800][info][gc             ] GC(377) Pause Remark 487M->487M(512M) 0.179ms
[2024-07-18T17:08:12.846+0800][info][gc,cpu         ] GC(377) User=0.00s Sys=0.00s Real=0.00s
[2024-07-18T17:08:12.846+0800][info][gc,marking     ] GC(377) Concurrent Mark 3.689ms
[2024-07-18T17:08:12.846+0800][info][gc,start       ] GC(386) Pause Young (Normal) (G1 Preventive Collection)
[2024-07-18T17:08:12.846+0800][info][gc,marking     ] GC(377) Concurrent Rebuild Remembered Sets
[2024-07-18T17:08:12.846+0800][info][gc,task        ] GC(386) Using 12 workers of 13 for evacuation
[2024-07-18T17:08:12.846+0800][info][gc,phases      ] GC(386)   Pre Evacuate Collection Set: 0.0ms
[2024-07-18T17:08:12.846+0800][info][gc,phases      ] GC(386)   Merge Heap Roots: 0.0ms
[2024-07-18T17:08:12.846+0800][info][gc,phases      ] GC(386)   Evacuate Collection Set: 0.1ms
[2024-07-18T17:08:12.846+0800][info][gc,phases      ] GC(386)   Post Evacuate Collection Set: 0.1ms
[2024-07-18T17:08:12.846+0800][info][gc,phases      ] GC(386)   Other: 0.1ms
[2024-07-18T17:08:12.846+0800][info][gc,heap        ] GC(386) Eden regions: 1->0(24)
[2024-07-18T17:08:12.846+0800][info][gc,heap        ] GC(386) Survivor regions: 1->1(2)
[2024-07-18T17:08:12.846+0800][info][gc,heap        ] GC(386) Old regions: 335->335
[2024-07-18T17:08:12.846+0800][info][gc,heap        ] GC(386) Archive regions: 0->0
[2024-07-18T17:08:12.846+0800][info][gc,heap        ] GC(386) Humongous regions: 173->173
[2024-07-18T17:08:12.846+0800][info][gc,metaspace   ] GC(386) Metaspace: 194K(384K)->194K(384K) NonClass: 187K(256K)->187K(256K) Class: 7K(128K)->7K(128K)
[2024-07-18T17:08:12.846+0800][info][gc             ] GC(386) Pause Young (Normal) (G1 Preventive Collection) 487M->486M(512M) 0.340ms
[2024-07-18T17:08:12.846+0800][info][gc,cpu         ] GC(386) User=0.00s Sys=0.00s Real=0.00s
[2024-07-18T17:08:12.846+0800][info][gc,start       ] GC(387) Pause Young (Normal) (G1 Preventive Collection)
[2024-07-18T17:08:12.846+0800][info][gc,task        ] GC(387) Using 12 workers of 13 for evacuation
[2024-07-18T17:08:12.846+0800][info][gc,phases      ] GC(387)   Pre Evacuate Collection Set: 0.0ms
[2024-07-18T17:08:12.846+0800][info][gc,phases      ] GC(387)   Merge Heap Roots: 0.0ms
[2024-07-18T17:08:12.846+0800][info][gc,phases      ] GC(387)   Evacuate Collection Set: 0.1ms
[2024-07-18T17:08:12.846+0800][info][gc,phases      ] GC(387)   Post Evacuate Collection Set: 0.1ms
[2024-07-18T17:08:12.846+0800][info][gc,phases      ] GC(387)   Other: 0.0ms
[2024-07-18T17:08:12.846+0800][info][gc,heap        ] GC(387) Eden regions: 0->0(24)
[2024-07-18T17:08:12.846+0800][info][gc,heap        ] GC(387) Survivor regions: 1->1(2)
[2024-07-18T17:08:12.846+0800][info][gc,heap        ] GC(387) Old regions: 335->335
[2024-07-18T17:08:12.846+0800][info][gc,heap        ] GC(387) Archive regions: 0->0
[2024-07-18T17:08:12.846+0800][info][gc,heap        ] GC(387) Humongous regions: 174->174
[2024-07-18T17:08:12.846+0800][info][gc,metaspace   ] GC(387) Metaspace: 194K(384K)->194K(384K) NonClass: 187K(256K)->187K(256K) Class: 7K(128K)->7K(128K)
[2024-07-18T17:08:12.846+0800][info][gc             ] GC(387) Pause Young (Normal) (G1 Preventive Collection) 487M->487M(512M) 0.278ms
[2024-07-18T17:08:12.846+0800][info][gc,cpu         ] GC(387) User=0.00s Sys=0.00s Real=0.00s
[2024-07-18T17:08:12.846+0800][info][gc,start       ] GC(388) Pause Young (Normal) (G1 Preventive Collection)
[2024-07-18T17:08:12.846+0800][info][gc,task        ] GC(388) Using 12 workers of 13 for evacuation
[2024-07-18T17:08:12.846+0800][info][gc,phases      ] GC(388)   Pre Evacuate Collection Set: 0.0ms
[2024-07-18T17:08:12.846+0800][info][gc,phases      ] GC(388)   Merge Heap Roots: 0.1ms
[2024-07-18T17:08:12.846+0800][info][gc,phases      ] GC(388)   Evacuate Collection Set: 0.1ms
[2024-07-18T17:08:12.846+0800][info][gc,phases      ] GC(388)   Post Evacuate Collection Set: 0.1ms
[2024-07-18T17:08:12.846+0800][info][gc,phases      ] GC(388)   Other: 0.0ms
[2024-07-18T17:08:12.846+0800][info][gc,heap        ] GC(388) Eden regions: 1->0(24)
[2024-07-18T17:08:12.846+0800][info][gc,heap        ] GC(388) Survivor regions: 1->1(1)
[2024-07-18T17:08:12.846+0800][info][gc,heap        ] GC(388) Old regions: 335->335
[2024-07-18T17:08:12.846+0800][info][gc,heap        ] GC(388) Archive regions: 0->0
[2024-07-18T17:08:12.846+0800][info][gc,heap        ] GC(388) Humongous regions: 174->173
[2024-07-18T17:08:12.846+0800][info][gc,metaspace   ] GC(388) Metaspace: 194K(384K)->194K(384K) NonClass: 187K(256K)->187K(256K) Class: 7K(128K)->7K(128K)
[2024-07-18T17:08:12.846+0800][info][gc             ] GC(388) Pause Young (Normal) (G1 Preventive Collection) 488M->486M(512M) 0.308ms
[2024-07-18T17:08:12.846+0800][info][gc,cpu         ] GC(388) User=0.00s Sys=0.00s Real=0.00s
[2024-07-18T17:08:12.846+0800][info][gc,start       ] GC(389) Pause Young (Normal) (G1 Preventive Collection)
[2024-07-18T17:08:12.846+0800][info][gc,task        ] GC(389) Using 12 workers of 13 for evacuation
[2024-07-18T17:08:12.846+0800][info][gc,phases      ] GC(389)   Pre Evacuate Collection Set: 0.0ms
[2024-07-18T17:08:12.846+0800][info][gc,phases      ] GC(389)   Merge Heap Roots: 0.0ms
[2024-07-18T17:08:12.846+0800][info][gc,phases      ] GC(389)   Evacuate Collection Set: 0.1ms
[2024-07-18T17:08:12.846+0800][info][gc,phases      ] GC(389)   Post Evacuate Collection Set: 0.1ms
[2024-07-18T17:08:12.846+0800][info][gc,phases      ] GC(389)   Other: 0.0ms
[2024-07-18T17:08:12.846+0800][info][gc,heap        ] GC(389) Eden regions: 0->0(24)
[2024-07-18T17:08:12.846+0800][info][gc,heap        ] GC(389) Survivor regions: 1->1(2)
[2024-07-18T17:08:12.846+0800][info][gc,heap        ] GC(389) Old regions: 335->335
[2024-07-18T17:08:12.846+0800][info][gc,heap        ] GC(389) Archive regions: 0->0
[2024-07-18T17:08:12.846+0800][info][gc,heap        ] GC(389) Humongous regions: 174->174
[2024-07-18T17:08:12.846+0800][info][gc,metaspace   ] GC(389) Metaspace: 194K(384K)->194K(384K) NonClass: 187K(256K)->187K(256K) Class: 7K(128K)->7K(128K)
[2024-07-18T17:08:12.846+0800][info][gc             ] GC(389) Pause Young (Normal) (G1 Preventive Collection) 487M->487M(512M) 0.287ms
[2024-07-18T17:08:12.846+0800][info][gc,cpu         ] GC(389) User=0.00s Sys=0.00s Real=0.00s
[2024-07-18T17:08:12.846+0800][info][gc,start       ] GC(390) Pause Young (Normal) (G1 Preventive Collection)
[2024-07-18T17:08:12.846+0800][info][gc,task        ] GC(390) Using 12 workers of 13 for evacuation
[2024-07-18T17:08:12.846+0800][info][gc,phases      ] GC(390)   Pre Evacuate Collection Set: 0.0ms
[2024-07-18T17:08:12.846+0800][info][gc,phases      ] GC(390)   Merge Heap Roots: 0.0ms
[2024-07-18T17:08:12.846+0800][info][gc,phases      ] GC(390)   Evacuate Collection Set: 0.1ms
[2024-07-18T17:08:12.846+0800][info][gc,phases      ] GC(390)   Post Evacuate Collection Set: 0.1ms
[2024-07-18T17:08:12.846+0800][info][gc,phases      ] GC(390)   Other: 0.0ms
[2024-07-18T17:08:12.846+0800][info][gc,heap        ] GC(390) Eden regions: 1->0(24)
[2024-07-18T17:08:12.846+0800][info][gc,heap        ] GC(390) Survivor regions: 1->1(1)
[2024-07-18T17:08:12.846+0800][info][gc,heap        ] GC(390) Old regions: 335->335
[2024-07-18T17:08:12.846+0800][info][gc,heap        ] GC(390) Archive regions: 0->0
[2024-07-18T17:08:12.846+0800][info][gc,heap        ] GC(390) Humongous regions: 174->174
[2024-07-18T17:08:12.846+0800][info][gc,metaspace   ] GC(390) Metaspace: 194K(384K)->194K(384K) NonClass: 187K(256K)->187K(256K) Class: 7K(128K)->7K(128K)
[2024-07-18T17:08:12.846+0800][info][gc             ] GC(390) Pause Young (Normal) (G1 Preventive Collection) 488M->488M(512M) 0.276ms
[2024-07-18T17:08:12.846+0800][info][gc,cpu         ] GC(390) User=0.00s Sys=0.00s Real=0.00s
[2024-07-18T17:08:12.846+0800][info][gc,start       ] GC(391) Pause Young (Normal) (G1 Preventive Collection)
[2024-07-18T17:08:12.846+0800][info][gc,task        ] GC(391) Using 12 workers of 13 for evacuation
[2024-07-18T17:08:12.846+0800][info][gc             ] GC(391) To-space exhausted
[2024-07-18T17:08:12.846+0800][info][gc,phases      ] GC(391)   Pre Evacuate Collection Set: 0.0ms
[2024-07-18T17:08:12.846+0800][info][gc,phases      ] GC(391)   Merge Heap Roots: 0.0ms
[2024-07-18T17:08:12.846+0800][info][gc,phases      ] GC(391)   Evacuate Collection Set: 0.1ms
[2024-07-18T17:08:12.846+0800][info][gc,phases      ] GC(391)   Post Evacuate Collection Set: 0.1ms
[2024-07-18T17:08:12.846+0800][info][gc,phases      ] GC(391)   Other: 0.0ms
[2024-07-18T17:08:12.846+0800][info][gc,heap        ] GC(391) Eden regions: 1->0(24)
[2024-07-18T17:08:12.846+0800][info][gc,heap        ] GC(391) Survivor regions: 1->1(1)
[2024-07-18T17:08:12.846+0800][info][gc,heap        ] GC(391) Old regions: 335->337
[2024-07-18T17:08:12.846+0800][info][gc,heap        ] GC(391) Archive regions: 0->0
[2024-07-18T17:08:12.846+0800][info][gc,heap        ] GC(391) Humongous regions: 174->174
[2024-07-18T17:08:12.846+0800][info][gc,metaspace   ] GC(391) Metaspace: 194K(384K)->194K(384K) NonClass: 187K(256K)->187K(256K) Class: 7K(128K)->7K(128K)
[2024-07-18T17:08:12.846+0800][info][gc             ] GC(391) Pause Young (Normal) (G1 Preventive Collection) 489M->490M(512M) 0.269ms
[2024-07-18T17:08:12.846+0800][info][gc,cpu         ] GC(391) User=0.00s Sys=0.00s Real=0.00s
[2024-07-18T17:08:12.846+0800][info][gc,ergo        ] Attempting full compaction
[2024-07-18T17:08:12.846+0800][info][gc,task        ] GC(392) Using 12 workers of 13 for full compaction
[2024-07-18T17:08:12.846+0800][info][gc,start       ] GC(392) Pause Full (G1 Compaction Pause)
[2024-07-18T17:08:12.850+0800][info][gc,phases,start] GC(392) Phase 1: Mark live objects
[2024-07-18T17:08:12.850+0800][info][gc,phases      ] GC(392) Phase 1: Mark live objects 0.369ms
[2024-07-18T17:08:12.850+0800][info][gc,phases,start] GC(392) Phase 2: Prepare for compaction
[2024-07-18T17:08:12.850+0800][info][gc,phases      ] GC(392) Phase 2: Prepare for compaction 0.153ms
[2024-07-18T17:08:12.850+0800][info][gc,phases,start] GC(392) Phase 3: Adjust pointers
[2024-07-18T17:08:12.850+0800][info][gc,phases      ] GC(392) Phase 3: Adjust pointers 0.138ms
[2024-07-18T17:08:12.850+0800][info][gc,phases,start] GC(392) Phase 4: Compact heap
[2024-07-18T17:08:12.862+0800][info][gc,phases      ] GC(392) Phase 4: Compact heap 13.615ms
[2024-07-18T17:08:12.862+0800][info][gc,heap        ] GC(392) Eden regions: 0->0(25)
[2024-07-18T17:08:12.862+0800][info][gc,heap        ] GC(392) Survivor regions: 1->0(1)
[2024-07-18T17:08:12.862+0800][info][gc,heap        ] GC(392) Old regions: 337->254
[2024-07-18T17:08:12.862+0800][info][gc,heap        ] GC(392) Archive regions: 0->0
[2024-07-18T17:08:12.862+0800][info][gc,heap        ] GC(392) Humongous regions: 174->174
[2024-07-18T17:08:12.862+0800][info][gc,metaspace   ] GC(392) Metaspace: 194K(384K)->194K(384K) NonClass: 187K(256K)->187K(256K) Class: 7K(128K)->7K(128K)
[2024-07-18T17:08:12.862+0800][info][gc             ] GC(392) Pause Full (G1 Compaction Pause) 490M->398M(512M) 15.238ms
[2024-07-18T17:08:12.862+0800][info][gc,cpu         ] GC(392) User=0.02s Sys=0.00s Real=0.02s
[2024-07-18T17:08:12.862+0800][info][gc,marking     ] GC(377) Concurrent Rebuild Remembered Sets 17.901ms
[2024-07-18T17:08:12.862+0800][info][gc,marking     ] GC(377) Concurrent Mark Abort
[2024-07-18T17:08:12.862+0800][info][gc             ] GC(377) Concurrent Mark Cycle 21.709ms
[2024-07-18T17:08:12.862+0800][info][gc,start       ] GC(393) Pause Young (Concurrent Start) (G1 Humongous Allocation)
[2024-07-18T17:08:12.862+0800][info][gc,task        ] GC(393) Using 12 workers of 13 for evacuation
[2024-07-18T17:08:12.862+0800][info][gc,phases      ] GC(393)   Pre Evacuate Collection Set: 0.0ms
[2024-07-18T17:08:12.862+0800][info][gc,phases      ] GC(393)   Merge Heap Roots: 0.0ms
[2024-07-18T17:08:12.862+0800][info][gc,phases      ] GC(393)   Evacuate Collection Set: 0.1ms
[2024-07-18T17:08:12.862+0800][info][gc,phases      ] GC(393)   Post Evacuate Collection Set: 0.1ms
[2024-07-18T17:08:12.862+0800][info][gc,phases      ] GC(393)   Other: 0.1ms
[2024-07-18T17:08:12.862+0800][info][gc,heap        ] GC(393) Eden regions: 3->0(24)
[2024-07-18T17:08:12.862+0800][info][gc,heap        ] GC(393) Survivor regions: 0->1(4)
[2024-07-18T17:08:12.862+0800][info][gc,heap        ] GC(393) Old regions: 254->254
[2024-07-18T17:08:12.862+0800][info][gc,heap        ] GC(393) Archive regions: 0->0
[2024-07-18T17:08:12.862+0800][info][gc,heap        ] GC(393) Humongous regions: 174->174
[2024-07-18T17:08:12.862+0800][info][gc,metaspace   ] GC(393) Metaspace: 194K(384K)->194K(384K) NonClass: 187K(256K)->187K(256K) Class: 7K(128K)->7K(128K)
[2024-07-18T17:08:12.862+0800][info][gc             ] GC(393) Pause Young (Concurrent Start) (G1 Humongous Allocation) 400M->398M(512M) 0.403ms
[2024-07-18T17:08:12.862+0800][info][gc,cpu         ] GC(393) User=0.00s Sys=0.00s Real=0.00s
[2024-07-18T17:08:12.862+0800][info][gc             ] GC(394) Concurrent Mark Cycle
[2024-07-18T17:08:12.862+0800][info][gc,marking     ] GC(394) Concurrent Clear Claimed Marks
[2024-07-18T17:08:12.862+0800][info][gc,marking     ] GC(394) Concurrent Clear Claimed Marks 0.007ms
[2024-07-18T17:08:12.862+0800][info][gc,marking     ] GC(394) Concurrent Scan Root Regions
[2024-07-18T17:08:12.862+0800][info][gc,marking     ] GC(394) Concurrent Scan Root Regions 0.015ms
[2024-07-18T17:08:12.862+0800][info][gc,marking     ] GC(394) Concurrent Mark
[2024-07-18T17:08:12.862+0800][info][gc,marking     ] GC(394) Concurrent Mark From Roots
[2024-07-18T17:08:12.862+0800][info][gc,task        ] GC(394) Using 3 workers of 3 for marking
[2024-07-18T17:08:12.862+0800][info][gc,marking     ] GC(394) Concurrent Mark From Roots 0.723ms
[2024-07-18T17:08:12.862+0800][info][gc,marking     ] GC(394) Concurrent Preclean
[2024-07-18T17:08:12.862+0800][info][gc,marking     ] GC(394) Concurrent Preclean 0.057ms
[2024-07-18T17:08:12.862+0800][info][gc,start       ] GC(394) Pause Remark
[2024-07-18T17:08:12.862+0800][info][gc             ] GC(394) Pause Remark 414M->414M(512M) 0.240ms
[2024-07-18T17:08:12.862+0800][info][gc,cpu         ] GC(394) User=0.00s Sys=0.00s Real=0.00s
[2024-07-18T17:08:12.862+0800][info][gc,marking     ] GC(394) Concurrent Mark 1.131ms
[2024-07-18T17:08:12.862+0800][info][gc,marking     ] GC(394) Concurrent Rebuild Remembered Sets
[2024-07-18T17:08:12.862+0800][info][gc,marking     ] GC(394) Concurrent Rebuild Remembered Sets 0.289ms
[2024-07-18T17:08:12.862+0800][info][gc,start       ] GC(394) Pause Cleanup
[2024-07-18T17:08:12.862+0800][info][gc             ] GC(394) Pause Cleanup 418M->418M(512M) 0.090ms
[2024-07-18T17:08:12.862+0800][info][gc,cpu         ] GC(394) User=0.00s Sys=0.00s Real=0.00s
[2024-07-18T17:08:12.862+0800][info][gc,marking     ] GC(394) Concurrent Cleanup for Next Mark
[2024-07-18T17:08:12.862+0800][info][gc,marking     ] GC(394) Concurrent Cleanup for Next Mark 0.544ms
[2024-07-18T17:08:12.862+0800][info][gc             ] GC(394) Concurrent Mark Cycle 2.226ms
[2024-07-18T17:08:12.862+0800][info][gc,start       ] GC(395) Pause Young (Prepare Mixed) (G1 Evacuation Pause)
[2024-07-18T17:08:12.862+0800][info][gc,task        ] GC(395) Using 12 workers of 13 for evacuation
[2024-07-18T17:08:12.870+0800][info][gc,phases      ] GC(395)   Pre Evacuate Collection Set: 0.0ms
[2024-07-18T17:08:12.870+0800][info][gc,phases      ] GC(395)   Merge Heap Roots: 0.1ms
[2024-07-18T17:08:12.870+0800][info][gc,phases      ] GC(395)   Evacuate Collection Set: 0.6ms
[2024-07-18T17:08:12.870+0800][info][gc,phases      ] GC(395)   Post Evacuate Collection Set: 0.1ms
[2024-07-18T17:08:12.870+0800][info][gc,phases      ] GC(395)   Other: 0.1ms
[2024-07-18T17:08:12.870+0800][info][gc,heap        ] GC(395) Eden regions: 24->0(21)
[2024-07-18T17:08:12.870+0800][info][gc,heap        ] GC(395) Survivor regions: 1->4(4)
[2024-07-18T17:08:12.870+0800][info][gc,heap        ] GC(395) Old regions: 254->259
[2024-07-18T17:08:12.870+0800][info][gc,heap        ] GC(395) Archive regions: 0->0
[2024-07-18T17:08:12.870+0800][info][gc,heap        ] GC(395) Humongous regions: 193->178
[2024-07-18T17:08:12.870+0800][info][gc,metaspace   ] GC(395) Metaspace: 194K(384K)->194K(384K) NonClass: 187K(256K)->187K(256K) Class: 7K(128K)->7K(128K)
[2024-07-18T17:08:12.870+0800][info][gc             ] GC(395) Pause Young (Prepare Mixed) (G1 Evacuation Pause) 441M->410M(512M) 1.081ms
[2024-07-18T17:08:12.870+0800][info][gc,cpu         ] GC(395) User=0.03s Sys=0.00s Real=0.01s
[2024-07-18T17:08:12.872+0800][info][gc,start       ] GC(396) Pause Young (Mixed) (G1 Evacuation Pause)
[2024-07-18T17:08:12.872+0800][info][gc,task        ] GC(396) Using 12 workers of 13 for evacuation
[2024-07-18T17:08:12.872+0800][info][gc,phases      ] GC(396)   Pre Evacuate Collection Set: 0.0ms
[2024-07-18T17:08:12.872+0800][info][gc,phases      ] GC(396)   Merge Heap Roots: 0.0ms
[2024-07-18T17:08:12.872+0800][info][gc,phases      ] GC(396)   Evacuate Collection Set: 1.3ms
[2024-07-18T17:08:12.872+0800][info][gc,phases      ] GC(396)   Post Evacuate Collection Set: 0.1ms
[2024-07-18T17:08:12.872+0800][info][gc,phases      ] GC(396)   Other: 0.1ms
[2024-07-18T17:08:12.872+0800][info][gc,heap        ] GC(396) Eden regions: 21->0(21)
[2024-07-18T17:08:12.872+0800][info][gc,heap        ] GC(396) Survivor regions: 4->4(4)
[2024-07-18T17:08:12.872+0800][info][gc,heap        ] GC(396) Old regions: 259->265
[2024-07-18T17:08:12.872+0800][info][gc,heap        ] GC(396) Archive regions: 0->0
[2024-07-18T17:08:12.872+0800][info][gc,heap        ] GC(396) Humongous regions: 190->179
[2024-07-18T17:08:12.872+0800][info][gc,metaspace   ] GC(396) Metaspace: 194K(384K)->194K(384K) NonClass: 187K(256K)->187K(256K) Class: 7K(128K)->7K(128K)
[2024-07-18T17:08:12.872+0800][info][gc             ] GC(396) Pause Young (Mixed) (G1 Evacuation Pause) 443M->423M(512M) 1.644ms
[2024-07-18T17:08:12.872+0800][info][gc,cpu         ] GC(396) User=0.00s Sys=0.00s Real=0.00s
[2024-07-18T17:08:12.872+0800][info][gc,start       ] GC(397) Pause Young (Concurrent Start) (G1 Humongous Allocation)
[2024-07-18T17:08:12.872+0800][info][gc,task        ] GC(397) Using 12 workers of 13 for evacuation
[2024-07-18T17:08:12.875+0800][info][gc,phases      ] GC(397)   Pre Evacuate Collection Set: 0.0ms
[2024-07-18T17:08:12.875+0800][info][gc,phases      ] GC(397)   Merge Heap Roots: 0.0ms
[2024-07-18T17:08:12.875+0800][info][gc,phases      ] GC(397)   Evacuate Collection Set: 0.3ms
[2024-07-18T17:08:12.875+0800][info][gc,phases      ] GC(397)   Post Evacuate Collection Set: 0.1ms
[2024-07-18T17:08:12.875+0800][info][gc,phases      ] GC(397)   Other: 0.1ms
[2024-07-18T17:08:12.875+0800][info][gc,heap        ] GC(397) Eden regions: 2->0(24)
[2024-07-18T17:08:12.875+0800][info][gc,heap        ] GC(397) Survivor regions: 4->1(4)
[2024-07-18T17:08:12.875+0800][info][gc,heap        ] GC(397) Old regions: 265->269
[2024-07-18T17:08:12.875+0800][info][gc,heap        ] GC(397) Archive regions: 0->0
[2024-07-18T17:08:12.875+0800][info][gc,heap        ] GC(397) Humongous regions: 179->179
[2024-07-18T17:08:12.875+0800][info][gc,metaspace   ] GC(397) Metaspace: 194K(384K)->194K(384K) NonClass: 187K(256K)->187K(256K) Class: 7K(128K)->7K(128K)
[2024-07-18T17:08:12.875+0800][info][gc             ] GC(397) Pause Young (Concurrent Start) (G1 Humongous Allocation) 424M->423M(512M) 0.560ms
[2024-07-18T17:08:12.875+0800][info][gc,cpu         ] GC(397) User=0.00s Sys=0.00s Real=0.00s
[2024-07-18T17:08:12.875+0800][info][gc             ] GC(398) Concurrent Mark Cycle
[2024-07-18T17:08:12.875+0800][info][gc,marking     ] GC(398) Concurrent Clear Claimed Marks
[2024-07-18T17:08:12.875+0800][info][gc,marking     ] GC(398) Concurrent Clear Claimed Marks 0.011ms
[2024-07-18T17:08:12.875+0800][info][gc,marking     ] GC(398) Concurrent Scan Root Regions
[2024-07-18T17:08:12.875+0800][info][gc,marking     ] GC(398) Concurrent Scan Root Regions 0.031ms
[2024-07-18T17:08:12.875+0800][info][gc,marking     ] GC(398) Concurrent Mark
[2024-07-18T17:08:12.875+0800][info][gc,marking     ] GC(398) Concurrent Mark From Roots
[2024-07-18T17:08:12.875+0800][info][gc,task        ] GC(398) Using 3 workers of 3 for marking
[2024-07-18T17:08:12.876+0800][info][gc,marking     ] GC(398) Concurrent Mark From Roots 0.830ms
[2024-07-18T17:08:12.876+0800][info][gc,marking     ] GC(398) Concurrent Preclean
[2024-07-18T17:08:12.876+0800][info][gc,marking     ] GC(398) Concurrent Preclean 0.058ms
[2024-07-18T17:08:12.876+0800][info][gc,start       ] GC(398) Pause Remark
[2024-07-18T17:08:12.876+0800][info][gc             ] GC(398) Pause Remark 441M->441M(512M) 0.249ms
[2024-07-18T17:08:12.876+0800][info][gc,cpu         ] GC(398) User=0.00s Sys=0.00s Real=0.00s
[2024-07-18T17:08:12.876+0800][info][gc,marking     ] GC(398) Concurrent Mark 1.253ms
[2024-07-18T17:08:12.876+0800][info][gc,marking     ] GC(398) Concurrent Rebuild Remembered Sets
[2024-07-18T17:08:12.876+0800][info][gc,marking     ] GC(398) Concurrent Rebuild Remembered Sets 0.370ms
[2024-07-18T17:08:12.876+0800][info][gc,start       ] GC(398) Pause Cleanup
[2024-07-18T17:08:12.876+0800][info][gc             ] GC(398) Pause Cleanup 445M->445M(512M) 0.104ms
[2024-07-18T17:08:12.876+0800][info][gc,cpu         ] GC(398) User=0.00s Sys=0.00s Real=0.00s
[2024-07-18T17:08:12.876+0800][info][gc,marking     ] GC(398) Concurrent Cleanup for Next Mark
[2024-07-18T17:08:12.876+0800][info][gc,marking     ] GC(398) Concurrent Cleanup for Next Mark 0.514ms
[2024-07-18T17:08:12.876+0800][info][gc             ] GC(398) Concurrent Mark Cycle 2.469ms
[2024-07-18T17:08:12.878+0800][info][gc,start       ] GC(399) Pause Young (Prepare Mixed) (G1 Evacuation Pause)
[2024-07-18T17:08:12.878+0800][info][gc,task        ] GC(399) Using 12 workers of 13 for evacuation
[2024-07-18T17:08:12.879+0800][info][gc,phases      ] GC(399)   Pre Evacuate Collection Set: 0.0ms
[2024-07-18T17:08:12.879+0800][info][gc,phases      ] GC(399)   Merge Heap Roots: 0.1ms
[2024-07-18T17:08:12.879+0800][info][gc,phases      ] GC(399)   Evacuate Collection Set: 1.0ms
[2024-07-18T17:08:12.879+0800][info][gc,phases      ] GC(399)   Post Evacuate Collection Set: 0.1ms
[2024-07-18T17:08:12.879+0800][info][gc,phases      ] GC(399)   Other: 0.1ms
[2024-07-18T17:08:12.879+0800][info][gc,heap        ] GC(399) Eden regions: 24->0(21)
[2024-07-18T17:08:12.879+0800][info][gc,heap        ] GC(399) Survivor regions: 1->4(4)
[2024-07-18T17:08:12.879+0800][info][gc,heap        ] GC(399) Old regions: 269->277
[2024-07-18T17:08:12.879+0800][info][gc,heap        ] GC(399) Archive regions: 0->0
[2024-07-18T17:08:12.879+0800][info][gc,heap        ] GC(399) Humongous regions: 191->173
[2024-07-18T17:08:12.879+0800][info][gc,metaspace   ] GC(399) Metaspace: 194K(384K)->194K(384K) NonClass: 187K(256K)->187K(256K) Class: 7K(128K)->7K(128K)
[2024-07-18T17:08:12.879+0800][info][gc             ] GC(399) Pause Young (Prepare Mixed) (G1 Evacuation Pause) 459M->429M(512M) 1.330ms
[2024-07-18T17:08:12.879+0800][info][gc,cpu         ] GC(399) User=0.00s Sys=0.00s Real=0.00s
[2024-07-18T17:08:12.881+0800][info][gc,start       ] GC(400) Pause Young (Mixed) (G1 Evacuation Pause)
[2024-07-18T17:08:12.881+0800][info][gc,task        ] GC(400) Using 12 workers of 13 for evacuation
[2024-07-18T17:08:12.881+0800][info][gc,phases      ] GC(400)   Pre Evacuate Collection Set: 0.0ms
[2024-07-18T17:08:12.881+0800][info][gc,phases      ] GC(400)   Merge Heap Roots: 0.0ms
[2024-07-18T17:08:12.881+0800][info][gc,phases      ] GC(400)   Evacuate Collection Set: 1.5ms
[2024-07-18T17:08:12.881+0800][info][gc,phases      ] GC(400)   Post Evacuate Collection Set: 0.1ms
[2024-07-18T17:08:12.881+0800][info][gc,phases      ] GC(400)   Other: 0.1ms
[2024-07-18T17:08:12.881+0800][info][gc,heap        ] GC(400) Eden regions: 21->0(21)
[2024-07-18T17:08:12.881+0800][info][gc,heap        ] GC(400) Survivor regions: 4->4(4)
[2024-07-18T17:08:12.881+0800][info][gc,heap        ] GC(400) Old regions: 277->273
[2024-07-18T17:08:12.881+0800][info][gc,heap        ] GC(400) Archive regions: 0->0
[2024-07-18T17:08:12.881+0800][info][gc,heap        ] GC(400) Humongous regions: 185->176
[2024-07-18T17:08:12.881+0800][info][gc,metaspace   ] GC(400) Metaspace: 194K(384K)->194K(384K) NonClass: 187K(256K)->187K(256K) Class: 7K(128K)->7K(128K)
[2024-07-18T17:08:12.881+0800][info][gc             ] GC(400) Pause Young (Mixed) (G1 Evacuation Pause) 461M->431M(512M) 1.869ms
[2024-07-18T17:08:12.881+0800][info][gc,cpu         ] GC(400) User=0.00s Sys=0.00s Real=0.00s
[2024-07-18T17:08:12.881+0800][info][gc,start       ] GC(401) Pause Young (Concurrent Start) (G1 Humongous Allocation)
[2024-07-18T17:08:12.881+0800][info][gc,task        ] GC(401) Using 12 workers of 13 for evacuation
[2024-07-18T17:08:12.881+0800][info][gc,phases      ] GC(401)   Pre Evacuate Collection Set: 0.0ms
[2024-07-18T17:08:12.881+0800][info][gc,phases      ] GC(401)   Merge Heap Roots: 0.0ms
[2024-07-18T17:08:12.881+0800][info][gc,phases      ] GC(401)   Evacuate Collection Set: 0.3ms
[2024-07-18T17:08:12.881+0800][info][gc,phases      ] GC(401)   Post Evacuate Collection Set: 0.1ms
[2024-07-18T17:08:12.881+0800][info][gc,phases      ] GC(401)   Other: 0.1ms
[2024-07-18T17:08:12.881+0800][info][gc,heap        ] GC(401) Eden regions: 1->0(24)
[2024-07-18T17:08:12.881+0800][info][gc,heap        ] GC(401) Survivor regions: 4->1(4)
[2024-07-18T17:08:12.881+0800][info][gc,heap        ] GC(401) Old regions: 273->277
[2024-07-18T17:08:12.881+0800][info][gc,heap        ] GC(401) Archive regions: 0->0
[2024-07-18T17:08:12.881+0800][info][gc,heap        ] GC(401) Humongous regions: 176->176
[2024-07-18T17:08:12.881+0800][info][gc,metaspace   ] GC(401) Metaspace: 194K(384K)->194K(384K) NonClass: 187K(256K)->187K(256K) Class: 7K(128K)->7K(128K)
[2024-07-18T17:08:12.885+0800][info][gc             ] GC(401) Pause Young (Concurrent Start) (G1 Humongous Allocation) 431M->431M(512M) 0.564ms
[2024-07-18T17:08:12.885+0800][info][gc,cpu         ] GC(401) User=0.00s Sys=0.00s Real=0.00s
[2024-07-18T17:08:12.885+0800][info][gc             ] GC(402) Concurrent Mark Cycle
[2024-07-18T17:08:12.885+0800][info][gc,marking     ] GC(402) Concurrent Clear Claimed Marks
[2024-07-18T17:08:12.885+0800][info][gc,marking     ] GC(402) Concurrent Clear Claimed Marks 0.007ms
[2024-07-18T17:08:12.885+0800][info][gc,marking     ] GC(402) Concurrent Scan Root Regions
[2024-07-18T17:08:12.885+0800][info][gc,marking     ] GC(402) Concurrent Scan Root Regions 0.026ms
[2024-07-18T17:08:12.885+0800][info][gc,marking     ] GC(402) Concurrent Mark
[2024-07-18T17:08:12.885+0800][info][gc,marking     ] GC(402) Concurrent Mark From Roots
[2024-07-18T17:08:12.885+0800][info][gc,task        ] GC(402) Using 3 workers of 3 for marking
[2024-07-18T17:08:12.885+0800][info][gc,marking     ] GC(402) Concurrent Mark From Roots 0.788ms
[2024-07-18T17:08:12.885+0800][info][gc,marking     ] GC(402) Concurrent Preclean
[2024-07-18T17:08:12.885+0800][info][gc,marking     ] GC(402) Concurrent Preclean 0.102ms
[2024-07-18T17:08:12.885+0800][info][gc,start       ] GC(402) Pause Remark
[2024-07-18T17:08:12.885+0800][info][gc             ] GC(402) Pause Remark 449M->449M(512M) 0.260ms
[2024-07-18T17:08:12.885+0800][info][gc,cpu         ] GC(402) User=0.00s Sys=0.00s Real=0.00s
[2024-07-18T17:08:12.885+0800][info][gc,marking     ] GC(402) Concurrent Mark 1.286ms
[2024-07-18T17:08:12.885+0800][info][gc,marking     ] GC(402) Concurrent Rebuild Remembered Sets
[2024-07-18T17:08:12.887+0800][info][gc,marking     ] GC(402) Concurrent Rebuild Remembered Sets 0.510ms
[2024-07-18T17:08:12.887+0800][info][gc,start       ] GC(402) Pause Cleanup
[2024-07-18T17:08:12.887+0800][info][gc             ] GC(402) Pause Cleanup 459M->459M(512M) 0.095ms
[2024-07-18T17:08:12.887+0800][info][gc,cpu         ] GC(402) User=0.00s Sys=0.00s Real=0.00s
[2024-07-18T17:08:12.887+0800][info][gc,marking     ] GC(402) Concurrent Cleanup for Next Mark
[2024-07-18T17:08:12.887+0800][info][gc,marking     ] GC(402) Concurrent Cleanup for Next Mark 0.483ms
[2024-07-18T17:08:12.887+0800][info][gc             ] GC(402) Concurrent Mark Cycle 2.557ms
[2024-07-18T17:08:12.887+0800][info][gc,start       ] GC(403) Pause Young (Prepare Mixed) (G1 Preventive Collection)
[2024-07-18T17:08:12.887+0800][info][gc,task        ] GC(403) Using 12 workers of 13 for evacuation
[2024-07-18T17:08:12.889+0800][info][gc,phases      ] GC(403)   Pre Evacuate Collection Set: 0.0ms
[2024-07-18T17:08:12.889+0800][info][gc,phases      ] GC(403)   Merge Heap Roots: 0.1ms
[2024-07-18T17:08:12.889+0800][info][gc,phases      ] GC(403)   Evacuate Collection Set: 0.5ms
[2024-07-18T17:08:12.889+0800][info][gc,phases      ] GC(403)   Post Evacuate Collection Set: 0.1ms
[2024-07-18T17:08:12.889+0800][info][gc,phases      ] GC(403)   Other: 0.0ms
[2024-07-18T17:08:12.889+0800][info][gc,heap        ] GC(403) Eden regions: 19->0(21)
[2024-07-18T17:08:12.889+0800][info][gc,heap        ] GC(403) Survivor regions: 1->4(4)
[2024-07-18T17:08:12.889+0800][info][gc,heap        ] GC(403) Old regions: 277->280
[2024-07-18T17:08:12.889+0800][info][gc,heap        ] GC(403) Archive regions: 0->0
[2024-07-18T17:08:12.889+0800][info][gc,heap        ] GC(403) Humongous regions: 205->177
[2024-07-18T17:08:12.889+0800][info][gc,metaspace   ] GC(403) Metaspace: 194K(384K)->194K(384K) NonClass: 187K(256K)->187K(256K) Class: 7K(128K)->7K(128K)
[2024-07-18T17:08:12.889+0800][info][gc             ] GC(403) Pause Young (Prepare Mixed) (G1 Preventive Collection) 479M->439M(512M) 0.867ms
[2024-07-18T17:08:12.889+0800][info][gc,cpu         ] GC(403) User=0.00s Sys=0.00s Real=0.00s
[2024-07-18T17:08:12.890+0800][info][gc,start       ] GC(404) Pause Young (Mixed) (G1 Evacuation Pause)
[2024-07-18T17:08:12.890+0800][info][gc,task        ] GC(404) Using 12 workers of 13 for evacuation
[2024-07-18T17:08:12.890+0800][info][gc             ] GC(404) To-space exhausted
[2024-07-18T17:08:12.890+0800][info][gc,phases      ] GC(404)   Pre Evacuate Collection Set: 0.0ms
[2024-07-18T17:08:12.890+0800][info][gc,phases      ] GC(404)   Merge Heap Roots: 0.0ms
[2024-07-18T17:08:12.890+0800][info][gc,phases      ] GC(404)   Evacuate Collection Set: 1.7ms
[2024-07-18T17:08:12.890+0800][info][gc,phases      ] GC(404)   Post Evacuate Collection Set: 0.1ms
[2024-07-18T17:08:12.890+0800][info][gc,phases      ] GC(404)   Other: 0.1ms
[2024-07-18T17:08:12.890+0800][info][gc,heap        ] GC(404) Eden regions: 21->0(21)
[2024-07-18T17:08:12.890+0800][info][gc,heap        ] GC(404) Survivor regions: 4->4(4)
[2024-07-18T17:08:12.890+0800][info][gc,heap        ] GC(404) Old regions: 280->300
[2024-07-18T17:08:12.890+0800][info][gc,heap        ] GC(404) Archive regions: 0->0
[2024-07-18T17:08:12.890+0800][info][gc,heap        ] GC(404) Humongous regions: 184->174
[2024-07-18T17:08:12.890+0800][info][gc,metaspace   ] GC(404) Metaspace: 194K(384K)->194K(384K) NonClass: 187K(256K)->187K(256K) Class: 7K(128K)->7K(128K)
[2024-07-18T17:08:12.890+0800][info][gc             ] GC(404) Pause Young (Mixed) (G1 Evacuation Pause) 467M->458M(512M) 2.090ms
[2024-07-18T17:08:12.890+0800][info][gc,cpu         ] GC(404) User=0.00s Sys=0.00s Real=0.00s
[2024-07-18T17:08:12.890+0800][info][gc,start       ] GC(405) Pause Young (Concurrent Start) (G1 Humongous Allocation)
[2024-07-18T17:08:12.890+0800][info][gc,task        ] GC(405) Using 12 workers of 13 for evacuation
[2024-07-18T17:08:12.894+0800][info][gc,phases      ] GC(405)   Pre Evacuate Collection Set: 0.0ms
[2024-07-18T17:08:12.894+0800][info][gc,phases      ] GC(405)   Merge Heap Roots: 0.0ms
[2024-07-18T17:08:12.894+0800][info][gc,phases      ] GC(405)   Evacuate Collection Set: 0.3ms
[2024-07-18T17:08:12.894+0800][info][gc,phases      ] GC(405)   Post Evacuate Collection Set: 0.1ms
[2024-07-18T17:08:12.894+0800][info][gc,phases      ] GC(405)   Other: 0.1ms
[2024-07-18T17:08:12.894+0800][info][gc,heap        ] GC(405) Eden regions: 2->0(24)
[2024-07-18T17:08:12.894+0800][info][gc,heap        ] GC(405) Survivor regions: 4->1(4)
[2024-07-18T17:08:12.894+0800][info][gc,heap        ] GC(405) Old regions: 300->304
[2024-07-18T17:08:12.894+0800][info][gc,heap        ] GC(405) Archive regions: 0->0
[2024-07-18T17:08:12.894+0800][info][gc,heap        ] GC(405) Humongous regions: 174->174
[2024-07-18T17:08:12.894+0800][info][gc,metaspace   ] GC(405) Metaspace: 194K(384K)->194K(384K) NonClass: 187K(256K)->187K(256K) Class: 7K(128K)->7K(128K)
[2024-07-18T17:08:12.894+0800][info][gc             ] GC(405) Pause Young (Concurrent Start) (G1 Humongous Allocation) 459M->458M(512M) 0.657ms
[2024-07-18T17:08:12.894+0800][info][gc,cpu         ] GC(405) User=0.00s Sys=0.00s Real=0.00s
[2024-07-18T17:08:12.894+0800][info][gc             ] GC(406) Concurrent Mark Cycle
[2024-07-18T17:08:12.894+0800][info][gc,marking     ] GC(406) Concurrent Clear Claimed Marks
[2024-07-18T17:08:12.894+0800][info][gc,marking     ] GC(406) Concurrent Clear Claimed Marks 0.011ms
[2024-07-18T17:08:12.894+0800][info][gc,marking     ] GC(406) Concurrent Scan Root Regions
[2024-07-18T17:08:12.894+0800][info][gc,marking     ] GC(406) Concurrent Scan Root Regions 0.024ms
[2024-07-18T17:08:12.894+0800][info][gc,marking     ] GC(406) Concurrent Mark
[2024-07-18T17:08:12.894+0800][info][gc,marking     ] GC(406) Concurrent Mark From Roots
[2024-07-18T17:08:12.894+0800][info][gc,task        ] GC(406) Using 3 workers of 3 for marking
[2024-07-18T17:08:12.894+0800][info][gc,marking     ] GC(406) Concurrent Mark From Roots 0.886ms
[2024-07-18T17:08:12.894+0800][info][gc,marking     ] GC(406) Concurrent Preclean
[2024-07-18T17:08:12.894+0800][info][gc,marking     ] GC(406) Concurrent Preclean 0.056ms
[2024-07-18T17:08:12.894+0800][info][gc,start       ] GC(406) Pause Remark
[2024-07-18T17:08:12.894+0800][info][gc             ] GC(406) Pause Remark 475M->475M(512M) 0.215ms
[2024-07-18T17:08:12.894+0800][info][gc,cpu         ] GC(406) User=0.00s Sys=0.00s Real=0.00s
[2024-07-18T17:08:12.894+0800][info][gc,marking     ] GC(406) Concurrent Mark 1.265ms
[2024-07-18T17:08:12.894+0800][info][gc,marking     ] GC(406) Concurrent Rebuild Remembered Sets
[2024-07-18T17:08:12.894+0800][info][gc,marking     ] GC(406) Concurrent Rebuild Remembered Sets 0.598ms
[2024-07-18T17:08:12.894+0800][info][gc,start       ] GC(406) Pause Cleanup
[2024-07-18T17:08:12.894+0800][info][gc             ] GC(406) Pause Cleanup 481M->481M(512M) 0.117ms
[2024-07-18T17:08:12.894+0800][info][gc,cpu         ] GC(406) User=0.00s Sys=0.00s Real=0.00s
[2024-07-18T17:08:12.894+0800][info][gc,marking     ] GC(406) Concurrent Cleanup for Next Mark
[2024-07-18T17:08:12.894+0800][info][gc,start       ] GC(407) Pause Young (Prepare Mixed) (G1 Preventive Collection)
[2024-07-18T17:08:12.894+0800][info][gc,task        ] GC(407) Using 12 workers of 13 for evacuation
[2024-07-18T17:08:12.894+0800][info][gc,phases      ] GC(407)   Pre Evacuate Collection Set: 0.0ms
[2024-07-18T17:08:12.894+0800][info][gc,phases      ] GC(407)   Merge Heap Roots: 0.1ms
[2024-07-18T17:08:12.894+0800][info][gc,phases      ] GC(407)   Evacuate Collection Set: 0.3ms
[2024-07-18T17:08:12.894+0800][info][gc,phases      ] GC(407)   Post Evacuate Collection Set: 0.1ms
[2024-07-18T17:08:12.894+0800][info][gc,phases      ] GC(407)   Other: 0.0ms
[2024-07-18T17:08:12.894+0800][info][gc,heap        ] GC(407) Eden regions: 16->0(21)
[2024-07-18T17:08:12.894+0800][info][gc,heap        ] GC(407) Survivor regions: 1->4(4)
[2024-07-18T17:08:12.894+0800][info][gc,heap        ] GC(407) Old regions: 304->305
[2024-07-18T17:08:12.894+0800][info][gc,heap        ] GC(407) Archive regions: 0->0
[2024-07-18T17:08:12.894+0800][info][gc,heap        ] GC(407) Humongous regions: 181->173
[2024-07-18T17:08:12.894+0800][info][gc,metaspace   ] GC(407) Metaspace: 194K(384K)->194K(384K) NonClass: 187K(256K)->187K(256K) Class: 7K(128K)->7K(128K)
[2024-07-18T17:08:12.894+0800][info][gc             ] GC(407) Pause Young (Prepare Mixed) (G1 Preventive Collection) 481M->462M(512M) 0.623ms
[2024-07-18T17:08:12.894+0800][info][gc,cpu         ] GC(407) User=0.00s Sys=0.00s Real=0.00s
[2024-07-18T17:08:12.898+0800][info][gc,marking     ] GC(406) Concurrent Cleanup for Next Mark 1.112ms
[2024-07-18T17:08:12.898+0800][info][gc             ] GC(406) Concurrent Mark Cycle 3.277ms
[2024-07-18T17:08:12.898+0800][info][gc,start       ] GC(408) Pause Young (Mixed) (G1 Preventive Collection)
[2024-07-18T17:08:12.898+0800][info][gc,task        ] GC(408) Using 12 workers of 13 for evacuation
[2024-07-18T17:08:12.899+0800][info][gc             ] GC(408) To-space exhausted
[2024-07-18T17:08:12.899+0800][info][gc,phases      ] GC(408)   Pre Evacuate Collection Set: 0.0ms
[2024-07-18T17:08:12.899+0800][info][gc,phases      ] GC(408)   Merge Heap Roots: 0.0ms
[2024-07-18T17:08:12.899+0800][info][gc,phases      ] GC(408)   Evacuate Collection Set: 0.9ms
[2024-07-18T17:08:12.899+0800][info][gc,phases      ] GC(408)   Post Evacuate Collection Set: 0.2ms
[2024-07-18T17:08:12.899+0800][info][gc,phases      ] GC(408)   Other: 0.1ms
[2024-07-18T17:08:12.899+0800][info][gc,heap        ] GC(408) Eden regions: 12->0(22)
[2024-07-18T17:08:12.899+0800][info][gc,heap        ] GC(408) Survivor regions: 4->3(4)
[2024-07-18T17:08:12.899+0800][info][gc,heap        ] GC(408) Old regions: 305->308
[2024-07-18T17:08:12.899+0800][info][gc,heap        ] GC(408) Archive regions: 0->0
[2024-07-18T17:08:12.899+0800][info][gc,heap        ] GC(408) Humongous regions: 179->173
[2024-07-18T17:08:12.899+0800][info][gc,metaspace   ] GC(408) Metaspace: 194K(384K)->194K(384K) NonClass: 187K(256K)->187K(256K) Class: 7K(128K)->7K(128K)
[2024-07-18T17:08:12.899+0800][info][gc             ] GC(408) Pause Young (Mixed) (G1 Preventive Collection) 479M->465M(512M) 1.229ms
[2024-07-18T17:08:12.899+0800][info][gc,cpu         ] GC(408) User=0.00s Sys=0.00s Real=0.00s
[2024-07-18T17:08:12.900+0800][info][gc,start       ] GC(409) Pause Young (Mixed) (G1 Preventive Collection)
[2024-07-18T17:08:12.900+0800][info][gc,task        ] GC(409) Using 12 workers of 13 for evacuation
[2024-07-18T17:08:12.902+0800][info][gc             ] GC(409) To-space exhausted
[2024-07-18T17:08:12.902+0800][info][gc,phases      ] GC(409)   Pre Evacuate Collection Set: 0.0ms
[2024-07-18T17:08:12.902+0800][info][gc,phases      ] GC(409)   Merge Heap Roots: 0.0ms
[2024-07-18T17:08:12.902+0800][info][gc,phases      ] GC(409)   Evacuate Collection Set: 1.0ms
[2024-07-18T17:08:12.902+0800][info][gc,phases      ] GC(409)   Post Evacuate Collection Set: 0.1ms
[2024-07-18T17:08:12.902+0800][info][gc,phases      ] GC(409)   Other: 0.1ms
[2024-07-18T17:08:12.902+0800][info][gc,heap        ] GC(409) Eden regions: 9->0(22)
[2024-07-18T17:08:12.902+0800][info][gc,heap        ] GC(409) Survivor regions: 3->3(4)
[2024-07-18T17:08:12.902+0800][info][gc,heap        ] GC(409) Old regions: 308->315
[2024-07-18T17:08:12.902+0800][info][gc,heap        ] GC(409) Archive regions: 0->0
[2024-07-18T17:08:12.902+0800][info][gc,heap        ] GC(409) Humongous regions: 178->175
[2024-07-18T17:08:12.902+0800][info][gc,metaspace   ] GC(409) Metaspace: 194K(384K)->194K(384K) NonClass: 187K(256K)->187K(256K) Class: 7K(128K)->7K(128K)
[2024-07-18T17:08:12.902+0800][info][gc             ] GC(409) Pause Young (Mixed) (G1 Preventive Collection) 479M->474M(512M) 1.323ms
[2024-07-18T17:08:12.902+0800][info][gc,cpu         ] GC(409) User=0.00s Sys=0.00s Real=0.00s
[2024-07-18T17:08:12.903+0800][info][gc,start       ] GC(410) Pause Young (Concurrent Start) (G1 Humongous Allocation)
[2024-07-18T17:08:12.903+0800][info][gc,task        ] GC(410) Using 12 workers of 13 for evacuation
[2024-07-18T17:08:12.903+0800][info][gc,phases      ] GC(410)   Pre Evacuate Collection Set: 0.0ms
[2024-07-18T17:08:12.903+0800][info][gc,phases      ] GC(410)   Merge Heap Roots: 0.0ms
[2024-07-18T17:08:12.903+0800][info][gc,phases      ] GC(410)   Evacuate Collection Set: 0.4ms
[2024-07-18T17:08:12.903+0800][info][gc,phases      ] GC(410)   Post Evacuate Collection Set: 0.1ms
[2024-07-18T17:08:12.903+0800][info][gc,phases      ] GC(410)   Other: 0.1ms
[2024-07-18T17:08:12.903+0800][info][gc,heap        ] GC(410) Eden regions: 8->0(21)
[2024-07-18T17:08:12.903+0800][info][gc,heap        ] GC(410) Survivor regions: 3->4(4)
[2024-07-18T17:08:12.903+0800][info][gc,heap        ] GC(410) Old regions: 315->318
[2024-07-18T17:08:12.903+0800][info][gc,heap        ] GC(410) Archive regions: 0->0
[2024-07-18T17:08:12.903+0800][info][gc,heap        ] GC(410) Humongous regions: 176->175
[2024-07-18T17:08:12.903+0800][info][gc,metaspace   ] GC(410) Metaspace: 194K(384K)->194K(384K) NonClass: 187K(256K)->187K(256K) Class: 7K(128K)->7K(128K)
[2024-07-18T17:08:12.903+0800][info][gc             ] GC(410) Pause Young (Concurrent Start) (G1 Humongous Allocation) 483M->478M(512M) 0.670ms
[2024-07-18T17:08:12.903+0800][info][gc,cpu         ] GC(410) User=0.00s Sys=0.00s Real=0.00s
[2024-07-18T17:08:12.903+0800][info][gc             ] GC(411) Concurrent Mark Cycle
[2024-07-18T17:08:12.903+0800][info][gc,marking     ] GC(411) Concurrent Clear Claimed Marks
[2024-07-18T17:08:12.903+0800][info][gc,marking     ] GC(411) Concurrent Clear Claimed Marks 0.008ms
[2024-07-18T17:08:12.903+0800][info][gc,marking     ] GC(411) Concurrent Scan Root Regions
[2024-07-18T17:08:12.903+0800][info][gc,marking     ] GC(411) Concurrent Scan Root Regions 0.022ms
[2024-07-18T17:08:12.903+0800][info][gc,marking     ] GC(411) Concurrent Mark
[2024-07-18T17:08:12.903+0800][info][gc,marking     ] GC(411) Concurrent Mark From Roots
[2024-07-18T17:08:12.903+0800][info][gc,task        ] GC(411) Using 3 workers of 3 for marking
[2024-07-18T17:08:12.904+0800][info][gc,start       ] GC(412) Pause Young (Normal) (G1 Preventive Collection)
[2024-07-18T17:08:12.904+0800][info][gc,task        ] GC(412) Using 12 workers of 13 for evacuation
[2024-07-18T17:08:12.904+0800][info][gc,phases      ] GC(412)   Pre Evacuate Collection Set: 0.0ms
[2024-07-18T17:08:12.904+0800][info][gc,phases      ] GC(412)   Merge Heap Roots: 0.0ms
[2024-07-18T17:08:12.904+0800][info][gc,phases      ] GC(412)   Evacuate Collection Set: 0.3ms
[2024-07-18T17:08:12.904+0800][info][gc,phases      ] GC(412)   Post Evacuate Collection Set: 0.1ms
[2024-07-18T17:08:12.904+0800][info][gc,phases      ] GC(412)   Other: 0.0ms
[2024-07-18T17:08:12.904+0800][info][gc,heap        ] GC(412) Eden regions: 5->0(22)
[2024-07-18T17:08:12.904+0800][info][gc,heap        ] GC(412) Survivor regions: 4->3(4)
[2024-07-18T17:08:12.904+0800][info][gc,heap        ] GC(412) Old regions: 318->322
[2024-07-18T17:08:12.904+0800][info][gc,heap        ] GC(412) Archive regions: 0->0
[2024-07-18T17:08:12.904+0800][info][gc,heap        ] GC(412) Humongous regions: 178->175
[2024-07-18T17:08:12.904+0800][info][gc,metaspace   ] GC(412) Metaspace: 194K(384K)->194K(384K) NonClass: 187K(256K)->187K(256K) Class: 7K(128K)->7K(128K)
[2024-07-18T17:08:12.904+0800][info][gc             ] GC(412) Pause Young (Normal) (G1 Preventive Collection) 485M->480M(512M) 0.581ms
[2024-07-18T17:08:12.904+0800][info][gc,cpu         ] GC(412) User=0.00s Sys=0.00s Real=0.00s
[2024-07-18T17:08:12.904+0800][info][gc,marking     ] GC(411) Concurrent Mark From Roots 1.456ms
[2024-07-18T17:08:12.904+0800][info][gc,marking     ] GC(411) Concurrent Preclean
[2024-07-18T17:08:12.904+0800][info][gc,marking     ] GC(411) Concurrent Preclean 0.057ms
[2024-07-18T17:08:12.904+0800][info][gc,start       ] GC(413) Pause Young (Normal) (G1 Preventive Collection)
[2024-07-18T17:08:12.904+0800][info][gc,task        ] GC(413) Using 12 workers of 13 for evacuation
[2024-07-18T17:08:12.904+0800][info][gc,phases      ] GC(413)   Pre Evacuate Collection Set: 0.0ms
[2024-07-18T17:08:12.904+0800][info][gc,phases      ] GC(413)   Merge Heap Roots: 0.0ms
[2024-07-18T17:08:12.904+0800][info][gc,phases      ] GC(413)   Evacuate Collection Set: 0.2ms
[2024-07-18T17:08:12.904+0800][info][gc,phases      ] GC(413)   Post Evacuate Collection Set: 0.1ms
[2024-07-18T17:08:12.904+0800][info][gc,phases      ] GC(413)   Other: 0.0ms
[2024-07-18T17:08:12.904+0800][info][gc,heap        ] GC(413) Eden regions: 3->0(24)
[2024-07-18T17:08:12.904+0800][info][gc,heap        ] GC(413) Survivor regions: 3->1(4)
[2024-07-18T17:08:12.904+0800][info][gc,heap        ] GC(413) Old regions: 322->324
[2024-07-18T17:08:12.904+0800][info][gc,heap        ] GC(413) Archive regions: 0->0
[2024-07-18T17:08:12.904+0800][info][gc,heap        ] GC(413) Humongous regions: 179->174
[2024-07-18T17:08:12.904+0800][info][gc,metaspace   ] GC(413) Metaspace: 194K(384K)->194K(384K) NonClass: 187K(256K)->187K(256K) Class: 7K(128K)->7K(128K)
[2024-07-18T17:08:12.904+0800][info][gc             ] GC(413) Pause Young (Normal) (G1 Preventive Collection) 487M->480M(512M) 0.390ms
[2024-07-18T17:08:12.904+0800][info][gc,cpu         ] GC(413) User=0.00s Sys=0.00s Real=0.00s
[2024-07-18T17:08:12.904+0800][info][gc,start       ] GC(411) Pause Remark
[2024-07-18T17:08:12.904+0800][info][gc             ] GC(411) Pause Remark 480M->480M(512M) 0.251ms
[2024-07-18T17:08:12.904+0800][info][gc,cpu         ] GC(411) User=0.00s Sys=0.00s Real=0.00s
[2024-07-18T17:08:12.904+0800][info][gc,marking     ] GC(411) Concurrent Mark 2.270ms
[2024-07-18T17:08:12.904+0800][info][gc,marking     ] GC(411) Concurrent Rebuild Remembered Sets
[2024-07-18T17:08:12.904+0800][info][gc,start       ] GC(414) Pause Young (Normal) (G1 Preventive Collection)
[2024-07-18T17:08:12.904+0800][info][gc,task        ] GC(414) Using 12 workers of 13 for evacuation
[2024-07-18T17:08:12.904+0800][info][gc,phases      ] GC(414)   Pre Evacuate Collection Set: 0.0ms
[2024-07-18T17:08:12.904+0800][info][gc,phases      ] GC(414)   Merge Heap Roots: 0.1ms
[2024-07-18T17:08:12.904+0800][info][gc,phases      ] GC(414)   Evacuate Collection Set: 0.2ms
[2024-07-18T17:08:12.904+0800][info][gc,phases      ] GC(414)   Post Evacuate Collection Set: 0.1ms
[2024-07-18T17:08:12.904+0800][info][gc,phases      ] GC(414)   Other: 0.0ms
[2024-07-18T17:08:12.904+0800][info][gc,heap        ] GC(414) Eden regions: 6->0(21)
[2024-07-18T17:08:12.904+0800][info][gc,heap        ] GC(414) Survivor regions: 1->4(4)
[2024-07-18T17:08:12.904+0800][info][gc,heap        ] GC(414) Old regions: 324->324
[2024-07-18T17:08:12.904+0800][info][gc,heap        ] GC(414) Archive regions: 0->0
[2024-07-18T17:08:12.904+0800][info][gc,heap        ] GC(414) Humongous regions: 176->175
[2024-07-18T17:08:12.904+0800][info][gc,metaspace   ] GC(414) Metaspace: 194K(384K)->194K(384K) NonClass: 187K(256K)->187K(256K) Class: 7K(128K)->7K(128K)
[2024-07-18T17:08:12.904+0800][info][gc             ] GC(414) Pause Young (Normal) (G1 Preventive Collection) 487M->483M(512M) 0.431ms
[2024-07-18T17:08:12.904+0800][info][gc,cpu         ] GC(414) User=0.00s Sys=0.00s Real=0.00s
[2024-07-18T17:08:12.904+0800][info][gc,start       ] GC(415) Pause Young (Normal) (G1 Preventive Collection)
[2024-07-18T17:08:12.904+0800][info][gc,task        ] GC(415) Using 12 workers of 13 for evacuation
[2024-07-18T17:08:12.907+0800][info][gc,phases      ] GC(415)   Pre Evacuate Collection Set: 0.0ms
[2024-07-18T17:08:12.907+0800][info][gc,phases      ] GC(415)   Merge Heap Roots: 0.0ms
[2024-07-18T17:08:12.907+0800][info][gc,phases      ] GC(415)   Evacuate Collection Set: 0.2ms
[2024-07-18T17:08:12.907+0800][info][gc,phases      ] GC(415)   Post Evacuate Collection Set: 0.1ms
[2024-07-18T17:08:12.907+0800][info][gc,phases      ] GC(415)   Other: 0.0ms
[2024-07-18T17:08:12.907+0800][info][gc,heap        ] GC(415) Eden regions: 3->0(21)
[2024-07-18T17:08:12.907+0800][info][gc,heap        ] GC(415) Survivor regions: 4->4(4)
[2024-07-18T17:08:12.907+0800][info][gc,heap        ] GC(415) Old regions: 324->325
[2024-07-18T17:08:12.907+0800][info][gc,heap        ] GC(415) Archive regions: 0->0
[2024-07-18T17:08:12.907+0800][info][gc,heap        ] GC(415) Humongous regions: 176->175
[2024-07-18T17:08:12.907+0800][info][gc,metaspace   ] GC(415) Metaspace: 194K(384K)->194K(384K) NonClass: 187K(256K)->187K(256K) Class: 7K(128K)->7K(128K)
[2024-07-18T17:08:12.907+0800][info][gc             ] GC(415) Pause Young (Normal) (G1 Preventive Collection) 487M->484M(512M) 0.407ms
[2024-07-18T17:08:12.907+0800][info][gc,cpu         ] GC(415) User=0.00s Sys=0.00s Real=0.00s
[2024-07-18T17:08:12.907+0800][info][gc,marking     ] GC(411) Concurrent Rebuild Remembered Sets 1.551ms
[2024-07-18T17:08:12.907+0800][info][gc,start       ] GC(411) Pause Cleanup
[2024-07-18T17:08:12.907+0800][info][gc             ] GC(411) Pause Cleanup 486M->486M(512M) 0.096ms
[2024-07-18T17:08:12.907+0800][info][gc,cpu         ] GC(411) User=0.00s Sys=0.00s Real=0.00s
[2024-07-18T17:08:12.907+0800][info][gc,marking     ] GC(411) Concurrent Cleanup for Next Mark
[2024-07-18T17:08:12.907+0800][info][gc,start       ] GC(416) Pause Young (Prepare Mixed) (G1 Preventive Collection)
[2024-07-18T17:08:12.907+0800][info][gc,task        ] GC(416) Using 12 workers of 13 for evacuation
[2024-07-18T17:08:12.907+0800][info][gc,phases      ] GC(416)   Pre Evacuate Collection Set: 0.0ms
[2024-07-18T17:08:12.907+0800][info][gc,phases      ] GC(416)   Merge Heap Roots: 0.0ms
[2024-07-18T17:08:12.907+0800][info][gc,phases      ] GC(416)   Evacuate Collection Set: 0.2ms
[2024-07-18T17:08:12.907+0800][info][gc,phases      ] GC(416)   Post Evacuate Collection Set: 0.1ms
[2024-07-18T17:08:12.907+0800][info][gc,phases      ] GC(416)   Other: 0.0ms
[2024-07-18T17:08:12.907+0800][info][gc,heap        ] GC(416) Eden regions: 2->0(22)
[2024-07-18T17:08:12.907+0800][info][gc,heap        ] GC(416) Survivor regions: 4->3(4)
[2024-07-18T17:08:12.907+0800][info][gc,heap        ] GC(416) Old regions: 325->327
[2024-07-18T17:08:12.907+0800][info][gc,heap        ] GC(416) Archive regions: 0->0
[2024-07-18T17:08:12.907+0800][info][gc,heap        ] GC(416) Humongous regions: 176->176
[2024-07-18T17:08:12.907+0800][info][gc,metaspace   ] GC(416) Metaspace: 194K(384K)->194K(384K) NonClass: 187K(256K)->187K(256K) Class: 7K(128K)->7K(128K)
[2024-07-18T17:08:12.907+0800][info][gc             ] GC(416) Pause Young (Prepare Mixed) (G1 Preventive Collection) 487M->487M(512M) 0.490ms
[2024-07-18T17:08:12.907+0800][info][gc,cpu         ] GC(416) User=0.00s Sys=0.00s Real=0.00s
[2024-07-18T17:08:12.907+0800][info][gc,marking     ] GC(411) Concurrent Cleanup for Next Mark 0.870ms
[2024-07-18T17:08:12.907+0800][info][gc             ] GC(411) Concurrent Mark Cycle 4.964ms
[2024-07-18T17:08:12.909+0800][info][gc,start       ] GC(417) Pause Young (Mixed) (G1 Preventive Collection)
[2024-07-18T17:08:12.909+0800][info][gc,task        ] GC(417) Using 12 workers of 13 for evacuation
[2024-07-18T17:08:12.909+0800][info][gc             ] GC(417) To-space exhausted
[2024-07-18T17:08:12.909+0800][info][gc,phases      ] GC(417)   Pre Evacuate Collection Set: 0.0ms
[2024-07-18T17:08:12.909+0800][info][gc,phases      ] GC(417)   Merge Heap Roots: 0.0ms
[2024-07-18T17:08:12.909+0800][info][gc,phases      ] GC(417)   Evacuate Collection Set: 0.2ms
[2024-07-18T17:08:12.909+0800][info][gc,phases      ] GC(417)   Post Evacuate Collection Set: 0.1ms
[2024-07-18T17:08:12.909+0800][info][gc,phases      ] GC(417)   Other: 0.1ms
[2024-07-18T17:08:12.909+0800][info][gc,heap        ] GC(417) Eden regions: 1->0(24)
[2024-07-18T17:08:12.909+0800][info][gc,heap        ] GC(417) Survivor regions: 3->1(4)
[2024-07-18T17:08:12.909+0800][info][gc,heap        ] GC(417) Old regions: 327->324
[2024-07-18T17:08:12.909+0800][info][gc,heap        ] GC(417) Archive regions: 0->0
[2024-07-18T17:08:12.909+0800][info][gc,heap        ] GC(417) Humongous regions: 177->176
[2024-07-18T17:08:12.909+0800][info][gc,metaspace   ] GC(417) Metaspace: 194K(384K)->194K(384K) NonClass: 187K(256K)->187K(256K) Class: 7K(128K)->7K(128K)
[2024-07-18T17:08:12.909+0800][info][gc             ] GC(417) Pause Young (Mixed) (G1 Preventive Collection) 489M->483M(512M) 0.525ms
[2024-07-18T17:08:12.909+0800][info][gc,cpu         ] GC(417) User=0.00s Sys=0.00s Real=0.00s
[2024-07-18T17:08:12.909+0800][info][gc,start       ] GC(418) Pause Young (Mixed) (G1 Preventive Collection)
[2024-07-18T17:08:12.909+0800][info][gc,task        ] GC(418) Using 12 workers of 13 for evacuation
[2024-07-18T17:08:12.910+0800][info][gc             ] GC(418) To-space exhausted
[2024-07-18T17:08:12.910+0800][info][gc,phases      ] GC(418)   Pre Evacuate Collection Set: 0.0ms
[2024-07-18T17:08:12.910+0800][info][gc,phases      ] GC(418)   Merge Heap Roots: 0.0ms
[2024-07-18T17:08:12.910+0800][info][gc,phases      ] GC(418)   Evacuate Collection Set: 0.8ms
[2024-07-18T17:08:12.910+0800][info][gc,phases      ] GC(418)   Post Evacuate Collection Set: 0.1ms
[2024-07-18T17:08:12.910+0800][info][gc,phases      ] GC(418)   Other: 0.1ms
[2024-07-18T17:08:12.910+0800][info][gc,heap        ] GC(418) Eden regions: 1->0(24)
[2024-07-18T17:08:12.910+0800][info][gc,heap        ] GC(418) Survivor regions: 1->1(4)
[2024-07-18T17:08:12.910+0800][info][gc,heap        ] GC(418) Old regions: 324->328
[2024-07-18T17:08:12.910+0800][info][gc,heap        ] GC(418) Archive regions: 0->0
[2024-07-18T17:08:12.910+0800][info][gc,heap        ] GC(418) Humongous regions: 176->176
[2024-07-18T17:08:12.910+0800][info][gc,metaspace   ] GC(418) Metaspace: 194K(384K)->194K(384K) NonClass: 187K(256K)->187K(256K) Class: 7K(128K)->7K(128K)
[2024-07-18T17:08:12.910+0800][info][gc             ] GC(418) Pause Young (Mixed) (G1 Preventive Collection) 484M->487M(512M) 1.116ms
[2024-07-18T17:08:12.910+0800][info][gc,cpu         ] GC(418) User=0.00s Sys=0.00s Real=0.00s
[2024-07-18T17:08:12.910+0800][info][gc,start       ] GC(419) Pause Young (Mixed) (G1 Preventive Collection)
[2024-07-18T17:08:12.910+0800][info][gc,task        ] GC(419) Using 12 workers of 13 for evacuation
[2024-07-18T17:08:12.910+0800][info][gc,phases      ] GC(419)   Pre Evacuate Collection Set: 0.0ms
[2024-07-18T17:08:12.910+0800][info][gc,phases      ] GC(419)   Merge Heap Roots: 0.0ms
[2024-07-18T17:08:12.910+0800][info][gc,phases      ] GC(419)   Evacuate Collection Set: 0.1ms
[2024-07-18T17:08:12.910+0800][info][gc,phases      ] GC(419)   Post Evacuate Collection Set: 0.1ms
[2024-07-18T17:08:12.910+0800][info][gc,phases      ] GC(419)   Other: 0.0ms
[2024-07-18T17:08:12.910+0800][info][gc,heap        ] GC(419) Eden regions: 3->0(23)
[2024-07-18T17:08:12.910+0800][info][gc,heap        ] GC(419) Survivor regions: 1->2(4)
[2024-07-18T17:08:12.910+0800][info][gc,heap        ] GC(419) Old regions: 328->328
[2024-07-18T17:08:12.910+0800][info][gc,heap        ] GC(419) Archive regions: 0->0
[2024-07-18T17:08:12.910+0800][info][gc,heap        ] GC(419) Humongous regions: 176->174
[2024-07-18T17:08:12.910+0800][info][gc,metaspace   ] GC(419) Metaspace: 194K(384K)->194K(384K) NonClass: 187K(256K)->187K(256K) Class: 7K(128K)->7K(128K)
[2024-07-18T17:08:12.910+0800][info][gc             ] GC(419) Pause Young (Mixed) (G1 Preventive Collection) 490M->485M(512M) 0.377ms
[2024-07-18T17:08:12.910+0800][info][gc,cpu         ] GC(419) User=0.00s Sys=0.00s Real=0.00s
[2024-07-18T17:08:12.910+0800][info][gc,start       ] GC(420) Pause Young (Concurrent Start) (G1 Humongous Allocation)
[2024-07-18T17:08:12.910+0800][info][gc,task        ] GC(420) Using 12 workers of 13 for evacuation
[2024-07-18T17:08:12.910+0800][info][gc,phases      ] GC(420)   Pre Evacuate Collection Set: 0.0ms
[2024-07-18T17:08:12.910+0800][info][gc,phases      ] GC(420)   Merge Heap Roots: 0.0ms
[2024-07-18T17:08:12.910+0800][info][gc,phases      ] GC(420)   Evacuate Collection Set: 0.1ms
[2024-07-18T17:08:12.910+0800][info][gc,phases      ] GC(420)   Post Evacuate Collection Set: 0.1ms
[2024-07-18T17:08:12.910+0800][info][gc,phases      ] GC(420)   Other: 0.1ms
[2024-07-18T17:08:12.910+0800][info][gc,heap        ] GC(420) Eden regions: 1->0(24)
[2024-07-18T17:08:12.910+0800][info][gc,heap        ] GC(420) Survivor regions: 2->1(4)
[2024-07-18T17:08:12.910+0800][info][gc,heap        ] GC(420) Old regions: 328->328
[2024-07-18T17:08:12.910+0800][info][gc,heap        ] GC(420) Archive regions: 0->0
[2024-07-18T17:08:12.910+0800][info][gc,heap        ] GC(420) Humongous regions: 174->174
[2024-07-18T17:08:12.910+0800][info][gc,metaspace   ] GC(420) Metaspace: 194K(384K)->194K(384K) NonClass: 187K(256K)->187K(256K) Class: 7K(128K)->7K(128K)
[2024-07-18T17:08:12.910+0800][info][gc             ] GC(420) Pause Young (Concurrent Start) (G1 Humongous Allocation) 485M->485M(512M) 0.350ms
[2024-07-18T17:08:12.910+0800][info][gc,cpu         ] GC(420) User=0.00s Sys=0.00s Real=0.00s
[2024-07-18T17:08:12.910+0800][info][gc             ] GC(421) Concurrent Mark Cycle
[2024-07-18T17:08:12.910+0800][info][gc,marking     ] GC(421) Concurrent Clear Claimed Marks
[2024-07-18T17:08:12.910+0800][info][gc,marking     ] GC(421) Concurrent Clear Claimed Marks 0.007ms
[2024-07-18T17:08:12.910+0800][info][gc,marking     ] GC(421) Concurrent Scan Root Regions
[2024-07-18T17:08:12.910+0800][info][gc,marking     ] GC(421) Concurrent Scan Root Regions 0.019ms
[2024-07-18T17:08:12.910+0800][info][gc,marking     ] GC(421) Concurrent Mark
[2024-07-18T17:08:12.910+0800][info][gc,marking     ] GC(421) Concurrent Mark From Roots
[2024-07-18T17:08:12.910+0800][info][gc,task        ] GC(421) Using 3 workers of 3 for marking
[2024-07-18T17:08:12.912+0800][info][gc,start       ] GC(422) Pause Young (Normal) (G1 Preventive Collection)
[2024-07-18T17:08:12.912+0800][info][gc,task        ] GC(422) Using 12 workers of 13 for evacuation
[2024-07-18T17:08:12.912+0800][info][gc,phases      ] GC(422)   Pre Evacuate Collection Set: 0.0ms
[2024-07-18T17:08:12.912+0800][info][gc,phases      ] GC(422)   Merge Heap Roots: 0.0ms
[2024-07-18T17:08:12.912+0800][info][gc,phases      ] GC(422)   Evacuate Collection Set: 0.1ms
[2024-07-18T17:08:12.912+0800][info][gc,phases      ] GC(422)   Post Evacuate Collection Set: 0.1ms
[2024-07-18T17:08:12.912+0800][info][gc,phases      ] GC(422)   Other: 0.0ms
[2024-07-18T17:08:12.912+0800][info][gc,heap        ] GC(422) Eden regions: 3->0(22)
[2024-07-18T17:08:12.912+0800][info][gc,heap        ] GC(422) Survivor regions: 1->3(3)
[2024-07-18T17:08:12.912+0800][info][gc,heap        ] GC(422) Old regions: 328->328
[2024-07-18T17:08:12.912+0800][info][gc,heap        ] GC(422) Archive regions: 0->0
[2024-07-18T17:08:12.912+0800][info][gc,heap        ] GC(422) Humongous regions: 177->174
[2024-07-18T17:08:12.912+0800][info][gc,metaspace   ] GC(422) Metaspace: 194K(384K)->194K(384K) NonClass: 187K(256K)->187K(256K) Class: 7K(128K)->7K(128K)
[2024-07-18T17:08:12.912+0800][info][gc             ] GC(422) Pause Young (Normal) (G1 Preventive Collection) 490M->486M(512M) 0.310ms
[2024-07-18T17:08:12.912+0800][info][gc,cpu         ] GC(422) User=0.00s Sys=0.00s Real=0.00s
[2024-07-18T17:08:12.912+0800][info][gc,start       ] GC(423) Pause Young (Normal) (G1 Preventive Collection)
[2024-07-18T17:08:12.912+0800][info][gc,task        ] GC(423) Using 12 workers of 13 for evacuation
[2024-07-18T17:08:12.912+0800][info][gc,phases      ] GC(423)   Pre Evacuate Collection Set: 0.0ms
[2024-07-18T17:08:12.912+0800][info][gc,phases      ] GC(423)   Merge Heap Roots: 0.0ms
[2024-07-18T17:08:12.912+0800][info][gc,phases      ] GC(423)   Evacuate Collection Set: 0.1ms
[2024-07-18T17:08:12.912+0800][info][gc,phases      ] GC(423)   Post Evacuate Collection Set: 0.1ms
[2024-07-18T17:08:12.912+0800][info][gc,phases      ] GC(423)   Other: 0.0ms
[2024-07-18T17:08:12.912+0800][info][gc,heap        ] GC(423) Eden regions: 3->0(22)
[2024-07-18T17:08:12.912+0800][info][gc,heap        ] GC(423) Survivor regions: 3->3(4)
[2024-07-18T17:08:12.912+0800][info][gc,heap        ] GC(423) Old regions: 328->329
[2024-07-18T17:08:12.912+0800][info][gc,heap        ] GC(423) Archive regions: 0->0
[2024-07-18T17:08:12.912+0800][info][gc,heap        ] GC(423) Humongous regions: 174->174
[2024-07-18T17:08:12.912+0800][info][gc,metaspace   ] GC(423) Metaspace: 194K(384K)->194K(384K) NonClass: 187K(256K)->187K(256K) Class: 7K(128K)->7K(128K)
[2024-07-18T17:08:12.912+0800][info][gc             ] GC(423) Pause Young (Normal) (G1 Preventive Collection) 489M->487M(512M) 0.321ms
[2024-07-18T17:08:12.912+0800][info][gc,cpu         ] GC(423) User=0.00s Sys=0.00s Real=0.00s
[2024-07-18T17:08:12.912+0800][info][gc,start       ] GC(424) Pause Young (Normal) (G1 Preventive Collection)
[2024-07-18T17:08:12.912+0800][info][gc,task        ] GC(424) Using 12 workers of 13 for evacuation
[2024-07-18T17:08:12.914+0800][info][gc,phases      ] GC(424)   Pre Evacuate Collection Set: 0.0ms
[2024-07-18T17:08:12.914+0800][info][gc,phases      ] GC(424)   Merge Heap Roots: 0.0ms
[2024-07-18T17:08:12.914+0800][info][gc,phases      ] GC(424)   Evacuate Collection Set: 0.1ms
[2024-07-18T17:08:12.914+0800][info][gc,phases      ] GC(424)   Post Evacuate Collection Set: 0.1ms
[2024-07-18T17:08:12.914+0800][info][gc,phases      ] GC(424)   Other: 0.0ms
[2024-07-18T17:08:12.914+0800][info][gc,heap        ] GC(424) Eden regions: 2->0(22)
[2024-07-18T17:08:12.914+0800][info][gc,heap        ] GC(424) Survivor regions: 3->3(4)
[2024-07-18T17:08:12.914+0800][info][gc,heap        ] GC(424) Old regions: 329->329
[2024-07-18T17:08:12.914+0800][info][gc,heap        ] GC(424) Archive regions: 0->0
[2024-07-18T17:08:12.914+0800][info][gc,heap        ] GC(424) Humongous regions: 174->174
[2024-07-18T17:08:12.914+0800][info][gc,metaspace   ] GC(424) Metaspace: 194K(384K)->194K(384K) NonClass: 187K(256K)->187K(256K) Class: 7K(128K)->7K(128K)
[2024-07-18T17:08:12.914+0800][info][gc             ] GC(424) Pause Young (Normal) (G1 Preventive Collection) 488M->487M(512M) 0.300ms
[2024-07-18T17:08:12.914+0800][info][gc,cpu         ] GC(424) User=0.00s Sys=0.00s Real=0.00s
[2024-07-18T17:08:12.914+0800][info][gc,marking     ] GC(421) Concurrent Mark From Roots 1.789ms
[2024-07-18T17:08:12.914+0800][info][gc,marking     ] GC(421) Concurrent Preclean
[2024-07-18T17:08:12.914+0800][info][gc,start       ] GC(425) Pause Young (Normal) (G1 Preventive Collection)
[2024-07-18T17:08:12.914+0800][info][gc,task        ] GC(425) Using 12 workers of 13 for evacuation
[2024-07-18T17:08:12.914+0800][info][gc,phases      ] GC(425)   Pre Evacuate Collection Set: 0.0ms
[2024-07-18T17:08:12.914+0800][info][gc,phases      ] GC(425)   Merge Heap Roots: 0.0ms
[2024-07-18T17:08:12.914+0800][info][gc,phases      ] GC(425)   Evacuate Collection Set: 0.1ms
[2024-07-18T17:08:12.914+0800][info][gc,phases      ] GC(425)   Post Evacuate Collection Set: 0.1ms
[2024-07-18T17:08:12.914+0800][info][gc,phases      ] GC(425)   Other: 0.0ms
[2024-07-18T17:08:12.914+0800][info][gc,heap        ] GC(425) Eden regions: 2->0(23)
[2024-07-18T17:08:12.914+0800][info][gc,heap        ] GC(425) Survivor regions: 3->2(4)
[2024-07-18T17:08:12.914+0800][info][gc,heap        ] GC(425) Old regions: 329->331
[2024-07-18T17:08:12.914+0800][info][gc,heap        ] GC(425) Archive regions: 0->0
[2024-07-18T17:08:12.914+0800][info][gc,heap        ] GC(425) Humongous regions: 174->173
[2024-07-18T17:08:12.914+0800][info][gc,metaspace   ] GC(425) Metaspace: 194K(384K)->194K(384K) NonClass: 187K(256K)->187K(256K) Class: 7K(128K)->7K(128K)
[2024-07-18T17:08:12.914+0800][info][gc             ] GC(425) Pause Young (Normal) (G1 Preventive Collection) 489M->488M(512M) 0.354ms
[2024-07-18T17:08:12.914+0800][info][gc,cpu         ] GC(425) User=0.00s Sys=0.00s Real=0.00s
[2024-07-18T17:08:12.914+0800][info][gc,marking     ] GC(421) Concurrent Preclean 0.446ms
[2024-07-18T17:08:12.914+0800][info][gc,start       ] GC(421) Pause Remark
[2024-07-18T17:08:12.914+0800][info][gc             ] GC(421) Pause Remark 489M->489M(512M) 0.265ms
[2024-07-18T17:08:12.914+0800][info][gc,cpu         ] GC(421) User=0.00s Sys=0.00s Real=0.00s
[2024-07-18T17:08:12.914+0800][info][gc,marking     ] GC(421) Concurrent Mark 2.601ms
[2024-07-18T17:08:12.914+0800][info][gc,marking     ] GC(421) Concurrent Rebuild Remembered Sets
[2024-07-18T17:08:12.914+0800][info][gc,start       ] GC(426) Pause Young (Normal) (G1 Preventive Collection)
[2024-07-18T17:08:12.914+0800][info][gc,task        ] GC(426) Using 12 workers of 13 for evacuation
[2024-07-18T17:08:12.915+0800][info][gc,phases      ] GC(426)   Pre Evacuate Collection Set: 0.0ms
[2024-07-18T17:08:12.915+0800][info][gc,phases      ] GC(426)   Merge Heap Roots: 0.1ms
[2024-07-18T17:08:12.915+0800][info][gc,phases      ] GC(426)   Evacuate Collection Set: 0.1ms
[2024-07-18T17:08:12.915+0800][info][gc,phases      ] GC(426)   Post Evacuate Collection Set: 0.1ms
[2024-07-18T17:08:12.915+0800][info][gc,phases      ] GC(426)   Other: 0.0ms
[2024-07-18T17:08:12.915+0800][info][gc,heap        ] GC(426) Eden regions: 1->0(23)
[2024-07-18T17:08:12.915+0800][info][gc,heap        ] GC(426) Survivor regions: 2->2(3)
[2024-07-18T17:08:12.915+0800][info][gc,heap        ] GC(426) Old regions: 331->331
[2024-07-18T17:08:12.915+0800][info][gc,heap        ] GC(426) Archive regions: 0->0
[2024-07-18T17:08:12.915+0800][info][gc,heap        ] GC(426) Humongous regions: 175->174
[2024-07-18T17:08:12.915+0800][info][gc,metaspace   ] GC(426) Metaspace: 194K(384K)->194K(384K) NonClass: 187K(256K)->187K(256K) Class: 7K(128K)->7K(128K)
[2024-07-18T17:08:12.915+0800][info][gc             ] GC(426) Pause Young (Normal) (G1 Preventive Collection) 491M->489M(512M) 0.321ms
[2024-07-18T17:08:12.915+0800][info][gc,cpu         ] GC(426) User=0.00s Sys=0.00s Real=0.00s
[2024-07-18T17:08:12.915+0800][info][gc,start       ] GC(427) Pause Young (Normal) (G1 Preventive Collection)
[2024-07-18T17:08:12.915+0800][info][gc,task        ] GC(427) Using 12 workers of 13 for evacuation
[2024-07-18T17:08:12.915+0800][info][gc,phases      ] GC(427)   Pre Evacuate Collection Set: 0.0ms
[2024-07-18T17:08:12.915+0800][info][gc,phases      ] GC(427)   Merge Heap Roots: 0.0ms
[2024-07-18T17:08:12.915+0800][info][gc,phases      ] GC(427)   Evacuate Collection Set: 0.1ms
[2024-07-18T17:08:12.915+0800][info][gc,phases      ] GC(427)   Post Evacuate Collection Set: 0.1ms
[2024-07-18T17:08:12.915+0800][info][gc,phases      ] GC(427)   Other: 0.0ms
[2024-07-18T17:08:12.915+0800][info][gc,heap        ] GC(427) Eden regions: 1->0(22)
[2024-07-18T17:08:12.915+0800][info][gc,heap        ] GC(427) Survivor regions: 2->3(3)
[2024-07-18T17:08:12.915+0800][info][gc,heap        ] GC(427) Old regions: 331->331
[2024-07-18T17:08:12.915+0800][info][gc,heap        ] GC(427) Archive regions: 0->0
[2024-07-18T17:08:12.915+0800][info][gc,heap        ] GC(427) Humongous regions: 175->174
[2024-07-18T17:08:12.915+0800][info][gc,metaspace   ] GC(427) Metaspace: 194K(384K)->194K(384K) NonClass: 187K(256K)->187K(256K) Class: 7K(128K)->7K(128K)
[2024-07-18T17:08:12.915+0800][info][gc             ] GC(427) Pause Young (Normal) (G1 Preventive Collection) 491M->490M(512M) 0.299ms
[2024-07-18T17:08:12.915+0800][info][gc,cpu         ] GC(427) User=0.00s Sys=0.00s Real=0.00s
[2024-07-18T17:08:12.915+0800][info][gc,start       ] GC(428) Pause Young (Normal) (G1 Preventive Collection)
[2024-07-18T17:08:12.915+0800][info][gc,task        ] GC(428) Using 12 workers of 13 for evacuation
[2024-07-18T17:08:12.915+0800][info][gc,phases      ] GC(428)   Pre Evacuate Collection Set: 0.0ms
[2024-07-18T17:08:12.915+0800][info][gc,phases      ] GC(428)   Merge Heap Roots: 0.0ms
[2024-07-18T17:08:12.915+0800][info][gc,phases      ] GC(428)   Evacuate Collection Set: 0.1ms
[2024-07-18T17:08:12.915+0800][info][gc,phases      ] GC(428)   Post Evacuate Collection Set: 0.1ms
[2024-07-18T17:08:12.915+0800][info][gc,phases      ] GC(428)   Other: 0.0ms
[2024-07-18T17:08:12.915+0800][info][gc,heap        ] GC(428) Eden regions: 1->0(23)
[2024-07-18T17:08:12.915+0800][info][gc,heap        ] GC(428) Survivor regions: 3->2(3)
[2024-07-18T17:08:12.915+0800][info][gc,heap        ] GC(428) Old regions: 331->332
[2024-07-18T17:08:12.915+0800][info][gc,heap        ] GC(428) Archive regions: 0->0
[2024-07-18T17:08:12.915+0800][info][gc,heap        ] GC(428) Humongous regions: 174->173
[2024-07-18T17:08:12.915+0800][info][gc,metaspace   ] GC(428) Metaspace: 194K(384K)->194K(384K) NonClass: 187K(256K)->187K(256K) Class: 7K(128K)->7K(128K)
[2024-07-18T17:08:12.915+0800][info][gc             ] GC(428) Pause Young (Normal) (G1 Preventive Collection) 491M->489M(512M) 0.290ms
[2024-07-18T17:08:12.915+0800][info][gc,cpu         ] GC(428) User=0.00s Sys=0.00s Real=0.00s
[2024-07-18T17:08:12.915+0800][info][gc,start       ] GC(429) Pause Young (Normal) (G1 Preventive Collection)
[2024-07-18T17:08:12.915+0800][info][gc,task        ] GC(429) Using 12 workers of 13 for evacuation
[2024-07-18T17:08:12.915+0800][info][gc,phases      ] GC(429)   Pre Evacuate Collection Set: 0.0ms
[2024-07-18T17:08:12.915+0800][info][gc,phases      ] GC(429)   Merge Heap Roots: 0.0ms
[2024-07-18T17:08:12.915+0800][info][gc,phases      ] GC(429)   Evacuate Collection Set: 0.1ms
[2024-07-18T17:08:12.915+0800][info][gc,phases      ] GC(429)   Post Evacuate Collection Set: 0.1ms
[2024-07-18T17:08:12.915+0800][info][gc,phases      ] GC(429)   Other: 0.0ms
[2024-07-18T17:08:12.915+0800][info][gc,heap        ] GC(429) Eden regions: 1->0(22)
[2024-07-18T17:08:12.915+0800][info][gc,heap        ] GC(429) Survivor regions: 2->3(4)
[2024-07-18T17:08:12.915+0800][info][gc,heap        ] GC(429) Old regions: 332->332
[2024-07-18T17:08:12.915+0800][info][gc,heap        ] GC(429) Archive regions: 0->0
[2024-07-18T17:08:12.915+0800][info][gc,heap        ] GC(429) Humongous regions: 173->173
[2024-07-18T17:08:12.915+0800][info][gc,metaspace   ] GC(429) Metaspace: 194K(384K)->194K(384K) NonClass: 187K(256K)->187K(256K) Class: 7K(128K)->7K(128K)
[2024-07-18T17:08:12.915+0800][info][gc             ] GC(429) Pause Young (Normal) (G1 Preventive Collection) 489M->489M(512M) 0.282ms
[2024-07-18T17:08:12.915+0800][info][gc,cpu         ] GC(429) User=0.00s Sys=0.00s Real=0.00s
[2024-07-18T17:08:12.915+0800][info][gc,start       ] GC(430) Pause Young (Normal) (G1 Preventive Collection)
[2024-07-18T17:08:12.915+0800][info][gc,task        ] GC(430) Using 12 workers of 13 for evacuation
[2024-07-18T17:08:12.915+0800][info][gc,phases      ] GC(430)   Pre Evacuate Collection Set: 0.0ms
[2024-07-18T17:08:12.915+0800][info][gc,phases      ] GC(430)   Merge Heap Roots: 0.0ms
[2024-07-18T17:08:12.915+0800][info][gc,phases      ] GC(430)   Evacuate Collection Set: 0.1ms
[2024-07-18T17:08:12.915+0800][info][gc,phases      ] GC(430)   Post Evacuate Collection Set: 0.1ms
[2024-07-18T17:08:12.915+0800][info][gc,phases      ] GC(430)   Other: 0.0ms
[2024-07-18T17:08:12.915+0800][info][gc,heap        ] GC(430) Eden regions: 0->0(23)
[2024-07-18T17:08:12.915+0800][info][gc,heap        ] GC(430) Survivor regions: 3->2(3)
[2024-07-18T17:08:12.915+0800][info][gc,heap        ] GC(430) Old regions: 332->333
[2024-07-18T17:08:12.915+0800][info][gc,heap        ] GC(430) Archive regions: 0->0
[2024-07-18T17:08:12.915+0800][info][gc,heap        ] GC(430) Humongous regions: 174->173
[2024-07-18T17:08:12.915+0800][info][gc,metaspace   ] GC(430) Metaspace: 194K(384K)->194K(384K) NonClass: 187K(256K)->187K(256K) Class: 7K(128K)->7K(128K)
[2024-07-18T17:08:12.915+0800][info][gc             ] GC(430) Pause Young (Normal) (G1 Preventive Collection) 490M->489M(512M) 0.293ms
[2024-07-18T17:08:12.915+0800][info][gc,cpu         ] GC(430) User=0.00s Sys=0.00s Real=0.00s
[2024-07-18T17:08:12.915+0800][info][gc,start       ] GC(431) Pause Young (Normal) (G1 Preventive Collection)
[2024-07-18T17:08:12.915+0800][info][gc,task        ] GC(431) Using 12 workers of 13 for evacuation
[2024-07-18T17:08:12.915+0800][info][gc,phases      ] GC(431)   Pre Evacuate Collection Set: 0.0ms
[2024-07-18T17:08:12.915+0800][info][gc,phases      ] GC(431)   Merge Heap Roots: 0.0ms
[2024-07-18T17:08:12.915+0800][info][gc,phases      ] GC(431)   Evacuate Collection Set: 0.1ms
[2024-07-18T17:08:12.915+0800][info][gc,phases      ] GC(431)   Post Evacuate Collection Set: 0.1ms
[2024-07-18T17:08:12.915+0800][info][gc,phases      ] GC(431)   Other: 0.0ms
[2024-07-18T17:08:12.915+0800][info][gc,heap        ] GC(431) Eden regions: 1->0(23)
[2024-07-18T17:08:12.915+0800][info][gc,heap        ] GC(431) Survivor regions: 2->2(2)
[2024-07-18T17:08:12.915+0800][info][gc,heap        ] GC(431) Old regions: 333->333
[2024-07-18T17:08:12.915+0800][info][gc,heap        ] GC(431) Archive regions: 0->0
[2024-07-18T17:08:12.915+0800][info][gc,heap        ] GC(431) Humongous regions: 174->173
[2024-07-18T17:08:12.915+0800][info][gc,metaspace   ] GC(431) Metaspace: 194K(384K)->194K(384K) NonClass: 187K(256K)->187K(256K) Class: 7K(128K)->7K(128K)
[2024-07-18T17:08:12.915+0800][info][gc             ] GC(431) Pause Young (Normal) (G1 Preventive Collection) 491M->489M(512M) 0.272ms
[2024-07-18T17:08:12.915+0800][info][gc,cpu         ] GC(431) User=0.00s Sys=0.00s Real=0.00s
[2024-07-18T17:08:12.915+0800][info][gc,start       ] GC(432) Pause Young (Normal) (G1 Preventive Collection)
[2024-07-18T17:08:12.915+0800][info][gc,task        ] GC(432) Using 12 workers of 13 for evacuation
[2024-07-18T17:08:12.915+0800][info][gc,phases      ] GC(432)   Pre Evacuate Collection Set: 0.0ms
[2024-07-18T17:08:12.915+0800][info][gc,phases      ] GC(432)   Merge Heap Roots: 0.0ms
[2024-07-18T17:08:12.915+0800][info][gc,phases      ] GC(432)   Evacuate Collection Set: 0.1ms
[2024-07-18T17:08:12.915+0800][info][gc,phases      ] GC(432)   Post Evacuate Collection Set: 0.1ms
[2024-07-18T17:08:12.915+0800][info][gc,phases      ] GC(432)   Other: 0.0ms
[2024-07-18T17:08:12.915+0800][info][gc,heap        ] GC(432) Eden regions: 1->0(23)
[2024-07-18T17:08:12.915+0800][info][gc,heap        ] GC(432) Survivor regions: 2->2(3)
[2024-07-18T17:08:12.915+0800][info][gc,heap        ] GC(432) Old regions: 333->333
[2024-07-18T17:08:12.915+0800][info][gc,heap        ] GC(432) Archive regions: 0->0
[2024-07-18T17:08:12.915+0800][info][gc,heap        ] GC(432) Humongous regions: 173->173
[2024-07-18T17:08:12.915+0800][info][gc,metaspace   ] GC(432) Metaspace: 194K(384K)->194K(384K) NonClass: 187K(256K)->187K(256K) Class: 7K(128K)->7K(128K)
[2024-07-18T17:08:12.915+0800][info][gc             ] GC(432) Pause Young (Normal) (G1 Preventive Collection) 490M->489M(512M) 0.261ms
[2024-07-18T17:08:12.915+0800][info][gc,cpu         ] GC(432) User=0.00s Sys=0.00s Real=0.00s
[2024-07-18T17:08:12.915+0800][info][gc,start       ] GC(433) Pause Young (Normal) (G1 Preventive Collection)
[2024-07-18T17:08:12.915+0800][info][gc,task        ] GC(433) Using 12 workers of 13 for evacuation
[2024-07-18T17:08:12.915+0800][info][gc,phases      ] GC(433)   Pre Evacuate Collection Set: 0.0ms
[2024-07-18T17:08:12.915+0800][info][gc,phases      ] GC(433)   Merge Heap Roots: 0.0ms
[2024-07-18T17:08:12.915+0800][info][gc,phases      ] GC(433)   Evacuate Collection Set: 0.1ms
[2024-07-18T17:08:12.915+0800][info][gc,phases      ] GC(433)   Post Evacuate Collection Set: 0.1ms
[2024-07-18T17:08:12.915+0800][info][gc,phases      ] GC(433)   Other: 0.0ms
[2024-07-18T17:08:12.915+0800][info][gc,heap        ] GC(433) Eden regions: 1->0(23)
[2024-07-18T17:08:12.915+0800][info][gc,heap        ] GC(433) Survivor regions: 2->2(3)
[2024-07-18T17:08:12.915+0800][info][gc,heap        ] GC(433) Old regions: 333->333
[2024-07-18T17:08:12.915+0800][info][gc,heap        ] GC(433) Archive regions: 0->0
[2024-07-18T17:08:12.915+0800][info][gc,heap        ] GC(433) Humongous regions: 173->173
[2024-07-18T17:08:12.915+0800][info][gc,metaspace   ] GC(433) Metaspace: 194K(384K)->194K(384K) NonClass: 187K(256K)->187K(256K) Class: 7K(128K)->7K(128K)
[2024-07-18T17:08:12.915+0800][info][gc             ] GC(433) Pause Young (Normal) (G1 Preventive Collection) 490M->490M(512M) 0.271ms
[2024-07-18T17:08:12.915+0800][info][gc,cpu         ] GC(433) User=0.00s Sys=0.00s Real=0.00s
[2024-07-18T17:08:12.915+0800][info][gc,marking     ] GC(421) Concurrent Rebuild Remembered Sets 3.244ms
[2024-07-18T17:08:12.915+0800][info][gc,start       ] GC(434) Pause Young (Normal) (G1 Preventive Collection)
[2024-07-18T17:08:12.915+0800][info][gc,task        ] GC(434) Using 12 workers of 13 for evacuation
[2024-07-18T17:08:12.915+0800][info][gc,phases      ] GC(434)   Pre Evacuate Collection Set: 0.0ms
[2024-07-18T17:08:12.915+0800][info][gc,phases      ] GC(434)   Merge Heap Roots: 0.0ms
[2024-07-18T17:08:12.915+0800][info][gc,phases      ] GC(434)   Evacuate Collection Set: 0.1ms
[2024-07-18T17:08:12.915+0800][info][gc,phases      ] GC(434)   Post Evacuate Collection Set: 0.1ms
[2024-07-18T17:08:12.915+0800][info][gc,phases      ] GC(434)   Other: 0.1ms
[2024-07-18T17:08:12.915+0800][info][gc,heap        ] GC(434) Eden regions: 1->0(23)
[2024-07-18T17:08:12.915+0800][info][gc,heap        ] GC(434) Survivor regions: 2->2(2)
[2024-07-18T17:08:12.915+0800][info][gc,heap        ] GC(434) Old regions: 333->333
[2024-07-18T17:08:12.915+0800][info][gc,heap        ] GC(434) Archive regions: 0->0
[2024-07-18T17:08:12.915+0800][info][gc,heap        ] GC(434) Humongous regions: 174->174
[2024-07-18T17:08:12.915+0800][info][gc,metaspace   ] GC(434) Metaspace: 194K(384K)->194K(384K) NonClass: 187K(256K)->187K(256K) Class: 7K(128K)->7K(128K)
[2024-07-18T17:08:12.915+0800][info][gc             ] GC(434) Pause Young (Normal) (G1 Preventive Collection) 491M->491M(512M) 0.286ms
[2024-07-18T17:08:12.915+0800][info][gc,cpu         ] GC(434) User=0.00s Sys=0.00s Real=0.00s
[2024-07-18T17:08:12.915+0800][info][gc,start       ] GC(421) Pause Cleanup
[2024-07-18T17:08:12.915+0800][info][gc             ] GC(421) Pause Cleanup 491M->491M(512M) 0.098ms
[2024-07-18T17:08:12.915+0800][info][gc,cpu         ] GC(421) User=0.00s Sys=0.00s Real=0.00s
[2024-07-18T17:08:12.915+0800][info][gc,marking     ] GC(421) Concurrent Cleanup for Next Mark
[2024-07-18T17:08:12.915+0800][info][gc,start       ] GC(435) Pause Young (Prepare Mixed) (G1 Preventive Collection)
[2024-07-18T17:08:12.915+0800][info][gc,task        ] GC(435) Using 12 workers of 13 for evacuation
[2024-07-18T17:08:12.915+0800][info][gc             ] GC(435) To-space exhausted
[2024-07-18T17:08:12.915+0800][info][gc,phases      ] GC(435)   Pre Evacuate Collection Set: 0.0ms
[2024-07-18T17:08:12.915+0800][info][gc,phases      ] GC(435)   Merge Heap Roots: 0.0ms
[2024-07-18T17:08:12.915+0800][info][gc,phases      ] GC(435)   Evacuate Collection Set: 0.1ms
[2024-07-18T17:08:12.915+0800][info][gc,phases      ] GC(435)   Post Evacuate Collection Set: 0.1ms
[2024-07-18T17:08:12.915+0800][info][gc,phases      ] GC(435)   Other: 0.0ms
[2024-07-18T17:08:12.915+0800][info][gc,heap        ] GC(435) Eden regions: 1->0(23)
[2024-07-18T17:08:12.915+0800][info][gc,heap        ] GC(435) Survivor regions: 2->2(2)
[2024-07-18T17:08:12.915+0800][info][gc,heap        ] GC(435) Old regions: 333->334
[2024-07-18T17:08:12.915+0800][info][gc,heap        ] GC(435) Archive regions: 0->0
[2024-07-18T17:08:12.915+0800][info][gc,heap        ] GC(435) Humongous regions: 174->174
[2024-07-18T17:08:12.915+0800][info][gc,metaspace   ] GC(435) Metaspace: 194K(384K)->194K(384K) NonClass: 187K(256K)->187K(256K) Class: 7K(128K)->7K(128K)
[2024-07-18T17:08:12.915+0800][info][gc             ] GC(435) Pause Young (Prepare Mixed) (G1 Preventive Collection) 492M->492M(512M) 0.273ms
[2024-07-18T17:08:12.915+0800][info][gc,cpu         ] GC(435) User=0.00s Sys=0.00s Real=0.00s
[2024-07-18T17:08:12.915+0800][info][gc,start       ] GC(436) Pause Young (Mixed) (G1 Preventive Collection)
[2024-07-18T17:08:12.915+0800][info][gc,task        ] GC(436) Using 12 workers of 13 for evacuation
[2024-07-18T17:08:12.915+0800][info][gc             ] GC(436) To-space exhausted
[2024-07-18T17:08:12.915+0800][info][gc,phases      ] GC(436)   Pre Evacuate Collection Set: 0.0ms
[2024-07-18T17:08:12.915+0800][info][gc,phases      ] GC(436)   Merge Heap Roots: 0.0ms
[2024-07-18T17:08:12.915+0800][info][gc,phases      ] GC(436)   Evacuate Collection Set: 0.1ms
[2024-07-18T17:08:12.915+0800][info][gc,phases      ] GC(436)   Post Evacuate Collection Set: 0.1ms
[2024-07-18T17:08:12.915+0800][info][gc,phases      ] GC(436)   Other: 0.1ms
[2024-07-18T17:08:12.915+0800][info][gc,heap        ] GC(436) Eden regions: 1->0(25)
[2024-07-18T17:08:12.915+0800][info][gc,heap        ] GC(436) Survivor regions: 2->0(1)
[2024-07-18T17:08:12.915+0800][info][gc,heap        ] GC(436) Old regions: 334->336
[2024-07-18T17:08:12.915+0800][info][gc,heap        ] GC(436) Archive regions: 0->0
[2024-07-18T17:08:12.915+0800][info][gc,heap        ] GC(436) Humongous regions: 174->174
[2024-07-18T17:08:12.915+0800][info][gc,metaspace   ] GC(436) Metaspace: 194K(384K)->194K(384K) NonClass: 187K(256K)->187K(256K) Class: 7K(128K)->7K(128K)
[2024-07-18T17:08:12.915+0800][info][gc             ] GC(436) Pause Young (Mixed) (G1 Preventive Collection) 493M->492M(512M) 0.352ms
[2024-07-18T17:08:12.915+0800][info][gc,cpu         ] GC(436) User=0.00s Sys=0.00s Real=0.00s
[2024-07-18T17:08:12.915+0800][info][gc,start       ] GC(437) Pause Young (Mixed) (G1 Preventive Collection)
[2024-07-18T17:08:12.915+0800][info][gc,task        ] GC(437) Using 12 workers of 13 for evacuation
[2024-07-18T17:08:12.915+0800][info][gc             ] GC(437) To-space exhausted
[2024-07-18T17:08:12.915+0800][info][gc,phases      ] GC(437)   Pre Evacuate Collection Set: 0.0ms
[2024-07-18T17:08:12.915+0800][info][gc,phases      ] GC(437)   Merge Heap Roots: 0.0ms
[2024-07-18T17:08:12.915+0800][info][gc,phases      ] GC(437)   Evacuate Collection Set: 0.1ms
[2024-07-18T17:08:12.915+0800][info][gc,phases      ] GC(437)   Post Evacuate Collection Set: 0.1ms
[2024-07-18T17:08:12.915+0800][info][gc,phases      ] GC(437)   Other: 0.1ms
[2024-07-18T17:08:12.915+0800][info][gc,heap        ] GC(437) Eden regions: 1->0(25)
[2024-07-18T17:08:12.915+0800][info][gc,heap        ] GC(437) Survivor regions: 0->0(1)
[2024-07-18T17:08:12.915+0800][info][gc,heap        ] GC(437) Old regions: 336->337
[2024-07-18T17:08:12.915+0800][info][gc,heap        ] GC(437) Archive regions: 0->0
[2024-07-18T17:08:12.915+0800][info][gc,heap        ] GC(437) Humongous regions: 174->174
[2024-07-18T17:08:12.915+0800][info][gc,metaspace   ] GC(437) Metaspace: 194K(384K)->194K(384K) NonClass: 187K(256K)->187K(256K) Class: 7K(128K)->7K(128K)
[2024-07-18T17:08:12.915+0800][info][gc             ] GC(437) Pause Young (Mixed) (G1 Preventive Collection) 492M->493M(512M) 0.374ms
[2024-07-18T17:08:12.915+0800][info][gc,cpu         ] GC(437) User=0.00s Sys=0.00s Real=0.00s
[2024-07-18T17:08:12.915+0800][info][gc,start       ] GC(438) Pause Young (Mixed) (G1 Evacuation Pause)
[2024-07-18T17:08:12.915+0800][info][gc,task        ] GC(438) Using 12 workers of 13 for evacuation
[2024-07-18T17:08:12.915+0800][info][gc             ] GC(438) To-space exhausted
[2024-07-18T17:08:12.915+0800][info][gc,phases      ] GC(438)   Pre Evacuate Collection Set: 0.0ms
[2024-07-18T17:08:12.915+0800][info][gc,phases      ] GC(438)   Merge Heap Roots: 0.0ms
[2024-07-18T17:08:12.915+0800][info][gc,phases      ] GC(438)   Evacuate Collection Set: 0.0ms
[2024-07-18T17:08:12.915+0800][info][gc,phases      ] GC(438)   Post Evacuate Collection Set: 0.1ms
[2024-07-18T17:08:12.915+0800][info][gc,phases      ] GC(438)   Other: 0.0ms
[2024-07-18T17:08:12.915+0800][info][gc,heap        ] GC(438) Eden regions: 0->0(25)
[2024-07-18T17:08:12.915+0800][info][gc,heap        ] GC(438) Survivor regions: 0->0(0)
[2024-07-18T17:08:12.915+0800][info][gc,heap        ] GC(438) Old regions: 337->337
[2024-07-18T17:08:12.915+0800][info][gc,heap        ] GC(438) Archive regions: 0->0
[2024-07-18T17:08:12.915+0800][info][gc,heap        ] GC(438) Humongous regions: 175->175
[2024-07-18T17:08:12.915+0800][info][gc,metaspace   ] GC(438) Metaspace: 194K(384K)->194K(384K) NonClass: 187K(256K)->187K(256K) Class: 7K(128K)->7K(128K)
[2024-07-18T17:08:12.915+0800][info][gc             ] GC(438) Pause Young (Mixed) (G1 Evacuation Pause) 494M->494M(512M) 0.254ms
[2024-07-18T17:08:12.915+0800][info][gc,cpu         ] GC(438) User=0.00s Sys=0.00s Real=0.00s
[2024-07-18T17:08:12.915+0800][info][gc,ergo        ] Attempting full compaction
[2024-07-18T17:08:12.915+0800][info][gc,task        ] GC(439) Using 12 workers of 13 for full compaction
[2024-07-18T17:08:12.915+0800][info][gc,start       ] GC(439) Pause Full (G1 Compaction Pause)
[2024-07-18T17:08:12.915+0800][info][gc,phases,start] GC(439) Phase 1: Mark live objects
[2024-07-18T17:08:12.915+0800][info][gc,phases      ] GC(439) Phase 1: Mark live objects 0.421ms
[2024-07-18T17:08:12.915+0800][info][gc,phases,start] GC(439) Phase 2: Prepare for compaction
[2024-07-18T17:08:12.915+0800][info][gc,phases      ] GC(439) Phase 2: Prepare for compaction 0.149ms
[2024-07-18T17:08:12.915+0800][info][gc,phases,start] GC(439) Phase 3: Adjust pointers
[2024-07-18T17:08:12.915+0800][info][gc,phases      ] GC(439) Phase 3: Adjust pointers 0.117ms
[2024-07-18T17:08:12.915+0800][info][gc,phases,start] GC(439) Phase 4: Compact heap
[2024-07-18T17:08:12.926+0800][info][gc,phases      ] GC(439) Phase 4: Compact heap 15.128ms
[2024-07-18T17:08:12.926+0800][info][gc,heap        ] GC(439) Eden regions: 0->0(25)
[2024-07-18T17:08:12.926+0800][info][gc,heap        ] GC(439) Survivor regions: 0->0(0)
[2024-07-18T17:08:12.926+0800][info][gc,heap        ] GC(439) Old regions: 337->256
[2024-07-18T17:08:12.926+0800][info][gc,heap        ] GC(439) Archive regions: 0->0
[2024-07-18T17:08:12.926+0800][info][gc,heap        ] GC(439) Humongous regions: 175->175
[2024-07-18T17:08:12.926+0800][info][gc,metaspace   ] GC(439) Metaspace: 194K(384K)->194K(384K) NonClass: 187K(256K)->187K(256K) Class: 7K(128K)->7K(128K)
[2024-07-18T17:08:12.926+0800][info][gc             ] GC(439) Pause Full (G1 Compaction Pause) 494M->401M(512M) 16.646ms
[2024-07-18T17:08:12.926+0800][info][gc,cpu         ] GC(439) User=0.05s Sys=0.00s Real=0.01s
[2024-07-18T17:08:12.926+0800][info][gc,marking     ] GC(421) Concurrent Cleanup for Next Mark 18.646ms
[2024-07-18T17:08:12.926+0800][info][gc,marking     ] GC(421) Concurrent Mark Abort
[2024-07-18T17:08:12.926+0800][info][gc             ] GC(421) Concurrent Mark Cycle 25.065ms
[2024-07-18T17:08:12.926+0800][info][gc,start       ] GC(440) Pause Young (Concurrent Start) (G1 Humongous Allocation)
[2024-07-18T17:08:12.926+0800][info][gc,task        ] GC(440) Using 12 workers of 13 for evacuation
[2024-07-18T17:08:12.926+0800][info][gc,phases      ] GC(440)   Pre Evacuate Collection Set: 0.0ms
[2024-07-18T17:08:12.926+0800][info][gc,phases      ] GC(440)   Merge Heap Roots: 0.0ms
[2024-07-18T17:08:12.926+0800][info][gc,phases      ] GC(440)   Evacuate Collection Set: 0.1ms
[2024-07-18T17:08:12.926+0800][info][gc,phases      ] GC(440)   Post Evacuate Collection Set: 0.1ms
[2024-07-18T17:08:12.926+0800][info][gc,phases      ] GC(440)   Other: 0.1ms
[2024-07-18T17:08:12.926+0800][info][gc,heap        ] GC(440) Eden regions: 2->0(24)
[2024-07-18T17:08:12.926+0800][info][gc,heap        ] GC(440) Survivor regions: 0->1(4)
[2024-07-18T17:08:12.926+0800][info][gc,heap        ] GC(440) Old regions: 256->256
[2024-07-18T17:08:12.926+0800][info][gc,heap        ] GC(440) Archive regions: 0->0
[2024-07-18T17:08:12.926+0800][info][gc,heap        ] GC(440) Humongous regions: 175->175
[2024-07-18T17:08:12.926+0800][info][gc,metaspace   ] GC(440) Metaspace: 194K(384K)->194K(384K) NonClass: 187K(256K)->187K(256K) Class: 7K(128K)->7K(128K)
[2024-07-18T17:08:12.926+0800][info][gc             ] GC(440) Pause Young (Concurrent Start) (G1 Humongous Allocation) 402M->401M(512M) 0.507ms
[2024-07-18T17:08:12.926+0800][info][gc,cpu         ] GC(440) User=0.00s Sys=0.00s Real=0.00s
[2024-07-18T17:08:12.926+0800][info][gc             ] GC(441) Concurrent Mark Cycle
[2024-07-18T17:08:12.926+0800][info][gc,marking     ] GC(441) Concurrent Clear Claimed Marks
[2024-07-18T17:08:12.926+0800][info][gc,marking     ] GC(441) Concurrent Clear Claimed Marks 0.011ms
[2024-07-18T17:08:12.926+0800][info][gc,marking     ] GC(441) Concurrent Scan Root Regions
[2024-07-18T17:08:12.926+0800][info][gc,marking     ] GC(441) Concurrent Scan Root Regions 0.031ms
[2024-07-18T17:08:12.926+0800][info][gc,marking     ] GC(441) Concurrent Mark
[2024-07-18T17:08:12.926+0800][info][gc,marking     ] GC(441) Concurrent Mark From Roots
[2024-07-18T17:08:12.926+0800][info][gc,task        ] GC(441) Using 3 workers of 3 for marking
[2024-07-18T17:08:12.938+0800][info][gc,marking     ] GC(441) Concurrent Mark From Roots 0.766ms
[2024-07-18T17:08:12.938+0800][info][gc,marking     ] GC(441) Concurrent Preclean
[2024-07-18T17:08:12.938+0800][info][gc,marking     ] GC(441) Concurrent Preclean 0.058ms
[2024-07-18T17:08:12.938+0800][info][gc,start       ] GC(441) Pause Remark
[2024-07-18T17:08:12.938+0800][info][gc             ] GC(441) Pause Remark 414M->414M(512M) 0.205ms
[2024-07-18T17:08:12.938+0800][info][gc,cpu         ] GC(441) User=0.00s Sys=0.00s Real=0.00s
[2024-07-18T17:08:12.938+0800][info][gc,marking     ] GC(441) Concurrent Mark 1.132ms
[2024-07-18T17:08:12.938+0800][info][gc,marking     ] GC(441) Concurrent Rebuild Remembered Sets
[2024-07-18T17:08:12.938+0800][info][gc,marking     ] GC(441) Concurrent Rebuild Remembered Sets 0.353ms
[2024-07-18T17:08:12.939+0800][info][gc,start       ] GC(441) Pause Cleanup
[2024-07-18T17:08:12.939+0800][info][gc             ] GC(441) Pause Cleanup 419M->419M(512M) 0.092ms
[2024-07-18T17:08:12.939+0800][info][gc,cpu         ] GC(441) User=0.00s Sys=0.00s Real=0.00s
[2024-07-18T17:08:12.939+0800][info][gc,marking     ] GC(441) Concurrent Cleanup for Next Mark
[2024-07-18T17:08:12.940+0800][info][gc,marking     ] GC(441) Concurrent Cleanup for Next Mark 0.551ms
[2024-07-18T17:08:12.940+0800][info][gc             ] GC(441) Concurrent Mark Cycle 2.322ms
[2024-07-18T17:08:12.940+0800][info][gc,start       ] GC(442) Pause Young (Prepare Mixed) (G1 Evacuation Pause)
[2024-07-18T17:08:12.940+0800][info][gc,task        ] GC(442) Using 12 workers of 13 for evacuation
[2024-07-18T17:08:12.942+0800][info][gc,phases      ] GC(442)   Pre Evacuate Collection Set: 0.1ms
[2024-07-18T17:08:12.942+0800][info][gc,phases      ] GC(442)   Merge Heap Roots: 0.1ms
[2024-07-18T17:08:12.942+0800][info][gc,phases      ] GC(442)   Evacuate Collection Set: 0.9ms
[2024-07-18T17:08:12.942+0800][info][gc,phases      ] GC(442)   Post Evacuate Collection Set: 0.1ms
[2024-07-18T17:08:12.942+0800][info][gc,phases      ] GC(442)   Other: 0.1ms
[2024-07-18T17:08:12.942+0800][info][gc,heap        ] GC(442) Eden regions: 24->0(21)
[2024-07-18T17:08:12.942+0800][info][gc,heap        ] GC(442) Survivor regions: 1->4(4)
[2024-07-18T17:08:12.942+0800][info][gc,heap        ] GC(442) Old regions: 256->263
[2024-07-18T17:08:12.942+0800][info][gc,heap        ] GC(442) Archive regions: 0->0
[2024-07-18T17:08:12.942+0800][info][gc,heap        ] GC(442) Humongous regions: 193->170
[2024-07-18T17:08:12.942+0800][info][gc,metaspace   ] GC(442) Metaspace: 194K(384K)->194K(384K) NonClass: 187K(256K)->187K(256K) Class: 7K(128K)->7K(128K)
[2024-07-18T17:08:12.942+0800][info][gc             ] GC(442) Pause Young (Prepare Mixed) (G1 Evacuation Pause) 443M->406M(512M) 1.312ms
[2024-07-18T17:08:12.942+0800][info][gc,cpu         ] GC(442) User=0.00s Sys=0.00s Real=0.00s
[2024-07-18T17:08:12.944+0800][info][gc,start       ] GC(443) Pause Young (Mixed) (G1 Evacuation Pause)
[2024-07-18T17:08:12.944+0800][info][gc,task        ] GC(443) Using 12 workers of 13 for evacuation
[2024-07-18T17:08:12.944+0800][info][gc,phases      ] GC(443)   Pre Evacuate Collection Set: 0.0ms
[2024-07-18T17:08:12.944+0800][info][gc,phases      ] GC(443)   Merge Heap Roots: 0.0ms
[2024-07-18T17:08:12.944+0800][info][gc,phases      ] GC(443)   Evacuate Collection Set: 1.1ms
[2024-07-18T17:08:12.944+0800][info][gc,phases      ] GC(443)   Post Evacuate Collection Set: 0.1ms
[2024-07-18T17:08:12.944+0800][info][gc,phases      ] GC(443)   Other: 0.1ms
[2024-07-18T17:08:12.944+0800][info][gc,heap        ] GC(443) Eden regions: 21->0(21)
[2024-07-18T17:08:12.944+0800][info][gc,heap        ] GC(443) Survivor regions: 4->4(4)
[2024-07-18T17:08:12.944+0800][info][gc,heap        ] GC(443) Old regions: 263->265
[2024-07-18T17:08:12.944+0800][info][gc,heap        ] GC(443) Archive regions: 0->0
[2024-07-18T17:08:12.944+0800][info][gc,heap        ] GC(443) Humongous regions: 179->166
[2024-07-18T17:08:12.944+0800][info][gc,metaspace   ] GC(443) Metaspace: 194K(384K)->194K(384K) NonClass: 187K(256K)->187K(256K) Class: 7K(128K)->7K(128K)
[2024-07-18T17:08:12.944+0800][info][gc             ] GC(443) Pause Young (Mixed) (G1 Evacuation Pause) 436M->409M(512M) 1.442ms
[2024-07-18T17:08:12.944+0800][info][gc,cpu         ] GC(443) User=0.00s Sys=0.00s Real=0.00s
[2024-07-18T17:08:12.944+0800][info][gc,start       ] GC(444) Pause Young (Concurrent Start) (G1 Humongous Allocation)
[2024-07-18T17:08:12.944+0800][info][gc,task        ] GC(444) Using 12 workers of 13 for evacuation
[2024-07-18T17:08:12.947+0800][info][gc,phases      ] GC(444)   Pre Evacuate Collection Set: 0.0ms
[2024-07-18T17:08:12.947+0800][info][gc,phases      ] GC(444)   Merge Heap Roots: 0.0ms
[2024-07-18T17:08:12.947+0800][info][gc,phases      ] GC(444)   Evacuate Collection Set: 0.3ms
[2024-07-18T17:08:12.947+0800][info][gc,phases      ] GC(444)   Post Evacuate Collection Set: 0.1ms
[2024-07-18T17:08:12.947+0800][info][gc,phases      ] GC(444)   Other: 0.1ms
[2024-07-18T17:08:12.947+0800][info][gc,heap        ] GC(444) Eden regions: 1->0(24)
[2024-07-18T17:08:12.947+0800][info][gc,heap        ] GC(444) Survivor regions: 4->1(4)
[2024-07-18T17:08:12.947+0800][info][gc,heap        ] GC(444) Old regions: 265->269
[2024-07-18T17:08:12.947+0800][info][gc,heap        ] GC(444) Archive regions: 0->0
[2024-07-18T17:08:12.947+0800][info][gc,heap        ] GC(444) Humongous regions: 166->166
[2024-07-18T17:08:12.947+0800][info][gc,metaspace   ] GC(444) Metaspace: 194K(384K)->194K(384K) NonClass: 187K(256K)->187K(256K) Class: 7K(128K)->7K(128K)
[2024-07-18T17:08:12.947+0800][info][gc             ] GC(444) Pause Young (Concurrent Start) (G1 Humongous Allocation) 410M->410M(512M) 0.606ms
[2024-07-18T17:08:12.947+0800][info][gc,cpu         ] GC(444) User=0.02s Sys=0.00s Real=0.00s
[2024-07-18T17:08:12.947+0800][info][gc             ] GC(445) Concurrent Mark Cycle
[2024-07-18T17:08:12.947+0800][info][gc,marking     ] GC(445) Concurrent Clear Claimed Marks
[2024-07-18T17:08:12.947+0800][info][gc,marking     ] GC(445) Concurrent Clear Claimed Marks 0.008ms
[2024-07-18T17:08:12.947+0800][info][gc,marking     ] GC(445) Concurrent Scan Root Regions
[2024-07-18T17:08:12.947+0800][info][gc,marking     ] GC(445) Concurrent Scan Root Regions 0.023ms
[2024-07-18T17:08:12.947+0800][info][gc,marking     ] GC(445) Concurrent Mark
[2024-07-18T17:08:12.947+0800][info][gc,marking     ] GC(445) Concurrent Mark From Roots
[2024-07-18T17:08:12.947+0800][info][gc,task        ] GC(445) Using 3 workers of 3 for marking
[2024-07-18T17:08:12.948+0800][info][gc,marking     ] GC(445) Concurrent Mark From Roots 1.002ms
[2024-07-18T17:08:12.948+0800][info][gc,marking     ] GC(445) Concurrent Preclean
[2024-07-18T17:08:12.948+0800][info][gc,marking     ] GC(445) Concurrent Preclean 0.064ms
[2024-07-18T17:08:12.948+0800][info][gc,start       ] GC(445) Pause Remark
[2024-07-18T17:08:12.948+0800][info][gc             ] GC(445) Pause Remark 429M->429M(512M) 0.249ms
[2024-07-18T17:08:12.948+0800][info][gc,cpu         ] GC(445) User=0.00s Sys=0.00s Real=0.00s
[2024-07-18T17:08:12.948+0800][info][gc,marking     ] GC(445) Concurrent Mark 1.437ms
[2024-07-18T17:08:12.948+0800][info][gc,marking     ] GC(445) Concurrent Rebuild Remembered Sets
[2024-07-18T17:08:12.949+0800][info][gc,marking     ] GC(445) Concurrent Rebuild Remembered Sets 0.587ms
[2024-07-18T17:08:12.949+0800][info][gc,start       ] GC(445) Pause Cleanup
[2024-07-18T17:08:12.949+0800][info][gc             ] GC(445) Pause Cleanup 439M->439M(512M) 0.099ms
[2024-07-18T17:08:12.949+0800][info][gc,cpu         ] GC(445) User=0.00s Sys=0.00s Real=0.00s
[2024-07-18T17:08:12.949+0800][info][gc,marking     ] GC(445) Concurrent Cleanup for Next Mark
[2024-07-18T17:08:12.949+0800][info][gc,marking     ] GC(445) Concurrent Cleanup for Next Mark 0.456ms
[2024-07-18T17:08:12.949+0800][info][gc             ] GC(445) Concurrent Mark Cycle 2.754ms
[2024-07-18T17:08:12.951+0800][info][gc,start       ] GC(446) Pause Young (Prepare Mixed) (G1 Evacuation Pause)
[2024-07-18T17:08:12.951+0800][info][gc,task        ] GC(446) Using 12 workers of 13 for evacuation
[2024-07-18T17:08:12.952+0800][info][gc,phases      ] GC(446)   Pre Evacuate Collection Set: 0.0ms
[2024-07-18T17:08:12.952+0800][info][gc,phases      ] GC(446)   Merge Heap Roots: 0.1ms
[2024-07-18T17:08:12.952+0800][info][gc,phases      ] GC(446)   Evacuate Collection Set: 0.7ms
[2024-07-18T17:08:12.952+0800][info][gc,phases      ] GC(446)   Post Evacuate Collection Set: 0.1ms
[2024-07-18T17:08:12.952+0800][info][gc,phases      ] GC(446)   Other: 0.1ms
[2024-07-18T17:08:12.952+0800][info][gc,heap        ] GC(446) Eden regions: 24->0(21)
[2024-07-18T17:08:12.952+0800][info][gc,heap        ] GC(446) Survivor regions: 1->4(4)
[2024-07-18T17:08:12.952+0800][info][gc,heap        ] GC(446) Old regions: 269->274
[2024-07-18T17:08:12.952+0800][info][gc,heap        ] GC(446) Archive regions: 0->0
[2024-07-18T17:08:12.952+0800][info][gc,heap        ] GC(446) Humongous regions: 187->169
[2024-07-18T17:08:12.952+0800][info][gc,metaspace   ] GC(446) Metaspace: 194K(384K)->194K(384K) NonClass: 187K(256K)->187K(256K) Class: 7K(128K)->7K(128K)
[2024-07-18T17:08:12.952+0800][info][gc             ] GC(446) Pause Young (Prepare Mixed) (G1 Evacuation Pause) 455M->421M(512M) 1.065ms
[2024-07-18T17:08:12.952+0800][info][gc,cpu         ] GC(446) User=0.00s Sys=0.00s Real=0.00s
[2024-07-18T17:08:12.953+0800][info][gc,start       ] GC(447) Pause Young (Mixed) (G1 Evacuation Pause)
[2024-07-18T17:08:12.953+0800][info][gc,task        ] GC(447) Using 12 workers of 13 for evacuation
[2024-07-18T17:08:12.955+0800][info][gc,phases      ] GC(447)   Pre Evacuate Collection Set: 0.0ms
[2024-07-18T17:08:12.955+0800][info][gc,phases      ] GC(447)   Merge Heap Roots: 0.0ms
[2024-07-18T17:08:12.955+0800][info][gc,phases      ] GC(447)   Evacuate Collection Set: 1.6ms
[2024-07-18T17:08:12.955+0800][info][gc,phases      ] GC(447)   Post Evacuate Collection Set: 0.1ms
[2024-07-18T17:08:12.955+0800][info][gc,phases      ] GC(447)   Other: 0.1ms
[2024-07-18T17:08:12.955+0800][info][gc,heap        ] GC(447) Eden regions: 21->0(21)
[2024-07-18T17:08:12.955+0800][info][gc,heap        ] GC(447) Survivor regions: 4->4(4)
[2024-07-18T17:08:12.955+0800][info][gc,heap        ] GC(447) Old regions: 274->272
[2024-07-18T17:08:12.955+0800][info][gc,heap        ] GC(447) Archive regions: 0->0
[2024-07-18T17:08:12.955+0800][info][gc,heap        ] GC(447) Humongous regions: 183->164
[2024-07-18T17:08:12.955+0800][info][gc,metaspace   ] GC(447) Metaspace: 194K(384K)->194K(384K) NonClass: 187K(256K)->187K(256K) Class: 7K(128K)->7K(128K)
[2024-07-18T17:08:12.955+0800][info][gc             ] GC(447) Pause Young (Mixed) (G1 Evacuation Pause) 456M->419M(512M) 2.048ms
[2024-07-18T17:08:12.955+0800][info][gc,cpu         ] GC(447) User=0.00s Sys=0.00s Real=0.00s
[2024-07-18T17:08:12.955+0800][info][gc,start       ] GC(448) Pause Young (Concurrent Start) (G1 Humongous Allocation)
[2024-07-18T17:08:12.955+0800][info][gc,task        ] GC(448) Using 12 workers of 13 for evacuation
[2024-07-18T17:08:12.955+0800][info][gc,phases      ] GC(448)   Pre Evacuate Collection Set: 0.0ms
[2024-07-18T17:08:12.955+0800][info][gc,phases      ] GC(448)   Merge Heap Roots: 0.0ms
[2024-07-18T17:08:12.955+0800][info][gc,phases      ] GC(448)   Evacuate Collection Set: 0.4ms
[2024-07-18T17:08:12.955+0800][info][gc,phases      ] GC(448)   Post Evacuate Collection Set: 0.1ms
[2024-07-18T17:08:12.955+0800][info][gc,phases      ] GC(448)   Other: 0.1ms
[2024-07-18T17:08:12.955+0800][info][gc,heap        ] GC(448) Eden regions: 3->0(23)
[2024-07-18T17:08:12.955+0800][info][gc,heap        ] GC(448) Survivor regions: 4->2(4)
[2024-07-18T17:08:12.955+0800][info][gc,heap        ] GC(448) Old regions: 272->277
[2024-07-18T17:08:12.955+0800][info][gc,heap        ] GC(448) Archive regions: 0->0
[2024-07-18T17:08:12.955+0800][info][gc,heap        ] GC(448) Humongous regions: 164->164
[2024-07-18T17:08:12.955+0800][info][gc,metaspace   ] GC(448) Metaspace: 194K(384K)->194K(384K) NonClass: 187K(256K)->187K(256K) Class: 7K(128K)->7K(128K)
[2024-07-18T17:08:12.955+0800][info][gc             ] GC(448) Pause Young (Concurrent Start) (G1 Humongous Allocation) 421M->421M(512M) 0.722ms
[2024-07-18T17:08:12.955+0800][info][gc,cpu         ] GC(448) User=0.00s Sys=0.00s Real=0.00s
[2024-07-18T17:08:12.955+0800][info][gc             ] GC(449) Concurrent Mark Cycle
[2024-07-18T17:08:12.955+0800][info][gc,marking     ] GC(449) Concurrent Clear Claimed Marks
[2024-07-18T17:08:12.955+0800][info][gc,marking     ] GC(449) Concurrent Clear Claimed Marks 0.008ms
[2024-07-18T17:08:12.955+0800][info][gc,marking     ] GC(449) Concurrent Scan Root Regions
[2024-07-18T17:08:12.955+0800][info][gc,marking     ] GC(449) Concurrent Scan Root Regions 0.023ms
[2024-07-18T17:08:12.955+0800][info][gc,marking     ] GC(449) Concurrent Mark
[2024-07-18T17:08:12.955+0800][info][gc,marking     ] GC(449) Concurrent Mark From Roots
[2024-07-18T17:08:12.955+0800][info][gc,task        ] GC(449) Using 3 workers of 3 for marking
[2024-07-18T17:08:12.958+0800][info][gc,marking     ] GC(449) Concurrent Mark From Roots 0.947ms
[2024-07-18T17:08:12.958+0800][info][gc,marking     ] GC(449) Concurrent Preclean
[2024-07-18T17:08:12.958+0800][info][gc,marking     ] GC(449) Concurrent Preclean 0.060ms
[2024-07-18T17:08:12.958+0800][info][gc,start       ] GC(449) Pause Remark
[2024-07-18T17:08:12.958+0800][info][gc             ] GC(449) Pause Remark 436M->436M(512M) 0.216ms
[2024-07-18T17:08:12.958+0800][info][gc,cpu         ] GC(449) User=0.00s Sys=0.00s Real=0.00s
[2024-07-18T17:08:12.958+0800][info][gc,marking     ] GC(449) Concurrent Mark 1.317ms
[2024-07-18T17:08:12.958+0800][info][gc,marking     ] GC(449) Concurrent Rebuild Remembered Sets
[2024-07-18T17:08:12.959+0800][info][gc,marking     ] GC(449) Concurrent Rebuild Remembered Sets 0.646ms
[2024-07-18T17:08:12.959+0800][info][gc,start       ] GC(449) Pause Cleanup
[2024-07-18T17:08:12.959+0800][info][gc             ] GC(449) Pause Cleanup 446M->446M(512M) 0.121ms
[2024-07-18T17:08:12.959+0800][info][gc,cpu         ] GC(449) User=0.00s Sys=0.00s Real=0.00s
[2024-07-18T17:08:12.959+0800][info][gc,marking     ] GC(449) Concurrent Cleanup for Next Mark
[2024-07-18T17:08:12.959+0800][info][gc,marking     ] GC(449) Concurrent Cleanup for Next Mark 0.421ms
[2024-07-18T17:08:12.959+0800][info][gc             ] GC(449) Concurrent Mark Cycle 2.728ms
[2024-07-18T17:08:12.959+0800][info][gc,start       ] GC(450) Pause Young (Prepare Mixed) (G1 Evacuation Pause)
[2024-07-18T17:08:12.959+0800][info][gc,task        ] GC(450) Using 12 workers of 13 for evacuation
[2024-07-18T17:08:12.961+0800][info][gc,phases      ] GC(450)   Pre Evacuate Collection Set: 0.0ms
[2024-07-18T17:08:12.961+0800][info][gc,phases      ] GC(450)   Merge Heap Roots: 0.1ms
[2024-07-18T17:08:12.961+0800][info][gc,phases      ] GC(450)   Evacuate Collection Set: 0.8ms
[2024-07-18T17:08:12.961+0800][info][gc,phases      ] GC(450)   Post Evacuate Collection Set: 0.1ms
[2024-07-18T17:08:12.961+0800][info][gc,phases      ] GC(450)   Other: 0.1ms
[2024-07-18T17:08:12.961+0800][info][gc,heap        ] GC(450) Eden regions: 23->0(21)
[2024-07-18T17:08:12.961+0800][info][gc,heap        ] GC(450) Survivor regions: 2->4(4)
[2024-07-18T17:08:12.961+0800][info][gc,heap        ] GC(450) Old regions: 277->285
[2024-07-18T17:08:12.961+0800][info][gc,heap        ] GC(450) Archive regions: 0->0
[2024-07-18T17:08:12.961+0800][info][gc,heap        ] GC(450) Humongous regions: 173->158
[2024-07-18T17:08:12.961+0800][info][gc,metaspace   ] GC(450) Metaspace: 194K(384K)->194K(384K) NonClass: 187K(256K)->187K(256K) Class: 7K(128K)->7K(128K)
[2024-07-18T17:08:12.961+0800][info][gc             ] GC(450) Pause Young (Prepare Mixed) (G1 Evacuation Pause) 453M->425M(512M) 1.158ms
[2024-07-18T17:08:12.961+0800][info][gc,cpu         ] GC(450) User=0.00s Sys=0.00s Real=0.00s
[2024-07-18T17:08:12.962+0800][info][gc,heap,exit   ] Heap
[2024-07-18T17:08:12.962+0800][info][gc,heap,exit   ]  garbage-first heap   total 524288K, used 437197K [0x00000000e0000000, 0x0000000100000000)
[2024-07-18T17:08:12.962+0800][info][gc,heap,exit   ]   region size 1024K, 5 young (5120K), 4 survivors (4096K)
[2024-07-18T17:08:12.962+0800][info][gc,heap,exit   ]  Metaspace       used 271K, committed 448K, reserved 1114112K
[2024-07-18T17:08:12.962+0800][info][gc,heap,exit   ]   class space    used 10K, committed 128K, reserved 1048576K
